SQL> 
SQL> CL SCR

SQL> REM TO_CHAR : 1 NUMBER TO CHARACTER CONVERSION 2 DATE TO CHARACTER CONVERSION
SQL> 
SQL> REM TO_CHAR : FOR NUMBER TO CHARACTER CONVERSION
SQL> 
SQL> REM TO_CHAR : TO DISPLAY NUMBER VALUE IN USER DEFINED/NON-DEFAULT FORMAT
SQL> 
SQL> REM TO_CHAR SYNTAX : TO_CHAR('NUMBER TYPE VALUE','FORMAT');
SQL> 
SQL> REM LIST OF VALID NUMBER FORMAT CHARACTERS : 9 0   . ,   D G   L $ U   S  MI PR   EEEE OR eeee   V
SQL> 
SQL> SELECT SALARY , TO_CHAR(SALARY,'99999') FROM EMPLOYEES;

    SALARY TO_CHA                                                                                                                                                                                       
---------- ------                                                                                                                                                                                       
     24000  24000                                                                                                                                                                                       
     17000  17000                                                                                                                                                                                       
     17000  17000                                                                                                                                                                                       
      9000   9000                                                                                                                                                                                       
      6000   6000                                                                                                                                                                                       
      4200   4200                                                                                                                                                                                       
      5800   5800                                                                                                                                                                                       
      3500   3500                                                                                                                                                                                       
      3100   3100                                                                                                                                                                                       
      2600   2600                                                                                                                                                                                       
      2500   2500                                                                                                                                                                                       
     10500  10500                                                                                                                                                                                       
     11000  11000                                                                                                                                                                                       
      8600   8600                                                                                                                                                                                       
      7000   7000                                                                                                                                                                                       
      4400   4400                                                                                                                                                                                       
     13000  13000                                                                                                                                                                                       
      6000   6000                                                                                                                                                                                       
     12000  12000                                                                                                                                                                                       
      8300   8300                                                                                                                                                                                       

20 rows selected.

SQL> SELECT SALARY , TO_CHAR(SALARY,'00000') FROM EMPLOYEES;

    SALARY TO_CHA                                                                                                                                                                                       
---------- ------                                                                                                                                                                                       
     24000  24000                                                                                                                                                                                       
     17000  17000                                                                                                                                                                                       
     17000  17000                                                                                                                                                                                       
      9000  09000                                                                                                                                                                                       
      6000  06000                                                                                                                                                                                       
      4200  04200                                                                                                                                                                                       
      5800  05800                                                                                                                                                                                       
      3500  03500                                                                                                                                                                                       
      3100  03100                                                                                                                                                                                       
      2600  02600                                                                                                                                                                                       
      2500  02500                                                                                                                                                                                       
     10500  10500                                                                                                                                                                                       
     11000  11000                                                                                                                                                                                       
      8600  08600                                                                                                                                                                                       
      7000  07000                                                                                                                                                                                       
      4400  04400                                                                                                                                                                                       
     13000  13000                                                                                                                                                                                       
      6000  06000                                                                                                                                                                                       
     12000  12000                                                                                                                                                                                       
      8300  08300                                                                                                                                                                                       

20 rows selected.

SQL> SELECT SALARY , TO_CHAR(SALARY,'09990') FROM EMPLOYEES;

    SALARY TO_CHA                                                                                                                                                                                       
---------- ------                                                                                                                                                                                       
     24000  24000                                                                                                                                                                                       
     17000  17000                                                                                                                                                                                       
     17000  17000                                                                                                                                                                                       
      9000  09000                                                                                                                                                                                       
      6000  06000                                                                                                                                                                                       
      4200  04200                                                                                                                                                                                       
      5800  05800                                                                                                                                                                                       
      3500  03500                                                                                                                                                                                       
      3100  03100                                                                                                                                                                                       
      2600  02600                                                                                                                                                                                       
      2500  02500                                                                                                                                                                                       
     10500  10500                                                                                                                                                                                       
     11000  11000                                                                                                                                                                                       
      8600  08600                                                                                                                                                                                       
      7000  07000                                                                                                                                                                                       
      4400  04400                                                                                                                                                                                       
     13000  13000                                                                                                                                                                                       
      6000  06000                                                                                                                                                                                       
     12000  12000                                                                                                                                                                                       
      8300  08300                                                                                                                                                                                       

20 rows selected.

SQL> SELECT SALARY , TO_CHAR(SALARY,'99900') FROM EMPLOYEES;

    SALARY TO_CHA                                                                                                                                                                                       
---------- ------                                                                                                                                                                                       
     24000  24000                                                                                                                                                                                       
     17000  17000                                                                                                                                                                                       
     17000  17000                                                                                                                                                                                       
      9000   9000                                                                                                                                                                                       
      6000   6000                                                                                                                                                                                       
      4200   4200                                                                                                                                                                                       
      5800   5800                                                                                                                                                                                       
      3500   3500                                                                                                                                                                                       
      3100   3100                                                                                                                                                                                       
      2600   2600                                                                                                                                                                                       
      2500   2500                                                                                                                                                                                       
     10500  10500                                                                                                                                                                                       
     11000  11000                                                                                                                                                                                       
      8600   8600                                                                                                                                                                                       
      7000   7000                                                                                                                                                                                       
      4400   4400                                                                                                                                                                                       
     13000  13000                                                                                                                                                                                       
      6000   6000                                                                                                                                                                                       
     12000  12000                                                                                                                                                                                       
      8300   8300                                                                                                                                                                                       

20 rows selected.

SQL> SELECT SALARY , TO_CHAR(SALARY,'099900') FROM EMPLOYEES;

    SALARY TO_CHAR                                                                                                                                                                                      
---------- -------                                                                                                                                                                                      
     24000  024000                                                                                                                                                                                      
     17000  017000                                                                                                                                                                                      
     17000  017000                                                                                                                                                                                      
      9000  009000                                                                                                                                                                                      
      6000  006000                                                                                                                                                                                      
      4200  004200                                                                                                                                                                                      
      5800  005800                                                                                                                                                                                      
      3500  003500                                                                                                                                                                                      
      3100  003100                                                                                                                                                                                      
      2600  002600                                                                                                                                                                                      
      2500  002500                                                                                                                                                                                      
     10500  010500                                                                                                                                                                                      
     11000  011000                                                                                                                                                                                      
      8600  008600                                                                                                                                                                                      
      7000  007000                                                                                                                                                                                      
      4400  004400                                                                                                                                                                                      
     13000  013000                                                                                                                                                                                      
      6000  006000                                                                                                                                                                                      
     12000  012000                                                                                                                                                                                      
      8300  008300                                                                                                                                                                                      

20 rows selected.

SQL> SELECT SALARY , TO_CHAR(SALARY,'99,900') FROM EMPLOYEES;

    SALARY TO_CHAR                                                                                                                                                                                      
---------- -------                                                                                                                                                                                      
     24000  24,000                                                                                                                                                                                      
     17000  17,000                                                                                                                                                                                      
     17000  17,000                                                                                                                                                                                      
      9000   9,000                                                                                                                                                                                      
      6000   6,000                                                                                                                                                                                      
      4200   4,200                                                                                                                                                                                      
      5800   5,800                                                                                                                                                                                      
      3500   3,500                                                                                                                                                                                      
      3100   3,100                                                                                                                                                                                      
      2600   2,600                                                                                                                                                                                      
      2500   2,500                                                                                                                                                                                      
     10500  10,500                                                                                                                                                                                      
     11000  11,000                                                                                                                                                                                      
      8600   8,600                                                                                                                                                                                      
      7000   7,000                                                                                                                                                                                      
      4400   4,400                                                                                                                                                                                      
     13000  13,000                                                                                                                                                                                      
      6000   6,000                                                                                                                                                                                      
     12000  12,000                                                                                                                                                                                      
      8300   8,300                                                                                                                                                                                      

20 rows selected.

SQL> SELECT SALARY , TO_CHAR(SALARY,'99,900.00') FROM EMPLOYEES;

    SALARY TO_CHAR(SA                                                                                                                                                                                   
---------- ----------                                                                                                                                                                                   
     24000  24,000.00                                                                                                                                                                                   
     17000  17,000.00                                                                                                                                                                                   
     17000  17,000.00                                                                                                                                                                                   
      9000   9,000.00                                                                                                                                                                                   
      6000   6,000.00                                                                                                                                                                                   
      4200   4,200.00                                                                                                                                                                                   
      5800   5,800.00                                                                                                                                                                                   
      3500   3,500.00                                                                                                                                                                                   
      3100   3,100.00                                                                                                                                                                                   
      2600   2,600.00                                                                                                                                                                                   
      2500   2,500.00                                                                                                                                                                                   
     10500  10,500.00                                                                                                                                                                                   
     11000  11,000.00                                                                                                                                                                                   
      8600   8,600.00                                                                                                                                                                                   
      7000   7,000.00                                                                                                                                                                                   
      4400   4,400.00                                                                                                                                                                                   
     13000  13,000.00                                                                                                                                                                                   
      6000   6,000.00                                                                                                                                                                                   
     12000  12,000.00                                                                                                                                                                                   
      8300   8,300.00                                                                                                                                                                                   

20 rows selected.

SQL> SELECT SALARY , TO_CHAR(SALARY,'9,9,9,00.00') FROM EMPLOYEES;

    SALARY TO_CHAR(SALA                                                                                                                                                                                 
---------- ------------                                                                                                                                                                                 
     24000  2,4,0,00.00                                                                                                                                                                                 
     17000  1,7,0,00.00                                                                                                                                                                                 
     17000  1,7,0,00.00                                                                                                                                                                                 
      9000    9,0,00.00                                                                                                                                                                                 
      6000    6,0,00.00                                                                                                                                                                                 
      4200    4,2,00.00                                                                                                                                                                                 
      5800    5,8,00.00                                                                                                                                                                                 
      3500    3,5,00.00                                                                                                                                                                                 
      3100    3,1,00.00                                                                                                                                                                                 
      2600    2,6,00.00                                                                                                                                                                                 
      2500    2,5,00.00                                                                                                                                                                                 
     10500  1,0,5,00.00                                                                                                                                                                                 
     11000  1,1,0,00.00                                                                                                                                                                                 
      8600    8,6,00.00                                                                                                                                                                                 
      7000    7,0,00.00                                                                                                                                                                                 
      4400    4,4,00.00                                                                                                                                                                                 
     13000  1,3,0,00.00                                                                                                                                                                                 
      6000    6,0,00.00                                                                                                                                                                                 
     12000  1,2,0,00.00                                                                                                                                                                                 
      8300    8,3,00.00                                                                                                                                                                                 

20 rows selected.

SQL> SELECT SALARY , TO_CHAR(SALARY,'9,9,9,0.0.00') FROM EMPLOYEES;
SELECT SALARY , TO_CHAR(SALARY,'9,9,9,0.0.00') FROM EMPLOYEES
                               *
ERROR at line 1:
ORA-01481: invalid number format model 


SQL> 
SQL> 
SQL> SELECT SALARY , TO_CHAR(SALARY,'99G900D00') FROM EMPLOYEES;

    SALARY TO_CHAR(SA                                                                                                                                                                                   
---------- ----------                                                                                                                                                                                   
     24000  24,000.00                                                                                                                                                                                   
     17000  17,000.00                                                                                                                                                                                   
     17000  17,000.00                                                                                                                                                                                   
      9000   9,000.00                                                                                                                                                                                   
      6000   6,000.00                                                                                                                                                                                   
      4200   4,200.00                                                                                                                                                                                   
      5800   5,800.00                                                                                                                                                                                   
      3500   3,500.00                                                                                                                                                                                   
      3100   3,100.00                                                                                                                                                                                   
      2600   2,600.00                                                                                                                                                                                   
      2500   2,500.00                                                                                                                                                                                   
     10500  10,500.00                                                                                                                                                                                   
     11000  11,000.00                                                                                                                                                                                   
      8600   8,600.00                                                                                                                                                                                   
      7000   7,000.00                                                                                                                                                                                   
      4400   4,400.00                                                                                                                                                                                   
     13000  13,000.00                                                                                                                                                                                   
      6000   6,000.00                                                                                                                                                                                   
     12000  12,000.00                                                                                                                                                                                   
      8300   8,300.00                                                                                                                                                                                   

20 rows selected.

SQL> COL PARAMETER FORMAT A30
SQL> COL VALUE FORMAT A30
SQL> 
SQL> SELECT * FROM NLS_SESSION_PARAMETERS;

PARAMETER                      VALUE                                                                                                                                                                    
------------------------------ ------------------------------                                                                                                                                           
NLS_LANGUAGE                   AMERICAN                                                                                                                                                                 
NLS_TERRITORY                  AMERICA                                                                                                                                                                  
NLS_CURRENCY                   $                                                                                                                                                                        
NLS_ISO_CURRENCY               AMERICA                                                                                                                                                                  
NLS_NUMERIC_CHARACTERS         .,                                                                                                                                                                       
NLS_CALENDAR                   GREGORIAN                                                                                                                                                                
NLS_DATE_FORMAT                DD-MON-RR                                                                                                                                                                
NLS_DATE_LANGUAGE              AMERICAN                                                                                                                                                                 
NLS_SORT                       BINARY                                                                                                                                                                   
NLS_TIME_FORMAT                HH.MI.SSXFF AM                                                                                                                                                           
NLS_TIMESTAMP_FORMAT           DD-MON-RR HH.MI.SSXFF AM                                                                                                                                                 
NLS_TIME_TZ_FORMAT             HH.MI.SSXFF AM TZR                                                                                                                                                       
NLS_TIMESTAMP_TZ_FORMAT        DD-MON-RR HH.MI.SSXFF AM TZR                                                                                                                                             
NLS_DUAL_CURRENCY              $                                                                                                                                                                        
NLS_COMP                       BINARY                                                                                                                                                                   
NLS_LENGTH_SEMANTICS           BYTE                                                                                                                                                                     
NLS_NCHAR_CONV_EXCP            FALSE                                                                                                                                                                    

17 rows selected.

SQL> ALTER SESSION SET NLS_NUMERIC_CHARACTERS = '^|';

Session altered.

SQL> SELECT SALARY , TO_CHAR(SALARY,'99G900D00') FROM EMPLOYEES;

    SALARY TO_CHAR(SA                                                                                                                                                                                   
---------- ----------                                                                                                                                                                                   
     24000  24|000^00                                                                                                                                                                                   
     17000  17|000^00                                                                                                                                                                                   
     17000  17|000^00                                                                                                                                                                                   
      9000   9|000^00                                                                                                                                                                                   
      6000   6|000^00                                                                                                                                                                                   
      4200   4|200^00                                                                                                                                                                                   
      5800   5|800^00                                                                                                                                                                                   
      3500   3|500^00                                                                                                                                                                                   
      3100   3|100^00                                                                                                                                                                                   
      2600   2|600^00                                                                                                                                                                                   
      2500   2|500^00                                                                                                                                                                                   
     10500  10|500^00                                                                                                                                                                                   
     11000  11|000^00                                                                                                                                                                                   
      8600   8|600^00                                                                                                                                                                                   
      7000   7|000^00                                                                                                                                                                                   
      4400   4|400^00                                                                                                                                                                                   
     13000  13|000^00                                                                                                                                                                                   
      6000   6|000^00                                                                                                                                                                                   
     12000  12|000^00                                                                                                                                                                                   
      8300   8|300^00                                                                                                                                                                                   

20 rows selected.

SQL> SELECT SALARY , TO_CHAR(SALARY,'99|900^00') FROM EMPLOYEES;
SELECT SALARY , TO_CHAR(SALARY,'99|900^00') FROM EMPLOYEES
                               *
ERROR at line 1:
ORA-01481: invalid number format model 


SQL> REM LIST OF VALID NUMBER FORMAT CHARACTERS : 9 0   . ,   D G   L $ U   S  MI PR   EEEE OR eeee   V
SQL> 
SQL> 
SQL> SELECT SALARY , TO_CHAR(SALARY,'$99G900D00') FROM EMPLOYEES;

    SALARY TO_CHAR(SAL                                                                                                                                                                                  
---------- -----------                                                                                                                                                                                  
     24000  $24|000^00                                                                                                                                                                                  
     17000  $17|000^00                                                                                                                                                                                  
     17000  $17|000^00                                                                                                                                                                                  
      9000   $9|000^00                                                                                                                                                                                  
      6000   $6|000^00                                                                                                                                                                                  
      4200   $4|200^00                                                                                                                                                                                  
      5800   $5|800^00                                                                                                                                                                                  
      3500   $3|500^00                                                                                                                                                                                  
      3100   $3|100^00                                                                                                                                                                                  
      2600   $2|600^00                                                                                                                                                                                  
      2500   $2|500^00                                                                                                                                                                                  
     10500  $10|500^00                                                                                                                                                                                  
     11000  $11|000^00                                                                                                                                                                                  
      8600   $8|600^00                                                                                                                                                                                  
      7000   $7|000^00                                                                                                                                                                                  
      4400   $4|400^00                                                                                                                                                                                  
     13000  $13|000^00                                                                                                                                                                                  
      6000   $6|000^00                                                                                                                                                                                  
     12000  $12|000^00                                                                                                                                                                                  
      8300   $8|300^00                                                                                                                                                                                  

20 rows selected.

SQL> SELECT SALARY , TO_CHAR(SALARY,'99G900D00$') FROM EMPLOYEES;

    SALARY TO_CHAR(SAL                                                                                                                                                                                  
---------- -----------                                                                                                                                                                                  
     24000  $24|000^00                                                                                                                                                                                  
     17000  $17|000^00                                                                                                                                                                                  
     17000  $17|000^00                                                                                                                                                                                  
      9000   $9|000^00                                                                                                                                                                                  
      6000   $6|000^00                                                                                                                                                                                  
      4200   $4|200^00                                                                                                                                                                                  
      5800   $5|800^00                                                                                                                                                                                  
      3500   $3|500^00                                                                                                                                                                                  
      3100   $3|100^00                                                                                                                                                                                  
      2600   $2|600^00                                                                                                                                                                                  
      2500   $2|500^00                                                                                                                                                                                  
     10500  $10|500^00                                                                                                                                                                                  
     11000  $11|000^00                                                                                                                                                                                  
      8600   $8|600^00                                                                                                                                                                                  
      7000   $7|000^00                                                                                                                                                                                  
      4400   $4|400^00                                                                                                                                                                                  
     13000  $13|000^00                                                                                                                                                                                  
      6000   $6|000^00                                                                                                                                                                                  
     12000  $12|000^00                                                                                                                                                                                  
      8300   $8|300^00                                                                                                                                                                                  

20 rows selected.

SQL> SELECT SALARY , TO_CHAR(SALARY,'99G90$0D00') FROM EMPLOYEES;

    SALARY TO_CHAR(SAL                                                                                                                                                                                  
---------- -----------                                                                                                                                                                                  
     24000  $24|000^00                                                                                                                                                                                  
     17000  $17|000^00                                                                                                                                                                                  
     17000  $17|000^00                                                                                                                                                                                  
      9000   $9|000^00                                                                                                                                                                                  
      6000   $6|000^00                                                                                                                                                                                  
      4200   $4|200^00                                                                                                                                                                                  
      5800   $5|800^00                                                                                                                                                                                  
      3500   $3|500^00                                                                                                                                                                                  
      3100   $3|100^00                                                                                                                                                                                  
      2600   $2|600^00                                                                                                                                                                                  
      2500   $2|500^00                                                                                                                                                                                  
     10500  $10|500^00                                                                                                                                                                                  
     11000  $11|000^00                                                                                                                                                                                  
      8600   $8|600^00                                                                                                                                                                                  
      7000   $7|000^00                                                                                                                                                                                  
      4400   $4|400^00                                                                                                                                                                                  
     13000  $13|000^00                                                                                                                                                                                  
      6000   $6|000^00                                                                                                                                                                                  
     12000  $12|000^00                                                                                                                                                                                  
      8300   $8|300^00                                                                                                                                                                                  

20 rows selected.

SQL> SELECT SALARY , TO_CHAR(SALARY,'99G900D00L') FROM EMPLOYEES;

    SALARY TO_CHAR(SALARY,'99G9                                                                                                                                                                         
---------- --------------------                                                                                                                                                                         
     24000           24|000^00$                                                                                                                                                                         
     17000           17|000^00$                                                                                                                                                                         
     17000           17|000^00$                                                                                                                                                                         
      9000            9|000^00$                                                                                                                                                                         
      6000            6|000^00$                                                                                                                                                                         
      4200            4|200^00$                                                                                                                                                                         
      5800            5|800^00$                                                                                                                                                                         
      3500            3|500^00$                                                                                                                                                                         
      3100            3|100^00$                                                                                                                                                                         
      2600            2|600^00$                                                                                                                                                                         
      2500            2|500^00$                                                                                                                                                                         
     10500           10|500^00$                                                                                                                                                                         
     11000           11|000^00$                                                                                                                                                                         
      8600            8|600^00$                                                                                                                                                                         
      7000            7|000^00$                                                                                                                                                                         
      4400            4|400^00$                                                                                                                                                                         
     13000           13|000^00$                                                                                                                                                                         
      6000            6|000^00$                                                                                                                                                                         
     12000           12|000^00$                                                                                                                                                                         
      8300            8|300^00$                                                                                                                                                                         

20 rows selected.

SQL> SELECT SALARY , TO_CHAR(SALARY,'L99G900D00') FROM EMPLOYEES;

    SALARY TO_CHAR(SALARY,'L99G                                                                                                                                                                         
---------- --------------------                                                                                                                                                                         
     24000           $24|000^00                                                                                                                                                                         
     17000           $17|000^00                                                                                                                                                                         
     17000           $17|000^00                                                                                                                                                                         
      9000            $9|000^00                                                                                                                                                                         
      6000            $6|000^00                                                                                                                                                                         
      4200            $4|200^00                                                                                                                                                                         
      5800            $5|800^00                                                                                                                                                                         
      3500            $3|500^00                                                                                                                                                                         
      3100            $3|100^00                                                                                                                                                                         
      2600            $2|600^00                                                                                                                                                                         
      2500            $2|500^00                                                                                                                                                                         
     10500           $10|500^00                                                                                                                                                                         
     11000           $11|000^00                                                                                                                                                                         
      8600            $8|600^00                                                                                                                                                                         
      7000            $7|000^00                                                                                                                                                                         
      4400            $4|400^00                                                                                                                                                                         
     13000           $13|000^00                                                                                                                                                                         
      6000            $6|000^00                                                                                                                                                                         
     12000           $12|000^00                                                                                                                                                                         
      8300            $8|300^00                                                                                                                                                                         

20 rows selected.

SQL> SELECT SALARY , TO_CHAR(SALARY,'99G90L0D00') FROM EMPLOYEES;
SELECT SALARY , TO_CHAR(SALARY,'99G90L0D00') FROM EMPLOYEES
                               *
ERROR at line 1:
ORA-01481: invalid number format model 


SQL> SELECT SALARY , TO_CHAR(SALARY,'99G900D00U') FROM EMPLOYEES;

    SALARY TO_CHAR(SALARY,'99G9                                                                                                                                                                         
---------- --------------------                                                                                                                                                                         
     24000           24|000^00$                                                                                                                                                                         
     17000           17|000^00$                                                                                                                                                                         
     17000           17|000^00$                                                                                                                                                                         
      9000            9|000^00$                                                                                                                                                                         
      6000            6|000^00$                                                                                                                                                                         
      4200            4|200^00$                                                                                                                                                                         
      5800            5|800^00$                                                                                                                                                                         
      3500            3|500^00$                                                                                                                                                                         
      3100            3|100^00$                                                                                                                                                                         
      2600            2|600^00$                                                                                                                                                                         
      2500            2|500^00$                                                                                                                                                                         
     10500           10|500^00$                                                                                                                                                                         
     11000           11|000^00$                                                                                                                                                                         
      8600            8|600^00$                                                                                                                                                                         
      7000            7|000^00$                                                                                                                                                                         
      4400            4|400^00$                                                                                                                                                                         
     13000           13|000^00$                                                                                                                                                                         
      6000            6|000^00$                                                                                                                                                                         
     12000           12|000^00$                                                                                                                                                                         
      8300            8|300^00$                                                                                                                                                                         

20 rows selected.

SQL> SELECT SALARY , TO_CHAR(SALARY,'U99G900D00') FROM EMPLOYEES;

    SALARY TO_CHAR(SALARY,'U99G                                                                                                                                                                         
---------- --------------------                                                                                                                                                                         
     24000           $24|000^00                                                                                                                                                                         
     17000           $17|000^00                                                                                                                                                                         
     17000           $17|000^00                                                                                                                                                                         
      9000            $9|000^00                                                                                                                                                                         
      6000            $6|000^00                                                                                                                                                                         
      4200            $4|200^00                                                                                                                                                                         
      5800            $5|800^00                                                                                                                                                                         
      3500            $3|500^00                                                                                                                                                                         
      3100            $3|100^00                                                                                                                                                                         
      2600            $2|600^00                                                                                                                                                                         
      2500            $2|500^00                                                                                                                                                                         
     10500           $10|500^00                                                                                                                                                                         
     11000           $11|000^00                                                                                                                                                                         
      8600            $8|600^00                                                                                                                                                                         
      7000            $7|000^00                                                                                                                                                                         
      4400            $4|400^00                                                                                                                                                                         
     13000           $13|000^00                                                                                                                                                                         
      6000            $6|000^00                                                                                                                                                                         
     12000           $12|000^00                                                                                                                                                                         
      8300            $8|300^00                                                                                                                                                                         

20 rows selected.

SQL> SELECT SALARY , TO_CHAR(SALARY,'99G9U00D00') FROM EMPLOYEES;
SELECT SALARY , TO_CHAR(SALARY,'99G9U00D00') FROM EMPLOYEES
                               *
ERROR at line 1:
ORA-01481: invalid number format model 


SQL> SELECT * FROM NLS_SESSION_PARAMETERS;

PARAMETER                      VALUE                                                                                                                                                                    
------------------------------ ------------------------------                                                                                                                                           
NLS_LANGUAGE                   AMERICAN                                                                                                                                                                 
NLS_TERRITORY                  AMERICA                                                                                                                                                                  
NLS_CURRENCY                   $                                                                                                                                                                        
NLS_ISO_CURRENCY               AMERICA                                                                                                                                                                  
NLS_NUMERIC_CHARACTERS         ^|                                                                                                                                                                       
NLS_CALENDAR                   GREGORIAN                                                                                                                                                                
NLS_DATE_FORMAT                DD-MON-RR                                                                                                                                                                
NLS_DATE_LANGUAGE              AMERICAN                                                                                                                                                                 
NLS_SORT                       BINARY                                                                                                                                                                   
NLS_TIME_FORMAT                HH.MI.SSXFF AM                                                                                                                                                           
NLS_TIMESTAMP_FORMAT           DD-MON-RR HH.MI.SSXFF AM                                                                                                                                                 
NLS_TIME_TZ_FORMAT             HH.MI.SSXFF AM TZR                                                                                                                                                       
NLS_TIMESTAMP_TZ_FORMAT        DD-MON-RR HH.MI.SSXFF AM TZR                                                                                                                                             
NLS_DUAL_CURRENCY              $                                                                                                                                                                        
NLS_COMP                       BINARY                                                                                                                                                                   
NLS_LENGTH_SEMANTICS           BYTE                                                                                                                                                                     
NLS_NCHAR_CONV_EXCP            FALSE                                                                                                                                                                    

17 rows selected.

SQL> ALTER SESSION SET NLS_CURRENCY = 'Rs.';

Session altered.

SQL> 
SQL> SELECT * FROM NLS_SESSION_PARAMETERS;

PARAMETER                      VALUE                                                                                                                                                                    
------------------------------ ------------------------------                                                                                                                                           
NLS_LANGUAGE                   AMERICAN                                                                                                                                                                 
NLS_TERRITORY                  AMERICA                                                                                                                                                                  
NLS_CURRENCY                   Rs.                                                                                                                                                                      
NLS_ISO_CURRENCY               AMERICA                                                                                                                                                                  
NLS_NUMERIC_CHARACTERS         ^|                                                                                                                                                                       
NLS_CALENDAR                   GREGORIAN                                                                                                                                                                
NLS_DATE_FORMAT                DD-MON-RR                                                                                                                                                                
NLS_DATE_LANGUAGE              AMERICAN                                                                                                                                                                 
NLS_SORT                       BINARY                                                                                                                                                                   
NLS_TIME_FORMAT                HH.MI.SSXFF AM                                                                                                                                                           
NLS_TIMESTAMP_FORMAT           DD-MON-RR HH.MI.SSXFF AM                                                                                                                                                 
NLS_TIME_TZ_FORMAT             HH.MI.SSXFF AM TZR                                                                                                                                                       
NLS_TIMESTAMP_TZ_FORMAT        DD-MON-RR HH.MI.SSXFF AM TZR                                                                                                                                             
NLS_DUAL_CURRENCY              $                                                                                                                                                                        
NLS_COMP                       BINARY                                                                                                                                                                   
NLS_LENGTH_SEMANTICS           BYTE                                                                                                                                                                     
NLS_NCHAR_CONV_EXCP            FALSE                                                                                                                                                                    

17 rows selected.

SQL> SELECT SALARY , TO_CHAR(SALARY,'99G900D00L') FROM EMPLOYEES;

    SALARY TO_CHAR(SALARY,'99G9                                                                                                                                                                         
---------- --------------------                                                                                                                                                                         
     24000         24|000^00Rs.                                                                                                                                                                         
     17000         17|000^00Rs.                                                                                                                                                                         
     17000         17|000^00Rs.                                                                                                                                                                         
      9000          9|000^00Rs.                                                                                                                                                                         
      6000          6|000^00Rs.                                                                                                                                                                         
      4200          4|200^00Rs.                                                                                                                                                                         
      5800          5|800^00Rs.                                                                                                                                                                         
      3500          3|500^00Rs.                                                                                                                                                                         
      3100          3|100^00Rs.                                                                                                                                                                         
      2600          2|600^00Rs.                                                                                                                                                                         
      2500          2|500^00Rs.                                                                                                                                                                         
     10500         10|500^00Rs.                                                                                                                                                                         
     11000         11|000^00Rs.                                                                                                                                                                         
      8600          8|600^00Rs.                                                                                                                                                                         
      7000          7|000^00Rs.                                                                                                                                                                         
      4400          4|400^00Rs.                                                                                                                                                                         
     13000         13|000^00Rs.                                                                                                                                                                         
      6000          6|000^00Rs.                                                                                                                                                                         
     12000         12|000^00Rs.                                                                                                                                                                         
      8300          8|300^00Rs.                                                                                                                                                                         

20 rows selected.

SQL> SELECT SALARY , TO_CHAR(SALARY,'L99G900D00') FROM EMPLOYEES;

    SALARY TO_CHAR(SALARY,'L99G                                                                                                                                                                         
---------- --------------------                                                                                                                                                                         
     24000         Rs.24|000^00                                                                                                                                                                         
     17000         Rs.17|000^00                                                                                                                                                                         
     17000         Rs.17|000^00                                                                                                                                                                         
      9000          Rs.9|000^00                                                                                                                                                                         
      6000          Rs.6|000^00                                                                                                                                                                         
      4200          Rs.4|200^00                                                                                                                                                                         
      5800          Rs.5|800^00                                                                                                                                                                         
      3500          Rs.3|500^00                                                                                                                                                                         
      3100          Rs.3|100^00                                                                                                                                                                         
      2600          Rs.2|600^00                                                                                                                                                                         
      2500          Rs.2|500^00                                                                                                                                                                         
     10500         Rs.10|500^00                                                                                                                                                                         
     11000         Rs.11|000^00                                                                                                                                                                         
      8600          Rs.8|600^00                                                                                                                                                                         
      7000          Rs.7|000^00                                                                                                                                                                         
      4400          Rs.4|400^00                                                                                                                                                                         
     13000         Rs.13|000^00                                                                                                                                                                         
      6000          Rs.6|000^00                                                                                                                                                                         
     12000         Rs.12|000^00                                                                                                                                                                         
      8300          Rs.8|300^00                                                                                                                                                                         

20 rows selected.

SQL> SELECT SALARY , TO_CHAR(SALARY,'99G900D00U') FROM EMPLOYEES;

    SALARY TO_CHAR(SALARY,'99G9                                                                                                                                                                         
---------- --------------------                                                                                                                                                                         
     24000           24|000^00$                                                                                                                                                                         
     17000           17|000^00$                                                                                                                                                                         
     17000           17|000^00$                                                                                                                                                                         
      9000            9|000^00$                                                                                                                                                                         
      6000            6|000^00$                                                                                                                                                                         
      4200            4|200^00$                                                                                                                                                                         
      5800            5|800^00$                                                                                                                                                                         
      3500            3|500^00$                                                                                                                                                                         
      3100            3|100^00$                                                                                                                                                                         
      2600            2|600^00$                                                                                                                                                                         
      2500            2|500^00$                                                                                                                                                                         
     10500           10|500^00$                                                                                                                                                                         
     11000           11|000^00$                                                                                                                                                                         
      8600            8|600^00$                                                                                                                                                                         
      7000            7|000^00$                                                                                                                                                                         
      4400            4|400^00$                                                                                                                                                                         
     13000           13|000^00$                                                                                                                                                                         
      6000            6|000^00$                                                                                                                                                                         
     12000           12|000^00$                                                                                                                                                                         
      8300            8|300^00$                                                                                                                                                                         

20 rows selected.

SQL> SELECT SALARY , TO_CHAR(SALARY,'U99G900D00') FROM EMPLOYEES;

    SALARY TO_CHAR(SALARY,'U99G                                                                                                                                                                         
---------- --------------------                                                                                                                                                                         
     24000           $24|000^00                                                                                                                                                                         
     17000           $17|000^00                                                                                                                                                                         
     17000           $17|000^00                                                                                                                                                                         
      9000            $9|000^00                                                                                                                                                                         
      6000            $6|000^00                                                                                                                                                                         
      4200            $4|200^00                                                                                                                                                                         
      5800            $5|800^00                                                                                                                                                                         
      3500            $3|500^00                                                                                                                                                                         
      3100            $3|100^00                                                                                                                                                                         
      2600            $2|600^00                                                                                                                                                                         
      2500            $2|500^00                                                                                                                                                                         
     10500           $10|500^00                                                                                                                                                                         
     11000           $11|000^00                                                                                                                                                                         
      8600            $8|600^00                                                                                                                                                                         
      7000            $7|000^00                                                                                                                                                                         
      4400            $4|400^00                                                                                                                                                                         
     13000           $13|000^00                                                                                                                                                                         
      6000            $6|000^00                                                                                                                                                                         
     12000           $12|000^00                                                                                                                                                                         
      8300            $8|300^00                                                                                                                                                                         

20 rows selected.

SQL> SELECT SALARY , TO_CHAR(SALARY,'U99G900D00','NLS_DUAL_CURRENCY=') FROM EMPLOYEES;

    SALARY TO_CHAR(SALARY,'U99G                                                                                                                                                                         
---------- --------------------                                                                                                                                                                         
     24000          24|000^00                                                                                                                                                                          
     17000          17|000^00                                                                                                                                                                          
     17000          17|000^00                                                                                                                                                                          
      9000           9|000^00                                                                                                                                                                          
      6000           6|000^00                                                                                                                                                                          
      4200           4|200^00                                                                                                                                                                          
      5800           5|800^00                                                                                                                                                                          
      3500           3|500^00                                                                                                                                                                          
      3100           3|100^00                                                                                                                                                                          
      2600           2|600^00                                                                                                                                                                          
      2500           2|500^00                                                                                                                                                                          
     10500          10|500^00                                                                                                                                                                          
     11000          11|000^00                                                                                                                                                                          
      8600           8|600^00                                                                                                                                                                          
      7000           7|000^00                                                                                                                                                                          
      4400           4|400^00                                                                                                                                                                          
     13000          13|000^00                                                                                                                                                                          
      6000           6|000^00                                                                                                                                                                          
     12000          12|000^00                                                                                                                                                                          
      8300           8|300^00                                                                                                                                                                          

20 rows selected.

SQL> SELECT SALARY , TO_CHAR(SALARY,'U99G900D00') FROM EMPLOYEES;

    SALARY TO_CHAR(SALARY,'U99G                                                                                                                                                                         
---------- --------------------                                                                                                                                                                         
     24000           $24|000^00                                                                                                                                                                         
     17000           $17|000^00                                                                                                                                                                         
     17000           $17|000^00                                                                                                                                                                         
      9000            $9|000^00                                                                                                                                                                         
      6000            $6|000^00                                                                                                                                                                         
      4200            $4|200^00                                                                                                                                                                         
      5800            $5|800^00                                                                                                                                                                         
      3500            $3|500^00                                                                                                                                                                         
      3100            $3|100^00                                                                                                                                                                         
      2600            $2|600^00                                                                                                                                                                         
      2500            $2|500^00                                                                                                                                                                         
     10500           $10|500^00                                                                                                                                                                         
     11000           $11|000^00                                                                                                                                                                         
      8600            $8|600^00                                                                                                                                                                         
      7000            $7|000^00                                                                                                                                                                         
      4400            $4|400^00                                                                                                                                                                         
     13000           $13|000^00                                                                                                                                                                         
      6000            $6|000^00                                                                                                                                                                         
     12000           $12|000^00                                                                                                                                                                         
      8300            $8|300^00                                                                                                                                                                         

20 rows selected.

SQL> SELECT SALARY , TO_CHAR(SALARY,'L99G900D00') FROM EMPLOYEES;

    SALARY TO_CHAR(SALARY,'L99G                                                                                                                                                                         
---------- --------------------                                                                                                                                                                         
     24000         Rs.24|000^00                                                                                                                                                                         
     17000         Rs.17|000^00                                                                                                                                                                         
     17000         Rs.17|000^00                                                                                                                                                                         
      9000          Rs.9|000^00                                                                                                                                                                         
      6000          Rs.6|000^00                                                                                                                                                                         
      4200          Rs.4|200^00                                                                                                                                                                         
      5800          Rs.5|800^00                                                                                                                                                                         
      3500          Rs.3|500^00                                                                                                                                                                         
      3100          Rs.3|100^00                                                                                                                                                                         
      2600          Rs.2|600^00                                                                                                                                                                         
      2500          Rs.2|500^00                                                                                                                                                                         
     10500         Rs.10|500^00                                                                                                                                                                         
     11000         Rs.11|000^00                                                                                                                                                                         
      8600          Rs.8|600^00                                                                                                                                                                         
      7000          Rs.7|000^00                                                                                                                                                                         
      4400          Rs.4|400^00                                                                                                                                                                         
     13000         Rs.13|000^00                                                                                                                                                                         
      6000          Rs.6|000^00                                                                                                                                                                         
     12000         Rs.12|000^00                                                                                                                                                                         
      8300          Rs.8|300^00                                                                                                                                                                         

20 rows selected.

SQL> SELECT SALARY , TO_CHAR(SALARY,'U99G900D00','NLS_DUAL_CURRENCY= NLS_NUMERIC_CHARACTERS=)(') FROM EMPLOYEES;

    SALARY TO_CHAR(SALARY,'U99G                                                                                                                                                                         
---------- --------------------                                                                                                                                                                         
     24000          24(000)00                                                                                                                                                                          
     17000          17(000)00                                                                                                                                                                          
     17000          17(000)00                                                                                                                                                                          
      9000           9(000)00                                                                                                                                                                          
      6000           6(000)00                                                                                                                                                                          
      4200           4(200)00                                                                                                                                                                          
      5800           5(800)00                                                                                                                                                                          
      3500           3(500)00                                                                                                                                                                          
      3100           3(100)00                                                                                                                                                                          
      2600           2(600)00                                                                                                                                                                          
      2500           2(500)00                                                                                                                                                                          
     10500          10(500)00                                                                                                                                                                          
     11000          11(000)00                                                                                                                                                                          
      8600           8(600)00                                                                                                                                                                          
      7000           7(000)00                                                                                                                                                                          
      4400           4(400)00                                                                                                                                                                          
     13000          13(000)00                                                                                                                                                                          
      6000           6(000)00                                                                                                                                                                          
     12000          12(000)00                                                                                                                                                                          
      8300           8(300)00                                                                                                                                                                          

20 rows selected.

SQL> REM LIST OF VALID NUMBER FORMAT CHARACTERS : 9 0   . ,   D G   L $ U   S  MI PR   EEEE OR eeee   V
SQL> 
SQL> SELECT * FROM POSNEGNO;

        NO                                                                                                                                                                                              
----------                                                                                                                                                                                              
        12                                                                                                                                                                                              
                                                                                                                                                                                                        
         0                                                                                                                                                                                              
       -12                                                                                                                                                                                              

SQL> SELECT NO , TO_CHAR(NO,'S99') FROM POSNEGNO;

        NO TO_                                                                                                                                                                                          
---------- ---                                                                                                                                                                                          
        12 +12                                                                                                                                                                                          
                                                                                                                                                                                                        
         0  +0                                                                                                                                                                                          
       -12 -12                                                                                                                                                                                          

SQL> SELECT NO , TO_CHAR(NO,'99S') FROM POSNEGNO;

        NO TO_                                                                                                                                                                                          
---------- ---                                                                                                                                                                                          
        12 12+                                                                                                                                                                                          
                                                                                                                                                                                                        
         0  0+                                                                                                                                                                                          
       -12 12-                                                                                                                                                                                          

SQL> SELECT NO , TO_CHAR(NO,'99MI') FROM POSNEGNO;

        NO TO_                                                                                                                                                                                          
---------- ---                                                                                                                                                                                          
        12 12                                                                                                                                                                                           
                                                                                                                                                                                                        
         0  0                                                                                                                                                                                           
       -12 12-                                                                                                                                                                                          

SQL> SELECT NO , TO_CHAR(NO,'MI99') FROM POSNEGNO;
SELECT NO , TO_CHAR(NO,'MI99') FROM POSNEGNO
                       *
ERROR at line 1:
ORA-01481: invalid number format model 


SQL> SELECT NO , TO_CHAR(NO,'99PR') FROM POSNEGNO;

        NO TO_C                                                                                                                                                                                         
---------- ----                                                                                                                                                                                         
        12  12                                                                                                                                                                                          
                                                                                                                                                                                                        
         0   0                                                                                                                                                                                          
       -12 <12>                                                                                                                                                                                         

SQL> SELECT NO , TO_CHAR(NO,'PR99') FROM POSNEGNO;
SELECT NO , TO_CHAR(NO,'PR99') FROM POSNEGNO
                       *
ERROR at line 1:
ORA-01481: invalid number format model 


SQL> 
SQL> 
SQL> SELECT SALARY , TO_CHAR(SALARY,'99.99EEEE') FROM EMPLOYEES;

    SALARY TO_CHAR(SA                                                                                                                                                                                   
---------- ----------                                                                                                                                                                                   
     24000   2.40E+04                                                                                                                                                                                   
     17000   1.70E+04                                                                                                                                                                                   
     17000   1.70E+04                                                                                                                                                                                   
      9000   9.00E+03                                                                                                                                                                                   
      6000   6.00E+03                                                                                                                                                                                   
      4200   4.20E+03                                                                                                                                                                                   
      5800   5.80E+03                                                                                                                                                                                   
      3500   3.50E+03                                                                                                                                                                                   
      3100   3.10E+03                                                                                                                                                                                   
      2600   2.60E+03                                                                                                                                                                                   
      2500   2.50E+03                                                                                                                                                                                   
     10500   1.05E+04                                                                                                                                                                                   
     11000   1.10E+04                                                                                                                                                                                   
      8600   8.60E+03                                                                                                                                                                                   
      7000   7.00E+03                                                                                                                                                                                   
      4400   4.40E+03                                                                                                                                                                                   
     13000   1.30E+04                                                                                                                                                                                   
      6000   6.00E+03                                                                                                                                                                                   
     12000   1.20E+04                                                                                                                                                                                   
      8300   8.30E+03                                                                                                                                                                                   

20 rows selected.

SQL> REM 2.40E+04 = 2.4 * POWER(10,4)
SQL> 
SQL> SELECT 2.4 * POWER(10,4) FROM DUAL;

2.4*POWER(10,4)                                                                                                                                                                                         
---------------                                                                                                                                                                                         
          24000                                                                                                                                                                                         

SQL> SELECT SALARY , TO_CHAR(SALARY,'99.99eeee') FROM EMPLOYEES;

    SALARY TO_CHAR(SA                                                                                                                                                                                   
---------- ----------                                                                                                                                                                                   
     24000   2.40E+04                                                                                                                                                                                   
     17000   1.70E+04                                                                                                                                                                                   
     17000   1.70E+04                                                                                                                                                                                   
      9000   9.00E+03                                                                                                                                                                                   
      6000   6.00E+03                                                                                                                                                                                   
      4200   4.20E+03                                                                                                                                                                                   
      5800   5.80E+03                                                                                                                                                                                   
      3500   3.50E+03                                                                                                                                                                                   
      3100   3.10E+03                                                                                                                                                                                   
      2600   2.60E+03                                                                                                                                                                                   
      2500   2.50E+03                                                                                                                                                                                   
     10500   1.05E+04                                                                                                                                                                                   
     11000   1.10E+04                                                                                                                                                                                   
      8600   8.60E+03                                                                                                                                                                                   
      7000   7.00E+03                                                                                                                                                                                   
      4400   4.40E+03                                                                                                                                                                                   
     13000   1.30E+04                                                                                                                                                                                   
      6000   6.00E+03                                                                                                                                                                                   
     12000   1.20E+04                                                                                                                                                                                   
      8300   8.30E+03                                                                                                                                                                                   

20 rows selected.

SQL> SELECT SALARY , TO_CHAR(SALARY,'99.99Eeee') FROM EMPLOYEES;
SELECT SALARY , TO_CHAR(SALARY,'99.99Eeee') FROM EMPLOYEES
                               *
ERROR at line 1:
ORA-01481: invalid number format model 


SQL> SELECT SALARY , TO_CHAR(SALARY,'99.99eee') FROM EMPLOYEES;
SELECT SALARY , TO_CHAR(SALARY,'99.99eee') FROM EMPLOYEES
                               *
ERROR at line 1:
ORA-01481: invalid number format model 


SQL> SELECT SALARY , TO_CHAR(SALARY,'99.99eeeee') FROM EMPLOYEES;
SELECT SALARY , TO_CHAR(SALARY,'99.99eeeee') FROM EMPLOYEES
                               *
ERROR at line 1:
ORA-01481: invalid number format model 


SQL> SELECT 469 , TO_CHAR(469,'999V0000000') FROM DUAL;

       469 TO_CHAR(469                                                                                                                                                                                  
---------- -----------                                                                                                                                                                                  
       469  4690000000                                                                                                                                                                                  

SQL> SELECT 469 , TO_CHAR(469,'999V00000') FROM DUAL;

       469 TO_CHAR(4                                                                                                                                                                                    
---------- ---------                                                                                                                                                                                    
       469  46900000                                                                                                                                                                                    

SQL> SELECT 469 , TO_CHAR(469,'999V000') FROM DUAL;

       469 TO_CHAR                                                                                                                                                                                      
---------- -------                                                                                                                                                                                      
       469  469000                                                                                                                                                                                      

SQL> REM LIST OF VALID NUMBER FORMAT CHARACTERS : 9 0   . ,   D G   L $ U   S  MI PR   EEEE OR eeee   V
SQL> 
SQL> 
SQL> REM TO_CHAR : TO CONVERT DATE TYPE VALUE INTO CHARACTER TYPE VALUE
SQL> 
SQL> ALTER SESSION SET NLS_DATE_FORMAT = 'DD-MONTH-RRRR DAY HH:MI.SS AM';

Session altered.

SQL> 
SQL> SELECT SYSDATE FROM DUAL;

SYSDATE                                                                                                                                                                                                 
---------------------------------------                                                                                                                                                                 
20-DECEMBER -2024 FRIDAY    06:26.08 PM                                                                                                                                                                 

SQL> SELECT SYSDATE , TO_CHAR(SYSDATE,'D DD DDD dy Dy DY day Day DAY') FROM DUAL;

SYSDATE                                 TO_CHAR(SYSDATE,'DDDDDDDYDYDYDAYDAYDAY')                                                                                                                        
--------------------------------------- --------------------------------------------------------------------------------------------------------------------------------------------------------------  
20-DECEMBER -2024 FRIDAY    06:26.29 PM 6 20 355 fri Fri FRI friday    Friday    FRIDAY                                                                                                                 

SQL> SELECT HIRE_DATE FROM EMPLOYEES;

HIRE_DATE                                                                                                                                                                                               
---------------------------------------                                                                                                                                                                 
17-JULY     -1987 FRIDAY    12:00.00 AM                                                                                                                                                                 
21-SEPTEMBER-1989 THURSDAY  12:00.00 AM                                                                                                                                                                 
13-JANUARY  -1993 WEDNESDAY 12:00.00 AM                                                                                                                                                                 
03-JANUARY  -1990 WEDNESDAY 12:00.00 AM                                                                                                                                                                 
21-MAY      -1991 TUESDAY   12:00.00 AM                                                                                                                                                                 
07-FEBRUARY -1999 SUNDAY    12:00.00 AM                                                                                                                                                                 
16-NOVEMBER -1999 TUESDAY   12:00.00 AM                                                                                                                                                                 
17-OCTOBER  -1995 TUESDAY   12:00.00 AM                                                                                                                                                                 
29-JANUARY  -1997 WEDNESDAY 12:00.00 AM                                                                                                                                                                 
15-MARCH    -1998 SUNDAY    12:00.00 AM                                                                                                                                                                 
09-JULY     -1998 THURSDAY  12:00.00 AM                                                                                                                                                                 
29-JANUARY  -2000 SATURDAY  12:00.00 AM                                                                                                                                                                 
11-MAY      -1996 SATURDAY  12:00.00 AM                                                                                                                                                                 
24-MARCH    -1998 TUESDAY   12:00.00 AM                                                                                                                                                                 
24-MAY      -1999 MONDAY    12:00.00 AM                                                                                                                                                                 
17-SEPTEMBER-1987 THURSDAY  12:00.00 AM                                                                                                                                                                 
17-FEBRUARY -1996 SATURDAY  12:00.00 AM                                                                                                                                                                 
17-AUGUST   -1997 SUNDAY    12:00.00 AM                                                                                                                                                                 
07-JUNE     -1994 TUESDAY   12:00.00 AM                                                                                                                                                                 
07-JUNE     -1994 TUESDAY   12:00.00 AM                                                                                                                                                                 

20 rows selected.

SQL> SELECT SYSDATE , TO_CHAR(SYSDATE,'MM rm Rm RM mon Mon MON month Month MONTH') FROM DUAL;

SYSDATE                                                                                                                                                                                                 
---------------------------------------                                                                                                                                                                 
TO_CHAR(SYSDATE,'MMRMRMRMMONMONMONMONTHMONTHMONTH')                                                                                                                                                     
-----------------------------------------------------------------------------------------------------------------------------------------------------------------------                                 
20-DECEMBER -2024 FRIDAY    06:28.21 PM                                                                                                                                                                 
12 xii  Xii  XII  dec Dec DEC december  December  DECEMBER                                                                                                                                              
                                                                                                                                                                                                        

SQL> SELECT SYSDATE , TO_CHAR(SYSDATE,'Y YY YYY YYYY RR RRRR year Year YEAR YYYYSP') FROM DUAL;

SYSDATE                                                                                                                                                                                                 
---------------------------------------                                                                                                                                                                 
TO_CHAR(SYSDATE,'YYYYYYYYYYRRRRRRYEARYEARYEARYYYYSP')                                                                                                                                                   
-------------------------------------------------------------------------------------------------------------------------------------------------------------------------------------------------       
20-DECEMBER -2024 FRIDAY    06:29.22 PM                                                                                                                                                                 
4 24 024 2024 24 2024 twenty twenty-four Twenty Twenty-Four TWENTY TWENTY-FOUR TWO THOUSAND TWENTY-FOUR                                                                                                 
                                                                                                                                                                                                        

SQL> SELECT SYSDATE , TO_CHAR(SYSDATE,'W WW Q J') FROM DUAL;

SYSDATE                                 TO_CHAR(SYSDAT                                                                                                                                                  
--------------------------------------- --------------                                                                                                                                                  
20-DECEMBER -2024 FRIDAY    06:30.24 PM 3 51 4 2460665                                                                                                                                                  

SQL> REM 5373484 : 31-DEC-9999AD
SQL> 
SQL> SELECT SYSDATE , TO_CHAR(SYSDATE,'DD DDTH DDSP DDSPTH DDTHSP ddSPTH') FROM DUAL;

SYSDATE                                 TO_CHAR(SYSDATE,'DDDDTHDDSPDDSPTHDDTHSPDDSPTH')                                                                                                                 
--------------------------------------- -----------------------------------------------------------------                                                                                               
20-DECEMBER -2024 FRIDAY    06:31.39 PM 20 20TH TWENTY TWENTIETH TWENTIETH twentieth                                                                                                                    

SQL> SELECT SYSDATE , TO_CHAR(SYSDATE,'DD DDTH DDSP DDSPTH DDTHSP ddSPTH DdSPTH') FROM DUAL;

SYSDATE                                 TO_CHAR(SYSDATE,'DDDDTHDDSPDDSPTHDDTHSPDDSPTHDDSPTH')                                                                                                           
--------------------------------------- --------------------------------------------------------------------------------                                                                                
20-DECEMBER -2024 FRIDAY    06:32.31 PM 20 20TH TWENTY TWENTIETH TWENTIETH twentieth Twentieth                                                                                                          

SQL> SELECT SYSDATE , TO_CHAR(SYSDATE,'DD DDTH DDSP DDSPTH dDTHSP ddSPTH DdSPTH') FROM DUAL;

SYSDATE                                 TO_CHAR(SYSDATE,'DDDDTHDDSPDDSPTHDDTHSPDDSPTHDDSPTH')                                                                                                           
--------------------------------------- --------------------------------------------------------------------------------                                                                                
20-DECEMBER -2024 FRIDAY    06:32.40 PM 20 20TH TWENTY TWENTIETH twentieth twentieth Twentieth                                                                                                          

SQL> SELECT SYSDATE , TO_CHAR(SYSDATE,'DD-MONTH-RRRR DAY HH:MI.SS AM') FROM DUAL;

SYSDATE                                 TO_CHAR(SYSDATE,'DD-MONTH-RRRRDAYHH:MI.SSAM')                                                                                                                   
--------------------------------------- ---------------------------------------------------------------------------------------------                                                                   
20-DECEMBER -2024 FRIDAY    06:33.27 PM 20-DECEMBER -2024 FRIDAY    06:33.27 PM                                                                                                                         

SQL> SELECT SYSDATE , TO_CHAR(SYSDATE,'FMDD-MONTH-RRRR DAY HH:MI.SS AM') FROM DUAL;

SYSDATE                                 TO_CHAR(SYSDATE,'FMDD-MONTH-RRRRDAYHH:MI.SSAM')                                                                                                                 
--------------------------------------- ---------------------------------------------------------------------------------------------                                                                   
20-DECEMBER -2024 FRIDAY    06:33.38 PM 20-DECEMBER-2024 FRIDAY 6:33.38 PM                                                                                                                              

SQL> SELECT SYSDATE , TO_CHAR(SYSDATE,'FMDD-MONTH-RRRR DMDAY HH:MI.SS AM') FROM DUAL;
SELECT SYSDATE , TO_CHAR(SYSDATE,'FMDD-MONTH-RRRR DMDAY HH:MI.SS AM') FROM DUAL
                                 *
ERROR at line 1:
ORA-01821: date format not recognized 


SQL> SELECT SYSDATE , TO_CHAR(SYSDATE,'FMDD-MONTH-RRRR FMDAY HH:MI.SS AM') FROM DUAL;

SYSDATE                                 TO_CHAR(SYSDATE,'FMDD-MONTH-RRRRFMDAYHH:MI.SSAM')                                                                                                               
--------------------------------------- ---------------------------------------------------------------------------------------------                                                                   
20-DECEMBER -2024 FRIDAY    06:34.13 PM 20-DECEMBER-2024 FRIDAY    06:34.13 PM                                                                                                                          

SQL> CONN SCOTT/TIGER
Connected.
SQL> 
SQL> SELECT FIRST_NAME , HIRE_DATE FROM EMPLOYEES WHERE HIRE_DATE < '&HD';
Enter value for hd: 01-JAN-96
old   1: SELECT FIRST_NAME , HIRE_DATE FROM EMPLOYEES WHERE HIRE_DATE < '&HD'
new   1: SELECT FIRST_NAME , HIRE_DATE FROM EMPLOYEES WHERE HIRE_DATE < '01-JAN-96'

FIRST_NAME      HIRE_DATE                                                                                                                                                                               
--------------- ---------                                                                                                                                                                               
Steven          17-JUL-87                                                                                                                                                                               
Neena           21-SEP-89                                                                                                                                                                               
Lex             13-JAN-93                                                                                                                                                                               
Alexander       03-JAN-90                                                                                                                                                                               
Bruce           21-MAY-91                                                                                                                                                                               
Trenna          17-OCT-95                                                                                                                                                                               
Jennifer        17-SEP-87                                                                                                                                                                               
Shelley         07-JUN-94                                                                                                                                                                               
William         07-JUN-94                                                                                                                                                                               

9 rows selected.

SQL> /
Enter value for hd: 01JAN96
old   1: SELECT FIRST_NAME , HIRE_DATE FROM EMPLOYEES WHERE HIRE_DATE < '&HD'
new   1: SELECT FIRST_NAME , HIRE_DATE FROM EMPLOYEES WHERE HIRE_DATE < '01JAN96'

FIRST_NAME      HIRE_DATE                                                                                                                                                                               
--------------- ---------                                                                                                                                                                               
Steven          17-JUL-87                                                                                                                                                                               
Neena           21-SEP-89                                                                                                                                                                               
Lex             13-JAN-93                                                                                                                                                                               
Alexander       03-JAN-90                                                                                                                                                                               
Bruce           21-MAY-91                                                                                                                                                                               
Trenna          17-OCT-95                                                                                                                                                                               
Jennifer        17-SEP-87                                                                                                                                                                               
Shelley         07-JUN-94                                                                                                                                                                               
William         07-JUN-94                                                                                                                                                                               

9 rows selected.

SQL> /
Enter value for hd: 01-JAN-1996
old   1: SELECT FIRST_NAME , HIRE_DATE FROM EMPLOYEES WHERE HIRE_DATE < '&HD'
new   1: SELECT FIRST_NAME , HIRE_DATE FROM EMPLOYEES WHERE HIRE_DATE < '01-JAN-1996'

FIRST_NAME      HIRE_DATE                                                                                                                                                                               
--------------- ---------                                                                                                                                                                               
Steven          17-JUL-87                                                                                                                                                                               
Neena           21-SEP-89                                                                                                                                                                               
Lex             13-JAN-93                                                                                                                                                                               
Alexander       03-JAN-90                                                                                                                                                                               
Bruce           21-MAY-91                                                                                                                                                                               
Trenna          17-OCT-95                                                                                                                                                                               
Jennifer        17-SEP-87                                                                                                                                                                               
Shelley         07-JUN-94                                                                                                                                                                               
William         07-JUN-94                                                                                                                                                                               

9 rows selected.

SQL> /
Enter value for hd: 01-JANUARY-1996
old   1: SELECT FIRST_NAME , HIRE_DATE FROM EMPLOYEES WHERE HIRE_DATE < '&HD'
new   1: SELECT FIRST_NAME , HIRE_DATE FROM EMPLOYEES WHERE HIRE_DATE < '01-JANUARY-1996'

FIRST_NAME      HIRE_DATE                                                                                                                                                                               
--------------- ---------                                                                                                                                                                               
Steven          17-JUL-87                                                                                                                                                                               
Neena           21-SEP-89                                                                                                                                                                               
Lex             13-JAN-93                                                                                                                                                                               
Alexander       03-JAN-90                                                                                                                                                                               
Bruce           21-MAY-91                                                                                                                                                                               
Trenna          17-OCT-95                                                                                                                                                                               
Jennifer        17-SEP-87                                                                                                                                                                               
Shelley         07-JUN-94                                                                                                                                                                               
William         07-JUN-94                                                                                                                                                                               

9 rows selected.

SQL> /
Enter value for hd: 01\JANUARY/1996
old   1: SELECT FIRST_NAME , HIRE_DATE FROM EMPLOYEES WHERE HIRE_DATE < '&HD'
new   1: SELECT FIRST_NAME , HIRE_DATE FROM EMPLOYEES WHERE HIRE_DATE < '01\JANUARY/1996'

FIRST_NAME      HIRE_DATE                                                                                                                                                                               
--------------- ---------                                                                                                                                                                               
Steven          17-JUL-87                                                                                                                                                                               
Neena           21-SEP-89                                                                                                                                                                               
Lex             13-JAN-93                                                                                                                                                                               
Alexander       03-JAN-90                                                                                                                                                                               
Bruce           21-MAY-91                                                                                                                                                                               
Trenna          17-OCT-95                                                                                                                                                                               
Jennifer        17-SEP-87                                                                                                                                                                               
Shelley         07-JUN-94                                                                                                                                                                               
William         07-JUN-94                                                                                                                                                                               

9 rows selected.

SQL> /
Enter value for hd: 01\JANUARY1996
old   1: SELECT FIRST_NAME , HIRE_DATE FROM EMPLOYEES WHERE HIRE_DATE < '&HD'
new   1: SELECT FIRST_NAME , HIRE_DATE FROM EMPLOYEES WHERE HIRE_DATE < '01\JANUARY1996'

FIRST_NAME      HIRE_DATE                                                                                                                                                                               
--------------- ---------                                                                                                                                                                               
Steven          17-JUL-87                                                                                                                                                                               
Neena           21-SEP-89                                                                                                                                                                               
Lex             13-JAN-93                                                                                                                                                                               
Alexander       03-JAN-90                                                                                                                                                                               
Bruce           21-MAY-91                                                                                                                                                                               
Trenna          17-OCT-95                                                                                                                                                                               
Jennifer        17-SEP-87                                                                                                                                                                               
Shelley         07-JUN-94                                                                                                                                                                               
William         07-JUN-94                                                                                                                                                                               

9 rows selected.

SQL> /
Enter value for hd: 01JANUARY1996
old   1: SELECT FIRST_NAME , HIRE_DATE FROM EMPLOYEES WHERE HIRE_DATE < '&HD'
new   1: SELECT FIRST_NAME , HIRE_DATE FROM EMPLOYEES WHERE HIRE_DATE < '01JANUARY1996'

FIRST_NAME      HIRE_DATE                                                                                                                                                                               
--------------- ---------                                                                                                                                                                               
Steven          17-JUL-87                                                                                                                                                                               
Neena           21-SEP-89                                                                                                                                                                               
Lex             13-JAN-93                                                                                                                                                                               
Alexander       03-JAN-90                                                                                                                                                                               
Bruce           21-MAY-91                                                                                                                                                                               
Trenna          17-OCT-95                                                                                                                                                                               
Jennifer        17-SEP-87                                                                                                                                                                               
Shelley         07-JUN-94                                                                                                                                                                               
William         07-JUN-94                                                                                                                                                                               

9 rows selected.

SQL> /
Enter value for hd: 01-01-1996
old   1: SELECT FIRST_NAME , HIRE_DATE FROM EMPLOYEES WHERE HIRE_DATE < '&HD'
new   1: SELECT FIRST_NAME , HIRE_DATE FROM EMPLOYEES WHERE HIRE_DATE < '01-01-1996'
SELECT FIRST_NAME , HIRE_DATE FROM EMPLOYEES WHERE HIRE_DATE < '01-01-1996'
                                                               *
ERROR at line 1:
ORA-01843: not a valid month 


SQL> SELECT FIRST_NAME , HIRE_DATE FROM EMPLOYEES WHERE HIRE_DATE < TO_DATE('&HD','FXDD-MON-RRRR');
Enter value for hd: 31-DEC-1996
old   1: SELECT FIRST_NAME , HIRE_DATE FROM EMPLOYEES WHERE HIRE_DATE < TO_DATE('&HD','FXDD-MON-RRRR')
new   1: SELECT FIRST_NAME , HIRE_DATE FROM EMPLOYEES WHERE HIRE_DATE < TO_DATE('31-DEC-1996','FXDD-MON-RRRR')

FIRST_NAME      HIRE_DATE                                                                                                                                                                               
--------------- ---------                                                                                                                                                                               
Steven          17-JUL-87                                                                                                                                                                               
Neena           21-SEP-89                                                                                                                                                                               
Lex             13-JAN-93                                                                                                                                                                               
Alexander       03-JAN-90                                                                                                                                                                               
Bruce           21-MAY-91                                                                                                                                                                               
Trenna          17-OCT-95                                                                                                                                                                               
Ellen           11-MAY-96                                                                                                                                                                               
Jennifer        17-SEP-87                                                                                                                                                                               
Michael         17-FEB-96                                                                                                                                                                               
Shelley         07-JUN-94                                                                                                                                                                               
William         07-JUN-94                                                                                                                                                                               

11 rows selected.

SQL> /
Enter value for hd: 31-DEC-96
old   1: SELECT FIRST_NAME , HIRE_DATE FROM EMPLOYEES WHERE HIRE_DATE < TO_DATE('&HD','FXDD-MON-RRRR')
new   1: SELECT FIRST_NAME , HIRE_DATE FROM EMPLOYEES WHERE HIRE_DATE < TO_DATE('31-DEC-96','FXDD-MON-RRRR')
SELECT FIRST_NAME , HIRE_DATE FROM EMPLOYEES WHERE HIRE_DATE < TO_DATE('31-DEC-96','FXDD-MON-RRRR')
                                                                       *
ERROR at line 1:
ORA-01862: the numeric value does not match the length of the format item 


SQL> /
Enter value for hd: 31-DECEMBER-1996
old   1: SELECT FIRST_NAME , HIRE_DATE FROM EMPLOYEES WHERE HIRE_DATE < TO_DATE('&HD','FXDD-MON-RRRR')
new   1: SELECT FIRST_NAME , HIRE_DATE FROM EMPLOYEES WHERE HIRE_DATE < TO_DATE('31-DECEMBER-1996','FXDD-MON-RRRR')
SELECT FIRST_NAME , HIRE_DATE FROM EMPLOYEES WHERE HIRE_DATE < TO_DATE('31-DECEMBER-1996','FXDD-MON-RRRR')
                                                                       *
ERROR at line 1:
ORA-01861: literal does not match format string 


SQL> /
Enter value for hd: 31-DEC/1996
old   1: SELECT FIRST_NAME , HIRE_DATE FROM EMPLOYEES WHERE HIRE_DATE < TO_DATE('&HD','FXDD-MON-RRRR')
new   1: SELECT FIRST_NAME , HIRE_DATE FROM EMPLOYEES WHERE HIRE_DATE < TO_DATE('31-DEC/1996','FXDD-MON-RRRR')
SELECT FIRST_NAME , HIRE_DATE FROM EMPLOYEES WHERE HIRE_DATE < TO_DATE('31-DEC/1996','FXDD-MON-RRRR')
                                                                       *
ERROR at line 1:
ORA-01861: literal does not match format string 


SQL> /
Enter value for hd: 31-Dec-1996
old   1: SELECT FIRST_NAME , HIRE_DATE FROM EMPLOYEES WHERE HIRE_DATE < TO_DATE('&HD','FXDD-MON-RRRR')
new   1: SELECT FIRST_NAME , HIRE_DATE FROM EMPLOYEES WHERE HIRE_DATE < TO_DATE('31-Dec-1996','FXDD-MON-RRRR')

FIRST_NAME      HIRE_DATE                                                                                                                                                                               
--------------- ---------                                                                                                                                                                               
Steven          17-JUL-87                                                                                                                                                                               
Neena           21-SEP-89                                                                                                                                                                               
Lex             13-JAN-93                                                                                                                                                                               
Alexander       03-JAN-90                                                                                                                                                                               
Bruce           21-MAY-91                                                                                                                                                                               
Trenna          17-OCT-95                                                                                                                                                                               
Ellen           11-MAY-96                                                                                                                                                                               
Jennifer        17-SEP-87                                                                                                                                                                               
Michael         17-FEB-96                                                                                                                                                                               
Shelley         07-JUN-94                                                                                                                                                                               
William         07-JUN-94                                                                                                                                                                               

11 rows selected.

SQL> SELECT SYSDATE , TO_CHAR(SYSDATE,'HH HH12 HH24 MI SS SSSSS') FROM DUAL;

SYSDATE   TO_CHAR(SYSDATE,'HHH                                                                                                                                                                          
--------- --------------------                                                                                                                                                                          
20-DEC-24 06 06 18 37 42 67062                                                                                                                                                                          

SQL> /

SYSDATE   TO_CHAR(SYSDATE,'HHH                                                                                                                                                                          
--------- --------------------                                                                                                                                                                          
20-DEC-24 06 06 18 37 59 67079                                                                                                                                                                          

SQL> /

SYSDATE   TO_CHAR(SYSDATE,'HHH                                                                                                                                                                          
--------- --------------------                                                                                                                                                                          
20-DEC-24 06 06 18 38 10 67090                                                                                                                                                                          

SQL> /

SYSDATE   TO_CHAR(SYSDATE,'HHH                                                                                                                                                                          
--------- --------------------                                                                                                                                                                          
20-DEC-24 06 06 18 38 12 67092                                                                                                                                                                          

SQL> SELECT SYSDATE , TO_CHAR(SYSDATE,'AM am Am PM pm Pm A.M. P.M. a.m. p.m.') FROM DUAL;

SYSDATE   TO_CHAR(SYSDATE,'AMAMAMPMPMPMA.M.P.M.                                                                                                                                                         
--------- -------------------------------------                                                                                                                                                         
20-DEC-24 PM pm Pm PM pm Pm P.M. P.M. p.m. p.m.                                                                                                                                                         

SQL> REM DISPLAY -12345.67 VALUE IN SPECIFIED FORMAT : {12:345;67} (DON'T USE ALTER SESSION)
SQL> 
SQL> SELECT TRANSLATE(TO_CHAR('-12345.67','99G999D99PR','NLS_NUMERIC_CHARACTERS=';:'),'<>','{}') FROM DUAL;
ERROR:
ORA-01756: quoted string not properly terminated 


SQL> SELECT TRANSLATE(TO_CHAR('-12345.67','99G999D99PR','NLS_NUMERIC_CHARACTERS=;:'),'<>','{}') FROM DUAL;

TRANSLATE(TO_CHAR('-12345.67','99G999D99PR',                                                                                                                                                            
--------------------------------------------                                                                                                                                                            
{12:345;67}                                                                                                                                                                                             

SQL> REM DISPLAY DEPARTMENT_ID WISE TOTAL SALARY
SQL> 
SQL> SELECT DEPARTMENT_ID , SUM(SALARY) FROM EMPLOYEES GROUP BY DEPARTMENT_ID;

DEPARTMENT_ID SUM(SALARY)                                                                                                                                                                               
------------- -----------                                                                                                                                                                               
                     7000                                                                                                                                                                               
           90       58000                                                                                                                                                                               
           20       19000                                                                                                                                                                               
          110       20300                                                                                                                                                                               
           50       17500                                                                                                                                                                               
           80       30100                                                                                                                                                                               
           60       19200                                                                                                                                                                               
           10        4400                                                                                                                                                                               

8 rows selected.

SQL> SELECT DEPARTMENT_ID , SUM(SALARY) FROM EMPLOYEES GROUP BY DEPARTMENT_ID HAVING SUM(SALARY) > 20000;

DEPARTMENT_ID SUM(SALARY)                                                                                                                                                                               
------------- -----------                                                                                                                                                                               
           90       58000                                                                                                                                                                               
          110       20300                                                                                                                                                                               
           80       30100                                                                                                                                                                               

SQL> SELECT DEPARTMENT_ID , SUM(SALARY) FROM EMPLOYEES GROUP BY DEPARTMENT_ID WHERE SUM(SALARY) > 20000;
SELECT DEPARTMENT_ID , SUM(SALARY) FROM EMPLOYEES GROUP BY DEPARTMENT_ID WHERE SUM(SALARY) > 20000
                                                                         *
ERROR at line 1:
ORA-00933: SQL command not properly ended 


SQL> SELECT DEPARTMENT_ID , SUM(SALARY) FROM EMPLOYEES HAVING SUM(SALARY) > 20000 GROUP BY DEPARTMENT_ID;

DEPARTMENT_ID SUM(SALARY)                                                                                                                                                                               
------------- -----------                                                                                                                                                                               
           90       58000                                                                                                                                                                               
          110       20300                                                                                                                                                                               
           80       30100                                                                                                                                                                               

SQL> SELECT DEPARTMENT_ID , SUM(SALARY) FROM EMPLOYEES WHERE SUM(SALARY) > 20000 GROUP BY DEPARTMENT_ID;
SELECT DEPARTMENT_ID , SUM(SALARY) FROM EMPLOYEES WHERE SUM(SALARY) > 20000 GROUP BY DEPARTMENT_ID
                                                        *
ERROR at line 1:
ORA-00934: group function is not allowed here 


SQL> SELECT AVG(SALARY) FROM EMPLOYEES GROUP BY MANAGER_ID;

AVG(SALARY)                                                                                                                                                                                             
-----------                                                                                                                                                                                             
      24000                                                                                                                                                                                             
      12660                                                                                                                                                                                             
 8866.66667                                                                                                                                                                                             
       8300                                                                                                                                                                                             
       9000                                                                                                                                                                                             
       6000                                                                                                                                                                                             
       8200                                                                                                                                                                                             
       2925                                                                                                                                                                                             
       5100                                                                                                                                                                                             

9 rows selected.

SQL> SELECT MAX(AVG(SALARY)) FROM EMPLOYEES GROUP BY MANAGER_ID;

MAX(AVG(SALARY))                                                                                                                                                                                        
----------------                                                                                                                                                                                        
           24000                                                                                                                                                                                        

SQL> SELECT MIN(AVG(SALARY)) , MAX(AVG(SALARY)) FROM EMPLOYEES GROUP BY MANAGER_ID;

MIN(AVG(SALARY)) MAX(AVG(SALARY))                                                                                                                                                                       
---------------- ----------------                                                                                                                                                                       
            2925            24000                                                                                                                                                                       

SQL> SELECT AVG(SALARY) , MAX(AVG(SALARY)) FROM EMPLOYEES GROUP BY MANAGER_ID;
SELECT AVG(SALARY) , MAX(AVG(SALARY)) FROM EMPLOYEES GROUP BY MANAGER_ID
           *
ERROR at line 1:
ORA-00979: not a GROUP BY expression 


SQL> SELECT MIN(SALARY) , MAX(AVG(SALARY)) FROM EMPLOYEES GROUP BY MANAGER_ID;
SELECT MIN(SALARY) , MAX(AVG(SALARY)) FROM EMPLOYEES GROUP BY MANAGER_ID
           *
ERROR at line 1:
ORA-00979: not a GROUP BY expression 


SQL> SELECT DEPARTMENTID , MAX(AVG(SALARY)) FROM EMPLOYEES GROUP BY MANAGER_ID;
SELECT DEPARTMENTID , MAX(AVG(SALARY)) FROM EMPLOYEES GROUP BY MANAGER_ID
       *
ERROR at line 1:
ORA-00904: "DEPARTMENTID": invalid identifier 


SQL> SELECT DEPARTMENT_ID , MAX(AVG(SALARY)) FROM EMPLOYEES GROUP BY MANAGER_ID;
SELECT DEPARTMENT_ID , MAX(AVG(SALARY)) FROM EMPLOYEES GROUP BY MANAGER_ID
       *
ERROR at line 1:
ORA-00937: not a single-group group function 


SQL> SELECT COUNT(*) , COUNT(MANAGER_ID) , MAX(AVG(SALARY)) FROM EMPLOYEES GROUP BY MANAGER_ID;

  COUNT(*) COUNT(MANAGER_ID) MAX(AVG(SALARY))                                                                                                                                                           
---------- ----------------- ----------------                                                                                                                                                           
         9                 8            24000                                                                                                                                                           

SQL> SELECT MANAGER_ID , MAX(AVG(SALARY)) FROM EMPLOYEES GROUP BY MANAGER_ID;
SELECT MANAGER_ID , MAX(AVG(SALARY)) FROM EMPLOYEES GROUP BY MANAGER_ID
       *
ERROR at line 1:
ORA-00937: not a single-group group function 


SQL> CONN SCOTT/TIGER
Connected.
SQL> 
SQL> SELECT HIRE_DATE , TRANSLATE(HIRE_DATE,'ABC','ab') FROM EMPLOYEES;

HIRE_DATE TRANSLATE(HIRE_DATE,'ABC','AB')                                                                                                                                                               
--------- ------------------------------------------------------------------------                                                                                                                      
17-JUL-87 17-JUL-87                                                                                                                                                                                     
21-SEP-89 21-SEP-89                                                                                                                                                                                     
13-JAN-93 13-JaN-93                                                                                                                                                                                     
03-JAN-90 03-JaN-90                                                                                                                                                                                     
21-MAY-91 21-MaY-91                                                                                                                                                                                     
07-FEB-99 07-FEb-99                                                                                                                                                                                     
16-NOV-99 16-NOV-99                                                                                                                                                                                     
17-OCT-95 17-OT-95                                                                                                                                                                                      
29-JAN-97 29-JaN-97                                                                                                                                                                                     
15-MAR-98 15-MaR-98                                                                                                                                                                                     
09-JUL-98 09-JUL-98                                                                                                                                                                                     
29-JAN-00 29-JaN-00                                                                                                                                                                                     
11-MAY-96 11-MaY-96                                                                                                                                                                                     
24-MAR-98 24-MaR-98                                                                                                                                                                                     
24-MAY-99 24-MaY-99                                                                                                                                                                                     
17-SEP-87 17-SEP-87                                                                                                                                                                                     
17-FEB-96 17-FEb-96                                                                                                                                                                                     
17-AUG-97 17-aUG-97                                                                                                                                                                                     
07-JUN-94 07-JUN-94                                                                                                                                                                                     
07-JUN-94 07-JUN-94                                                                                                                                                                                     

20 rows selected.

SQL> SELECT HIRE_DATE , REPLACE(HIRE_DATE,'JAN','JANUARY') FROM EMPLOYEES;

HIRE_DATE REPLACE(HIRE_DATE,'JAN','JANUARY')                                                                                                                                                            
--------- ------------------------------------------------------------------------------------------------------------------------------                                                                
17-JUL-87 17-JUL-87                                                                                                                                                                                     
21-SEP-89 21-SEP-89                                                                                                                                                                                     
13-JAN-93 13-JANUARY-93                                                                                                                                                                                 
03-JAN-90 03-JANUARY-90                                                                                                                                                                                 
21-MAY-91 21-MAY-91                                                                                                                                                                                     
07-FEB-99 07-FEB-99                                                                                                                                                                                     
16-NOV-99 16-NOV-99                                                                                                                                                                                     
17-OCT-95 17-OCT-95                                                                                                                                                                                     
29-JAN-97 29-JANUARY-97                                                                                                                                                                                 
15-MAR-98 15-MAR-98                                                                                                                                                                                     
09-JUL-98 09-JUL-98                                                                                                                                                                                     
29-JAN-00 29-JANUARY-00                                                                                                                                                                                 
11-MAY-96 11-MAY-96                                                                                                                                                                                     
24-MAR-98 24-MAR-98                                                                                                                                                                                     
24-MAY-99 24-MAY-99                                                                                                                                                                                     
17-SEP-87 17-SEP-87                                                                                                                                                                                     
17-FEB-96 17-FEB-96                                                                                                                                                                                     
17-AUG-97 17-AUG-97                                                                                                                                                                                     
07-JUN-94 07-JUN-94                                                                                                                                                                                     
07-JUN-94 07-JUN-94                                                                                                                                                                                     

20 rows selected.

SQL> SELECT HIRE_DATE , REPLACE(HIRE_DATE,'JAN',1) FROM EMPLOYEES;

HIRE_DATE REPLACE(HIRE_DATE,                                                                                                                                                                            
--------- ------------------                                                                                                                                                                            
17-JUL-87 17-JUL-87                                                                                                                                                                                     
21-SEP-89 21-SEP-89                                                                                                                                                                                     
13-JAN-93 13-1-93                                                                                                                                                                                       
03-JAN-90 03-1-90                                                                                                                                                                                       
21-MAY-91 21-MAY-91                                                                                                                                                                                     
07-FEB-99 07-FEB-99                                                                                                                                                                                     
16-NOV-99 16-NOV-99                                                                                                                                                                                     
17-OCT-95 17-OCT-95                                                                                                                                                                                     
29-JAN-97 29-1-97                                                                                                                                                                                       
15-MAR-98 15-MAR-98                                                                                                                                                                                     
09-JUL-98 09-JUL-98                                                                                                                                                                                     
29-JAN-00 29-1-00                                                                                                                                                                                       
11-MAY-96 11-MAY-96                                                                                                                                                                                     
24-MAR-98 24-MAR-98                                                                                                                                                                                     
24-MAY-99 24-MAY-99                                                                                                                                                                                     
17-SEP-87 17-SEP-87                                                                                                                                                                                     
17-FEB-96 17-FEB-96                                                                                                                                                                                     
17-AUG-97 17-AUG-97                                                                                                                                                                                     
07-JUN-94 07-JUN-94                                                                                                                                                                                     
07-JUN-94 07-JUN-94                                                                                                                                                                                     

20 rows selected.

SQL> SELECT HIRE_DATE , SUBST(HIRE_DATE,1,2) FROM EMPLOYEES;
SELECT HIRE_DATE , SUBST(HIRE_DATE,1,2) FROM EMPLOYEES
                   *
ERROR at line 1:
ORA-00904: "SUBST": invalid identifier 


SQL> SELECT HIRE_DATE , SUBSTR(HIRE_DATE,1,2) FROM EMPLOYEES;

HIRE_DATE SUBSTR(H                                                                                                                                                                                      
--------- --------                                                                                                                                                                                      
17-JUL-87 17                                                                                                                                                                                            
21-SEP-89 21                                                                                                                                                                                            
13-JAN-93 13                                                                                                                                                                                            
03-JAN-90 03                                                                                                                                                                                            
21-MAY-91 21                                                                                                                                                                                            
07-FEB-99 07                                                                                                                                                                                            
16-NOV-99 16                                                                                                                                                                                            
17-OCT-95 17                                                                                                                                                                                            
29-JAN-97 29                                                                                                                                                                                            
15-MAR-98 15                                                                                                                                                                                            
09-JUL-98 09                                                                                                                                                                                            
29-JAN-00 29                                                                                                                                                                                            
11-MAY-96 11                                                                                                                                                                                            
24-MAR-98 24                                                                                                                                                                                            
24-MAY-99 24                                                                                                                                                                                            
17-SEP-87 17                                                                                                                                                                                            
17-FEB-96 17                                                                                                                                                                                            
17-AUG-97 17                                                                                                                                                                                            
07-JUN-94 07                                                                                                                                                                                            
07-JUN-94 07                                                                                                                                                                                            

20 rows selected.

SQL> SELECT HIRE_DATE , SUBSTR(HIRE_DATE,-2) FROM EMPLOYEES;

HIRE_DATE SUBSTR(H                                                                                                                                                                                      
--------- --------                                                                                                                                                                                      
17-JUL-87 87                                                                                                                                                                                            
21-SEP-89 89                                                                                                                                                                                            
13-JAN-93 93                                                                                                                                                                                            
03-JAN-90 90                                                                                                                                                                                            
21-MAY-91 91                                                                                                                                                                                            
07-FEB-99 99                                                                                                                                                                                            
16-NOV-99 99                                                                                                                                                                                            
17-OCT-95 95                                                                                                                                                                                            
29-JAN-97 97                                                                                                                                                                                            
15-MAR-98 98                                                                                                                                                                                            
09-JUL-98 98                                                                                                                                                                                            
29-JAN-00 00                                                                                                                                                                                            
11-MAY-96 96                                                                                                                                                                                            
24-MAR-98 98                                                                                                                                                                                            
24-MAY-99 99                                                                                                                                                                                            
17-SEP-87 87                                                                                                                                                                                            
17-FEB-96 96                                                                                                                                                                                            
17-AUG-97 97                                                                                                                                                                                            
07-JUN-94 94                                                                                                                                                                                            
07-JUN-94 94                                                                                                                                                                                            

20 rows selected.

SQL> SELECT HIRE_DATE , SUBSTR(HIRE_DATE,4,3) FROM EMPLOYEES;

HIRE_DATE SUBSTR(HIRE_                                                                                                                                                                                  
--------- ------------                                                                                                                                                                                  
17-JUL-87 JUL                                                                                                                                                                                           
21-SEP-89 SEP                                                                                                                                                                                           
13-JAN-93 JAN                                                                                                                                                                                           
03-JAN-90 JAN                                                                                                                                                                                           
21-MAY-91 MAY                                                                                                                                                                                           
07-FEB-99 FEB                                                                                                                                                                                           
16-NOV-99 NOV                                                                                                                                                                                           
17-OCT-95 OCT                                                                                                                                                                                           
29-JAN-97 JAN                                                                                                                                                                                           
15-MAR-98 MAR                                                                                                                                                                                           
09-JUL-98 JUL                                                                                                                                                                                           
29-JAN-00 JAN                                                                                                                                                                                           
11-MAY-96 MAY                                                                                                                                                                                           
24-MAR-98 MAR                                                                                                                                                                                           
24-MAY-99 MAY                                                                                                                                                                                           
17-SEP-87 SEP                                                                                                                                                                                           
17-FEB-96 FEB                                                                                                                                                                                           
17-AUG-97 AUG                                                                                                                                                                                           
07-JUN-94 JUN                                                                                                                                                                                           
07-JUN-94 JUN                                                                                                                                                                                           

20 rows selected.

SQL> SELECT HIRE_DATE , SUBSTR(HIRE_DATE,-6,3) FROM EMPLOYEES;

HIRE_DATE SUBSTR(HIRE_                                                                                                                                                                                  
--------- ------------                                                                                                                                                                                  
17-JUL-87 JUL                                                                                                                                                                                           
21-SEP-89 SEP                                                                                                                                                                                           
13-JAN-93 JAN                                                                                                                                                                                           
03-JAN-90 JAN                                                                                                                                                                                           
21-MAY-91 MAY                                                                                                                                                                                           
07-FEB-99 FEB                                                                                                                                                                                           
16-NOV-99 NOV                                                                                                                                                                                           
17-OCT-95 OCT                                                                                                                                                                                           
29-JAN-97 JAN                                                                                                                                                                                           
15-MAR-98 MAR                                                                                                                                                                                           
09-JUL-98 JUL                                                                                                                                                                                           
29-JAN-00 JAN                                                                                                                                                                                           
11-MAY-96 MAY                                                                                                                                                                                           
24-MAR-98 MAR                                                                                                                                                                                           
24-MAY-99 MAY                                                                                                                                                                                           
17-SEP-87 SEP                                                                                                                                                                                           
17-FEB-96 FEB                                                                                                                                                                                           
17-AUG-97 AUG                                                                                                                                                                                           
07-JUN-94 JUN                                                                                                                                                                                           
07-JUN-94 JUN                                                                                                                                                                                           

20 rows selected.

SQL> REM DISPLAY THOSE FIRST_NAME WHICH CONTAINS e
SQL> 
SQL> SELECT FIRST_NAME FROM EMPLOYEES WHERE INSTR(FIRST_NAME,'e') > 0;

FIRST_NAME                                                                                                                                                                                              
---------------                                                                                                                                                                                         
Steven                                                                                                                                                                                                  
Neena                                                                                                                                                                                                   
Lex                                                                                                                                                                                                     
Alexander                                                                                                                                                                                               
Bruce                                                                                                                                                                                                   
Kevin                                                                                                                                                                                                   
Trenna                                                                                                                                                                                                  
Peter                                                                                                                                                                                                   
Eleni                                                                                                                                                                                                   
Ellen                                                                                                                                                                                                   
Kimerely                                                                                                                                                                                                
Jennifer                                                                                                                                                                                                
Michael                                                                                                                                                                                                 
Shelley                                                                                                                                                                                                 

14 rows selected.

SQL> SELECT FIRST_NAME FROM EMPLOYEES WHERE INSTR(LOWER(FIRST_NAME),'e') > 0;

FIRST_NAME                                                                                                                                                                                              
---------------                                                                                                                                                                                         
Steven                                                                                                                                                                                                  
Neena                                                                                                                                                                                                   
Lex                                                                                                                                                                                                     
Alexander                                                                                                                                                                                               
Bruce                                                                                                                                                                                                   
Kevin                                                                                                                                                                                                   
Trenna                                                                                                                                                                                                  
Peter                                                                                                                                                                                                   
Eleni                                                                                                                                                                                                   
Ellen                                                                                                                                                                                                   
Kimerely                                                                                                                                                                                                
Jennifer                                                                                                                                                                                                
Michael                                                                                                                                                                                                 
Shelley                                                                                                                                                                                                 

14 rows selected.

SQL> SELECT HIRE_DATE , SUBSTR(HIRE_DATE,1,2) FROM EMPLOYEES;

HIRE_DATE SUBSTR(H                                                                                                                                                                                      
--------- --------                                                                                                                                                                                      
17-JUL-87 17                                                                                                                                                                                            
21-SEP-89 21                                                                                                                                                                                            
13-JAN-93 13                                                                                                                                                                                            
03-JAN-90 03                                                                                                                                                                                            
21-MAY-91 21                                                                                                                                                                                            
07-FEB-99 07                                                                                                                                                                                            
16-NOV-99 16                                                                                                                                                                                            
17-OCT-95 17                                                                                                                                                                                            
29-JAN-97 29                                                                                                                                                                                            
15-MAR-98 15                                                                                                                                                                                            
09-JUL-98 09                                                                                                                                                                                            
29-JAN-00 29                                                                                                                                                                                            
11-MAY-96 11                                                                                                                                                                                            
24-MAR-98 24                                                                                                                                                                                            
24-MAY-99 24                                                                                                                                                                                            
17-SEP-87 17                                                                                                                                                                                            
17-FEB-96 17                                                                                                                                                                                            
17-AUG-97 17                                                                                                                                                                                            
07-JUN-94 07                                                                                                                                                                                            
07-JUN-94 07                                                                                                                                                                                            

20 rows selected.

SQL> SELECT HIRE_DATE , SUBSTR(HIRE_DATE,0,2) FROM EMPLOYEES;

HIRE_DATE SUBSTR(H                                                                                                                                                                                      
--------- --------                                                                                                                                                                                      
17-JUL-87 17                                                                                                                                                                                            
21-SEP-89 21                                                                                                                                                                                            
13-JAN-93 13                                                                                                                                                                                            
03-JAN-90 03                                                                                                                                                                                            
21-MAY-91 21                                                                                                                                                                                            
07-FEB-99 07                                                                                                                                                                                            
16-NOV-99 16                                                                                                                                                                                            
17-OCT-95 17                                                                                                                                                                                            
29-JAN-97 29                                                                                                                                                                                            
15-MAR-98 15                                                                                                                                                                                            
09-JUL-98 09                                                                                                                                                                                            
29-JAN-00 29                                                                                                                                                                                            
11-MAY-96 11                                                                                                                                                                                            
24-MAR-98 24                                                                                                                                                                                            
24-MAY-99 24                                                                                                                                                                                            
17-SEP-87 17                                                                                                                                                                                            
17-FEB-96 17                                                                                                                                                                                            
17-AUG-97 17                                                                                                                                                                                            
07-JUN-94 07                                                                                                                                                                                            
07-JUN-94 07                                                                                                                                                                                            

20 rows selected.

SQL> SELECT FIRST_NAME , RPAD(FIRST_NAME , 6, '#') FROM EMPLOYEES;

FIRST_NAME      RPAD(FIRST_NAME,6,'#')                                                                                                                                                                  
--------------- ------------------------                                                                                                                                                                
Steven          Steven                                                                                                                                                                                  
Neena           Neena#                                                                                                                                                                                  
Lex             Lex###                                                                                                                                                                                  
Alexander       Alexan                                                                                                                                                                                  
Bruce           Bruce#                                                                                                                                                                                  
Diana           Diana#                                                                                                                                                                                  
Kevin           Kevin#                                                                                                                                                                                  
Trenna          Trenna                                                                                                                                                                                  
Curtis          Curtis                                                                                                                                                                                  
Randall         Randal                                                                                                                                                                                  
Peter           Peter#                                                                                                                                                                                  
Eleni           Eleni#                                                                                                                                                                                  
Ellen           Ellen#                                                                                                                                                                                  
Jonathon        Jonath                                                                                                                                                                                  
Kimerely        Kimere                                                                                                                                                                                  
Jennifer        Jennif                                                                                                                                                                                  
Michael         Michae                                                                                                                                                                                  
Pat             Pat###                                                                                                                                                                                  
Shelley         Shelle                                                                                                                                                                                  
William         Willia                                                                                                                                                                                  

20 rows selected.

SQL> SELECT FIRST_NAME , RPAD(FIRST_NAME , 10, '#') FROM EMPLOYEES;

FIRST_NAME      RPAD(FIRST_NAME,10,'#')                                                                                                                                                                 
--------------- ----------------------------------------                                                                                                                                                
Steven          Steven####                                                                                                                                                                              
Neena           Neena#####                                                                                                                                                                              
Lex             Lex#######                                                                                                                                                                              
Alexander       Alexander#                                                                                                                                                                              
Bruce           Bruce#####                                                                                                                                                                              
Diana           Diana#####                                                                                                                                                                              
Kevin           Kevin#####                                                                                                                                                                              
Trenna          Trenna####                                                                                                                                                                              
Curtis          Curtis####                                                                                                                                                                              
Randall         Randall###                                                                                                                                                                              
Peter           Peter#####                                                                                                                                                                              
Eleni           Eleni#####                                                                                                                                                                              
Ellen           Ellen#####                                                                                                                                                                              
Jonathon        Jonathon##                                                                                                                                                                              
Kimerely        Kimerely##                                                                                                                                                                              
Jennifer        Jennifer##                                                                                                                                                                              
Michael         Michael###                                                                                                                                                                              
Pat             Pat#######                                                                                                                                                                              
Shelley         Shelley###                                                                                                                                                                              
William         William###                                                                                                                                                                              

20 rows selected.

SQL> SELECT FIRST_NAME , RPAD(FIRST_NAME , 3, '#') FROM EMPLOYEES;

FIRST_NAME      RPAD(FIRST_N                                                                                                                                                                            
--------------- ------------                                                                                                                                                                            
Steven          Ste                                                                                                                                                                                     
Neena           Nee                                                                                                                                                                                     
Lex             Lex                                                                                                                                                                                     
Alexander       Ale                                                                                                                                                                                     
Bruce           Bru                                                                                                                                                                                     
Diana           Dia                                                                                                                                                                                     
Kevin           Kev                                                                                                                                                                                     
Trenna          Tre                                                                                                                                                                                     
Curtis          Cur                                                                                                                                                                                     
Randall         Ran                                                                                                                                                                                     
Peter           Pet                                                                                                                                                                                     
Eleni           Ele                                                                                                                                                                                     
Ellen           Ell                                                                                                                                                                                     
Jonathon        Jon                                                                                                                                                                                     
Kimerely        Kim                                                                                                                                                                                     
Jennifer        Jen                                                                                                                                                                                     
Michael         Mic                                                                                                                                                                                     
Pat             Pat                                                                                                                                                                                     
Shelley         She                                                                                                                                                                                     
William         Wil                                                                                                                                                                                     

20 rows selected.

SQL> SELECT FIRST_NAME , LPAD(FIRST_NAME , 10, '#') FROM EMPLOYEES;

FIRST_NAME      LPAD(FIRST_NAME,10,'#')                                                                                                                                                                 
--------------- ----------------------------------------                                                                                                                                                
Steven          ####Steven                                                                                                                                                                              
Neena           #####Neena                                                                                                                                                                              
Lex             #######Lex                                                                                                                                                                              
Alexander       #Alexander                                                                                                                                                                              
Bruce           #####Bruce                                                                                                                                                                              
Diana           #####Diana                                                                                                                                                                              
Kevin           #####Kevin                                                                                                                                                                              
Trenna          ####Trenna                                                                                                                                                                              
Curtis          ####Curtis                                                                                                                                                                              
Randall         ###Randall                                                                                                                                                                              
Peter           #####Peter                                                                                                                                                                              
Eleni           #####Eleni                                                                                                                                                                              
Ellen           #####Ellen                                                                                                                                                                              
Jonathon        ##Jonathon                                                                                                                                                                              
Kimerely        ##Kimerely                                                                                                                                                                              
Jennifer        ##Jennifer                                                                                                                                                                              
Michael         ###Michael                                                                                                                                                                              
Pat             #######Pat                                                                                                                                                                              
Shelley         ###Shelley                                                                                                                                                                              
William         ###William                                                                                                                                                                              

20 rows selected.

SQL> 
SQL> 
SQL> SELECT HIRE_DATE , LTRIM(HIRE_DATE,'1234567890-') FROM EMPLOYEES;

HIRE_DATE LTRIM(HIRE_DATE,'1                                                                                                                                                                            
--------- ------------------                                                                                                                                                                            
17-JUL-87 JUL-87                                                                                                                                                                                        
21-SEP-89 SEP-89                                                                                                                                                                                        
13-JAN-93 JAN-93                                                                                                                                                                                        
03-JAN-90 JAN-90                                                                                                                                                                                        
21-MAY-91 MAY-91                                                                                                                                                                                        
07-FEB-99 FEB-99                                                                                                                                                                                        
16-NOV-99 NOV-99                                                                                                                                                                                        
17-OCT-95 OCT-95                                                                                                                                                                                        
29-JAN-97 JAN-97                                                                                                                                                                                        
15-MAR-98 MAR-98                                                                                                                                                                                        
09-JUL-98 JUL-98                                                                                                                                                                                        
29-JAN-00 JAN-00                                                                                                                                                                                        
11-MAY-96 MAY-96                                                                                                                                                                                        
24-MAR-98 MAR-98                                                                                                                                                                                        
24-MAY-99 MAY-99                                                                                                                                                                                        
17-SEP-87 SEP-87                                                                                                                                                                                        
17-FEB-96 FEB-96                                                                                                                                                                                        
17-AUG-97 AUG-97                                                                                                                                                                                        
07-JUN-94 JUN-94                                                                                                                                                                                        
07-JUN-94 JUN-94                                                                                                                                                                                        

20 rows selected.

SQL> SELECT HIRE_DATE , RTRIM(HIRE_DATE,'1234567890-') FROM EMPLOYEES;

HIRE_DATE RTRIM(HIRE_DATE,'1                                                                                                                                                                            
--------- ------------------                                                                                                                                                                            
17-JUL-87 17-JUL                                                                                                                                                                                        
21-SEP-89 21-SEP                                                                                                                                                                                        
13-JAN-93 13-JAN                                                                                                                                                                                        
03-JAN-90 03-JAN                                                                                                                                                                                        
21-MAY-91 21-MAY                                                                                                                                                                                        
07-FEB-99 07-FEB                                                                                                                                                                                        
16-NOV-99 16-NOV                                                                                                                                                                                        
17-OCT-95 17-OCT                                                                                                                                                                                        
29-JAN-97 29-JAN                                                                                                                                                                                        
15-MAR-98 15-MAR                                                                                                                                                                                        
09-JUL-98 09-JUL                                                                                                                                                                                        
29-JAN-00 29-JAN                                                                                                                                                                                        
11-MAY-96 11-MAY                                                                                                                                                                                        
24-MAR-98 24-MAR                                                                                                                                                                                        
24-MAY-99 24-MAY                                                                                                                                                                                        
17-SEP-87 17-SEP                                                                                                                                                                                        
17-FEB-96 17-FEB                                                                                                                                                                                        
17-AUG-97 17-AUG                                                                                                                                                                                        
07-JUN-94 07-JUN                                                                                                                                                                                        
07-JUN-94 07-JUN                                                                                                                                                                                        

20 rows selected.

SQL> SELECT HIRE_DATE , LTRIM(RTRIM(HIRE_DATE,'1234567890-'),'1234567890-') FROM EMPLOYEES;

HIRE_DATE LTRIM(RTRIM(HIRE_D                                                                                                                                                                            
--------- ------------------                                                                                                                                                                            
17-JUL-87 JUL                                                                                                                                                                                           
21-SEP-89 SEP                                                                                                                                                                                           
13-JAN-93 JAN                                                                                                                                                                                           
03-JAN-90 JAN                                                                                                                                                                                           
21-MAY-91 MAY                                                                                                                                                                                           
07-FEB-99 FEB                                                                                                                                                                                           
16-NOV-99 NOV                                                                                                                                                                                           
17-OCT-95 OCT                                                                                                                                                                                           
29-JAN-97 JAN                                                                                                                                                                                           
15-MAR-98 MAR                                                                                                                                                                                           
09-JUL-98 JUL                                                                                                                                                                                           
29-JAN-00 JAN                                                                                                                                                                                           
11-MAY-96 MAY                                                                                                                                                                                           
24-MAR-98 MAR                                                                                                                                                                                           
24-MAY-99 MAY                                                                                                                                                                                           
17-SEP-87 SEP                                                                                                                                                                                           
17-FEB-96 FEB                                                                                                                                                                                           
17-AUG-97 AUG                                                                                                                                                                                           
07-JUN-94 JUN                                                                                                                                                                                           
07-JUN-94 JUN                                                                                                                                                                                           

20 rows selected.

SQL> SELECT FIRST_NAME , LPAD(FIRST_NAME , 10) FROM EMPLOYEES;

FIRST_NAME      LPAD(FIRST_NAME,10)                                                                                                                                                                     
--------------- ----------------------------------------                                                                                                                                                
Steven              Steven                                                                                                                                                                              
Neena                Neena                                                                                                                                                                              
Lex                    Lex                                                                                                                                                                              
Alexander        Alexander                                                                                                                                                                              
Bruce                Bruce                                                                                                                                                                              
Diana                Diana                                                                                                                                                                              
Kevin                Kevin                                                                                                                                                                              
Trenna              Trenna                                                                                                                                                                              
Curtis              Curtis                                                                                                                                                                              
Randall            Randall                                                                                                                                                                              
Peter                Peter                                                                                                                                                                              
Eleni                Eleni                                                                                                                                                                              
Ellen                Ellen                                                                                                                                                                              
Jonathon          Jonathon                                                                                                                                                                              
Kimerely          Kimerely                                                                                                                                                                              
Jennifer          Jennifer                                                                                                                                                                              
Michael            Michael                                                                                                                                                                              
Pat                    Pat                                                                                                                                                                              
Shelley            Shelley                                                                                                                                                                              
William            William                                                                                                                                                                              

20 rows selected.

SQL> REM DISPLAY DEPARTMENT_ID AND AVERAGE SALARY FOR DEPARTMENTS 20 , 60 , 110
SQL> 
SQL> SELECT DEPARTMENT_ID , AVG(SALARY) FROM EMPLOYEES WHERE DEPARTMENT_ID IN (20,60,110) GROUP BY DEPARTMENT_ID ORDER BY 1;

DEPARTMENT_ID AVG(SALARY)                                                                                                                                                                               
------------- -----------                                                                                                                                                                               
           20        9500                                                                                                                                                                               
           60        6400                                                                                                                                                                               
          110       10150                                                                                                                                                                               

SQL> SELECT DEPARTMENT_ID , AVG(SALARY) FROM EMPLOYEES HAVING DEPARTMENT_ID IN (20,60,110) GROUP BY DEPARTMENT_ID ORDER BY 1;

DEPARTMENT_ID AVG(SALARY)                                                                                                                                                                               
------------- -----------                                                                                                                                                                               
           20        9500                                                                                                                                                                               
           60        6400                                                                                                                                                                               
          110       10150                                                                                                                                                                               

SQL> SELECT DEPARTMENT_ID , AVG(SALARY) FROM EMPLOYEES GROUP BY DEPARTMENT_ID HAVING DEPARTMENT_ID IN (20,60,110) ORDER BY 1;

DEPARTMENT_ID AVG(SALARY)                                                                                                                                                                               
------------- -----------                                                                                                                                                                               
           20        9500                                                                                                                                                                               
           60        6400                                                                                                                                                                               
          110       10150                                                                                                                                                                               

SQL> REM DEPT_20_AVG_SAL         DEPT_60_AVG_SAL           DEPT_110_AVG_SAL
SQL> 
SQL> REM            9500                   6400                      10150
SQL> 
SQL> 
SQL> 
SQL> SELECT AVG(DECODE(DEPARTMENT_ID , 20 , SALARY)) DEPT_20_AVG_SAL,
  2         AVG(DECODE(DEPARTMENT_ID , 60 , SALARY)) DEPT_60_AVG_SAL,
  3         AVG(DECODE(DEPARTMENT_ID , 110 , SALARY)) DEPT_110_AVG_SAL
  4  FROM EMPLOYEES;

DEPT_20_AVG_SAL DEPT_60_AVG_SAL DEPT_110_AVG_SAL                                                                                                                                                        
--------------- --------------- ----------------                                                                                                                                                        
           9500            6400            10150                                                                                                                                                        

SQL> SELECT TO_CHAR(HIRE_DATE,'RRRR') YEAR , AVG(DECODE(DEPARTMENT_ID , 20 , SALARY)) DEPT_20_AVG_SAL,
  2         AVG(DECODE(DEPARTMENT_ID , 60 , SALARY)) DEPT_60_AVG_SAL,
  3         AVG(DECODE(DEPARTMENT_ID , 110 , SALARY)) DEPT_110_AVG_SAL
  4  FROM EMPLOYEES
  5  GROUP BY TO_CHAR(HIRE_DATE,'RRRR')
  6  ORDER BY 1;

YEAR DEPT_20_AVG_SAL DEPT_60_AVG_SAL DEPT_110_AVG_SAL                                                                                                                                                   
---- --------------- --------------- ----------------                                                                                                                                                   
1987                                                                                                                                                                                                    
1989                                                                                                                                                                                                    
1990                            9000                                                                                                                                                                    
1991                            6000                                                                                                                                                                    
1993                                                                                                                                                                                                    
1994                                            10150                                                                                                                                                   
1995                                                                                                                                                                                                    
1996           13000                                                                                                                                                                                    
1997            6000                                                                                                                                                                                    
1998                                                                                                                                                                                                    
1999                            4200                                                                                                                                                                    
2000                                                                                                                                                                                                    

12 rows selected.

SQL> SELECT DEPARTMENT_ID , AVG(SALARY) FROM EMPLOYEES GROUP BY DEPARTMENT_ID ORDER BY 1;

DEPARTMENT_ID AVG(SALARY)                                                                                                                                                                               
------------- -----------                                                                                                                                                                               
           10        4400                                                                                                                                                                               
           20        9500                                                                                                                                                                               
           50        3500                                                                                                                                                                               
           60        6400                                                                                                                                                                               
           80  10033.3333                                                                                                                                                                               
           90  19333.3333                                                                                                                                                                               
          110       10150                                                                                                                                                                               
                     7000                                                                                                                                                                               

8 rows selected.

SQL> SELECT DEPARTMENT_ID , TO_CHAR(AVG(SALARY),99999.99') FROM EMPLOYEES GROUP BY DEPARTMENT_ID ORDER BY 1;
ERROR:
ORA-01756: quoted string not properly terminated 


SQL> SELECT DEPARTMENT_ID , TO_CHAR(AVG(SALARY),'99999.99') FROM EMPLOYEES GROUP BY DEPARTMENT_ID ORDER BY 1;

DEPARTMENT_ID TO_CHAR(A                                                                                                                                                                                 
------------- ---------                                                                                                                                                                                 
           10   4400.00                                                                                                                                                                                 
           20   9500.00                                                                                                                                                                                 
           50   3500.00                                                                                                                                                                                 
           60   6400.00                                                                                                                                                                                 
           80  10033.33                                                                                                                                                                                 
           90  19333.33                                                                                                                                                                                 
          110  10150.00                                                                                                                                                                                 
                7000.00                                                                                                                                                                                 

8 rows selected.

SQL> REM MIN MAX COUNT SUM AVG GROUP BY HAVING NESTED SUMMARY ITEM PCM
SQL> 
SQL> REM DISPLAY FIRST 6 ROWS OF TABLE
SQL> 
SQL> SELECT * FROM EMPLOYEES FETCH FIRST 6 ROWS ONLY;

EMPLOYEE_ID FIRST_NAME      LAST_NAME       EMAIL      PHONE_NUMBER         HIRE_DATE JOB_ID         SALARY COMMISSION_PCT MANAGER_ID DEPARTMENT_ID                                                     
----------- --------------- --------------- ---------- -------------------- --------- ---------- ---------- -------------- ---------- -------------                                                     
        100 Steven          King            SKING      515.123.4567         17-JUL-87 AD_PRES         24000                                      90                                                     
        101 Neena           Kochhar         NKOCHHAR   515.123.4568         21-SEP-89 AD_VP           17000                       100            90                                                     
        102 Lex             De Haan         LDEHAAN    515.123.4569         13-JAN-93 AD_VP           17000                       100            90                                                     
        103 Alexander       Hunold          AHUNOLD    590.423.4567         03-JAN-90 IT_PROG          9000                       102            60                                                     
        104 Bruce           Ernst           BERNST     590.423.4568         21-MAY-91 IT_PROG          6000                       103            60                                                     
        107 Diana           Lorentz         DLORENTZ   590.423.5567         07-FEB-99 IT_PROG          4200                       103            60                                                     

6 rows selected.

SQL> SELECT * FROM EMPLOYEES FETCH NEXT 6 ROWS ONLY;

EMPLOYEE_ID FIRST_NAME      LAST_NAME       EMAIL      PHONE_NUMBER         HIRE_DATE JOB_ID         SALARY COMMISSION_PCT MANAGER_ID DEPARTMENT_ID                                                     
----------- --------------- --------------- ---------- -------------------- --------- ---------- ---------- -------------- ---------- -------------                                                     
        100 Steven          King            SKING      515.123.4567         17-JUL-87 AD_PRES         24000                                      90                                                     
        101 Neena           Kochhar         NKOCHHAR   515.123.4568         21-SEP-89 AD_VP           17000                       100            90                                                     
        102 Lex             De Haan         LDEHAAN    515.123.4569         13-JAN-93 AD_VP           17000                       100            90                                                     
        103 Alexander       Hunold          AHUNOLD    590.423.4567         03-JAN-90 IT_PROG          9000                       102            60                                                     
        104 Bruce           Ernst           BERNST     590.423.4568         21-MAY-91 IT_PROG          6000                       103            60                                                     
        107 Diana           Lorentz         DLORENTZ   590.423.5567         07-FEB-99 IT_PROG          4200                       103            60                                                     

6 rows selected.

SQL> SELECT * FROM EMPLOYEES FETCH NEXT 6 ROW ONLY;

EMPLOYEE_ID FIRST_NAME      LAST_NAME       EMAIL      PHONE_NUMBER         HIRE_DATE JOB_ID         SALARY COMMISSION_PCT MANAGER_ID DEPARTMENT_ID                                                     
----------- --------------- --------------- ---------- -------------------- --------- ---------- ---------- -------------- ---------- -------------                                                     
        100 Steven          King            SKING      515.123.4567         17-JUL-87 AD_PRES         24000                                      90                                                     
        101 Neena           Kochhar         NKOCHHAR   515.123.4568         21-SEP-89 AD_VP           17000                       100            90                                                     
        102 Lex             De Haan         LDEHAAN    515.123.4569         13-JAN-93 AD_VP           17000                       100            90                                                     
        103 Alexander       Hunold          AHUNOLD    590.423.4567         03-JAN-90 IT_PROG          9000                       102            60                                                     
        104 Bruce           Ernst           BERNST     590.423.4568         21-MAY-91 IT_PROG          6000                       103            60                                                     
        107 Diana           Lorentz         DLORENTZ   590.423.5567         07-FEB-99 IT_PROG          4200                       103            60                                                     

6 rows selected.

SQL> SELECT * FROM EMPLOYEES FETCH NEXT 6 ROW WITH TIES;

EMPLOYEE_ID FIRST_NAME      LAST_NAME       EMAIL      PHONE_NUMBER         HIRE_DATE JOB_ID         SALARY COMMISSION_PCT MANAGER_ID DEPARTMENT_ID                                                     
----------- --------------- --------------- ---------- -------------------- --------- ---------- ---------- -------------- ---------- -------------                                                     
        100 Steven          King            SKING      515.123.4567         17-JUL-87 AD_PRES         24000                                      90                                                     
        101 Neena           Kochhar         NKOCHHAR   515.123.4568         21-SEP-89 AD_VP           17000                       100            90                                                     
        102 Lex             De Haan         LDEHAAN    515.123.4569         13-JAN-93 AD_VP           17000                       100            90                                                     
        103 Alexander       Hunold          AHUNOLD    590.423.4567         03-JAN-90 IT_PROG          9000                       102            60                                                     
        104 Bruce           Ernst           BERNST     590.423.4568         21-MAY-91 IT_PROG          6000                       103            60                                                     
        107 Diana           Lorentz         DLORENTZ   590.423.5567         07-FEB-99 IT_PROG          4200                       103            60                                                     

6 rows selected.

SQL> SELECT DEPARTMENT_ID , FIRST_NAME FROM EMPLOYEES ORDER BY 1;

DEPARTMENT_ID FIRST_NAME                                                                                                                                                                                
------------- ---------------                                                                                                                                                                           
           10 Jennifer                                                                                                                                                                                  
           20 Michael                                                                                                                                                                                   
           20 Pat                                                                                                                                                                                       
           50 Kevin                                                                                                                                                                                     
           50 Peter                                                                                                                                                                                     
           50 Randall                                                                                                                                                                                   
           50 Curtis                                                                                                                                                                                    
           50 Trenna                                                                                                                                                                                    
           60 Diana                                                                                                                                                                                     
           60 Bruce                                                                                                                                                                                     
           60 Alexander                                                                                                                                                                                 
           80 Ellen                                                                                                                                                                                     
           80 Eleni                                                                                                                                                                                     
           80 Jonathon                                                                                                                                                                                  
           90 Lex                                                                                                                                                                                       
           90 Steven                                                                                                                                                                                    
           90 Neena                                                                                                                                                                                     
          110 William                                                                                                                                                                                   
          110 Shelley                                                                                                                                                                                   
              Kimerely                                                                                                                                                                                  

20 rows selected.

SQL> SELECT DEPARTMENT_ID , FIRST_NAME FROM EMPLOYEES ORDER BY 1 OFFSET 5 ROWS FETCH NEXT 5 ROWS ONLY;

DEPARTMENT_ID FIRST_NAME                                                                                                                                                                                
------------- ---------------                                                                                                                                                                           
           50 Randall                                                                                                                                                                                   
           50 Curtis                                                                                                                                                                                    
           50 Trenna                                                                                                                                                                                    
           60 Alexander                                                                                                                                                                                 
           60 Bruce                                                                                                                                                                                     

SQL> SELECT DEPARTMENT_ID , FIRST_NAME FROM EMPLOYEES ORDER BY 1 OFFSET 5 ROWS FETCH NEXT 5 ROWS WITH TIES;

DEPARTMENT_ID FIRST_NAME                                                                                                                                                                                
------------- ---------------                                                                                                                                                                           
           50 Randall                                                                                                                                                                                   
           50 Curtis                                                                                                                                                                                    
           50 Trenna                                                                                                                                                                                    
           60 Alexander                                                                                                                                                                                 
           60 Diana                                                                                                                                                                                     
           60 Bruce                                                                                                                                                                                     

6 rows selected.

SQL> SELECT DEPARTMENT_ID , FIRST_NAME FROM EMPLOYEES ORDER BY 1 OFFSET 5 ROWS FETCH NEXT 7 ROWS ONLY;

DEPARTMENT_ID FIRST_NAME                                                                                                                                                                                
------------- ---------------                                                                                                                                                                           
           50 Randall                                                                                                                                                                                   
           50 Curtis                                                                                                                                                                                    
           50 Trenna                                                                                                                                                                                    
           60 Alexander                                                                                                                                                                                 
           60 Diana                                                                                                                                                                                     
           60 Bruce                                                                                                                                                                                     
           80 Eleni                                                                                                                                                                                     

7 rows selected.

SQL> SELECT DEPARTMENT_ID , FIRST_NAME FROM EMPLOYEES ORDER BY 1 OFFSET 5 ROWS FETCH NEXT 7 ROWS WITH TIES;

DEPARTMENT_ID FIRST_NAME                                                                                                                                                                                
------------- ---------------                                                                                                                                                                           
           50 Randall                                                                                                                                                                                   
           50 Curtis                                                                                                                                                                                    
           50 Trenna                                                                                                                                                                                    
           60 Alexander                                                                                                                                                                                 
           60 Diana                                                                                                                                                                                     
           60 Bruce                                                                                                                                                                                     
           80 Eleni                                                                                                                                                                                     
           80 Jonathon                                                                                                                                                                                  
           80 Ellen                                                                                                                                                                                     

9 rows selected.

SQL> SELECT * FROM MPSLIKETBL;

NAME                                                                                                                                                                                                    
------------------------------                                                                                                                                                                          
AMIT_^PATEL                                                                                                                                                                                             
AMIT PATEL                                                                                                                                                                                              
AMIT_PATEL                                                                                                                                                                                              
AMIT%PATEL                                                                                                                                                                                              
AMIT_%PATEL                                                                                                                                                                                             
AMIT  PATEL                                                                                                                                                                                             
TAPAN PATEL                                                                                                                                                                                             
PARMAR TARAK                                                                                                                                                                                            
AMIT_ PATEL                                                                                                                                                                                             
AMIT ^PATEL                                                                                                                                                                                             

10 rows selected.

SQL> REM DISPLAY WHICH CONTAINS T_P
SQL> 
SQL> SELECT * FROM MPSLIKETBL WHERE NAME LIKE '%T_P%'
  2  ;

NAME                                                                                                                                                                                                    
------------------------------                                                                                                                                                                          
AMIT PATEL                                                                                                                                                                                              
AMIT_PATEL                                                                                                                                                                                              
AMIT%PATEL                                                                                                                                                                                              
TAPAN PATEL                                                                                                                                                                                             

SQL> SELECT * FROM MPSLIKETBL WHERE NAME LIKE '%T\_P%' ESCAPE '\';

NAME                                                                                                                                                                                                    
------------------------------                                                                                                                                                                          
AMIT_PATEL                                                                                                                                                                                              

SQL> SELECT * FROM MPSLIKETBL WHERE NAME LIKE '%T\%P%' ESCAPE '\';

NAME                                                                                                                                                                                                    
------------------------------                                                                                                                                                                          
AMIT%PATEL                                                                                                                                                                                              

SQL> SELECT * FROM EMPLOYEES;

EMPLOYEE_ID FIRST_NAME      LAST_NAME       EMAIL      PHONE_NUMBER         HIRE_DATE JOB_ID         SALARY COMMISSION_PCT MANAGER_ID DEPARTMENT_ID                                                     
----------- --------------- --------------- ---------- -------------------- --------- ---------- ---------- -------------- ---------- -------------                                                     
        100 Steven          King            SKING      515.123.4567         17-JUL-87 AD_PRES         24000                                      90                                                     
        101 Neena           Kochhar         NKOCHHAR   515.123.4568         21-SEP-89 AD_VP           17000                       100            90                                                     
        102 Lex             De Haan         LDEHAAN    515.123.4569         13-JAN-93 AD_VP           17000                       100            90                                                     
        103 Alexander       Hunold          AHUNOLD    590.423.4567         03-JAN-90 IT_PROG          9000                       102            60                                                     
        104 Bruce           Ernst           BERNST     590.423.4568         21-MAY-91 IT_PROG          6000                       103            60                                                     
        107 Diana           Lorentz         DLORENTZ   590.423.5567         07-FEB-99 IT_PROG          4200                       103            60                                                     
        124 Kevin           Mourgos         KMOURGOS   650.123.5234         16-NOV-99 ST_MAN           5800                       100            50                                                     
        141 Trenna          Rajs            TRAJS      650.121.8009         17-OCT-95 ST_CLERK         3500                       124            50                                                     
        142 Curtis          Davies          CDAVIES    650.121.2994         29-JAN-97 ST_CLERK         3100                       124            50                                                     
        143 Randall         Matos           RMATOS     650.121.2874         15-MAR-98 ST_CLERK         2600                       124            50                                                     
        144 Peter           Vargas                     650.121.2004         09-JUL-98 ST_CLERK         2500                       124            50                                                     
        149 Eleni           Zlotkey         EZLOTKEY   011.44.1344.429018   29-JAN-00 SA_MAN          10500             .2        100            80                                                     
        174 Ellen           Abel            EABEL      011.44.1644.429267   11-MAY-96 SA_REP          11000             .3        149            80                                                     
        176 Jonathon        Taylor          JTAYLOR    011.44.1644.429265   24-MAR-98 SA_REP           8600             .3        149            80                                                     
        178 Kimerely        Grant           KGRANT     011.44.1644.429263   24-MAY-99 SA_REP           7000            .15        149                                                                   
        200 Jennifer        Whalen          JWHALEN    515.123.4444         17-SEP-87 AD_ASST          4400                       101            10                                                     
        201 Michael         Hartstein       MHARTSTE   515.123.5555         17-FEB-96 MK_MAN          13000                       100            20                                                     
        202 Pat             Fay             PFAY       603.123.6666         17-AUG-97 MK_REP           6000                       201            20                                                     
        205 Shelley         Higgins         SHIGGINS   515.123.8080         07-JUN-94 AC_MGR          12000                       101           110                                                     
        206 William         Gietz           WGIETZ     515.123.8181         07-JUN-94 AC_ACCOUNT       8300                       205           110                                                     

20 rows selected.

SQL> REM Steven's monthly salray is Rs.24000/-.
SQL> 
SQL> 
SQL> SELECT FIRST_NAME || 's monthly salary is Rs.' || SALARY || '/-.' FROM EMPLOYEES;

FIRST_NAME||'SMONTHLYSALARYISRS.'||SALARY||'/-.'                                                                                                                                                        
---------------------------------------------------------------------------------                                                                                                                       
Stevens monthly salary is Rs.24000/-.                                                                                                                                                                   
Neenas monthly salary is Rs.17000/-.                                                                                                                                                                    
Lexs monthly salary is Rs.17000/-.                                                                                                                                                                      
Alexanders monthly salary is Rs.9000/-.                                                                                                                                                                 
Bruces monthly salary is Rs.6000/-.                                                                                                                                                                     
Dianas monthly salary is Rs.4200/-.                                                                                                                                                                     
Kevins monthly salary is Rs.5800/-.                                                                                                                                                                     
Trennas monthly salary is Rs.3500/-.                                                                                                                                                                    
Curtiss monthly salary is Rs.3100/-.                                                                                                                                                                    
Randalls monthly salary is Rs.2600/-.                                                                                                                                                                   
Peters monthly salary is Rs.2500/-.                                                                                                                                                                     
Elenis monthly salary is Rs.10500/-.                                                                                                                                                                    
Ellens monthly salary is Rs.11000/-.                                                                                                                                                                    
Jonathons monthly salary is Rs.8600/-.                                                                                                                                                                  
Kimerelys monthly salary is Rs.7000/-.                                                                                                                                                                  
Jennifers monthly salary is Rs.4400/-.                                                                                                                                                                  
Michaels monthly salary is Rs.13000/-.                                                                                                                                                                  
Pats monthly salary is Rs.6000/-.                                                                                                                                                                       
Shelleys monthly salary is Rs.12000/-.                                                                                                                                                                  
Williams monthly salary is Rs.8300/-.                                                                                                                                                                   

20 rows selected.

SQL> SELECT FIRST_NAME || '''s monthly salary is Rs.' || SALARY || '/-.' FROM EMPLOYEES;

FIRST_NAME||'''SMONTHLYSALARYISRS.'||SALARY||'/-.'                                                                                                                                                      
----------------------------------------------------------------------------------                                                                                                                      
Steven's monthly salary is Rs.24000/-.                                                                                                                                                                  
Neena's monthly salary is Rs.17000/-.                                                                                                                                                                   
Lex's monthly salary is Rs.17000/-.                                                                                                                                                                     
Alexander's monthly salary is Rs.9000/-.                                                                                                                                                                
Bruce's monthly salary is Rs.6000/-.                                                                                                                                                                    
Diana's monthly salary is Rs.4200/-.                                                                                                                                                                    
Kevin's monthly salary is Rs.5800/-.                                                                                                                                                                    
Trenna's monthly salary is Rs.3500/-.                                                                                                                                                                   
Curtis's monthly salary is Rs.3100/-.                                                                                                                                                                   
Randall's monthly salary is Rs.2600/-.                                                                                                                                                                  
Peter's monthly salary is Rs.2500/-.                                                                                                                                                                    
Eleni's monthly salary is Rs.10500/-.                                                                                                                                                                   
Ellen's monthly salary is Rs.11000/-.                                                                                                                                                                   
Jonathon's monthly salary is Rs.8600/-.                                                                                                                                                                 
Kimerely's monthly salary is Rs.7000/-.                                                                                                                                                                 
Jennifer's monthly salary is Rs.4400/-.                                                                                                                                                                 
Michael's monthly salary is Rs.13000/-.                                                                                                                                                                 
Pat's monthly salary is Rs.6000/-.                                                                                                                                                                      
Shelley's monthly salary is Rs.12000/-.                                                                                                                                                                 
William's monthly salary is Rs.8300/-.                                                                                                                                                                  

20 rows selected.

SQL> SELECT FIRST_NAME || Q'#'s monthly salary is Rs.#' || SALARY || '/-.' FROM EMPLOYEES;

FIRST_NAME||Q'#'SMONTHLYSALARYISRS.#'||SALARY||'/-.'                                                                                                                                                    
----------------------------------------------------------------------------------                                                                                                                      
Steven's monthly salary is Rs.24000/-.                                                                                                                                                                  
Neena's monthly salary is Rs.17000/-.                                                                                                                                                                   
Lex's monthly salary is Rs.17000/-.                                                                                                                                                                     
Alexander's monthly salary is Rs.9000/-.                                                                                                                                                                
Bruce's monthly salary is Rs.6000/-.                                                                                                                                                                    
Diana's monthly salary is Rs.4200/-.                                                                                                                                                                    
Kevin's monthly salary is Rs.5800/-.                                                                                                                                                                    
Trenna's monthly salary is Rs.3500/-.                                                                                                                                                                   
Curtis's monthly salary is Rs.3100/-.                                                                                                                                                                   
Randall's monthly salary is Rs.2600/-.                                                                                                                                                                  
Peter's monthly salary is Rs.2500/-.                                                                                                                                                                    
Eleni's monthly salary is Rs.10500/-.                                                                                                                                                                   
Ellen's monthly salary is Rs.11000/-.                                                                                                                                                                   
Jonathon's monthly salary is Rs.8600/-.                                                                                                                                                                 
Kimerely's monthly salary is Rs.7000/-.                                                                                                                                                                 
Jennifer's monthly salary is Rs.4400/-.                                                                                                                                                                 
Michael's monthly salary is Rs.13000/-.                                                                                                                                                                 
Pat's monthly salary is Rs.6000/-.                                                                                                                                                                      
Shelley's monthly salary is Rs.12000/-.                                                                                                                                                                 
William's monthly salary is Rs.8300/-.                                                                                                                                                                  

20 rows selected.

SQL> SELECT FIRST_NAME || Q'('s monthly salary is Rs.)' || SALARY || '/-.' FROM EMPLOYEES;

FIRST_NAME||Q'('SMONTHLYSALARYISRS.)'||SALARY||'/-.'                                                                                                                                                    
----------------------------------------------------------------------------------                                                                                                                      
Steven's monthly salary is Rs.24000/-.                                                                                                                                                                  
Neena's monthly salary is Rs.17000/-.                                                                                                                                                                   
Lex's monthly salary is Rs.17000/-.                                                                                                                                                                     
Alexander's monthly salary is Rs.9000/-.                                                                                                                                                                
Bruce's monthly salary is Rs.6000/-.                                                                                                                                                                    
Diana's monthly salary is Rs.4200/-.                                                                                                                                                                    
Kevin's monthly salary is Rs.5800/-.                                                                                                                                                                    
Trenna's monthly salary is Rs.3500/-.                                                                                                                                                                   
Curtis's monthly salary is Rs.3100/-.                                                                                                                                                                   
Randall's monthly salary is Rs.2600/-.                                                                                                                                                                  
Peter's monthly salary is Rs.2500/-.                                                                                                                                                                    
Eleni's monthly salary is Rs.10500/-.                                                                                                                                                                   
Ellen's monthly salary is Rs.11000/-.                                                                                                                                                                   
Jonathon's monthly salary is Rs.8600/-.                                                                                                                                                                 
Kimerely's monthly salary is Rs.7000/-.                                                                                                                                                                 
Jennifer's monthly salary is Rs.4400/-.                                                                                                                                                                 
Michael's monthly salary is Rs.13000/-.                                                                                                                                                                 
Pat's monthly salary is Rs.6000/-.                                                                                                                                                                      
Shelley's monthly salary is Rs.12000/-.                                                                                                                                                                 
William's monthly salary is Rs.8300/-.                                                                                                                                                                  

20 rows selected.

SQL> SELECT FIRST_NAME || Q')'s monthly salary is Rs.)' || SALARY || '/-.' FROM EMPLOYEES;

FIRST_NAME||Q')'SMONTHLYSALARYISRS.)'||SALARY||'/-.'                                                                                                                                                    
----------------------------------------------------------------------------------                                                                                                                      
Steven's monthly salary is Rs.24000/-.                                                                                                                                                                  
Neena's monthly salary is Rs.17000/-.                                                                                                                                                                   
Lex's monthly salary is Rs.17000/-.                                                                                                                                                                     
Alexander's monthly salary is Rs.9000/-.                                                                                                                                                                
Bruce's monthly salary is Rs.6000/-.                                                                                                                                                                    
Diana's monthly salary is Rs.4200/-.                                                                                                                                                                    
Kevin's monthly salary is Rs.5800/-.                                                                                                                                                                    
Trenna's monthly salary is Rs.3500/-.                                                                                                                                                                   
Curtis's monthly salary is Rs.3100/-.                                                                                                                                                                   
Randall's monthly salary is Rs.2600/-.                                                                                                                                                                  
Peter's monthly salary is Rs.2500/-.                                                                                                                                                                    
Eleni's monthly salary is Rs.10500/-.                                                                                                                                                                   
Ellen's monthly salary is Rs.11000/-.                                                                                                                                                                   
Jonathon's monthly salary is Rs.8600/-.                                                                                                                                                                 
Kimerely's monthly salary is Rs.7000/-.                                                                                                                                                                 
Jennifer's monthly salary is Rs.4400/-.                                                                                                                                                                 
Michael's monthly salary is Rs.13000/-.                                                                                                                                                                 
Pat's monthly salary is Rs.6000/-.                                                                                                                                                                      
Shelley's monthly salary is Rs.12000/-.                                                                                                                                                                 
William's monthly salary is Rs.8300/-.                                                                                                                                                                  

20 rows selected.

SQL> SELECT FIRST_NAME || Q')'s monthly salary is Rs.(' || SALARY || '/-.' FROM EMPLOYEES;
ERROR:
ORA-01756: quoted string not properly terminated 


SQL> SELECT FIRST_NAME || Q'('s monthly salary is Rs.(' || SALARY || '/-.' FROM EMPLOYEES;
ERROR:
ORA-01756: quoted string not properly terminated 


SQL> SELECT FIRST_NAME || Q'('s monthly salary is Rs.]' || SALARY || '/-.' FROM EMPLOYEES;
ERROR:
ORA-01756: quoted string not properly terminated 


SQL> SELECT FIRST_NAME || Q'('s monthly salary is Rs.}' || SALARY || '/-.' FROM EMPLOYEES;
ERROR:
ORA-01756: quoted string not properly terminated 


SQL> SELECT FIRST_NAME || Q'('s monthly salary is Rs.>' || SALARY || '/-.' FROM EMPLOYEES;
ERROR:
ORA-01756: quoted string not properly terminated 


SQL> SELECT COMMISSION_PCT , NVL(COMMISSION_PCT, 0) FROM EMPLOYEES;

COMMISSION_PCT NVL(COMMISSION_PCT,0)                                                                                                                                                                    
-------------- ---------------------                                                                                                                                                                    
                                   0                                                                                                                                                                    
                                   0                                                                                                                                                                    
                                   0                                                                                                                                                                    
                                   0                                                                                                                                                                    
                                   0                                                                                                                                                                    
                                   0                                                                                                                                                                    
                                   0                                                                                                                                                                    
                                   0                                                                                                                                                                    
                                   0                                                                                                                                                                    
                                   0                                                                                                                                                                    
                                   0                                                                                                                                                                    
            .2                    .2                                                                                                                                                                    
            .3                    .3                                                                                                                                                                    
            .3                    .3                                                                                                                                                                    
           .15                   .15                                                                                                                                                                    
                                   0                                                                                                                                                                    
                                   0                                                                                                                                                                    
                                   0                                                                                                                                                                    
                                   0                                                                                                                                                                    
                                   0                                                                                                                                                                    

20 rows selected.

SQL> SELECT COMMISSION_PCT , NVL(COMMISSION_PCT, 'NA') FROM EMPLOYEES;
SELECT COMMISSION_PCT , NVL(COMMISSION_PCT, 'NA') FROM EMPLOYEES
                                            *
ERROR at line 1:
ORA-01722: invalid number 


SQL> SELECT COMMISSION_PCT , NVL(TO_CHAR(COMMISSION_PCT), 'NA') FROM EMPLOYEES;

COMMISSION_PCT NVL(TO_CHAR(COMMISSION_PCT),'NA')                                                                                                                                                        
-------------- ----------------------------------------                                                                                                                                                 
               NA                                                                                                                                                                                       
               NA                                                                                                                                                                                       
               NA                                                                                                                                                                                       
               NA                                                                                                                                                                                       
               NA                                                                                                                                                                                       
               NA                                                                                                                                                                                       
               NA                                                                                                                                                                                       
               NA                                                                                                                                                                                       
               NA                                                                                                                                                                                       
               NA                                                                                                                                                                                       
               NA                                                                                                                                                                                       
            .2 .2                                                                                                                                                                                       
            .3 .3                                                                                                                                                                                       
            .3 .3                                                                                                                                                                                       
           .15 .15                                                                                                                                                                                      
               NA                                                                                                                                                                                       
               NA                                                                                                                                                                                       
               NA                                                                                                                                                                                       
               NA                                                                                                                                                                                       
               NA                                                                                                                                                                                       

20 rows selected.

SQL> SELECT COMMISSION_PCT , NVL2(COMMISSION_PCT, COMMISSION_PCT * 2 , .12 ) FROM EMPLOYEES;

COMMISSION_PCT NVL2(COMMISSION_PCT,COMMISSION_PCT*2,.12)                                                                                                                                                
-------------- -----------------------------------------                                                                                                                                                
                                                     .12                                                                                                                                                
                                                     .12                                                                                                                                                
                                                     .12                                                                                                                                                
                                                     .12                                                                                                                                                
                                                     .12                                                                                                                                                
                                                     .12                                                                                                                                                
                                                     .12                                                                                                                                                
                                                     .12                                                                                                                                                
                                                     .12                                                                                                                                                
                                                     .12                                                                                                                                                
                                                     .12                                                                                                                                                
            .2                                        .4                                                                                                                                                
            .3                                        .6                                                                                                                                                
            .3                                        .6                                                                                                                                                
           .15                                        .3                                                                                                                                                
                                                     .12                                                                                                                                                
                                                     .12                                                                                                                                                
                                                     .12                                                                                                                                                
                                                     .12                                                                                                                                                
                                                     .12                                                                                                                                                

20 rows selected.

SQL> REM DISPLAY DIFFERENCE OF HIGHEST AND LOWEST COMMISSION   AMOUNT
SQL> 
SQL> SELECT MAX(SALARY*COMMISSION_PCT) - MIN(SALARY*COMMISSION_PCT) DIFF FROM EMPLOYEES;

      DIFF                                                                                                                                                                                              
----------                                                                                                                                                                                              
      2250                                                                                                                                                                                              

SQL> REM DISPLAY THE FIRST_NAME WHICH WILL BE PLACED ON TOP IF WE STORE ALL FIRST_NAME OUR CALL DIRECTORY.
SQL> 
SQL> SELECT MIN(FIRST_NAME) FROM EMPLOYEES;

MIN(FIRST_NAME)                                                                                                                                                                                         
---------------                                                                                                                                                                                         
Alexander                                                                                                                                                                                               

SQL> REM FIND LEFT MOST VOWEL OF FIRST_NAME
SQL> 
SQL> SELECT FIRST_NAME , SUBSTR(LTRIM(UPPER(FIRST_NAME),'QWRTYPSDFGHJKLZXCVBNM'),1,1) FROM EMPLOYEES;

FIRST_NAME      SUBS                                                                                                                                                                                    
--------------- ----                                                                                                                                                                                    
Steven          E                                                                                                                                                                                       
Neena           E                                                                                                                                                                                       
Lex             E                                                                                                                                                                                       
Alexander       A                                                                                                                                                                                       
Bruce           U                                                                                                                                                                                       
Diana           I                                                                                                                                                                                       
Kevin           E                                                                                                                                                                                       
Trenna          E                                                                                                                                                                                       
Curtis          U                                                                                                                                                                                       
Randall         A                                                                                                                                                                                       
Peter           E                                                                                                                                                                                       
Eleni           E                                                                                                                                                                                       
Ellen           E                                                                                                                                                                                       
Jonathon        O                                                                                                                                                                                       
Kimerely        I                                                                                                                                                                                       
Jennifer        E                                                                                                                                                                                       
Michael         I                                                                                                                                                                                       
Pat             A                                                                                                                                                                                       
Shelley         E                                                                                                                                                                                       
William         I                                                                                                                                                                                       

20 rows selected.

SQL> SELECT FIRST_NAME , LENGTH(TRANSLATE(UPPER(FIRST_NAME),'#QWRTYPSDFGHJKLZXCVBNM','#')) FROM EMPLOYEES;

FIRST_NAME      LENGTH(TRANSLATE(UPPER(FIRST_NAME),'#QWRTYPSDFGHJKLZXCVBNM','#'))                                                                                                                       
--------------- -----------------------------------------------------------------                                                                                                                       
Steven                                                                          2                                                                                                                       
Neena                                                                           3                                                                                                                       
Lex                                                                             1                                                                                                                       
Alexander                                                                       4                                                                                                                       
Bruce                                                                           2                                                                                                                       
Diana                                                                           3                                                                                                                       
Kevin                                                                           2                                                                                                                       
Trenna                                                                          2                                                                                                                       
Curtis                                                                          2                                                                                                                       
Randall                                                                         2                                                                                                                       
Peter                                                                           2                                                                                                                       
Eleni                                                                           3                                                                                                                       
Ellen                                                                           2                                                                                                                       
Jonathon                                                                        3                                                                                                                       
Kimerely                                                                        3                                                                                                                       
Jennifer                                                                        3                                                                                                                       
Michael                                                                         3                                                                                                                       
Pat                                                                             1                                                                                                                       
Shelley                                                                         2                                                                                                                       
William                                                                         3                                                                                                                       

20 rows selected.

SQL> SELECT FIRST_NAME , SUBSTR(RTRIM(UPPER(FIRST_NAME),'QWRTYPSDFGHJKLZXCVBNM'),-1) FROM EMPLOYEES;

FIRST_NAME      SUBS                                                                                                                                                                                    
--------------- ----                                                                                                                                                                                    
Steven          E                                                                                                                                                                                       
Neena           A                                                                                                                                                                                       
Lex             E                                                                                                                                                                                       
Alexander       E                                                                                                                                                                                       
Bruce           E                                                                                                                                                                                       
Diana           A                                                                                                                                                                                       
Kevin           I                                                                                                                                                                                       
Trenna          A                                                                                                                                                                                       
Curtis          I                                                                                                                                                                                       
Randall         A                                                                                                                                                                                       
Peter           E                                                                                                                                                                                       
Eleni           I                                                                                                                                                                                       
Ellen           E                                                                                                                                                                                       
Jonathon        O                                                                                                                                                                                       
Kimerely        E                                                                                                                                                                                       
Jennifer        E                                                                                                                                                                                       
Michael         E                                                                                                                                                                                       
Pat             A                                                                                                                                                                                       
Shelley         E                                                                                                                                                                                       
William         A                                                                                                                                                                                       

20 rows selected.

SQL> CONN / AS SYSDBA
ERROR:
ORA-01017: invalid username/password; logon denied 


Warning: You are no longer connected to ORACLE.
SQL> ALTER USER SCOTT IDENTIFIED BY TIGER ACCOUNT UNLOCK;
SP2-0640: Not connected
SQL> CONN SCOTT/TIGER
Connected.
SQL> SPOOL OFF
