SQL> 
SQL> CL SCR

SQL> SELECT FIRST_NAME || ' ' || LAST_NAME || ', has joined on ' || HIRE_DATE || '.' FROM EMPLOYEES;

FIRST_NAME||''||LAST_NAME||',HASJOINEDON'||HIRE_DATE||'.'                       
------------------------------------------------------------------              
Steven King, has joined on 17-JUL-87.                                           
Neena Kochhar, has joined on 21-SEP-89.                                         
Lex De Haan, has joined on 13-JAN-93.                                           
Alexander Hunold, has joined on 03-JAN-90.                                      
Bruce Ernst, has joined on 21-MAY-91.                                           
Diana Lorentz, has joined on 07-FEB-99.                                         
Kevin Mourgos, has joined on 16-NOV-99.                                         
Trenna Rajs, has joined on 17-OCT-95.                                           
Curtis Davies, has joined on 29-JAN-97.                                         
Randall Matos, has joined on 15-MAR-98.                                         
Peter Vargas, has joined on 09-JUL-98.                                          

FIRST_NAME||''||LAST_NAME||',HASJOINEDON'||HIRE_DATE||'.'                       
------------------------------------------------------------------              
Eleni Zlotkey, has joined on 29-JAN-00.                                         
Ellen Abel, has joined on 11-MAY-96.                                            
Jonathon Taylor, has joined on 24-MAR-98.                                       
Kimerely Grant, has joined on 24-MAY-99.                                        
Jennifer Whalen, has joined on 17-SEP-87.                                       
Michael Hartstein, has joined on 17-FEB-96.                                     
Pat Fay, has joined on 17-AUG-97.                                               
Shelley Higgins, has joined on 07-JUN-94.                                       
William Gietz, has joined on 07-JUN-94.                                         

20 rows selected.

SQL> SET LINES 200 PAGES 24
SQL> 
SQL> R
  1* SELECT FIRST_NAME || ' ' || LAST_NAME || ', has joined on ' || HIRE_DATE || '.' FROM EMPLOYEES

FIRST_NAME||''||LAST_NAME||',HASJOINEDON'||HIRE_DATE||'.'                                                                                                                                               
------------------------------------------------------------------                                                                                                                                      
Steven King, has joined on 17-JUL-87.                                                                                                                                                                   
Neena Kochhar, has joined on 21-SEP-89.                                                                                                                                                                 
Lex De Haan, has joined on 13-JAN-93.                                                                                                                                                                   
Alexander Hunold, has joined on 03-JAN-90.                                                                                                                                                              
Bruce Ernst, has joined on 21-MAY-91.                                                                                                                                                                   
Diana Lorentz, has joined on 07-FEB-99.                                                                                                                                                                 
Kevin Mourgos, has joined on 16-NOV-99.                                                                                                                                                                 
Trenna Rajs, has joined on 17-OCT-95.                                                                                                                                                                   
Curtis Davies, has joined on 29-JAN-97.                                                                                                                                                                 
Randall Matos, has joined on 15-MAR-98.                                                                                                                                                                 
Peter Vargas, has joined on 09-JUL-98.                                                                                                                                                                  
Eleni Zlotkey, has joined on 29-JAN-00.                                                                                                                                                                 
Ellen Abel, has joined on 11-MAY-96.                                                                                                                                                                    
Jonathon Taylor, has joined on 24-MAR-98.                                                                                                                                                               
Kimerely Grant, has joined on 24-MAY-99.                                                                                                                                                                
Jennifer Whalen, has joined on 17-SEP-87.                                                                                                                                                               
Michael Hartstein, has joined on 17-FEB-96.                                                                                                                                                             
Pat Fay, has joined on 17-AUG-97.                                                                                                                                                                       
Shelley Higgins, has joined on 07-JUN-94.                                                                                                                                                               
William Gietz, has joined on 07-JUN-94.                                                                                                                                                                 

20 rows selected.

SQL> REM 1 * 2 PROJECTION (DISPLAYING SOME OF THE COLUMNS) 3 ||
SQL> 
SQL> REM ARITHMETIC OPERATORS : / * + -
> 
SQL> REM / : FOR DIVISION : 30 / 6 = 5
SQL> 
SQL> REM * : FOR MULTIPLICATION : 4 * 7 = 28
SQL> 
SQL> REM + : FOR ADDITION : 5 + 8 = 13
SQL> 
SQL> REM - : FOR SUBTRACTION : 10 - 4 = 6
SQL> 
SQL> 
SQL> 
SQL> SELECT 30 / 6;
SELECT 30 / 6
            *
ERROR at line 1:
ORA-00923: FROM keyword not found where expected 


SQL> 
SQL> REM SELECT SYNTAX : SELECT what_to_display FROM table_name;
SQL> 
SQL> SELECT 30 / 6 FROM;
SELECT 30 / 6 FROM
                 *
ERROR at line 1:
ORA-00903: invalid table name 


SQL> SELECT 30 / 6 FROM EMPLOYEES;

      30/6                                                                                                                                                                                              
----------                                                                                                                                                                                              
         5                                                                                                                                                                                              
         5                                                                                                                                                                                              
         5                                                                                                                                                                                              
         5                                                                                                                                                                                              
         5                                                                                                                                                                                              
         5                                                                                                                                                                                              
         5                                                                                                                                                                                              
         5                                                                                                                                                                                              
         5                                                                                                                                                                                              
         5                                                                                                                                                                                              
         5                                                                                                                                                                                              
         5                                                                                                                                                                                              
         5                                                                                                                                                                                              
         5                                                                                                                                                                                              
         5                                                                                                                                                                                              
         5                                                                                                                                                                                              
         5                                                                                                                                                                                              
         5                                                                                                                                                                                              
         5                                                                                                                                                                                              
         5                                                                                                                                                                                              

20 rows selected.

SQL> SELECT 30 / 6 FROM DEPARTMENTS;

      30/6                                                                                                                                                                                              
----------                                                                                                                                                                                              
         5                                                                                                                                                                                              
         5                                                                                                                                                                                              
         5                                                                                                                                                                                              
         5                                                                                                                                                                                              
         5                                                                                                                                                                                              
         5                                                                                                                                                                                              
         5                                                                                                                                                                                              
         5                                                                                                                                                                                              

8 rows selected.

SQL> SELECT 30 / 6 FROM REGIONS;

      30/6                                                                                                                                                                                              
----------                                                                                                                                                                                              
         5                                                                                                                                                                                              
         5                                                                                                                                                                                              
         5                                                                                                                                                                                              
         5                                                                                                                                                                                              

SQL> SELECT 30 / 6 FROM DUAL;

      30/6                                                                                                                                                                                              
----------                                                                                                                                                                                              
         5                                                                                                                                                                                              

SQL> REM DUAL IS SYSTEM GENERATED TABLE
SQL> 
SQL> REM DUAL IS DUMMY TABLE
SQL> 
SQL> REM DUAL HAS SINGLE ROW AND SINGLE COLUMN
SQL> 
SQL> REM DUAL IS GENERALLY USED TO DISPLAY INFO. WHICH IS NOT STORED IN ANY TABLE.
SQL> 
SQL> 
SQL> 
SQL> SELECT * FROM DUAL;

D                                                                                                                                                                                                       
-                                                                                                                                                                                                       
X                                                                                                                                                                                                       

SQL> SELECT 6 * 3 FROM DUAL;

       6*3                                                                                                                                                                                              
----------                                                                                                                                                                                              
        18                                                                                                                                                                                              

SQL> SELECT 6 + 3 , 19 - 4 FROM DUAL;

       6+3       19-4                                                                                                                                                                                   
---------- ----------                                                                                                                                                                                   
         9         15                                                                                                                                                                                   

SQL> SELECT 5 + 3 * 4 FROM DUAL
  2  
SQL> REM PRECEDENCE : ORDER/SEQUENCE OF EXECUTION
SQL> 
SQL> REM PRECEDENCE OF AO , CO AND POWER FUNCTION
SQL> 
SQL> 
SQL> SELECT 4 * 4 FROM DUAL;

       4*4                                                                                                                                                                                              
----------                                                                                                                                                                                              
        16                                                                                                                                                                                              

SQL> SELECT 4 * 4 * 4 FROM DUAL;

     4*4*4                                                                                                                                                                                              
----------                                                                                                                                                                                              
        64                                                                                                                                                                                              

SQL> SELECT 4 * 4 * 4 * 4 * 4 FROM DUAL;

 4*4*4*4*4                                                                                                                                                                                              
----------                                                                                                                                                                                              
      1024                                                                                                                                                                                              

SQL> SELECT POWER(4,2) FROM DUAL;

POWER(4,2)                                                                                                                                                                                              
----------                                                                                                                                                                                              
        16                                                                                                                                                                                              

SQL> SELECT POWER(4,3) FROM DUAL;

POWER(4,3)                                                                                                                                                                                              
----------                                                                                                                                                                                              
        64                                                                                                                                                                                              

SQL> SELECT POWER(4,5) FROM DUAL;

POWER(4,5)                                                                                                                                                                                              
----------                                                                                                                                                                                              
      1024                                                                                                                                                                                              

SQL> SELECT POWER(64,1/2) FROM DUAL;

POWER(64,1/2)                                                                                                                                                                                           
-------------                                                                                                                                                                                           
            8                                                                                                                                                                                           

SQL> SELECT POWER(64,.5) FROM DUAL;

POWER(64,.5)                                                                                                                                                                                            
------------                                                                                                                                                                                            
           8                                                                                                                                                                                            

SQL> SELECT POWER(64,1/3) FROM DUAL;

POWER(64,1/3)                                                                                                                                                                                           
-------------                                                                                                                                                                                           
            4                                                                                                                                                                                           

SQL> REM PRECEDENCE : ORDER/SEQUENCE OF EXECUTION
SQL> 
SQL> REM PRECEDENCE OF AO , CO AND POWER FUNCTION
SQL> 
SQL> 
SQL> REM 1 () : BRACKETS : (   )  (   ) : LEFT TO RIGHT IN FORMULA , (   (   )   ) : NESTED BRACKETS : INNER TO OUTER IN FORMULA
SQL> 
SQL> REM 2 POWER FUNCTION ( LEFT TO RIGHT IN FORMULA , INNER TO OUTER IN FORMULA)
SQL> 
SQL> REM 3 / * : (LEFT TO RIGHT IN FORMULA)
SQL> 
SQL> REM 4 + - || : (LEFT TO RIGHT IN FORMULA)
SQL> 
SQL> 
SQL> 
SQL> SELECT 14 / (2 + 5) FROM DUAL;

  14/(2+5)                                                                                                                                                                                              
----------                                                                                                                                                                                              
         2                                                                                                                                                                                              

SQL> SELECT 14 / 2 + 5 FROM DUAL;

    14/2+5                                                                                                                                                                                              
----------                                                                                                                                                                                              
        12                                                                                                                                                                                              

SQL> 
SQL> SELECT 'SHRI' || 210 + 210 FROM DUAL;
SELECT 'SHRI' || 210 + 210 FROM DUAL
               *
ERROR at line 1:
ORA-01722: invalid number 


SQL> SELECT 'SHRI' || (210 + 210) FROM DUAL;

'SHRI'|                                                                                                                                                                                                 
-------                                                                                                                                                                                                 
SHRI420                                                                                                                                                                                                 

SQL> REM 1 || -
> 
SQL> REM 2 || *
SQL> 
SQL> REM 3 || /
SQL> 
SQL> REM NOTE : USE () ONLY IF REQUIRED.
SQL> 
SQL> 
SQL> SELECT 'SHRI' || (421 - 1) FROM DUAL;

'SHRI'|                                                                                                                                                                                                 
-------                                                                                                                                                                                                 
SHRI420                                                                                                                                                                                                 

SQL> SELECT 'SHRI' || 421 * 1 FROM DUAL;

'SHRI'|                                                                                                                                                                                                 
-------                                                                                                                                                                                                 
SHRI421                                                                                                                                                                                                 

SQL> SELECT 'SHRI' || 420 * 1 FROM DUAL;

'SHRI'|                                                                                                                                                                                                 
-------                                                                                                                                                                                                 
SHRI420                                                                                                                                                                                                 

SQL> SELECT 'SHRI' || 420 / 1 FROM DUAL;

'SHRI'|                                                                                                                                                                                                 
-------                                                                                                                                                                                                 
SHRI420                                                                                                                                                                                                 

SQL> SELECT * FROM EMPLOYEES;

EMPLOYEE_ID FIRST_NAME      LAST_NAME       EMAIL      PHONE_NUMBER         HIRE_DATE JOB_ID         SALARY COMMISSION_PCT MANAGER_ID DEPARTMENT_ID                                                     
----------- --------------- --------------- ---------- -------------------- --------- ---------- ---------- -------------- ---------- -------------                                                     
        100 Steven          King            SKING      515.123.4567         17-JUL-87 AD_PRES         24000                                      90                                                     
        101 Neena           Kochhar         NKOCHHAR   515.123.4568         21-SEP-89 AD_VP           17000                       100            90                                                     
        102 Lex             De Haan         LDEHAAN    515.123.4569         13-JAN-93 AD_VP           17000                       100            90                                                     
        103 Alexander       Hunold          AHUNOLD    590.423.4567         03-JAN-90 IT_PROG          9000                       102            60                                                     
        104 Bruce           Ernst           BERNST     590.423.4568         21-MAY-91 IT_PROG          6000                       103            60                                                     
        107 Diana           Lorentz         DLORENTZ   590.423.5567         07-FEB-99 IT_PROG          4200                       103            60                                                     
        124 Kevin           Mourgos         KMOURGOS   650.123.5234         16-NOV-99 ST_MAN           5800                       100            50                                                     
        141 Trenna          Rajs            TRAJS      650.121.8009         17-OCT-95 ST_CLERK         3500                       124            50                                                     
        142 Curtis          Davies          CDAVIES    650.121.2994         29-JAN-97 ST_CLERK         3100                       124            50                                                     
        143 Randall         Matos           RMATOS     650.121.2874         15-MAR-98 ST_CLERK         2600                       124            50                                                     
        144 Peter           Vargas                     650.121.2004         09-JUL-98 ST_CLERK         2500                       124            50                                                     
        149 Eleni           Zlotkey         EZLOTKEY   011.44.1344.429018   29-JAN-00 SA_MAN          10500             .2        100            80                                                     
        174 Ellen           Abel            EABEL      011.44.1644.429267   11-MAY-96 SA_REP          11000             .3        149            80                                                     
        176 Jonathon        Taylor          JTAYLOR    011.44.1644.429265   24-MAR-98 SA_REP           8600             .3        149            80                                                     
        178 Kimerely        Grant           KGRANT     011.44.1644.429263   24-MAY-99 SA_REP           7000            .15        149                                                                   
        200 Jennifer        Whalen          JWHALEN    515.123.4444         17-SEP-87 AD_ASST          4400                       101            10                                                     
        201 Michael         Hartstein       MHARTSTE   515.123.5555         17-FEB-96 MK_MAN          13000                       100            20                                                     
        202 Pat             Fay             PFAY       603.123.6666         17-AUG-97 MK_REP           6000                       201            20                                                     
        205 Shelley         Higgins         SHIGGINS   515.123.8080         07-JUN-94 AC_MGR          12000                       101           110                                                     
        206 William         Gietz           WGIETZ     515.123.8181         07-JUN-94 AC_ACCOUNT       8300                       205           110                                                     

20 rows selected.

SQL> REM Steven gets Rs.72000 as quarterly salary.
SQL> 
SQL> SELECT FIRST_NAME || ' gets Rs.' || SALARY * 3 || ' as quarterly salary.' FROM EMPLOYEES;

FIRST_NAME||'GETSRS.'||SALARY*3||'ASQUARTERLYSALARY.'                                                                                                                                                   
-------------------------------------------------------------------------------------                                                                                                                   
Steven gets Rs.72000 as quarterly salary.                                                                                                                                                               
Neena gets Rs.51000 as quarterly salary.                                                                                                                                                                
Lex gets Rs.51000 as quarterly salary.                                                                                                                                                                  
Alexander gets Rs.27000 as quarterly salary.                                                                                                                                                            
Bruce gets Rs.18000 as quarterly salary.                                                                                                                                                                
Diana gets Rs.12600 as quarterly salary.                                                                                                                                                                
Kevin gets Rs.17400 as quarterly salary.                                                                                                                                                                
Trenna gets Rs.10500 as quarterly salary.                                                                                                                                                               
Curtis gets Rs.9300 as quarterly salary.                                                                                                                                                                
Randall gets Rs.7800 as quarterly salary.                                                                                                                                                               
Peter gets Rs.7500 as quarterly salary.                                                                                                                                                                 
Eleni gets Rs.31500 as quarterly salary.                                                                                                                                                                
Ellen gets Rs.33000 as quarterly salary.                                                                                                                                                                
Jonathon gets Rs.25800 as quarterly salary.                                                                                                                                                             
Kimerely gets Rs.21000 as quarterly salary.                                                                                                                                                             
Jennifer gets Rs.13200 as quarterly salary.                                                                                                                                                             
Michael gets Rs.39000 as quarterly salary.                                                                                                                                                              
Pat gets Rs.18000 as quarterly salary.                                                                                                                                                                  
Shelley gets Rs.36000 as quarterly salary.                                                                                                                                                              
William gets Rs.24900 as quarterly salary.                                                                                                                                                              

20 rows selected.

SQL> REM COLUMN ALIAS : NEW HEADING FOR COLUMN
SQL> 
SQL> 
SQL> SELECT SALARY FROM EMPLOYEES;

    SALARY                                                                                                                                                                                              
----------                                                                                                                                                                                              
     24000                                                                                                                                                                                              
     17000                                                                                                                                                                                              
     17000                                                                                                                                                                                              
      9000                                                                                                                                                                                              
      6000                                                                                                                                                                                              
      4200                                                                                                                                                                                              
      5800                                                                                                                                                                                              
      3500                                                                                                                                                                                              
      3100                                                                                                                                                                                              
      2600                                                                                                                                                                                              
      2500                                                                                                                                                                                              
     10500                                                                                                                                                                                              
     11000                                                                                                                                                                                              
      8600                                                                                                                                                                                              
      7000                                                                                                                                                                                              
      4400                                                                                                                                                                                              
     13000                                                                                                                                                                                              
      6000                                                                                                                                                                                              
     12000                                                                                                                                                                                              
      8300                                                                                                                                                                                              

20 rows selected.

SQL> SELECT SALARY PAYMENT FROM EMPLOYEES;

   PAYMENT                                                                                                                                                                                              
----------                                                                                                                                                                                              
     24000                                                                                                                                                                                              
     17000                                                                                                                                                                                              
     17000                                                                                                                                                                                              
      9000                                                                                                                                                                                              
      6000                                                                                                                                                                                              
      4200                                                                                                                                                                                              
      5800                                                                                                                                                                                              
      3500                                                                                                                                                                                              
      3100                                                                                                                                                                                              
      2600                                                                                                                                                                                              
      2500                                                                                                                                                                                              
     10500                                                                                                                                                                                              
     11000                                                                                                                                                                                              
      8600                                                                                                                                                                                              
      7000                                                                                                                                                                                              
      4400                                                                                                                                                                                              
     13000                                                                                                                                                                                              
      6000                                                                                                                                                                                              
     12000                                                                                                                                                                                              
      8300                                                                                                                                                                                              

20 rows selected.

SQL> SELECT SALARY AS PAYMENT FROM EMPLOYEES;

   PAYMENT                                                                                                                                                                                              
----------                                                                                                                                                                                              
     24000                                                                                                                                                                                              
     17000                                                                                                                                                                                              
     17000                                                                                                                                                                                              
      9000                                                                                                                                                                                              
      6000                                                                                                                                                                                              
      4200                                                                                                                                                                                              
      5800                                                                                                                                                                                              
      3500                                                                                                                                                                                              
      3100                                                                                                                                                                                              
      2600                                                                                                                                                                                              
      2500                                                                                                                                                                                              
     10500                                                                                                                                                                                              
     11000                                                                                                                                                                                              
      8600                                                                                                                                                                                              
      7000                                                                                                                                                                                              
      4400                                                                                                                                                                                              
     13000                                                                                                                                                                                              
      6000                                                                                                                                                                                              
     12000                                                                                                                                                                                              
      8300                                                                                                                                                                                              

20 rows selected.

SQL> SELECT SALARY *12 FROM EMPLOYEES;

 SALARY*12                                                                                                                                                                                              
----------                                                                                                                                                                                              
    288000                                                                                                                                                                                              
    204000                                                                                                                                                                                              
    204000                                                                                                                                                                                              
    108000                                                                                                                                                                                              
     72000                                                                                                                                                                                              
     50400                                                                                                                                                                                              
     69600                                                                                                                                                                                              
     42000                                                                                                                                                                                              
     37200                                                                                                                                                                                              
     31200                                                                                                                                                                                              
     30000                                                                                                                                                                                              
    126000                                                                                                                                                                                              
    132000                                                                                                                                                                                              
    103200                                                                                                                                                                                              
     84000                                                                                                                                                                                              
     52800                                                                                                                                                                                              
    156000                                                                                                                                                                                              
     72000                                                                                                                                                                                              
    144000                                                                                                                                                                                              
     99600                                                                                                                                                                                              

20 rows selected.

SQL> SELECT salARY *12 FROM EMPLOYEES;

 SALARY*12                                                                                                                                                                                              
----------                                                                                                                                                                                              
    288000                                                                                                                                                                                              
    204000                                                                                                                                                                                              
    204000                                                                                                                                                                                              
    108000                                                                                                                                                                                              
     72000                                                                                                                                                                                              
     50400                                                                                                                                                                                              
     69600                                                                                                                                                                                              
     42000                                                                                                                                                                                              
     37200                                                                                                                                                                                              
     31200                                                                                                                                                                                              
     30000                                                                                                                                                                                              
    126000                                                                                                                                                                                              
    132000                                                                                                                                                                                              
    103200                                                                                                                                                                                              
     84000                                                                                                                                                                                              
     52800                                                                                                                                                                                              
    156000                                                                                                                                                                                              
     72000                                                                                                                                                                                              
    144000                                                                                                                                                                                              
     99600                                                                                                                                                                                              

20 rows selected.

SQL> SELECT salARY *12 YEARLYsalary FROM EMPLOYEES;

YEARLYSALARY                                                                                                                                                                                            
------------                                                                                                                                                                                            
      288000                                                                                                                                                                                            
      204000                                                                                                                                                                                            
      204000                                                                                                                                                                                            
      108000                                                                                                                                                                                            
       72000                                                                                                                                                                                            
       50400                                                                                                                                                                                            
       69600                                                                                                                                                                                            
       42000                                                                                                                                                                                            
       37200                                                                                                                                                                                            
       31200                                                                                                                                                                                            
       30000                                                                                                                                                                                            
      126000                                                                                                                                                                                            
      132000                                                                                                                                                                                            
      103200                                                                                                                                                                                            
       84000                                                                                                                                                                                            
       52800                                                                                                                                                                                            
      156000                                                                                                                                                                                            
       72000                                                                                                                                                                                            
      144000                                                                                                                                                                                            
       99600                                                                                                                                                                                            

20 rows selected.

SQL> REM TYPES OF COLUMN ALIAS : 1 CASE INSENSITIVE 2 CASE SENSITIVE
SQL> 
SQL> REM 4 SITUATIONS WHEN WE NEED TO PUT COLUMN ALIAS WITHIN DOUBLE QUOTE :
SQL> 
SQL> REM 1 IF WE WANT TO USE CASE SENSITIVE COLUMN ALIAS
SQL> 
SQL> REM 2 IF WE WANT TO USE SPECIAL CHARACTER IN COLUMN ALIAS (EXCEPT : _ # $)
SQL> 
SQL> REM 3 IF WE WANT TO USE MULTIPLE WORDS AS COLUMN ALIAS.
SQL> 
SQL> REM 4 IF WE WANT TO USE SQL/ORACLE KEY/RESERVE WORD AS COLUMN ALIAS.
SQL> 
SQL> 
SQL> 
SQL> 
SQL> REM 1 IF WE WANT TO USE CASE SENSITIVE COLUMN ALIAS
SQL> 
SQL> SELECT salARY *12 "YEARLYsalary" FROM EMPLOYEES;

YEARLYsalary                                                                                                                                                                                            
------------                                                                                                                                                                                            
      288000                                                                                                                                                                                            
      204000                                                                                                                                                                                            
      204000                                                                                                                                                                                            
      108000                                                                                                                                                                                            
       72000                                                                                                                                                                                            
       50400                                                                                                                                                                                            
       69600                                                                                                                                                                                            
       42000                                                                                                                                                                                            
       37200                                                                                                                                                                                            
       31200                                                                                                                                                                                            
       30000                                                                                                                                                                                            
      126000                                                                                                                                                                                            
      132000                                                                                                                                                                                            
      103200                                                                                                                                                                                            
       84000                                                                                                                                                                                            
       52800                                                                                                                                                                                            
      156000                                                                                                                                                                                            
       72000                                                                                                                                                                                            
      144000                                                                                                                                                                                            
       99600                                                                                                                                                                                            

20 rows selected.

SQL> REM 2 IF WE WANT TO USE SPECIAL CHARACTER IN COLUMN ALIAS (EXCEPT : _ # $)
SQL> 
SQL> SELECT salARY *12 YEARLY_salary FROM EMPLOYEES;

YEARLY_SALARY                                                                                                                                                                                           
-------------                                                                                                                                                                                           
       288000                                                                                                                                                                                           
       204000                                                                                                                                                                                           
       204000                                                                                                                                                                                           
       108000                                                                                                                                                                                           
        72000                                                                                                                                                                                           
        50400                                                                                                                                                                                           
        69600                                                                                                                                                                                           
        42000                                                                                                                                                                                           
        37200                                                                                                                                                                                           
        31200                                                                                                                                                                                           
        30000                                                                                                                                                                                           
       126000                                                                                                                                                                                           
       132000                                                                                                                                                                                           
       103200                                                                                                                                                                                           
        84000                                                                                                                                                                                           
        52800                                                                                                                                                                                           
       156000                                                                                                                                                                                           
        72000                                                                                                                                                                                           
       144000                                                                                                                                                                                           
        99600                                                                                                                                                                                           

20 rows selected.

SQL> SELECT salARY *12 YEARLY#salary FROM EMPLOYEES;

YEARLY#SALARY                                                                                                                                                                                           
-------------                                                                                                                                                                                           
       288000                                                                                                                                                                                           
       204000                                                                                                                                                                                           
       204000                                                                                                                                                                                           
       108000                                                                                                                                                                                           
        72000                                                                                                                                                                                           
        50400                                                                                                                                                                                           
        69600                                                                                                                                                                                           
        42000                                                                                                                                                                                           
        37200                                                                                                                                                                                           
        31200                                                                                                                                                                                           
        30000                                                                                                                                                                                           
       126000                                                                                                                                                                                           
       132000                                                                                                                                                                                           
       103200                                                                                                                                                                                           
        84000                                                                                                                                                                                           
        52800                                                                                                                                                                                           
       156000                                                                                                                                                                                           
        72000                                                                                                                                                                                           
       144000                                                                                                                                                                                           
        99600                                                                                                                                                                                           

20 rows selected.

SQL> SELECT salARY *12 YEARLY$salary FROM EMPLOYEES;

YEARLY$SALARY                                                                                                                                                                                           
-------------                                                                                                                                                                                           
       288000                                                                                                                                                                                           
       204000                                                                                                                                                                                           
       204000                                                                                                                                                                                           
       108000                                                                                                                                                                                           
        72000                                                                                                                                                                                           
        50400                                                                                                                                                                                           
        69600                                                                                                                                                                                           
        42000                                                                                                                                                                                           
        37200                                                                                                                                                                                           
        31200                                                                                                                                                                                           
        30000                                                                                                                                                                                           
       126000                                                                                                                                                                                           
       132000                                                                                                                                                                                           
       103200                                                                                                                                                                                           
        84000                                                                                                                                                                                           
        52800                                                                                                                                                                                           
       156000                                                                                                                                                                                           
        72000                                                                                                                                                                                           
       144000                                                                                                                                                                                           
        99600                                                                                                                                                                                           

20 rows selected.

SQL> SELECT salARY *12 YEARLY_#$salary FROM EMPLOYEES;

YEARLY_#$SALARY                                                                                                                                                                                         
---------------                                                                                                                                                                                         
         288000                                                                                                                                                                                         
         204000                                                                                                                                                                                         
         204000                                                                                                                                                                                         
         108000                                                                                                                                                                                         
          72000                                                                                                                                                                                         
          50400                                                                                                                                                                                         
          69600                                                                                                                                                                                         
          42000                                                                                                                                                                                         
          37200                                                                                                                                                                                         
          31200                                                                                                                                                                                         
          30000                                                                                                                                                                                         
         126000                                                                                                                                                                                         
         132000                                                                                                                                                                                         
         103200                                                                                                                                                                                         
          84000                                                                                                                                                                                         
          52800                                                                                                                                                                                         
         156000                                                                                                                                                                                         
          72000                                                                                                                                                                                         
         144000                                                                                                                                                                                         
          99600                                                                                                                                                                                         

20 rows selected.

SQL> SELECT salARY *12 YEARLY^salary FROM EMPLOYEES;
SELECT salARY *12 YEARLY^salary FROM EMPLOYEES
                        *
ERROR at line 1:
ORA-00923: FROM keyword not found where expected 


SQL> SELECT salARY *12 "YEARLY^salary" FROM EMPLOYEES;

YEARLY^salary                                                                                                                                                                                           
-------------                                                                                                                                                                                           
       288000                                                                                                                                                                                           
       204000                                                                                                                                                                                           
       204000                                                                                                                                                                                           
       108000                                                                                                                                                                                           
        72000                                                                                                                                                                                           
        50400                                                                                                                                                                                           
        69600                                                                                                                                                                                           
        42000                                                                                                                                                                                           
        37200                                                                                                                                                                                           
        31200                                                                                                                                                                                           
        30000                                                                                                                                                                                           
       126000                                                                                                                                                                                           
       132000                                                                                                                                                                                           
       103200                                                                                                                                                                                           
        84000                                                                                                                                                                                           
        52800                                                                                                                                                                                           
       156000                                                                                                                                                                                           
        72000                                                                                                                                                                                           
       144000                                                                                                                                                                                           
        99600                                                                                                                                                                                           

20 rows selected.

SQL> REM 3 IF WE WANT TO USE MULTIPLE WORDS AS COLUMN ALIAS.
SQL> 
SQL> SELECT salARY *12 YEARLY salary FROM EMPLOYEES;
SELECT salARY *12 YEARLY salary FROM EMPLOYEES
                         *
ERROR at line 1:
ORA-00923: FROM keyword not found where expected 


SQL> SELECT salARY *12 "YEARLY salary" FROM EMPLOYEES;

YEARLY salary                                                                                                                                                                                           
-------------                                                                                                                                                                                           
       288000                                                                                                                                                                                           
       204000                                                                                                                                                                                           
       204000                                                                                                                                                                                           
       108000                                                                                                                                                                                           
        72000                                                                                                                                                                                           
        50400                                                                                                                                                                                           
        69600                                                                                                                                                                                           
        42000                                                                                                                                                                                           
        37200                                                                                                                                                                                           
        31200                                                                                                                                                                                           
        30000                                                                                                                                                                                           
       126000                                                                                                                                                                                           
       132000                                                                                                                                                                                           
       103200                                                                                                                                                                                           
        84000                                                                                                                                                                                           
        52800                                                                                                                                                                                           
       156000                                                                                                                                                                                           
        72000                                                                                                                                                                                           
       144000                                                                                                                                                                                           
        99600                                                                                                                                                                                           

20 rows selected.

SQL> REM 4 IF WE WANT TO USE SQL/ORACLE KEY/RESERVE WORD AS COLUMN ALIAS.
SQL> 
SQL> SELECT salARY *12 SELECT FROM EMPLOYEES;
SELECT salARY *12 SELECT FROM EMPLOYEES
                  *
ERROR at line 1:
ORA-00923: FROM keyword not found where expected 


SQL> SELECT salARY *12 "SELECT" FROM EMPLOYEES;

    SELECT                                                                                                                                                                                              
----------                                                                                                                                                                                              
    288000                                                                                                                                                                                              
    204000                                                                                                                                                                                              
    204000                                                                                                                                                                                              
    108000                                                                                                                                                                                              
     72000                                                                                                                                                                                              
     50400                                                                                                                                                                                              
     69600                                                                                                                                                                                              
     42000                                                                                                                                                                                              
     37200                                                                                                                                                                                              
     31200                                                                                                                                                                                              
     30000                                                                                                                                                                                              
    126000                                                                                                                                                                                              
    132000                                                                                                                                                                                              
    103200                                                                                                                                                                                              
     84000                                                                                                                                                                                              
     52800                                                                                                                                                                                              
    156000                                                                                                                                                                                              
     72000                                                                                                                                                                                              
    144000                                                                                                                                                                                              
     99600                                                                                                                                                                                              

20 rows selected.

SQL> SELECT salARY *12 SELECTfrom FROM EMPLOYEES;

SELECTFROM                                                                                                                                                                                              
----------                                                                                                                                                                                              
    288000                                                                                                                                                                                              
    204000                                                                                                                                                                                              
    204000                                                                                                                                                                                              
    108000                                                                                                                                                                                              
     72000                                                                                                                                                                                              
     50400                                                                                                                                                                                              
     69600                                                                                                                                                                                              
     42000                                                                                                                                                                                              
     37200                                                                                                                                                                                              
     31200                                                                                                                                                                                              
     30000                                                                                                                                                                                              
    126000                                                                                                                                                                                              
    132000                                                                                                                                                                                              
    103200                                                                                                                                                                                              
     84000                                                                                                                                                                                              
     52800                                                                                                                                                                                              
    156000                                                                                                                                                                                              
     72000                                                                                                                                                                                              
    144000                                                                                                                                                                                              
     99600                                                                                                                                                                                              

20 rows selected.

SQL> SELECT salARY *12 "SELECTfrom" FROM EMPLOYEES;

SELECTfrom                                                                                                                                                                                              
----------                                                                                                                                                                                              
    288000                                                                                                                                                                                              
    204000                                                                                                                                                                                              
    204000                                                                                                                                                                                              
    108000                                                                                                                                                                                              
     72000                                                                                                                                                                                              
     50400                                                                                                                                                                                              
     69600                                                                                                                                                                                              
     42000                                                                                                                                                                                              
     37200                                                                                                                                                                                              
     31200                                                                                                                                                                                              
     30000                                                                                                                                                                                              
    126000                                                                                                                                                                                              
    132000                                                                                                                                                                                              
    103200                                                                                                                                                                                              
     84000                                                                                                                                                                                              
     52800                                                                                                                                                                                              
    156000                                                                                                                                                                                              
     72000                                                                                                                                                                                              
    144000                                                                                                                                                                                              
     99600                                                                                                                                                                                              

20 rows selected.

SQL> /*
SQL> Employee Info.
SQL> --------------
SQL> King has joined on 17-JUL-87.
SQL> 
SQL> */
SQL> 
SQL> SELECT * FROM EMPLOYEES;

EMPLOYEE_ID FIRST_NAME      LAST_NAME       EMAIL      PHONE_NUMBER         HIRE_DATE JOB_ID         SALARY COMMISSION_PCT MANAGER_ID DEPARTMENT_ID                                                     
----------- --------------- --------------- ---------- -------------------- --------- ---------- ---------- -------------- ---------- -------------                                                     
        100 Steven          King            SKING      515.123.4567         17-JUL-87 AD_PRES         24000                                      90                                                     
        101 Neena           Kochhar         NKOCHHAR   515.123.4568         21-SEP-89 AD_VP           17000                       100            90                                                     
        102 Lex             De Haan         LDEHAAN    515.123.4569         13-JAN-93 AD_VP           17000                       100            90                                                     
        103 Alexander       Hunold          AHUNOLD    590.423.4567         03-JAN-90 IT_PROG          9000                       102            60                                                     
        104 Bruce           Ernst           BERNST     590.423.4568         21-MAY-91 IT_PROG          6000                       103            60                                                     
        107 Diana           Lorentz         DLORENTZ   590.423.5567         07-FEB-99 IT_PROG          4200                       103            60                                                     
        124 Kevin           Mourgos         KMOURGOS   650.123.5234         16-NOV-99 ST_MAN           5800                       100            50                                                     
        141 Trenna          Rajs            TRAJS      650.121.8009         17-OCT-95 ST_CLERK         3500                       124            50                                                     
        142 Curtis          Davies          CDAVIES    650.121.2994         29-JAN-97 ST_CLERK         3100                       124            50                                                     
        143 Randall         Matos           RMATOS     650.121.2874         15-MAR-98 ST_CLERK         2600                       124            50                                                     
        144 Peter           Vargas                     650.121.2004         09-JUL-98 ST_CLERK         2500                       124            50                                                     
        149 Eleni           Zlotkey         EZLOTKEY   011.44.1344.429018   29-JAN-00 SA_MAN          10500             .2        100            80                                                     
        174 Ellen           Abel            EABEL      011.44.1644.429267   11-MAY-96 SA_REP          11000             .3        149            80                                                     
        176 Jonathon        Taylor          JTAYLOR    011.44.1644.429265   24-MAR-98 SA_REP           8600             .3        149            80                                                     
        178 Kimerely        Grant           KGRANT     011.44.1644.429263   24-MAY-99 SA_REP           7000            .15        149                                                                   
        200 Jennifer        Whalen          JWHALEN    515.123.4444         17-SEP-87 AD_ASST          4400                       101            10                                                     
        201 Michael         Hartstein       MHARTSTE   515.123.5555         17-FEB-96 MK_MAN          13000                       100            20                                                     
        202 Pat             Fay             PFAY       603.123.6666         17-AUG-97 MK_REP           6000                       201            20                                                     
        205 Shelley         Higgins         SHIGGINS   515.123.8080         07-JUN-94 AC_MGR          12000                       101           110                                                     
        206 William         Gietz           WGIETZ     515.123.8181         07-JUN-94 AC_ACCOUNT       8300                       205           110                                                     

20 rows selected.

SQL> SELECT LAST_NAME || ' has joined on ' || HIRE_DATE || '.' "Employee Info." FROM EMPLOYEES;

Employee Info.                                                                                                                                                                                          
-------------------------------------------------                                                                                                                                                       
King has joined on 17-JUL-87.                                                                                                                                                                           
Kochhar has joined on 21-SEP-89.                                                                                                                                                                        
De Haan has joined on 13-JAN-93.                                                                                                                                                                        
Hunold has joined on 03-JAN-90.                                                                                                                                                                         
Ernst has joined on 21-MAY-91.                                                                                                                                                                          
Lorentz has joined on 07-FEB-99.                                                                                                                                                                        
Mourgos has joined on 16-NOV-99.                                                                                                                                                                        
Rajs has joined on 17-OCT-95.                                                                                                                                                                           
Davies has joined on 29-JAN-97.                                                                                                                                                                         
Matos has joined on 15-MAR-98.                                                                                                                                                                          
Vargas has joined on 09-JUL-98.                                                                                                                                                                         
Zlotkey has joined on 29-JAN-00.                                                                                                                                                                        
Abel has joined on 11-MAY-96.                                                                                                                                                                           
Taylor has joined on 24-MAR-98.                                                                                                                                                                         
Grant has joined on 24-MAY-99.                                                                                                                                                                          
Whalen has joined on 17-SEP-87.                                                                                                                                                                         
Hartstein has joined on 17-FEB-96.                                                                                                                                                                      
Fay has joined on 17-AUG-97.                                                                                                                                                                            
Higgins has joined on 07-JUN-94.                                                                                                                                                                        
Gietz has joined on 07-JUN-94.                                                                                                                                                                          

20 rows selected.

SQL> SELECT LAST_NAME || " has joined on " || HIRE_DATE || '.' "Employee Info." FROM EMPLOYEES;
SELECT LAST_NAME || " has joined on " || HIRE_DATE || '.' "Employee Info." FROM EMPLOYEES
                    *
ERROR at line 1:
ORA-00904: " has joined on ": invalid identifier 


SQL> SELECT LAST_NAME || ' has joined on ' || HIRE_DATE || '.' 'Employee Info.' FROM EMPLOYEES;
SELECT LAST_NAME || ' has joined on ' || HIRE_DATE || '.' 'Employee Info.' FROM EMPLOYEES
                                                          *
ERROR at line 1:
ORA-00923: FROM keyword not found where expected 


SQL> SPOOL OFF
