SQL> 
SQL> CL SCR
SP2-1530: Command did not succeed
SQL> 
SQL> REM TYPES OF FUNCTIONS :  1 SINGLE ROW 2 MULTI ROW
SQL> 
SQL> REM SINGLE ROW/SCALAR FUNCTION : CHAPTER 3 AND 4 : CHARACTER NUMBER DATE CONVERSION AND GENERAL
SQL> 
SQL> REM SUMMARY/GROUP/AGGREGATE/MULTI ROW FUNCTIONS :
SQL> 
SQL> REM LIST OF SUMMARY FUNCTIONS : MIN MAX COUNT    SUM AVG
SQL> 
SQL> REM ALL SUMMARY FUNCTION SUPPORTS NUMBER TYPE INPUTS.
SQL> 
SQL> REM SUM AND AVG DO NOT SUPPORT NON-NUMERIC INPUT.
SQL> 
SQL> 
SQL> REM MIN : IT RETURNS MINIMUM/LOWEST VALUE OF THE INPUT LIST.
SQL> 
SQL> REM MAX : IT RETURNS MAXIMUM/HIGHEST VALUE OF THE INPUT LIST.
SQL> 
SQL> REM COUNT : IT RETURNS NUMBER/COUNT OF VALUES IN THE INPUT LIST.
SQL> 
SQL> REM SUM : IT RETURNS SUM/TITAL OF VALUES IN THE INPUT LIST.
SQL> 
SQL> REM AVG : IT RETURNS AVERAGE OF VALUES IN THE INPUT LIST.
SQL> 
SQL> 
SQL> 
SQL> REM SINGLE ROW FUNCTION : IT READS SINGLE ROW AT AT TIME AND RETURNS SINGLE VALUE FOR EACH ROW.
SQL> 
SQL> REM SINGLE ROW FUNCTION : NUMBER OF OUTPUT ROWS ARE ALWAYS EQUIVALENT TO NUMBER OF INPUT ROWS.
SQL> 
SQL> 
SQL> SELECT EMAIL , LOWER(EMAIL) FROM EMPLOYEES
  2  
SQL> 
SQL> SET LINES 200 PAGES 24
SQL> 
SQL> SELECT EMAIL , LOWER(EMAIL) FROM EMPLOYEES;

EMAIL      LOWER(EMAI                                                                                                                                                                                   
---------- ----------                                                                                                                                                                                   
SKING      sking                                                                                                                                                                                        
NKOCHHAR   nkochhar                                                                                                                                                                                     
LDEHAAN    ldehaan                                                                                                                                                                                      
AHUNOLD    ahunold                                                                                                                                                                                      
BERNST     bernst                                                                                                                                                                                       
DLORENTZ   dlorentz                                                                                                                                                                                     
KMOURGOS   kmourgos                                                                                                                                                                                     
TRAJS      trajs                                                                                                                                                                                        
CDAVIES    cdavies                                                                                                                                                                                      
RMATOS     rmatos                                                                                                                                                                                       
                                                                                                                                                                                                        
EZLOTKEY   ezlotkey                                                                                                                                                                                     
EABEL      eabel                                                                                                                                                                                        
JTAYLOR    jtaylor                                                                                                                                                                                      
KGRANT     kgrant                                                                                                                                                                                       
JWHALEN    jwhalen                                                                                                                                                                                      
MHARTSTE   mhartste                                                                                                                                                                                     
PFAY       pfay                                                                                                                                                                                         
SHIGGINS   shiggins                                                                                                                                                                                     
WGIETZ     wgietz                                                                                                                                                                                       

20 rows selected.

SQL> SELECT EMAIL , LOWER(EMAIL) FROM EMPLOYEES WHERE SALARY > 10000;

EMAIL      LOWER(EMAI                                                                                                                                                                                   
---------- ----------                                                                                                                                                                                   
SKING      sking                                                                                                                                                                                        
NKOCHHAR   nkochhar                                                                                                                                                                                     
LDEHAAN    ldehaan                                                                                                                                                                                      
EZLOTKEY   ezlotkey                                                                                                                                                                                     
EABEL      eabel                                                                                                                                                                                        
MHARTSTE   mhartste                                                                                                                                                                                     
SHIGGINS   shiggins                                                                                                                                                                                     

7 rows selected.

SQL> REM MULTI ROW FUNCTION : IT READS MULTIPLE ROWS AND MAY RETURN SINGLE OR MULTIPLE ROWS.
SQL> 
SQL> REM SELECT SYNTAX : SELECT ... FROM ... WHERE ... GROUP BY ... | HAVING ... ORDER BY ... OFFSET ... FETCH ...;
SQL> 
SQL> 
SQL> REM IF WE OMIT 'GROUP BY' CLAUSE, SUMMARY FUNCTION WILL RETURN SINGLE ROW.
SQL> 
SQL> SELECT SALARY FROM EMPLOYEES ORDER BY 1;

    SALARY                                                                                                                                                                                              
----------                                                                                                                                                                                              
      2500                                                                                                                                                                                              
      2600                                                                                                                                                                                              
      3100                                                                                                                                                                                              
      3500                                                                                                                                                                                              
      4200                                                                                                                                                                                              
      4400                                                                                                                                                                                              
      5800                                                                                                                                                                                              
      6000                                                                                                                                                                                              
      6000                                                                                                                                                                                              
      7000                                                                                                                                                                                              
      8300                                                                                                                                                                                              
      8600                                                                                                                                                                                              
      9000                                                                                                                                                                                              
     10500                                                                                                                                                                                              
     11000                                                                                                                                                                                              
     12000                                                                                                                                                                                              
     13000                                                                                                                                                                                              
     17000                                                                                                                                                                                              
     17000                                                                                                                                                                                              
     24000                                                                                                                                                                                              

20 rows selected.

SQL> SELECT MIN(SALARY) FROM EMPLOYEES;

MIN(SALARY)                                                                                                                                                                                             
-----------                                                                                                                                                                                             
       2500                                                                                                                                                                                             

SQL> REM IF WE USE 'GROUP BY' CLAUSE, SUMMARY FUNCTION WILL RETURN MULTIPLE ROWS.
SQL> 
SQL> SELECT DEPARTMENT_ID , SALARY FROM EMPLOYEES ORDER BY 1,2;

DEPARTMENT_ID     SALARY                                                                                                                                                                                
------------- ----------                                                                                                                                                                                
           10       4400                                                                                                                                                                                
           20       6000                                                                                                                                                                                
           20      13000                                                                                                                                                                                
           50       2500                                                                                                                                                                                
           50       2600                                                                                                                                                                                
           50       3100                                                                                                                                                                                
           50       3500                                                                                                                                                                                
           50       5800                                                                                                                                                                                
           60       4200                                                                                                                                                                                
           60       6000                                                                                                                                                                                
           60       9000                                                                                                                                                                                
           80       8600                                                                                                                                                                                
           80      10500                                                                                                                                                                                
           80      11000                                                                                                                                                                                
           90      17000                                                                                                                                                                                
           90      17000                                                                                                                                                                                
           90      24000                                                                                                                                                                                
          110       8300                                                                                                                                                                                
          110      12000                                                                                                                                                                                
                    7000                                                                                                                                                                                

20 rows selected.

SQL> SELECT DEPARTMENT_ID , MAX(SALARY) FROM EMPLOYEES GROUP BY DEPARTMENT_ID;

DEPARTMENT_ID MAX(SALARY)                                                                                                                                                                               
------------- -----------                                                                                                                                                                               
                     7000                                                                                                                                                                               
           90       24000                                                                                                                                                                               
           20       13000                                                                                                                                                                               
          110       12000                                                                                                                                                                               
           50        5800                                                                                                                                                                               
           80       11000                                                                                                                                                                               
           60        9000                                                                                                                                                                               
           10        4400                                                                                                                                                                               

8 rows selected.

SQL> SELECT DEPARTMENT_ID , SALARY FROM EMPLOYEES ORDER BY 1,2;

DEPARTMENT_ID     SALARY                                                                                                                                                                                
------------- ----------                                                                                                                                                                                
           10       4400                                                                                                                                                                                
           20       6000                                                                                                                                                                                
           20      13000                                                                                                                                                                                
           50       2500                                                                                                                                                                                
           50       2600                                                                                                                                                                                
           50       3100                                                                                                                                                                                
           50       3500                                                                                                                                                                                
           50       5800                                                                                                                                                                                
           60       4200                                                                                                                                                                                
           60       6000                                                                                                                                                                                
           60       9000                                                                                                                                                                                
           80       8600                                                                                                                                                                                
           80      10500                                                                                                                                                                                
           80      11000                                                                                                                                                                                
           90      17000                                                                                                                                                                                
           90      17000                                                                                                                                                                                
           90      24000                                                                                                                                                                                
          110       8300                                                                                                                                                                                
          110      12000                                                                                                                                                                                
                    7000                                                                                                                                                                                

20 rows selected.

SQL> SELECT DEPARTMENT_ID , MAX(SALARY) FROM EMPLOYEES GROUP BY DEPARTMENT_ID ORDER BY 1;

DEPARTMENT_ID MAX(SALARY)                                                                                                                                                                               
------------- -----------                                                                                                                                                                               
           10        4400                                                                                                                                                                               
           20       13000                                                                                                                                                                               
           50        5800                                                                                                                                                                               
           60        9000                                                                                                                                                                               
           80       11000                                                                                                                                                                               
           90       24000                                                                                                                                                                               
          110       12000                                                                                                                                                                               
                     7000                                                                                                                                                                               

8 rows selected.

SQL> SELECT SALARY FROM EMPLOYEES;

    SALARY                                                                                                                                                                                              
----------                                                                                                                                                                                              
     24000                                                                                                                                                                                              
     17000                                                                                                                                                                                              
     17000                                                                                                                                                                                              
      9000                                                                                                                                                                                              
      6000                                                                                                                                                                                              
      4200                                                                                                                                                                                              
      5800                                                                                                                                                                                              
      3500                                                                                                                                                                                              
      3100                                                                                                                                                                                              
      2600                                                                                                                                                                                              
      2500                                                                                                                                                                                              
     10500                                                                                                                                                                                              
     11000                                                                                                                                                                                              
      8600                                                                                                                                                                                              
      7000                                                                                                                                                                                              
      4400                                                                                                                                                                                              
     13000                                                                                                                                                                                              
      6000                                                                                                                                                                                              
     12000                                                                                                                                                                                              
      8300                                                                                                                                                                                              

20 rows selected.

SQL> SELECT MIN(SALARY) , MAX(SALARY) , COUNT(SALARY) FROM EMPLOYEES;

MIN(SALARY) MAX(SALARY) COUNT(SALARY)                                                                                                                                                                   
----------- ----------- -------------                                                                                                                                                                   
       2500       24000            20                                                                                                                                                                   

SQL> SELECT SUM(SALARY) , AVG(SALARY) , SUM(SALARY)/COUNT(SALARY) FROM EMPLOYEES;

SUM(SALARY) AVG(SALARY) SUM(SALARY)/COUNT(SALARY)                                                                                                                                                       
----------- ----------- -------------------------                                                                                                                                                       
     175500        8775                      8775                                                                                                                                                       

SQL> REM ALL SUMMARY FUNCTIONS IGNORE NULL VALUES.
SQL> 
SQL> SELECT COMMISSION_PCT FROM EMPLOYEES;

COMMISSION_PCT                                                                                                                                                                                          
--------------                                                                                                                                                                                          
                                                                                                                                                                                                        
                                                                                                                                                                                                        
                                                                                                                                                                                                        
                                                                                                                                                                                                        
                                                                                                                                                                                                        
                                                                                                                                                                                                        
                                                                                                                                                                                                        
                                                                                                                                                                                                        
                                                                                                                                                                                                        
                                                                                                                                                                                                        
                                                                                                                                                                                                        
            .2                                                                                                                                                                                          
            .3                                                                                                                                                                                          
            .3                                                                                                                                                                                          
           .15                                                                                                                                                                                          
                                                                                                                                                                                                        
                                                                                                                                                                                                        
                                                                                                                                                                                                        
                                                                                                                                                                                                        
                                                                                                                                                                                                        

20 rows selected.

SQL> SELECT COUNT(COMMISSION_PCT) FROM EMPLOYEES;

COUNT(COMMISSION_PCT)                                                                                                                                                                                   
---------------------                                                                                                                                                                                   
                    4                                                                                                                                                                                   

SQL> SELECT COUNT(DISTINCT COMMISSION_PCT) FROM EMPLOYEES;

COUNT(DISTINCTCOMMISSION_PCT)                                                                                                                                                                           
-----------------------------                                                                                                                                                                           
                            3                                                                                                                                                                           

SQL> SELECT COUNT(*) FROM EMPLOYEES;

  COUNT(*)                                                                                                                                                                                              
----------                                                                                                                                                                                              
        20                                                                                                                                                                                              

SQL> SELECT COUNT(1) FROM EMPLOYEES;

  COUNT(1)                                                                                                                                                                                              
----------                                                                                                                                                                                              
        20                                                                                                                                                                                              

SQL> SELECT COUNT('OM') FROM EMPLOYEES;

COUNT('OM')                                                                                                                                                                                             
-----------                                                                                                                                                                                             
         20                                                                                                                                                                                             

SQL> SELECT COUNT(SYSDATE) FROM EMPLOYEES;

COUNT(SYSDATE)                                                                                                                                                                                          
--------------                                                                                                                                                                                          
            20                                                                                                                                                                                          

SQL> SELECT * FRMO EMPLOYEES;
SELECT * FRMO EMPLOYEES
         *
ERROR at line 1:
ORA-00923: FROM keyword not found where expected 


SQL> SELECT * FROM EMPLOYEES;

EMPLOYEE_ID FIRST_NAME      LAST_NAME       EMAIL      PHONE_NUMBER         HIRE_DATE JOB_ID         SALARY COMMISSION_PCT MANAGER_ID DEPARTMENT_ID                                                     
----------- --------------- --------------- ---------- -------------------- --------- ---------- ---------- -------------- ---------- -------------                                                     
        100 Steven          King            SKING      515.123.4567         17-JUL-87 AD_PRES         24000                                      90                                                     
        101 Neena           Kochhar         NKOCHHAR   515.123.4568         21-SEP-89 AD_VP           17000                       100            90                                                     
        102 Lex             De Haan         LDEHAAN    515.123.4569         13-JAN-93 AD_VP           17000                       100            90                                                     
        103 Alexander       Hunold          AHUNOLD    590.423.4567         03-JAN-90 IT_PROG          9000                       102            60                                                     
        104 Bruce           Ernst           BERNST     590.423.4568         21-MAY-91 IT_PROG          6000                       103            60                                                     
        107 Diana           Lorentz         DLORENTZ   590.423.5567         07-FEB-99 IT_PROG          4200                       103            60                                                     
        124 Kevin           Mourgos         KMOURGOS   650.123.5234         16-NOV-99 ST_MAN           5800                       100            50                                                     
        141 Trenna          Rajs            TRAJS      650.121.8009         17-OCT-95 ST_CLERK         3500                       124            50                                                     
        142 Curtis          Davies          CDAVIES    650.121.2994         29-JAN-97 ST_CLERK         3100                       124            50                                                     
        143 Randall         Matos           RMATOS     650.121.2874         15-MAR-98 ST_CLERK         2600                       124            50                                                     
        144 Peter           Vargas                     650.121.2004         09-JUL-98 ST_CLERK         2500                       124            50                                                     
        149 Eleni           Zlotkey         EZLOTKEY   011.44.1344.429018   29-JAN-00 SA_MAN          10500             .2        100            80                                                     
        174 Ellen           Abel            EABEL      011.44.1644.429267   11-MAY-96 SA_REP          11000             .3        149            80                                                     
        176 Jonathon        Taylor          JTAYLOR    011.44.1644.429265   24-MAR-98 SA_REP           8600             .3        149            80                                                     
        178 Kimerely        Grant           KGRANT     011.44.1644.429263   24-MAY-99 SA_REP           7000            .15        149                                                                   
        200 Jennifer        Whalen          JWHALEN    515.123.4444         17-SEP-87 AD_ASST          4400                       101            10                                                     
        201 Michael         Hartstein       MHARTSTE   515.123.5555         17-FEB-96 MK_MAN          13000                       100            20                                                     
        202 Pat             Fay             PFAY       603.123.6666         17-AUG-97 MK_REP           6000                       201            20                                                     
        205 Shelley         Higgins         SHIGGINS   515.123.8080         07-JUN-94 AC_MGR          12000                       101           110                                                     
        206 William         Gietz           WGIETZ     515.123.8181         07-JUN-94 AC_ACCOUNT       8300                       205           110                                                     

20 rows selected.

SQL> SELECT COUNT(MANAGER_ID) , COUNT(DISTINCT MANAGER_ID) , COUNT(UNIQUE MANAGER_ID) , COUNT(*) FROM EMPLOYEES;

COUNT(MANAGER_ID) COUNT(DISTINCTMANAGER_ID) COUNT(UNIQUEMANAGER_ID)   COUNT(*)                                                                                                                          
----------------- ------------------------- ----------------------- ----------                                                                                                                          
               19                         8                       8         20                                                                                                                          

SQL> SELECT SALARY FROM EMPLOYEES ORDER BY 1;

    SALARY                                                                                                                                                                                              
----------                                                                                                                                                                                              
      2500                                                                                                                                                                                              
      2600                                                                                                                                                                                              
      3100                                                                                                                                                                                              
      3500                                                                                                                                                                                              
      4200                                                                                                                                                                                              
      4400                                                                                                                                                                                              
      5800                                                                                                                                                                                              
      6000                                                                                                                                                                                              
      6000                                                                                                                                                                                              
      7000                                                                                                                                                                                              
      8300                                                                                                                                                                                              
      8600                                                                                                                                                                                              
      9000                                                                                                                                                                                              
     10500                                                                                                                                                                                              
     11000                                                                                                                                                                                              
     12000                                                                                                                                                                                              
     13000                                                                                                                                                                                              
     17000                                                                                                                                                                                              
     17000                                                                                                                                                                                              
     24000                                                                                                                                                                                              

20 rows selected.

SQL> SELECT SUM(SALARY) - SUM(DISTINCT SALARY) FROM EMPLOYEES;

SUM(SALARY)-SUM(DISTINCTSALARY)                                                                                                                                                                         
-------------------------------                                                                                                                                                                         
                          23000                                                                                                                                                                         

SQL> REM CHARACTER TYPE INPUTS
SQL> 
SQL> SELECT FIRST_NAME FROM EMPLOYEES;RE
  2  
SQL> 
SQL> SELECT FIRST_NAME FROM EMPLOYEES;

FIRST_NAME                                                                                                                                                                                              
---------------                                                                                                                                                                                         
Steven                                                                                                                                                                                                  
Neena                                                                                                                                                                                                   
Lex                                                                                                                                                                                                     
Alexander                                                                                                                                                                                               
Bruce                                                                                                                                                                                                   
Diana                                                                                                                                                                                                   
Kevin                                                                                                                                                                                                   
Trenna                                                                                                                                                                                                  
Curtis                                                                                                                                                                                                  
Randall                                                                                                                                                                                                 
Peter                                                                                                                                                                                                   
Eleni                                                                                                                                                                                                   
Ellen                                                                                                                                                                                                   
Jonathon                                                                                                                                                                                                
Kimerely                                                                                                                                                                                                
Jennifer                                                                                                                                                                                                
Michael                                                                                                                                                                                                 
Pat                                                                                                                                                                                                     
Shelley                                                                                                                                                                                                 
William                                                                                                                                                                                                 

20 rows selected.

SQL> SELECT MIN(FIRST_NAME) , MAX(FIRST_NAME) , COUNT(FIRST_NAME) , COUNT(DISTINCT FIRST_NAME) , COUNT(*) FROM EMPLOYEES;

MIN(FIRST_NAME) MAX(FIRST_NAME) COUNT(FIRST_NAME) COUNT(DISTINCTFIRST_NAME)   COUNT(*)                                                                                                                  
--------------- --------------- ----------------- ------------------------- ----------                                                                                                                  
Alexander       William                        20                        20         20                                                                                                                  

SQL> SELECT COUNT(DISTINCT *) FROM EMPLOYEES;
SELECT COUNT(DISTINCT *) FROM EMPLOYEES
                      *
ERROR at line 1:
ORA-00936: missing expression 


SQL> SELECT SUM(FIRST_NAME) FROM EMPLOYEES;
SELECT SUM(FIRST_NAME) FROM EMPLOYEES
           *
ERROR at line 1:
ORA-01722: invalid number 


SQL> SELECT AVG(FIRST_NAME) FROM EMPLOYEES;
SELECT AVG(FIRST_NAME) FROM EMPLOYEES
           *
ERROR at line 1:
ORA-01722: invalid number 


SQL> SELECT HIRE_DATE FROM EMPLOYEES;

HIRE_DATE                                                                                                                                                                                               
---------                                                                                                                                                                                               
17-JUL-87                                                                                                                                                                                               
21-SEP-89                                                                                                                                                                                               
13-JAN-93                                                                                                                                                                                               
03-JAN-90                                                                                                                                                                                               
21-MAY-91                                                                                                                                                                                               
07-FEB-99                                                                                                                                                                                               
16-NOV-99                                                                                                                                                                                               
17-OCT-95                                                                                                                                                                                               
29-JAN-97                                                                                                                                                                                               
15-MAR-98                                                                                                                                                                                               
09-JUL-98                                                                                                                                                                                               
29-JAN-00                                                                                                                                                                                               
11-MAY-96                                                                                                                                                                                               
24-MAR-98                                                                                                                                                                                               
24-MAY-99                                                                                                                                                                                               
17-SEP-87                                                                                                                                                                                               
17-FEB-96                                                                                                                                                                                               
17-AUG-97                                                                                                                                                                                               
07-JUN-94                                                                                                                                                                                               
07-JUN-94                                                                                                                                                                                               

20 rows selected.

SQL> SELECT HIRE_DATE FROM EMPLOYEES ORDER BY 1 DESC;

HIRE_DATE                                                                                                                                                                                               
---------                                                                                                                                                                                               
29-JAN-00                                                                                                                                                                                               
16-NOV-99                                                                                                                                                                                               
24-MAY-99                                                                                                                                                                                               
07-FEB-99                                                                                                                                                                                               
09-JUL-98                                                                                                                                                                                               
24-MAR-98                                                                                                                                                                                               
15-MAR-98                                                                                                                                                                                               
17-AUG-97                                                                                                                                                                                               
29-JAN-97                                                                                                                                                                                               
11-MAY-96                                                                                                                                                                                               
17-FEB-96                                                                                                                                                                                               
17-OCT-95                                                                                                                                                                                               
07-JUN-94                                                                                                                                                                                               
07-JUN-94                                                                                                                                                                                               
13-JAN-93                                                                                                                                                                                               
21-MAY-91                                                                                                                                                                                               
03-JAN-90                                                                                                                                                                                               
21-SEP-89                                                                                                                                                                                               
17-SEP-87                                                                                                                                                                                               
17-JUL-87                                                                                                                                                                                               

20 rows selected.

SQL> SELECT MIN(HIRE_DATE) , MAX(HIRE_DATE) , COUNT(HIRE_DATE) , COUNT(UNIQUE HIRE_DATE) , COUNT(*) FROM EMPLOYEES;

MIN(HIRE_ MAX(HIRE_ COUNT(HIRE_DATE) COUNT(UNIQUEHIRE_DATE)   COUNT(*)                                                                                                                                  
--------- --------- ---------------- ---------------------- ----------                                                                                                                                  
17-JUL-87 29-JAN-00               20                     19         20                                                                                                                                  

SQL> SELECT SUM(HIRE_DATE) , COUNT(HIRE_DATE) , SUM(HIRE_DATE)/COUNT(HIRE_DATE) FROM EMPLOYEES;
SELECT SUM(HIRE_DATE) , COUNT(HIRE_DATE) , SUM(HIRE_DATE)/COUNT(HIRE_DATE) FROM EMPLOYEES
                                               *
ERROR at line 1:
ORA-00932: inconsistent datatypes: expected NUMBER got DATE 


SQL> SELECT * FROM EMPLOYEES;

EMPLOYEE_ID FIRST_NAME      LAST_NAME       EMAIL      PHONE_NUMBER         HIRE_DATE JOB_ID         SALARY COMMISSION_PCT MANAGER_ID DEPARTMENT_ID                                                     
----------- --------------- --------------- ---------- -------------------- --------- ---------- ---------- -------------- ---------- -------------                                                     
        100 Steven          King            SKING      515.123.4567         17-JUL-87 AD_PRES         24000                                      90                                                     
        101 Neena           Kochhar         NKOCHHAR   515.123.4568         21-SEP-89 AD_VP           17000                       100            90                                                     
        102 Lex             De Haan         LDEHAAN    515.123.4569         13-JAN-93 AD_VP           17000                       100            90                                                     
        103 Alexander       Hunold          AHUNOLD    590.423.4567         03-JAN-90 IT_PROG          9000                       102            60                                                     
        104 Bruce           Ernst           BERNST     590.423.4568         21-MAY-91 IT_PROG          6000                       103            60                                                     
        107 Diana           Lorentz         DLORENTZ   590.423.5567         07-FEB-99 IT_PROG          4200                       103            60                                                     
        124 Kevin           Mourgos         KMOURGOS   650.123.5234         16-NOV-99 ST_MAN           5800                       100            50                                                     
        141 Trenna          Rajs            TRAJS      650.121.8009         17-OCT-95 ST_CLERK         3500                       124            50                                                     
        142 Curtis          Davies          CDAVIES    650.121.2994         29-JAN-97 ST_CLERK         3100                       124            50                                                     
        143 Randall         Matos           RMATOS     650.121.2874         15-MAR-98 ST_CLERK         2600                       124            50                                                     
        144 Peter           Vargas                     650.121.2004         09-JUL-98 ST_CLERK         2500                       124            50                                                     
        149 Eleni           Zlotkey         EZLOTKEY   011.44.1344.429018   29-JAN-00 SA_MAN          10500             .2        100            80                                                     
        174 Ellen           Abel            EABEL      011.44.1644.429267   11-MAY-96 SA_REP          11000             .3        149            80                                                     
        176 Jonathon        Taylor          JTAYLOR    011.44.1644.429265   24-MAR-98 SA_REP           8600             .3        149            80                                                     
        178 Kimerely        Grant           KGRANT     011.44.1644.429263   24-MAY-99 SA_REP           7000            .15        149                                                                   
        200 Jennifer        Whalen          JWHALEN    515.123.4444         17-SEP-87 AD_ASST          4400                       101            10                                                     
        201 Michael         Hartstein       MHARTSTE   515.123.5555         17-FEB-96 MK_MAN          13000                       100            20                                                     
        202 Pat             Fay             PFAY       603.123.6666         17-AUG-97 MK_REP           6000                       201            20                                                     
        205 Shelley         Higgins         SHIGGINS   515.123.8080         07-JUN-94 AC_MGR          12000                       101           110                                                     
        206 William         Gietz           WGIETZ     515.123.8181         07-JUN-94 AC_ACCOUNT       8300                       205           110                                                     

20 rows selected.

SQL> REM 1 DISPLAY TOTAL SALARY AMOUNT PAID BY COMPANY
SQL> 
SQL> REM 2 DISPLAY HIRE_DATE ON WHICH FIRST EMPLOYEES WAS HIRED
SQL> 
SQL> REM 3 DISPLAY LOWEST AND HIGHEST COMMISSION_PCT
SQL> 
SQL> REM 4 DISPLAY AVERAGE COMMISSION A M O U N T  PAID BY COMPANY
SQL> 
SQL> REM 5 IF WE STORE ABOVE LAST_NAME IN OUR CONTACT LIST. WHICH LAST_NAME WILL BE DISPLAY LAST.
SQL> 
SQL> 
SQL> 
SQL> REM 1 DISPLAY TOTAL SALARY AMOUNT PAID BY COMPANY
SQL> 
SQL> SELECT SUM(SALARY) FRMO EMPLOYEES;
SELECT SUM(SALARY) FRMO EMPLOYEES
                        *
ERROR at line 1:
ORA-00923: FROM keyword not found where expected 


SQL> SELECT SUM(SALARY) FROM EMPLOYEES;

SUM(SALARY)                                                                                                                                                                                             
-----------                                                                                                                                                                                             
     175500                                                                                                                                                                                             

SQL> REM 2 DISPLAY HIRE_DATE ON WHICH FIRST EMPLOYEES WAS HIRED
SQL> 
SQL> SELECT MIN(HIRE_DATE) FROM EMPLOYEES;

MIN(HIRE_                                                                                                                                                                                               
---------                                                                                                                                                                                               
17-JUL-87                                                                                                                                                                                               

SQL> REM 3 DISPLAY LOWEST AND HIGHEST COMMISSION_PCT
SQL> 
SQL> SELECT MIN(COMMISSION_PCT) , MAX(COMMISSION_PCT) FROM EMPLOYEES;

MIN(COMMISSION_PCT) MAX(COMMISSION_PCT)                                                                                                                                                                 
------------------- -------------------                                                                                                                                                                 
                .15                  .3                                                                                                                                                                 

SQL> REM 4 DISPLAY AVERAGE COMMISSION A M O U N T  PAID BY COMPANY
SQL> 
SQL> SELECT AVG(SALARY * COMMISSION_PCT) FROM EMPLOYEES;

AVG(SALARY*COMMISSION_PCT)                                                                                                                                                                              
--------------------------                                                                                                                                                                              
                    2257.5                                                                                                                                                                              

SQL> REM 5 IF WE STORE ABOVE LAST_NAME IN OUR CONTACT LIST. WHICH LAST_NAME WILL BE DISPLAY LAST.
SQL> 
SQL> SELECT MAX(LAST_NAME) FROM EMPLOYEES;

MAX(LAST_NAME)                                                                                                                                                                                          
---------------                                                                                                                                                                                         
Zlotkey                                                                                                                                                                                                 

SQL> SELECT * FROM EMPLOYEES;

EMPLOYEE_ID FIRST_NAME      LAST_NAME       EMAIL      PHONE_NUMBER         HIRE_DATE JOB_ID         SALARY COMMISSION_PCT MANAGER_ID DEPARTMENT_ID                                                     
----------- --------------- --------------- ---------- -------------------- --------- ---------- ---------- -------------- ---------- -------------                                                     
        100 Steven          King            SKING      515.123.4567         17-JUL-87 AD_PRES         24000                                      90                                                     
        101 Neena           Kochhar         NKOCHHAR   515.123.4568         21-SEP-89 AD_VP           17000                       100            90                                                     
        102 Lex             De Haan         LDEHAAN    515.123.4569         13-JAN-93 AD_VP           17000                       100            90                                                     
        103 Alexander       Hunold          AHUNOLD    590.423.4567         03-JAN-90 IT_PROG          9000                       102            60                                                     
        104 Bruce           Ernst           BERNST     590.423.4568         21-MAY-91 IT_PROG          6000                       103            60                                                     
        107 Diana           Lorentz         DLORENTZ   590.423.5567         07-FEB-99 IT_PROG          4200                       103            60                                                     
        124 Kevin           Mourgos         KMOURGOS   650.123.5234         16-NOV-99 ST_MAN           5800                       100            50                                                     
        141 Trenna          Rajs            TRAJS      650.121.8009         17-OCT-95 ST_CLERK         3500                       124            50                                                     
        142 Curtis          Davies          CDAVIES    650.121.2994         29-JAN-97 ST_CLERK         3100                       124            50                                                     
        143 Randall         Matos           RMATOS     650.121.2874         15-MAR-98 ST_CLERK         2600                       124            50                                                     
        144 Peter           Vargas                     650.121.2004         09-JUL-98 ST_CLERK         2500                       124            50                                                     
        149 Eleni           Zlotkey         EZLOTKEY   011.44.1344.429018   29-JAN-00 SA_MAN          10500             .2        100            80                                                     
        174 Ellen           Abel            EABEL      011.44.1644.429267   11-MAY-96 SA_REP          11000             .3        149            80                                                     
        176 Jonathon        Taylor          JTAYLOR    011.44.1644.429265   24-MAR-98 SA_REP           8600             .3        149            80                                                     
        178 Kimerely        Grant           KGRANT     011.44.1644.429263   24-MAY-99 SA_REP           7000            .15        149                                                                   
        200 Jennifer        Whalen          JWHALEN    515.123.4444         17-SEP-87 AD_ASST          4400                       101            10                                                     
        201 Michael         Hartstein       MHARTSTE   515.123.5555         17-FEB-96 MK_MAN          13000                       100            20                                                     
        202 Pat             Fay             PFAY       603.123.6666         17-AUG-97 MK_REP           6000                       201            20                                                     
        205 Shelley         Higgins         SHIGGINS   515.123.8080         07-JUN-94 AC_MGR          12000                       101           110                                                     
        206 William         Gietz           WGIETZ     515.123.8181         07-JUN-94 AC_ACCOUNT       8300                       205           110                                                     

20 rows selected.

SQL> REM DISPLAY COUNT OF EMPLOYEES WHO GET SALARY HIGHER THAN 10000
SQL> 
SQL> SELECT COUNT(*) FROM EMPLOYEES WHERE SALARY > 10000;

  COUNT(*)                                                                                                                                                                                              
----------                                                                                                                                                                                              
         7                                                                                                                                                                                              

SQL> REM DISPLAY COUNT OF EMPLOYEES WHO GET SALARY HIGHER THAN 10000
SQL> 
SQL> SELECT * FROM EMPLOYEES;

EMPLOYEE_ID FIRST_NAME      LAST_NAME       EMAIL      PHONE_NUMBER         HIRE_DATE JOB_ID         SALARY COMMISSION_PCT MANAGER_ID DEPARTMENT_ID                                                     
----------- --------------- --------------- ---------- -------------------- --------- ---------- ---------- -------------- ---------- -------------                                                     
        100 Steven          King            SKING      515.123.4567         17-JUL-87 AD_PRES         24000                                      90                                                     
        101 Neena           Kochhar         NKOCHHAR   515.123.4568         21-SEP-89 AD_VP           17000                       100            90                                                     
        102 Lex             De Haan         LDEHAAN    515.123.4569         13-JAN-93 AD_VP           17000                       100            90                                                     
        103 Alexander       Hunold          AHUNOLD    590.423.4567         03-JAN-90 IT_PROG          9000                       102            60                                                     
        104 Bruce           Ernst           BERNST     590.423.4568         21-MAY-91 IT_PROG          6000                       103            60                                                     
        107 Diana           Lorentz         DLORENTZ   590.423.5567         07-FEB-99 IT_PROG          4200                       103            60                                                     
        124 Kevin           Mourgos         KMOURGOS   650.123.5234         16-NOV-99 ST_MAN           5800                       100            50                                                     
        141 Trenna          Rajs            TRAJS      650.121.8009         17-OCT-95 ST_CLERK         3500                       124            50                                                     
        142 Curtis          Davies          CDAVIES    650.121.2994         29-JAN-97 ST_CLERK         3100                       124            50                                                     
        143 Randall         Matos           RMATOS     650.121.2874         15-MAR-98 ST_CLERK         2600                       124            50                                                     
        144 Peter           Vargas                     650.121.2004         09-JUL-98 ST_CLERK         2500                       124            50                                                     
        149 Eleni           Zlotkey         EZLOTKEY   011.44.1344.429018   29-JAN-00 SA_MAN          10500             .2        100            80                                                     
        174 Ellen           Abel            EABEL      011.44.1644.429267   11-MAY-96 SA_REP          11000             .3        149            80                                                     
        176 Jonathon        Taylor          JTAYLOR    011.44.1644.429265   24-MAR-98 SA_REP           8600             .3        149            80                                                     
        178 Kimerely        Grant           KGRANT     011.44.1644.429263   24-MAY-99 SA_REP           7000            .15        149                                                                   
        200 Jennifer        Whalen          JWHALEN    515.123.4444         17-SEP-87 AD_ASST          4400                       101            10                                                     
        201 Michael         Hartstein       MHARTSTE   515.123.5555         17-FEB-96 MK_MAN          13000                       100            20                                                     
        202 Pat             Fay             PFAY       603.123.6666         17-AUG-97 MK_REP           6000                       201            20                                                     
        205 Shelley         Higgins         SHIGGINS   515.123.8080         07-JUN-94 AC_MGR          12000                       101           110                                                     
        206 William         Gietz           WGIETZ     515.123.8181         07-JUN-94 AC_ACCOUNT       8300                       205           110                                                     

20 rows selected.

SQL> 
SQL> REM 1 DISPLAY THOSE WHO WORKS IN DEPARTMENT 50
SQL> 
SQL> REM 1 DISPLAY COUNT OF EMPLOYEES WHO WORK IN DEPARTMENT 50
SQL> 
SQL> REM 2 DISPLAY TOTAL SALARY PAID TO IT_PROG
SQL> 
SQL> REM 3 DISPLAY HOW MANY EMPLOYEES REPORT TO MANAGER 124
SQL> 
SQL> REM 4 DISPLAY LOWEST AND HIGHEST SALARY PAID TO SA_REP
SQL> 
SQL> REM 5 DISPLAY COUNT OF EMPLOYEES WHO WERE HIRED IN YEAR 99 (5 STYLES)
SQL> 
SQL> 
SQL> 
SQL> REM 1 LIKE 2 SUBSTR 3 INSTR 4 REPLACE+LENGTH 5 RTRIM+LENGTH
SQL> 
SQL> REM 6 TO_CHAR
SQL> 
SQL> 
SQL> 
SQL> REM 1 DISPLAY COUNT OF EMPLOYEES WHO WORK IN DEPARTMENT 50
SQL> 
SQL> SELECT COUNT(*) FROM EMPLOYEES;

  COUNT(*)                                                                                                                                                                                              
----------                                                                                                                                                                                              
        20                                                                                                                                                                                              

SQL> REM 2 DISPLAY TOTAL SALARY PAID TO IT_PROG
SQL> 
SQL> REM 1 DISPLAY COUNT OF EMPLOYEES WHO WORK IN DEPARTMENT 50
SQL> 
SQL> SELECT COUNT(*) FROM EMPLOYEES WHERE DEPARTMENT_ID = 50;

  COUNT(*)                                                                                                                                                                                              
----------                                                                                                                                                                                              
         5                                                                                                                                                                                              

SQL> REM 2 DISPLAY TOTAL SALARY PAID TO IT_PROG
SQL> 
SQL> SELECT SUM(SALARY) FROM EMPLOYEES WHERE JOB_ID = 'IT_PROG';

SUM(SALARY)                                                                                                                                                                                             
-----------                                                                                                                                                                                             
      19200                                                                                                                                                                                             

SQL> REM 3 DISPLAY HOW MANY EMPLOYEES REPORT TO MANAGER 124
SQL> 
SQL> SELECT COUNT(*) FROM EMPLOYEES WHERE MANAGER_ID = 124;

  COUNT(*)                                                                                                                                                                                              
----------                                                                                                                                                                                              
         4                                                                                                                                                                                              

SQL> REM 4 DISPLAY LOWEST AND HIGHEST SALARY PAID TO SA_REP
SQL> 
SQL> SELECT MIN(SALARY) , MAX(SALARY) FROM EMPLOYEES WHERE JOB_ID = 'SA_REP';

MIN(SALARY) MAX(SALARY)                                                                                                                                                                                 
----------- -----------                                                                                                                                                                                 
       7000       11000                                                                                                                                                                                 

SQL> REM 5 DISPLAY COUNT OF EMPLOYEES WHO WERE HIRED IN YEAR 99 (5 STYLES)
SQL> 
SQL> REM 1 LIKE 2 SUBSTR 3 INSTR 4 REPLACE+LENGTH 5 RTRIM+LENGTH
SQL> 
SQL> SELECT COUNT(*) FROM EMPLOYEES WHERE HIRE_DATE LIKE '%99';

  COUNT(*)                                                                                                                                                                                              
----------                                                                                                                                                                                              
         3                                                                                                                                                                                              

SQL> SELECT COUNT(*) FROM EMPLOYEES WHERE SUBSTR(HIRE_DATE,8) = '99';

  COUNT(*)                                                                                                                                                                                              
----------                                                                                                                                                                                              
         3                                                                                                                                                                                              

SQL> SELECT COUNT(*) FROM EMPLOYEES WHERE SUBSTR(HIRE_DATE,-2) = '99';

  COUNT(*)                                                                                                                                                                                              
----------                                                                                                                                                                                              
         3                                                                                                                                                                                              

SQL> SELECT COUNT(*) FROM EMPLOYEES WHERE INSTR(HIRE_DATE,'99') = 8;

  COUNT(*)                                                                                                                                                                                              
----------                                                                                                                                                                                              
         3                                                                                                                                                                                              

SQL> SELECT COUNT(*) FROM EMPLOYEES WHERE INSTR(HIRE_DATE,'99') > 0;

  COUNT(*)                                                                                                                                                                                              
----------                                                                                                                                                                                              
         3                                                                                                                                                                                              

SQL> SELECT COUNT(*) FROM EMPLOYEES WHERE LENGTH(HIRE_DATE) > LENGTH(REPLACE(HIRE_DATE,'99'));

  COUNT(*)                                                                                                                                                                                              
----------                                                                                                                                                                                              
         3                                                                                                                                                                                              

SQL> SELECT COUNT(*) FROM EMPLOYEES WHERE LENGTH(HIRE_DATE) > LENGTH(RTRIM(HIRE_DATE,'9'));

  COUNT(*)                                                                                                                                                                                              
----------                                                                                                                                                                                              
         4                                                                                                                                                                                              

SQL> SELECT COUNT(*) FROM EMPLOYEES WHERE LENGTH(HIRE_DATE) = LENGTH(RTRIM(HIRE_DATE,'9')) + 2;

  COUNT(*)                                                                                                                                                                                              
----------                                                                                                                                                                                              
         3                                                                                                                                                                                              

SQL> SELECT COUNT(*) FROM EMPLOYEES WHERE TO_CHAR(HIRE_DATE,'RR') = 99;

  COUNT(*)                                                                                                                                                                                              
----------                                                                                                                                                                                              
         3                                                                                                                                                                                              

SQL> SELECT COUNT(*) FROM EMPLOYEES WHERE TO_CHAR(HIRE_DATE,'RR') IN 99;

  COUNT(*)                                                                                                                                                                                              
----------                                                                                                                                                                                              
         3                                                                                                                                                                                              

SQL> SELECT COUNT(*) FROM EMPLOYEES WHERE TO_CHAR(HIRE_DATE,'RR') = ANY 99;

  COUNT(*)                                                                                                                                                                                              
----------                                                                                                                                                                                              
         3                                                                                                                                                                                              

SQL> SELECT COUNT(*) FROM EMPLOYEES WHERE TO_CHAR(HIRE_DATE,'RR') = SOME 99;

  COUNT(*)                                                                                                                                                                                              
----------                                                                                                                                                                                              
         3                                                                                                                                                                                              

SQL> SELECT COUNT(*) FROM EMPLOYEES WHERE TO_CHAR(HIRE_DATE,'RR') LIKE '%99';

  COUNT(*)                                                                                                                                                                                              
----------                                                                                                                                                                                              
         3                                                                                                                                                                                              

SQL> SELECT COUNT(*) FROM EMPLOYEES WHERE TO_CHAR(HIRE_DATE,'RR') LIKE '99';

  COUNT(*)                                                                                                                                                                                              
----------                                                                                                                                                                                              
         3                                                                                                                                                                                              

SQL> SELECT COUNT(*) FROM EMPLOYEES WHERE TO_CHAR(HIRE_DATE,'RR') LIKE 99;

  COUNT(*)                                                                                                                                                                                              
----------                                                                                                                                                                                              
         3                                                                                                                                                                                              

SQL> SELECT * FRMO EMPLOYEES;
SELECT * FRMO EMPLOYEES
         *
ERROR at line 1:
ORA-00923: FROM keyword not found where expected 


SQL> SELECT * FROM EMPLOYEES;

EMPLOYEE_ID FIRST_NAME      LAST_NAME       EMAIL      PHONE_NUMBER         HIRE_DATE JOB_ID         SALARY COMMISSION_PCT MANAGER_ID DEPARTMENT_ID                                                     
----------- --------------- --------------- ---------- -------------------- --------- ---------- ---------- -------------- ---------- -------------                                                     
        100 Steven          King            SKING      515.123.4567         17-JUL-87 AD_PRES         24000                                      90                                                     
        101 Neena           Kochhar         NKOCHHAR   515.123.4568         21-SEP-89 AD_VP           17000                       100            90                                                     
        102 Lex             De Haan         LDEHAAN    515.123.4569         13-JAN-93 AD_VP           17000                       100            90                                                     
        103 Alexander       Hunold          AHUNOLD    590.423.4567         03-JAN-90 IT_PROG          9000                       102            60                                                     
        104 Bruce           Ernst           BERNST     590.423.4568         21-MAY-91 IT_PROG          6000                       103            60                                                     
        107 Diana           Lorentz         DLORENTZ   590.423.5567         07-FEB-99 IT_PROG          4200                       103            60                                                     
        124 Kevin           Mourgos         KMOURGOS   650.123.5234         16-NOV-99 ST_MAN           5800                       100            50                                                     
        141 Trenna          Rajs            TRAJS      650.121.8009         17-OCT-95 ST_CLERK         3500                       124            50                                                     
        142 Curtis          Davies          CDAVIES    650.121.2994         29-JAN-97 ST_CLERK         3100                       124            50                                                     
        143 Randall         Matos           RMATOS     650.121.2874         15-MAR-98 ST_CLERK         2600                       124            50                                                     
        144 Peter           Vargas                     650.121.2004         09-JUL-98 ST_CLERK         2500                       124            50                                                     
        149 Eleni           Zlotkey         EZLOTKEY   011.44.1344.429018   29-JAN-00 SA_MAN          10500             .2        100            80                                                     
        174 Ellen           Abel            EABEL      011.44.1644.429267   11-MAY-96 SA_REP          11000             .3        149            80                                                     
        176 Jonathon        Taylor          JTAYLOR    011.44.1644.429265   24-MAR-98 SA_REP           8600             .3        149            80                                                     
        178 Kimerely        Grant           KGRANT     011.44.1644.429263   24-MAY-99 SA_REP           7000            .15        149                                                                   
        200 Jennifer        Whalen          JWHALEN    515.123.4444         17-SEP-87 AD_ASST          4400                       101            10                                                     
        201 Michael         Hartstein       MHARTSTE   515.123.5555         17-FEB-96 MK_MAN          13000                       100            20                                                     
        202 Pat             Fay             PFAY       603.123.6666         17-AUG-97 MK_REP           6000                       201            20                                                     
        205 Shelley         Higgins         SHIGGINS   515.123.8080         07-JUN-94 AC_MGR          12000                       101           110                                                     
        206 William         Gietz           WGIETZ     515.123.8181         07-JUN-94 AC_ACCOUNT       8300                       205           110                                                     

20 rows selected.

SQL> REM 1 DISPLAY COUNT OF EMPLOYEES WHICH HAS ALPHABET 'e' TWO TIMES IN FIRST_NAME SPELLING.
SQL> 
SQL> REM 2 DISPLAY TOTAL SALARY PAID TO THOSE WHO WERE HIRED IN 3rd QUARTER
SQL> 
SQL> REM 3 DISPLAY HIGHEST SALARY , LOWEST SALARY AND DIFFERENT FOR THE EMPLOYEES WHOSE LAST_NAME SPELLING HAS 2 OR MORE VOWELS.
SQL> 
SQL> 
SQL> REM 1 DISPLAY COUNT OF EMPLOYEES WHICH HAS ALPHABET 'e' TWO TIMES IN FIRST_NAME SPELLING.
SQL> 
SQL> SELECT COUNT(*) FROM EMPLOYEES WHERE INSTR(LOWER(FIRST_NAME),'e',1,2) > 0;

  COUNT(*)                                                                                                                                                                                              
----------                                                                                                                                                                                              
         9                                                                                                                                                                                              

SQL> REM 2 DISPLAY TOTAL SALARY PAID TO THOSE WHO WERE HIRED IN 3rd QUARTER
SQL> 
SQL> SELECT SUM(SALARY) FROM EMPLOYEES WHERE TO_CHAR(HIRE_DATE,'Q') = 3;

SUM(SALARY)                                                                                                                                                                                             
-----------                                                                                                                                                                                             
      53900                                                                                                                                                                                             

SQL> REM 3 DISPLAY HIGHEST SALARY , LOWEST SALARY AND DIFFERENT FOR THE EMPLOYEES WHOSE LAST_NAME SPELLING HAS 2 OR MORE VOWELS.
SQL> 
SQL> SELECT MAX(SALARY) , MIN(SALARY) , MAX(SALARY) - MIN(SALARY) FROM EMPLOYEES
  2  WHERE LENGTH(TRANSLATE(LAST_NAME,'#wrtypsdfghjklzxcvbnm','#')) >= 2;

MAX(SALARY) MIN(SALARY) MAX(SALARY)-MIN(SALARY)                                                                                                                                                         
----------- ----------- -----------------------                                                                                                                                                         
      24000        2500                   21500                                                                                                                                                         

SQL> SPOOL OFF
