SQL> 
SQL> SET LINES 200 PAGES 24
SQL> 
SQL> SELECT * FROM DEPARTMENTS;

DEPARTMENT_ID DEPARTMENT_NAME                MANAGER_ID LOCATION_ID                                                                                                                                     
------------- ------------------------------ ---------- -----------                                                                                                                                     
           10 Administration                        200        1700                                                                                                                                     
           20 Marketing                             201        1800                                                                                                                                     
           50 Shiping                               124        1500                                                                                                                                     
           60 IT                                    103        1400                                                                                                                                     
           80 Sales                                 149        2500                                                                                                                                     
           90 Executive                             100        1700                                                                                                                                     
          110 Accounting                            205        1700                                                                                                                                     
          190 Contracting                                      1700                                                                                                                                     

8 rows selected.

SQL> SELECT * FROM LOCATIONS;

LOCATION_ID STREET_ADRESS                            POSTAL_CODE  CITY                           STATE_PROVINCE            CO                                                                           
----------- ---------------------------------------- ------------ ------------------------------ ------------------------- --                                                                           
       1400 2014 Jabberwocky Rd                      26192        Southlake                      Texas                     US                                                                           
       1500 2011 Interiors Blvd                      99236        South San Francisco            California                US                                                                           
       1700 2004 Charade Rd                          98199        Seattle                        Washington                US                                                                           
       1800 460 Bloor St. W.                         ON M5S 1X8   Toronto                        Ontario                   CA                                                                           
       2500 Magdalen Centre, The Oxford Science Park OX9 9ZB      Oxford                         Oxford                    UK                                                                           

SQL> SELECT * FROM COUNTRIES;

CO COUNTRY_NAME                              REGION_ID                                                                                                                                                  
-- ---------------------------------------- ----------                                                                                                                                                  
CA Canada                                            2                                                                                                                                                  
DE Germany                                           1                                                                                                                                                  
UK United Kingdom                                    1                                                                                                                                                  
US United States of America                          2                                                                                                                                                  

SQL> REM DEPARTMENT_NAME , CITY , COUNTRY_NAME
SQL> 
SQL> REM 1 NATURAL JOIN  2 INNER JOIN 'USING' 3 COMBINATION OF NJ AND IJ
SQL> 
SQL> 
SQL> 
SQL> SELECT DEPARTMENT_NAME , CITY , COUNTRY_NAME
  2  FROM DEPARTMENTS
  3  NATURAL JOIN LOCATIONS
  4  NATURAL JOIN COUNTRIES;

DEPARTMENT_NAME                CITY                           COUNTRY_NAME                                                                                                                              
------------------------------ ------------------------------ ----------------------------------------                                                                                                  
Administration                 Seattle                        United States of America                                                                                                                  
Marketing                      Toronto                        Canada                                                                                                                                    
Shiping                        South San Francisco            United States of America                                                                                                                  
IT                             Southlake                      United States of America                                                                                                                  
Sales                          Oxford                         United Kingdom                                                                                                                            
Executive                      Seattle                        United States of America                                                                                                                  
Accounting                     Seattle                        United States of America                                                                                                                  
Contracting                    Seattle                        United States of America                                                                                                                  

8 rows selected.

SQL> SELECT DEPARTMENT_NAME , CITY , COUNTRY_NAME
  2  FROM DEPARTMENTS
  3  JOIN LOCATIONS USING (LOCATION_ID)
  4  JOIN COUNTRIES USING (COUNTRY_ID);

DEPARTMENT_NAME                CITY                           COUNTRY_NAME                                                                                                                              
------------------------------ ------------------------------ ----------------------------------------                                                                                                  
Administration                 Seattle                        United States of America                                                                                                                  
Marketing                      Toronto                        Canada                                                                                                                                    
Shiping                        South San Francisco            United States of America                                                                                                                  
IT                             Southlake                      United States of America                                                                                                                  
Sales                          Oxford                         United Kingdom                                                                                                                            
Executive                      Seattle                        United States of America                                                                                                                  
Accounting                     Seattle                        United States of America                                                                                                                  
Contracting                    Seattle                        United States of America                                                                                                                  

8 rows selected.

SQL> SELECT DEPARTMENT_NAME , CITY , COUNTRY_NAME
  2  FROM DEPARTMENTS
  3  NATURAL JOIN LOCATIONS
  4  JOIN COUNTRIES USING (COUNTRY_ID);

DEPARTMENT_NAME                CITY                           COUNTRY_NAME                                                                                                                              
------------------------------ ------------------------------ ----------------------------------------                                                                                                  
Administration                 Seattle                        United States of America                                                                                                                  
Marketing                      Toronto                        Canada                                                                                                                                    
Shiping                        South San Francisco            United States of America                                                                                                                  
IT                             Southlake                      United States of America                                                                                                                  
Sales                          Oxford                         United Kingdom                                                                                                                            
Executive                      Seattle                        United States of America                                                                                                                  
Accounting                     Seattle                        United States of America                                                                                                                  
Contracting                    Seattle                        United States of America                                                                                                                  

8 rows selected.

SQL> SELECT DEPARTMENT_NAME , CITY , COUNTRY_NAME
  2  FROM DEPARTMENTS
  3  INNER JOIN LOCATIONS USING (LOCATION_ID)
  4  NATURAL JOIN COUNTRIES;

DEPARTMENT_NAME                CITY                           COUNTRY_NAME                                                                                                                              
------------------------------ ------------------------------ ----------------------------------------                                                                                                  
Administration                 Seattle                        Canada                                                                                                                                    
Administration                 Seattle                        Germany                                                                                                                                   
Administration                 Seattle                        United Kingdom                                                                                                                            
Administration                 Seattle                        United States of America                                                                                                                  
Marketing                      Toronto                        Canada                                                                                                                                    
Marketing                      Toronto                        Germany                                                                                                                                   
Marketing                      Toronto                        United Kingdom                                                                                                                            
Marketing                      Toronto                        United States of America                                                                                                                  
Shiping                        South San Francisco            Canada                                                                                                                                    
Shiping                        South San Francisco            Germany                                                                                                                                   
Shiping                        South San Francisco            United Kingdom                                                                                                                            
Shiping                        South San Francisco            United States of America                                                                                                                  
IT                             Southlake                      Canada                                                                                                                                    
IT                             Southlake                      Germany                                                                                                                                   
IT                             Southlake                      United Kingdom                                                                                                                            
IT                             Southlake                      United States of America                                                                                                                  
Sales                          Oxford                         Canada                                                                                                                                    
Sales                          Oxford                         Germany                                                                                                                                   
Sales                          Oxford                         United Kingdom                                                                                                                            
Sales                          Oxford                         United States of America                                                                                                                  
Executive                      Seattle                        Canada                                                                                                                                    

DEPARTMENT_NAME                CITY                           COUNTRY_NAME                                                                                                                              
------------------------------ ------------------------------ ----------------------------------------                                                                                                  
Executive                      Seattle                        Germany                                                                                                                                   
Executive                      Seattle                        United Kingdom                                                                                                                            
Executive                      Seattle                        United States of America                                                                                                                  
Accounting                     Seattle                        Canada                                                                                                                                    
Accounting                     Seattle                        Germany                                                                                                                                   
Accounting                     Seattle                        United Kingdom                                                                                                                            
Accounting                     Seattle                        United States of America                                                                                                                  
Contracting                    Seattle                        Canada                                                                                                                                    
Contracting                    Seattle                        Germany                                                                                                                                   
Contracting                    Seattle                        United Kingdom                                                                                                                            
Contracting                    Seattle                        United States of America                                                                                                                  

32 rows selected.

SQL> SELECT DEPARTMENT_NAME , CITY , COUNTRY_NAME , COUNTRY_ID
  2  FROM DEPARTMENTS
  3  INNER JOIN LOCATIONS USING (LOCATION_ID)
  4  NATURAL JOIN COUNTRIES;

DEPARTMENT_NAME                CITY                           COUNTRY_NAME                             CO                                                                                               
------------------------------ ------------------------------ ---------------------------------------- --                                                                                               
Administration                 Seattle                        United States of America                 US                                                                                               
Marketing                      Toronto                        Canada                                   CA                                                                                               
Shiping                        South San Francisco            United States of America                 US                                                                                               
IT                             Southlake                      United States of America                 US                                                                                               
Sales                          Oxford                         United Kingdom                           UK                                                                                               
Executive                      Seattle                        United States of America                 US                                                                                               
Accounting                     Seattle                        United States of America                 US                                                                                               
Contracting                    Seattle                        United States of America                 US                                                                                               

8 rows selected.

SQL> SELECT DEPARTMENT_NAME , CITY , COUNTRY_NAME || CASE WHEN COUNTRY_ID IS NOT NULL THEN NULL END  COUNTRY_
  2  
SQL> 
SQL> SELECT DEPARTMENT_NAME , CITY , COUNTRY_NAME || CASE WHEN COUNTRY_ID IS NOT NULL THEN NULL END  COUNTRY_NAME
  2  FROM DEPARTMENTS
  3  INNER JOIN LOCATIONS USING (LOCATION_ID)
  4  NATURAL JOIN COUNTRIES;

DEPARTMENT_NAME                CITY                           COUNTRY_NAME                                                                                                                              
------------------------------ ------------------------------ ----------------------------------------                                                                                                  
Administration                 Seattle                        United States of America                                                                                                                  
Marketing                      Toronto                        Canada                                                                                                                                    
Shiping                        South San Francisco            United States of America                                                                                                                  
IT                             Southlake                      United States of America                                                                                                                  
Sales                          Oxford                         United Kingdom                                                                                                                            
Executive                      Seattle                        United States of America                                                                                                                  
Accounting                     Seattle                        United States of America                                                                                                                  
Contracting                    Seattle                        United States of America                                                                                                                  

8 rows selected.

SQL> REM CITY , COUNTRY_NAME , REGION_NAME
SQL> 
SQL> REM 1 IJ + NJ (IT SHOULD NOT DISPLAY EXTRA COLUMN)
SQL> 
SQL> SELECT CITY , COUNTRY_NAME , REGION_NAME
  2  FROM LOCATIONS
  3  INNER JOIN COUNTRIES USING (COUNTRY_ID)
  4  NATURAL JOIN REGIONS;

CITY                           COUNTRY_NAME                             REGION_NAME                                                                                                                     
------------------------------ ---------------------------------------- -------------------------                                                                                                       
Southlake                      United States of America                 Europe                                                                                                                          
Southlake                      United States of America                 Americas                                                                                                                        
Southlake                      United States of America                 Asia                                                                                                                            
Southlake                      United States of America                 Middle East and Africa                                                                                                          
South San Francisco            United States of America                 Europe                                                                                                                          
South San Francisco            United States of America                 Americas                                                                                                                        
South San Francisco            United States of America                 Asia                                                                                                                            
South San Francisco            United States of America                 Middle East and Africa                                                                                                          
Seattle                        United States of America                 Europe                                                                                                                          
Seattle                        United States of America                 Americas                                                                                                                        
Seattle                        United States of America                 Asia                                                                                                                            
Seattle                        United States of America                 Middle East and Africa                                                                                                          
Toronto                        Canada                                   Europe                                                                                                                          
Toronto                        Canada                                   Americas                                                                                                                        
Toronto                        Canada                                   Asia                                                                                                                            
Toronto                        Canada                                   Middle East and Africa                                                                                                          
Oxford                         United Kingdom                           Europe                                                                                                                          
Oxford                         United Kingdom                           Americas                                                                                                                        
Oxford                         United Kingdom                           Asia                                                                                                                            
Oxford                         United Kingdom                           Middle East and Africa                                                                                                          

20 rows selected.

SQL> SELECT CITY , COUNTRY_NAME , REGION_NAME || CASE WHEN REGION_ID IS NOT NULL THEN NULL END REGION_NAME
  2  FROM LOCATIONS
  3  INNER JOIN COUNTRIES USING (COUNTRY_ID)
  4  NATURAL JOIN REGIONS;

CITY                           COUNTRY_NAME                             REGION_NAME                                                                                                                     
------------------------------ ---------------------------------------- -------------------------                                                                                                       
Southlake                      United States of America                 Americas                                                                                                                        
South San Francisco            United States of America                 Americas                                                                                                                        
Seattle                        United States of America                 Americas                                                                                                                        
Toronto                        Canada                                   Americas                                                                                                                        
Oxford                         United Kingdom                           Europe                                                                                                                          

SQL> SELECT CITY , COUNTRY_NAME , REGION_NAME || CASE WHEN REGION_ID IS NULL THEN NULL END REGION_NAME
  2  FROM LOCATIONS
  3  INNER JOIN COUNTRIES USING (COUNTRY_ID)
  4  NATURAL JOIN REGIONS;

CITY                           COUNTRY_NAME                             REGION_NAME                                                                                                                     
------------------------------ ---------------------------------------- -------------------------                                                                                                       
Southlake                      United States of America                 Americas                                                                                                                        
South San Francisco            United States of America                 Americas                                                                                                                        
Seattle                        United States of America                 Americas                                                                                                                        
Toronto                        Canada                                   Americas                                                                                                                        
Oxford                         United Kingdom                           Europe                                                                                                                          

SQL> SELECT * FROM DEPARTMENTS;

DEPARTMENT_ID DEPARTMENT_NAME                MANAGER_ID LOCATION_ID                                                                                                                                     
------------- ------------------------------ ---------- -----------                                                                                                                                     
           10 Administration                        200        1700                                                                                                                                     
           20 Marketing                             201        1800                                                                                                                                     
           50 Shiping                               124        1500                                                                                                                                     
           60 IT                                    103        1400                                                                                                                                     
           80 Sales                                 149        2500                                                                                                                                     
           90 Executive                             100        1700                                                                                                                                     
          110 Accounting                            205        1700                                                                                                                                     
          190 Contracting                                      1700                                                                                                                                     

8 rows selected.

SQL> SELECT * FROM LOCATIONS;

LOCATION_ID STREET_ADRESS                            POSTAL_CODE  CITY                           STATE_PROVINCE            CO                                                                           
----------- ---------------------------------------- ------------ ------------------------------ ------------------------- --                                                                           
       1400 2014 Jabberwocky Rd                      26192        Southlake                      Texas                     US                                                                           
       1500 2011 Interiors Blvd                      99236        South San Francisco            California                US                                                                           
       1700 2004 Charade Rd                          98199        Seattle                        Washington                US                                                                           
       1800 460 Bloor St. W.                         ON M5S 1X8   Toronto                        Ontario                   CA                                                                           
       2500 Magdalen Centre, The Oxford Science Park OX9 9ZB      Oxford                         Oxford                    UK                                                                           

SQL> SELECT * FROM COUNTRIES;

CO COUNTRY_NAME                              REGION_ID                                                                                                                                                  
-- ---------------------------------------- ----------                                                                                                                                                  
CA Canada                                            2                                                                                                                                                  
DE Germany                                           1                                                                                                                                                  
UK United Kingdom                                    1                                                                                                                                                  
US United States of America                          2                                                                                                                                                  

SQL> SELECT * FROM REGIONS;

 REGION_ID REGION_NAME                                                                                                                                                                                  
---------- -------------------------                                                                                                                                                                    
         1 Europe                                                                                                                                                                                       
         2 Americas                                                                                                                                                                                     
         3 Asia                                                                                                                                                                                         
         4 Middle East and Africa                                                                                                                                                                       

SQL> REM DEPARTMENT_NAME , REGION_NAME
SQL> 
SQL> SELECT DEPARTMENT_NAME , REGION_NAME
  2  FROM LOCATIONS
  3  JOIN COUNTRIES USING (COUNTRY_ID)
  4  
SQL> 
SQL> 
SQL> REM E D L C R
SQL> 
SQL> REM     L C
SQL> 
SQL> 
SQL> 
SQL> SELECT DEPARTMENT_NAME , REGION_NAME
  2  FROM LOCATIONS
  3  JOIN COUNTRIES USING (COUNTRY_ID)
  4  JOIN DEPARTMENTS USING (LOCATION_ID)
  5  JOIN REGIONS USING (REGION_ID);

DEPARTMENT_NAME                REGION_NAME                                                                                                                                                              
------------------------------ -------------------------                                                                                                                                                
Administration                 Americas                                                                                                                                                                 
Marketing                      Americas                                                                                                                                                                 
Shiping                        Americas                                                                                                                                                                 
IT                             Americas                                                                                                                                                                 
Sales                          Europe                                                                                                                                                                   
Executive                      Americas                                                                                                                                                                 
Accounting                     Americas                                                                                                                                                                 
Contracting                    Americas                                                                                                                                                                 

8 rows selected.

SQL> SELECT DEPARTMENT_NAME , REGION_NAME
  2  FROM LOCATIONS
  3  JOIN COUNTRIES USING (COUNTRY_ID)
  4  JOIN REGIONS USING (REGION_ID)
  5  JOIN DEPARTMENTS USING (LOCATION_ID);

DEPARTMENT_NAME                REGION_NAME                                                                                                                                                              
------------------------------ -------------------------                                                                                                                                                
Administration                 Americas                                                                                                                                                                 
Marketing                      Americas                                                                                                                                                                 
Shiping                        Americas                                                                                                                                                                 
IT                             Americas                                                                                                                                                                 
Sales                          Europe                                                                                                                                                                   
Executive                      Americas                                                                                                                                                                 
Accounting                     Americas                                                                                                                                                                 
Contracting                    Americas                                                                                                                                                                 

8 rows selected.

SQL> REM E D L C R
SQL> 
SQL> REM   D L C R
SQL> 
SQL> REM 1 C
SQL> 
SQL> REM 2 C
SQL> 
SQL> 
SQL> 
SQL> REM 1 C R L D
SQL> 
SQL> REM 2 C L R D
SQL> 
SQL> REM 3 C L D R
SQL> 
SQL> 
SQL> 
SQL> REM NATURAL , INNER JOIN USING BOTH REQUIRES AT LEAST SINGLE COMMON COLUMN.
SQL> 
SQL> ALTER TABLE LOCATIONS RENAME COLUMN LOCATION_ID TO LID;

Table altered.

SQL> SELECT * FROM DEPARTMENTS;

DEPARTMENT_ID DEPARTMENT_NAME                MANAGER_ID LOCATION_ID                                                                                                                                     
------------- ------------------------------ ---------- -----------                                                                                                                                     
           10 Administration                        200        1700                                                                                                                                     
           20 Marketing                             201        1800                                                                                                                                     
           50 Shiping                               124        1500                                                                                                                                     
           60 IT                                    103        1400                                                                                                                                     
           80 Sales                                 149        2500                                                                                                                                     
           90 Executive                             100        1700                                                                                                                                     
          110 Accounting                            205        1700                                                                                                                                     
          190 Contracting                                      1700                                                                                                                                     

8 rows selected.

SQL> SELECT * FROM LOCATIONS;

       LID STREET_ADRESS                            POSTAL_CODE  CITY                           STATE_PROVINCE            CO                                                                            
---------- ---------------------------------------- ------------ ------------------------------ ------------------------- --                                                                            
      1400 2014 Jabberwocky Rd                      26192        Southlake                      Texas                     US                                                                            
      1500 2011 Interiors Blvd                      99236        South San Francisco            California                US                                                                            
      1700 2004 Charade Rd                          98199        Seattle                        Washington                US                                                                            
      1800 460 Bloor St. W.                         ON M5S 1X8   Toronto                        Ontario                   CA                                                                            
      2500 Magdalen Centre, The Oxford Science Park OX9 9ZB      Oxford                         Oxford                    UK                                                                            

SQL> SELECT FIRST_NAME , SALARY FROM EMPLOYEES ORDER BY 2;

FIRST_NAME          SALARY                                                                                                                                                                              
--------------- ----------                                                                                                                                                                              
Peter                 2500                                                                                                                                                                              
Randall               2600                                                                                                                                                                              
Curtis                3100                                                                                                                                                                              
Trenna                3500                                                                                                                                                                              
Diana                 4200                                                                                                                                                                              
Jennifer              4400                                                                                                                                                                              
Kevin                 5800                                                                                                                                                                              
Bruce                 6000                                                                                                                                                                              
Pat                   6000                                                                                                                                                                              
Kimerely              7000                                                                                                                                                                              
William               8300                                                                                                                                                                              
Jonathon              8600                                                                                                                                                                              
Alexander             9000                                                                                                                                                                              
Eleni                10500                                                                                                                                                                              
Ellen                11000                                                                                                                                                                              
Shelley              12000                                                                                                                                                                              
Michael              13000                                                                                                                                                                              
Neena                17000                                                                                                                                                                              
Lex                  17000                                                                                                                                                                              
Steven               24000                                                                                                                                                                              

20 rows selected.

SQL> SELECT * FRMO JOB_GRADES;
SELECT * FRMO JOB_GRADES
         *
ERROR at line 1:
ORA-00923: FROM keyword not found where expected 


SQL> SELECT FIRST_NAME , SALARY FROM EMPLOYEES ORDER BY 2;

FIRST_NAME          SALARY                                                                                                                                                                              
--------------- ----------                                                                                                                                                                              
Peter                 2500                                                                                                                                                                              
Randall               2600                                                                                                                                                                              
Curtis                3100                                                                                                                                                                              
Trenna                3500                                                                                                                                                                              
Diana                 4200                                                                                                                                                                              
Jennifer              4400                                                                                                                                                                              
Kevin                 5800                                                                                                                                                                              
Bruce                 6000                                                                                                                                                                              
Pat                   6000                                                                                                                                                                              
Kimerely              7000                                                                                                                                                                              
William               8300                                                                                                                                                                              
Jonathon              8600                                                                                                                                                                              
Alexander             9000                                                                                                                                                                              
Eleni                10500                                                                                                                                                                              
Ellen                11000                                                                                                                                                                              
Shelley              12000                                                                                                                                                                              
Michael              13000                                                                                                                                                                              
Neena                17000                                                                                                                                                                              
Lex                  17000                                                                                                                                                                              
Steven               24000                                                                                                                                                                              

20 rows selected.

SQL> SELECT * FROM JOB_GRADES;

GRA LOWEST_SAL HIGHEST_SAL                                                                                                                                                                              
--- ---------- -----------                                                                                                                                                                              
A         1000        2999                                                                                                                                                                              
B         3000        5999                                                                                                                                                                              
C         6000        9999                                                                                                                                                                              
D        10000       14999                                                                                                                                                                              
E        15000       24999                                                                                                                                                                              
F        25000       40000                                                                                                                                                                              

6 rows selected.

SQL> SELECT * FROM DEPARTMENTS;

DEPARTMENT_ID DEPARTMENT_NAME                MANAGER_ID LOCATION_ID                                                                                                                                     
------------- ------------------------------ ---------- -----------                                                                                                                                     
           10 Administration                        200        1700                                                                                                                                     
           20 Marketing                             201        1800                                                                                                                                     
           50 Shiping                               124        1500                                                                                                                                     
           60 IT                                    103        1400                                                                                                                                     
           80 Sales                                 149        2500                                                                                                                                     
           90 Executive                             100        1700                                                                                                                                     
          110 Accounting                            205        1700                                                                                                                                     
          190 Contracting                                      1700                                                                                                                                     

8 rows selected.

SQL> SELECT * FROM LOCATIONS;

       LID STREET_ADRESS                            POSTAL_CODE  CITY                           STATE_PROVINCE            CO                                                                            
---------- ---------------------------------------- ------------ ------------------------------ ------------------------- --                                                                            
      1400 2014 Jabberwocky Rd                      26192        Southlake                      Texas                     US                                                                            
      1500 2011 Interiors Blvd                      99236        South San Francisco            California                US                                                                            
      1700 2004 Charade Rd                          98199        Seattle                        Washington                US                                                                            
      1800 460 Bloor St. W.                         ON M5S 1X8   Toronto                        Ontario                   CA                                                                            
      2500 Magdalen Centre, The Oxford Science Park OX9 9ZB      Oxford                         Oxford                    UK                                                                            

SQL> SELECT DEPARTMENT_NAME , CITY
  2  FROM DEPARTMENTS
  3  NATURAL JOIN LOCATIONS;

DEPARTMENT_NAME                CITY                                                                                                                                                                     
------------------------------ ------------------------------                                                                                                                                           
Administration                 Southlake                                                                                                                                                                
Marketing                      Southlake                                                                                                                                                                
Shiping                        Southlake                                                                                                                                                                
IT                             Southlake                                                                                                                                                                
Sales                          Southlake                                                                                                                                                                
Executive                      Southlake                                                                                                                                                                
Accounting                     Southlake                                                                                                                                                                
Contracting                    Southlake                                                                                                                                                                
Administration                 South San Francisco                                                                                                                                                      
Marketing                      South San Francisco                                                                                                                                                      
Shiping                        South San Francisco                                                                                                                                                      
IT                             South San Francisco                                                                                                                                                      
Sales                          South San Francisco                                                                                                                                                      
Executive                      South San Francisco                                                                                                                                                      
Accounting                     South San Francisco                                                                                                                                                      
Contracting                    South San Francisco                                                                                                                                                      
Administration                 Seattle                                                                                                                                                                  
Marketing                      Seattle                                                                                                                                                                  
Shiping                        Seattle                                                                                                                                                                  
IT                             Seattle                                                                                                                                                                  
Sales                          Seattle                                                                                                                                                                  

DEPARTMENT_NAME                CITY                                                                                                                                                                     
------------------------------ ------------------------------                                                                                                                                           
Executive                      Seattle                                                                                                                                                                  
Accounting                     Seattle                                                                                                                                                                  
Contracting                    Seattle                                                                                                                                                                  
Administration                 Toronto                                                                                                                                                                  
Marketing                      Toronto                                                                                                                                                                  
Shiping                        Toronto                                                                                                                                                                  
IT                             Toronto                                                                                                                                                                  
Sales                          Toronto                                                                                                                                                                  
Executive                      Toronto                                                                                                                                                                  
Accounting                     Toronto                                                                                                                                                                  
Contracting                    Toronto                                                                                                                                                                  
Administration                 Oxford                                                                                                                                                                   
Marketing                      Oxford                                                                                                                                                                   
Shiping                        Oxford                                                                                                                                                                   
IT                             Oxford                                                                                                                                                                   
Sales                          Oxford                                                                                                                                                                   
Executive                      Oxford                                                                                                                                                                   
Accounting                     Oxford                                                                                                                                                                   
Contracting                    Oxford                                                                                                                                                                   

40 rows selected.

SQL> SELECT DEPARTMENT_NAME , CITY
  2  FROM DEPARTMENTS
  3  JOIN LOCATIONS USING (LID);
JOIN LOCATIONS USING (LID)
                      *
ERROR at line 3:
ORA-00904: "DEPARTMENTS"."LID": invalid identifier 


SQL> SELECT DEPARTMENT_NAME , CITY
  2  FROM DEPARTMENTS
  3  JOIN LOCATIONS USING (LOCATION_ID);
JOIN LOCATIONS USING (LOCATION_ID)
                      *
ERROR at line 3:
ORA-00904: "LOCATIONS"."LOCATION_ID": invalid identifier 


SQL> SELECT DEPARTMENT_NAME , CITY
  2  FROM DEPARTMENTS
  3  JOIN LOCATIONS USING (LOCATION_ID, LID);
JOIN LOCATIONS USING (LOCATION_ID, LID)
                                   *
ERROR at line 3:
ORA-00904: "DEPARTMENTS"."LID": invalid identifier 


SQL> SELECT DEPARTMENT_NAME , CITY
  2  FROM DEPARTMENTS
  3  JOIN LOCATIONS ON LID = LOCATION_ID;

DEPARTMENT_NAME                CITY                                                                                                                                                                     
------------------------------ ------------------------------                                                                                                                                           
Administration                 Seattle                                                                                                                                                                  
Marketing                      Toronto                                                                                                                                                                  
Shiping                        South San Francisco                                                                                                                                                      
IT                             Southlake                                                                                                                                                                
Sales                          Oxford                                                                                                                                                                   
Executive                      Seattle                                                                                                                                                                  
Accounting                     Seattle                                                                                                                                                                  
Contracting                    Seattle                                                                                                                                                                  

8 rows selected.

SQL> SELECT FIRST_NAME , SALARY FROM EMPLOYEES ORDER BY 2;

FIRST_NAME          SALARY                                                                                                                                                                              
--------------- ----------                                                                                                                                                                              
Peter                 2500                                                                                                                                                                              
Randall               2600                                                                                                                                                                              
Curtis                3100                                                                                                                                                                              
Trenna                3500                                                                                                                                                                              
Diana                 4200                                                                                                                                                                              
Jennifer              4400                                                                                                                                                                              
Kevin                 5800                                                                                                                                                                              
Bruce                 6000                                                                                                                                                                              
Pat                   6000                                                                                                                                                                              
Kimerely              7000                                                                                                                                                                              
William               8300                                                                                                                                                                              
Jonathon              8600                                                                                                                                                                              
Alexander             9000                                                                                                                                                                              
Eleni                10500                                                                                                                                                                              
Ellen                11000                                                                                                                                                                              
Shelley              12000                                                                                                                                                                              
Michael              13000                                                                                                                                                                              
Neena                17000                                                                                                                                                                              
Lex                  17000                                                                                                                                                                              
Steven               24000                                                                                                                                                                              

20 rows selected.

SQL> SELECT * FROM JOB_GRADES;

GRA LOWEST_SAL HIGHEST_SAL                                                                                                                                                                              
--- ---------- -----------                                                                                                                                                                              
A         1000        2999                                                                                                                                                                              
B         3000        5999                                                                                                                                                                              
C         6000        9999                                                                                                                                                                              
D        10000       14999                                                                                                                                                                              
E        15000       24999                                                                                                                                                                              
F        25000       40000                                                                                                                                                                              

6 rows selected.

SQL> SELECT FIRST_NAME , SALARY , GRADE_LEVEL
  2  FROM EMPLOYEES
  3  INNER JOIN JOB_GRADES ON SALARY BETWEEN LOWEST_SAL AND HIGHEST_SAL;

FIRST_NAME          SALARY GRA                                                                                                                                                                          
--------------- ---------- ---                                                                                                                                                                          
Peter                 2500 A                                                                                                                                                                            
Randall               2600 A                                                                                                                                                                            
Curtis                3100 B                                                                                                                                                                            
Trenna                3500 B                                                                                                                                                                            
Diana                 4200 B                                                                                                                                                                            
Jennifer              4400 B                                                                                                                                                                            
Kevin                 5800 B                                                                                                                                                                            
Bruce                 6000 C                                                                                                                                                                            
Pat                   6000 C                                                                                                                                                                            
Kimerely              7000 C                                                                                                                                                                            
William               8300 C                                                                                                                                                                            
Jonathon              8600 C                                                                                                                                                                            
Alexander             9000 C                                                                                                                                                                            
Eleni                10500 D                                                                                                                                                                            
Ellen                11000 D                                                                                                                                                                            
Shelley              12000 D                                                                                                                                                                            
Michael              13000 D                                                                                                                                                                            
Neena                17000 E                                                                                                                                                                            
Lex                  17000 E                                                                                                                                                                            
Steven               24000 E                                                                                                                                                                            

20 rows selected.

SQL> SELECT FIRST_NAME , SALARY , GRADE_LEVEL
  2  FROM EMPLOYEES
  3  INNER JOIN JOB_GRADES ON SALARY >= LOWEST_SAL AND SALARY <= HIGHEST_SAL;

FIRST_NAME          SALARY GRA                                                                                                                                                                          
--------------- ---------- ---                                                                                                                                                                          
Peter                 2500 A                                                                                                                                                                            
Randall               2600 A                                                                                                                                                                            
Curtis                3100 B                                                                                                                                                                            
Trenna                3500 B                                                                                                                                                                            
Diana                 4200 B                                                                                                                                                                            
Jennifer              4400 B                                                                                                                                                                            
Kevin                 5800 B                                                                                                                                                                            
Bruce                 6000 C                                                                                                                                                                            
Pat                   6000 C                                                                                                                                                                            
Kimerely              7000 C                                                                                                                                                                            
William               8300 C                                                                                                                                                                            
Jonathon              8600 C                                                                                                                                                                            
Alexander             9000 C                                                                                                                                                                            
Eleni                10500 D                                                                                                                                                                            
Ellen                11000 D                                                                                                                                                                            
Shelley              12000 D                                                                                                                                                                            
Michael              13000 D                                                                                                                                                                            
Neena                17000 E                                                                                                                                                                            
Lex                  17000 E                                                                                                                                                                            
Steven               24000 E                                                                                                                                                                            

20 rows selected.

SQL> REM ALTER TABLE LOCATIONS RENAME COLUMN LOCATION_ID TO LID;
SQL> 
SQL> REM ALTER TABLE COUNTRIES RENAME COLUMN COUNTRY_ID TO CID;
SQL> 
SQL> ALTER TABLE COUNTRIES RENAME COLUMN COUNTRY_ID TO CID;

Table altered.

SQL> SELECT * FROM DEPARTMENTS;

DEPARTMENT_ID DEPARTMENT_NAME                MANAGER_ID LOCATION_ID                                                                                                                                     
------------- ------------------------------ ---------- -----------                                                                                                                                     
           10 Administration                        200        1700                                                                                                                                     
           20 Marketing                             201        1800                                                                                                                                     
           50 Shiping                               124        1500                                                                                                                                     
           60 IT                                    103        1400                                                                                                                                     
           80 Sales                                 149        2500                                                                                                                                     
           90 Executive                             100        1700                                                                                                                                     
          110 Accounting                            205        1700                                                                                                                                     
          190 Contracting                                      1700                                                                                                                                     

8 rows selected.

SQL> SELECT * FROM LOCATIONS;

       LID STREET_ADRESS                            POSTAL_CODE  CITY                           STATE_PROVINCE            CO                                                                            
---------- ---------------------------------------- ------------ ------------------------------ ------------------------- --                                                                            
      1400 2014 Jabberwocky Rd                      26192        Southlake                      Texas                     US                                                                            
      1500 2011 Interiors Blvd                      99236        South San Francisco            California                US                                                                            
      1700 2004 Charade Rd                          98199        Seattle                        Washington                US                                                                            
      1800 460 Bloor St. W.                         ON M5S 1X8   Toronto                        Ontario                   CA                                                                            
      2500 Magdalen Centre, The Oxford Science Park OX9 9ZB      Oxford                         Oxford                    UK                                                                            

SQL> SELECT * FROM COUNTRIES;

CI COUNTRY_NAME                              REGION_ID                                                                                                                                                  
-- ---------------------------------------- ----------                                                                                                                                                  
CA Canada                                            2                                                                                                                                                  
DE Germany                                           1                                                                                                                                                  
UK United Kingdom                                    1                                                                                                                                                  
US United States of America                          2                                                                                                                                                  

SQL> SELECT * FROM REGIONS;

 REGION_ID REGION_NAME                                                                                                                                                                                  
---------- -------------------------                                                                                                                                                                    
         1 Europe                                                                                                                                                                                       
         2 Americas                                                                                                                                                                                     
         3 Asia                                                                                                                                                                                         
         4 Middle East and Africa                                                                                                                                                                       

SQL> REM 1 DEPARTMENT_NAME , CITY , COUNTRY_NAME , 2 CITY , COUNTRY_NAME , REGION_NAME 3 REGION_NAME , DEPARTMENT_NAME
SQL> 
SQL> 
SQL> 
SQL> REM 1 DEPARTMENT_NAME , CITY , COUNTRY_NAME
SQL> 
SQL> SELECT DEPARTMENT_NAME , CITY , COUNTRY_NAME
  2  FROM DEPARTMENTS
  3  JOIN LOCATIONS ON LID  = LOCATION_ID
  4  JOIN COUNTRIES ON CID = COUNTRY_ID;

DEPARTMENT_NAME                CITY                           COUNTRY_NAME                                                                                                                              
------------------------------ ------------------------------ ----------------------------------------                                                                                                  
Administration                 Seattle                        United States of America                                                                                                                  
Marketing                      Toronto                        Canada                                                                                                                                    
Shiping                        South San Francisco            United States of America                                                                                                                  
IT                             Southlake                      United States of America                                                                                                                  
Sales                          Oxford                         United Kingdom                                                                                                                            
Executive                      Seattle                        United States of America                                                                                                                  
Accounting                     Seattle                        United States of America                                                                                                                  
Contracting                    Seattle                        United States of America                                                                                                                  

8 rows selected.

SQL> REM 2 CITY , COUNTRY_NAME , REGION_NAME
SQL> 
SQL> SELECT CITY , COUNTRY_NAME , REGION_NAME
  2  FROM LOCATIONS
  3  JOIN COUNTRIES ON CID = COUNTRY_ID
  4  JOIN REGIONS USING (REGION_ID);

CITY                           COUNTRY_NAME                             REGION_NAME                                                                                                                     
------------------------------ ---------------------------------------- -------------------------                                                                                                       
Southlake                      United States of America                 Americas                                                                                                                        
South San Francisco            United States of America                 Americas                                                                                                                        
Seattle                        United States of America                 Americas                                                                                                                        
Toronto                        Canada                                   Americas                                                                                                                        
Oxford                         United Kingdom                           Europe                                                                                                                          

SQL> REM 3 REGION_NAME , DEPARTMENT_NAME
SQL> 
SQL> SELECT REGION_NAME , DEPARTMENT_NAME
  2  FROM DEPARTMENTS
  3  JOIN LOCATIONS   ON LID  = LOCATION_ID
  4  JOIN COUNTRIES   ON CID = COUNTRY_ID
  5  JOIN REGIONS USING (REGION_ID);

REGION_NAME               DEPARTMENT_NAME                                                                                                                                                               
------------------------- ------------------------------                                                                                                                                                
Americas                  Administration                                                                                                                                                                
Americas                  Marketing                                                                                                                                                                     
Americas                  Shiping                                                                                                                                                                       
Americas                  IT                                                                                                                                                                            
Europe                    Sales                                                                                                                                                                         
Americas                  Executive                                                                                                                                                                     
Americas                  Accounting                                                                                                                                                                    
Americas                  Contracting                                                                                                                                                                   

8 rows selected.

SQL> REM 3 REGION_NAME , DEPARTMENT_NAME
SQL> 
SQL> SELECT * FROM DEPARTMENTS;

DEPARTMENT_ID DEPARTMENT_NAME                MANAGER_ID LOCATION_ID                                                                                                                                     
------------- ------------------------------ ---------- -----------                                                                                                                                     
           10 Administration                        200        1700                                                                                                                                     
           20 Marketing                             201        1800                                                                                                                                     
           50 Shiping                               124        1500                                                                                                                                     
           60 IT                                    103        1400                                                                                                                                     
           80 Sales                                 149        2500                                                                                                                                     
           90 Executive                             100        1700                                                                                                                                     
          110 Accounting                            205        1700                                                                                                                                     
          190 Contracting                                      1700                                                                                                                                     

8 rows selected.

SQL> SELECT * FROM LOCATIONS;

       LID STREET_ADRESS                            POSTAL_CODE  CITY                           STATE_PROVINCE            CO                                                                            
---------- ---------------------------------------- ------------ ------------------------------ ------------------------- --                                                                            
      1400 2014 Jabberwocky Rd                      26192        Southlake                      Texas                     US                                                                            
      1500 2011 Interiors Blvd                      99236        South San Francisco            California                US                                                                            
      1700 2004 Charade Rd                          98199        Seattle                        Washington                US                                                                            
      1800 460 Bloor St. W.                         ON M5S 1X8   Toronto                        Ontario                   CA                                                                            
      2500 Magdalen Centre, The Oxford Science Park OX9 9ZB      Oxford                         Oxford                    UK                                                                            

SQL> SELECT * FROM COUNTRIES;

CI COUNTRY_NAME                              REGION_ID                                                                                                                                                  
-- ---------------------------------------- ----------                                                                                                                                                  
CA Canada                                            2                                                                                                                                                  
DE Germany                                           1                                                                                                                                                  
UK United Kingdom                                    1                                                                                                                                                  
US United States of America                          2                                                                                                                                                  

SQL> SELECT * FROM REGIONS;

 REGION_ID REGION_NAME                                                                                                                                                                                  
---------- -------------------------                                                                                                                                                                    
         1 Europe                                                                                                                                                                                       
         2 Americas                                                                                                                                                                                     
         3 Asia                                                                                                                                                                                         
         4 Middle East and Africa                                                                                                                                                                       

SQL> REM E D L C R
SQL> 
SQL> SELECT REGION_NAME , DEPARTMENT_NAME
  2  FROM REGIONS
  3  JOIN COUNTRIES USING (REGION_ID)
  4  JOIN LOCATIONS ON CID = COUNTRY_ID
  5  JOIN DEPARTMENTS ON LID = LOCATION_ID;

REGION_NAME               DEPARTMENT_NAME                                                                                                                                                               
------------------------- ------------------------------                                                                                                                                                
Americas                  Administration                                                                                                                                                                
Americas                  Marketing                                                                                                                                                                     
Americas                  Shiping                                                                                                                                                                       
Americas                  IT                                                                                                                                                                            
Europe                    Sales                                                                                                                                                                         
Americas                  Executive                                                                                                                                                                     
Americas                  Accounting                                                                                                                                                                    
Americas                  Contracting                                                                                                                                                                   

8 rows selected.

SQL> ALTER TABLE LOCATIONS RENAME COLUMN LID TO LOCATION_ID;

Table altered.

SQL> ALTER TABLE COUNTRIES RENAME COLUMN CID TO COUNTRY_ID;

Table altered.

SQL> REM NATURAL JOIN
SQL> 
SQL> SELECT * FROM EMPLOYEES;

EMPLOYEE_ID FIRST_NAME      LAST_NAME       EMAIL      PHONE_NUMBER         HIRE_DATE JOB_ID         SALARY COMMISSION_PCT MANAGER_ID DEPARTMENT_ID                                                     
----------- --------------- --------------- ---------- -------------------- --------- ---------- ---------- -------------- ---------- -------------                                                     
        100 Steven          King            SKING      515.123.4567         17-JUL-87 AD_PRES         24000                                      90                                                     
        101 Neena           Kochhar         NKOCHHAR   515.123.4568         21-SEP-89 AD_VP           17000                       100            90                                                     
        102 Lex             De Haan         LDEHAAN    515.123.4569         13-JAN-93 AD_VP           17000                       100            90                                                     
        103 Alexander       Hunold          AHUNOLD    590.423.4567         03-JAN-90 IT_PROG          9000                       102            60                                                     
        104 Bruce           Ernst           BERNST     590.423.4568         21-MAY-91 IT_PROG          6000                       103            60                                                     
        107 Diana           Lorentz         DLORENTZ   590.423.5567         07-FEB-99 IT_PROG          4200                       103            60                                                     
        124 Kevin           Mourgos         KMOURGOS   650.123.5234         16-NOV-99 ST_MAN           5800                       100            50                                                     
        141 Trenna          Rajs            TRAJS      650.121.8009         17-OCT-95 ST_CLERK         3500                       124            50                                                     
        142 Curtis          Davies          CDAVIES    650.121.2994         29-JAN-97 ST_CLERK         3100                       124            50                                                     
        143 Randall         Matos           RMATOS     650.121.2874         15-MAR-98 ST_CLERK         2600                       124            50                                                     
        144 Peter           Vargas                     650.121.2004         09-JUL-98 ST_CLERK         2500                       124            50                                                     
        149 Eleni           Zlotkey         EZLOTKEY   011.44.1344.429018   29-JAN-00 SA_MAN          10500             .2        100            80                                                     
        174 Ellen           Abel            EABEL      011.44.1644.429267   11-MAY-96 SA_REP          11000             .3        149            80                                                     
        176 Jonathon        Taylor          JTAYLOR    011.44.1644.429265   24-MAR-98 SA_REP           8600             .3        149            80                                                     
        178 Kimerely        Grant           KGRANT     011.44.1644.429263   24-MAY-99 SA_REP           7000            .15        149                                                                   
        200 Jennifer        Whalen          JWHALEN    515.123.4444         17-SEP-87 AD_ASST          4400                       101            10                                                     
        201 Michael         Hartstein       MHARTSTE   515.123.5555         17-FEB-96 MK_MAN          13000                       100            20                                                     
        202 Pat             Fay             PFAY       603.123.6666         17-AUG-97 MK_REP           6000                       201            20                                                     
        205 Shelley         Higgins         SHIGGINS   515.123.8080         07-JUN-94 AC_MGR          12000                       101           110                                                     
        206 William         Gietz           WGIETZ     515.123.8181         07-JUN-94 AC_ACCOUNT       8300                       205           110                                                     

20 rows selected.

SQL> SELECT * FROM DEPARTMENTS;

DEPARTMENT_ID DEPARTMENT_NAME                MANAGER_ID LOCATION_ID                                                                                                                                     
------------- ------------------------------ ---------- -----------                                                                                                                                     
           10 Administration                        200        1700                                                                                                                                     
           20 Marketing                             201        1800                                                                                                                                     
           50 Shiping                               124        1500                                                                                                                                     
           60 IT                                    103        1400                                                                                                                                     
           80 Sales                                 149        2500                                                                                                                                     
           90 Executive                             100        1700                                                                                                                                     
          110 Accounting                            205        1700                                                                                                                                     
          190 Contracting                                      1700                                                                                                                                     

8 rows selected.

SQL> SET LINES 500
SQL> 
SQL> SELECT *
  2  FROM EMPLOYEES
  3  NATURAL JOIN DEPARTMENTS;

MANAGER_ID DEPARTMENT_ID EMPLOYEE_ID FIRST_NAME      LAST_NAME       EMAIL      PHONE_NUMBER         HIRE_DATE JOB_ID         SALARY COMMISSION_PCT DEPARTMENT_NAME                LOCATION_ID                                                                                                                                                                                                                                                                                                                      
---------- ------------- ----------- --------------- --------------- ---------- -------------------- --------- ---------- ---------- -------------- ------------------------------ -----------                                                                                                                                                                                                                                                                                                                      
       100            90         101 Neena           Kochhar         NKOCHHAR   515.123.4568         21-SEP-89 AD_VP           17000                Executive                             1700                                                                                                                                                                                                                                                                                                                      
       100            90         102 Lex             De Haan         LDEHAAN    515.123.4569         13-JAN-93 AD_VP           17000                Executive                             1700                                                                                                                                                                                                                                                                                                                      
       103            60         104 Bruce           Ernst           BERNST     590.423.4568         21-MAY-91 IT_PROG          6000                IT                                    1400                                                                                                                                                                                                                                                                                                                      
       103            60         107 Diana           Lorentz         DLORENTZ   590.423.5567         07-FEB-99 IT_PROG          4200                IT                                    1400                                                                                                                                                                                                                                                                                                                      
       124            50         141 Trenna          Rajs            TRAJS      650.121.8009         17-OCT-95 ST_CLERK         3500                Shiping                               1500                                                                                                                                                                                                                                                                                                                      
       124            50         142 Curtis          Davies          CDAVIES    650.121.2994         29-JAN-97 ST_CLERK         3100                Shiping                               1500                                                                                                                                                                                                                                                                                                                      
       124            50         143 Randall         Matos           RMATOS     650.121.2874         15-MAR-98 ST_CLERK         2600                Shiping                               1500                                                                                                                                                                                                                                                                                                                      
       124            50         144 Peter           Vargas                     650.121.2004         09-JUL-98 ST_CLERK         2500                Shiping                               1500                                                                                                                                                                                                                                                                                                                      
       149            80         174 Ellen           Abel            EABEL      011.44.1644.429267   11-MAY-96 SA_REP          11000             .3 Sales                                 2500                                                                                                                                                                                                                                                                                                                      
       149            80         176 Jonathon        Taylor          JTAYLOR    011.44.1644.429265   24-MAR-98 SA_REP           8600             .3 Sales                                 2500                                                                                                                                                                                                                                                                                                                      
       201            20         202 Pat             Fay             PFAY       603.123.6666         17-AUG-97 MK_REP           6000                Marketing                             1800                                                                                                                                                                                                                                                                                                                      
       205           110         206 William         Gietz           WGIETZ     515.123.8181         07-JUN-94 AC_ACCOUNT       8300                Accounting                            1700                                                                                                                                                                                                                                                                                                                      

12 rows selected.

SQL> SELECT *
  2  FROM EMPLOYEES
  3  INNER JOIN DEPARTMENTS USING (DEPARTMENT_ID , MANAGER_ID);

DEPARTMENT_ID MANAGER_ID EMPLOYEE_ID FIRST_NAME      LAST_NAME       EMAIL      PHONE_NUMBER         HIRE_DATE JOB_ID         SALARY COMMISSION_PCT DEPARTMENT_NAME                LOCATION_ID                                                                                                                                                                                                                                                                                                                      
------------- ---------- ----------- --------------- --------------- ---------- -------------------- --------- ---------- ---------- -------------- ------------------------------ -----------                                                                                                                                                                                                                                                                                                                      
           90        100         101 Neena           Kochhar         NKOCHHAR   515.123.4568         21-SEP-89 AD_VP           17000                Executive                             1700                                                                                                                                                                                                                                                                                                                      
           90        100         102 Lex             De Haan         LDEHAAN    515.123.4569         13-JAN-93 AD_VP           17000                Executive                             1700                                                                                                                                                                                                                                                                                                                      
           60        103         104 Bruce           Ernst           BERNST     590.423.4568         21-MAY-91 IT_PROG          6000                IT                                    1400                                                                                                                                                                                                                                                                                                                      
           60        103         107 Diana           Lorentz         DLORENTZ   590.423.5567         07-FEB-99 IT_PROG          4200                IT                                    1400                                                                                                                                                                                                                                                                                                                      
           50        124         141 Trenna          Rajs            TRAJS      650.121.8009         17-OCT-95 ST_CLERK         3500                Shiping                               1500                                                                                                                                                                                                                                                                                                                      
           50        124         142 Curtis          Davies          CDAVIES    650.121.2994         29-JAN-97 ST_CLERK         3100                Shiping                               1500                                                                                                                                                                                                                                                                                                                      
           50        124         143 Randall         Matos           RMATOS     650.121.2874         15-MAR-98 ST_CLERK         2600                Shiping                               1500                                                                                                                                                                                                                                                                                                                      
           50        124         144 Peter           Vargas                     650.121.2004         09-JUL-98 ST_CLERK         2500                Shiping                               1500                                                                                                                                                                                                                                                                                                                      
           80        149         174 Ellen           Abel            EABEL      011.44.1644.429267   11-MAY-96 SA_REP          11000             .3 Sales                                 2500                                                                                                                                                                                                                                                                                                                      
           80        149         176 Jonathon        Taylor          JTAYLOR    011.44.1644.429265   24-MAR-98 SA_REP           8600             .3 Sales                                 2500                                                                                                                                                                                                                                                                                                                      
           20        201         202 Pat             Fay             PFAY       603.123.6666         17-AUG-97 MK_REP           6000                Marketing                             1800                                                                                                                                                                                                                                                                                                                      
          110        205         206 William         Gietz           WGIETZ     515.123.8181         07-JUN-94 AC_ACCOUNT       8300                Accounting                            1700                                                                                                                                                                                                                                                                                                                      

12 rows selected.

SQL> SELECT *
  2  FROM EMPLOYEES
  3  INNER JOIN DEPARTMENTS USING (MANAGER_ID , DEPARTMENT_ID);

MANAGER_ID DEPARTMENT_ID EMPLOYEE_ID FIRST_NAME      LAST_NAME       EMAIL      PHONE_NUMBER         HIRE_DATE JOB_ID         SALARY COMMISSION_PCT DEPARTMENT_NAME                LOCATION_ID                                                                                                                                                                                                                                                                                                                      
---------- ------------- ----------- --------------- --------------- ---------- -------------------- --------- ---------- ---------- -------------- ------------------------------ -----------                                                                                                                                                                                                                                                                                                                      
       100            90         101 Neena           Kochhar         NKOCHHAR   515.123.4568         21-SEP-89 AD_VP           17000                Executive                             1700                                                                                                                                                                                                                                                                                                                      
       100            90         102 Lex             De Haan         LDEHAAN    515.123.4569         13-JAN-93 AD_VP           17000                Executive                             1700                                                                                                                                                                                                                                                                                                                      
       103            60         104 Bruce           Ernst           BERNST     590.423.4568         21-MAY-91 IT_PROG          6000                IT                                    1400                                                                                                                                                                                                                                                                                                                      
       103            60         107 Diana           Lorentz         DLORENTZ   590.423.5567         07-FEB-99 IT_PROG          4200                IT                                    1400                                                                                                                                                                                                                                                                                                                      
       124            50         141 Trenna          Rajs            TRAJS      650.121.8009         17-OCT-95 ST_CLERK         3500                Shiping                               1500                                                                                                                                                                                                                                                                                                                      
       124            50         142 Curtis          Davies          CDAVIES    650.121.2994         29-JAN-97 ST_CLERK         3100                Shiping                               1500                                                                                                                                                                                                                                                                                                                      
       124            50         143 Randall         Matos           RMATOS     650.121.2874         15-MAR-98 ST_CLERK         2600                Shiping                               1500                                                                                                                                                                                                                                                                                                                      
       124            50         144 Peter           Vargas                     650.121.2004         09-JUL-98 ST_CLERK         2500                Shiping                               1500                                                                                                                                                                                                                                                                                                                      
       149            80         174 Ellen           Abel            EABEL      011.44.1644.429267   11-MAY-96 SA_REP          11000             .3 Sales                                 2500                                                                                                                                                                                                                                                                                                                      
       149            80         176 Jonathon        Taylor          JTAYLOR    011.44.1644.429265   24-MAR-98 SA_REP           8600             .3 Sales                                 2500                                                                                                                                                                                                                                                                                                                      
       201            20         202 Pat             Fay             PFAY       603.123.6666         17-AUG-97 MK_REP           6000                Marketing                             1800                                                                                                                                                                                                                                                                                                                      
       205           110         206 William         Gietz           WGIETZ     515.123.8181         07-JUN-94 AC_ACCOUNT       8300                Accounting                            1700                                                                                                                                                                                                                                                                                                                      

12 rows selected.

SQL> SELECT *
  2  FROM EMPLOYEES
  3  INNER JOIN DEPARTMENTS USING (DEPARTMENT_ID);

DEPARTMENT_ID EMPLOYEE_ID FIRST_NAME      LAST_NAME       EMAIL      PHONE_NUMBER         HIRE_DATE JOB_ID         SALARY COMMISSION_PCT MANAGER_ID DEPARTMENT_NAME                MANAGER_ID LOCATION_ID                                                                                                                                                                                                                                                                                                           
------------- ----------- --------------- --------------- ---------- -------------------- --------- ---------- ---------- -------------- ---------- ------------------------------ ---------- -----------                                                                                                                                                                                                                                                                                                           
           10         200 Jennifer        Whalen          JWHALEN    515.123.4444         17-SEP-87 AD_ASST          4400                       101 Administration                        200        1700                                                                                                                                                                                                                                                                                                           
           20         201 Michael         Hartstein       MHARTSTE   515.123.5555         17-FEB-96 MK_MAN          13000                       100 Marketing                             201        1800                                                                                                                                                                                                                                                                                                           
           20         202 Pat             Fay             PFAY       603.123.6666         17-AUG-97 MK_REP           6000                       201 Marketing                             201        1800                                                                                                                                                                                                                                                                                                           
           50         124 Kevin           Mourgos         KMOURGOS   650.123.5234         16-NOV-99 ST_MAN           5800                       100 Shiping                               124        1500                                                                                                                                                                                                                                                                                                           
           50         144 Peter           Vargas                     650.121.2004         09-JUL-98 ST_CLERK         2500                       124 Shiping                               124        1500                                                                                                                                                                                                                                                                                                           
           50         143 Randall         Matos           RMATOS     650.121.2874         15-MAR-98 ST_CLERK         2600                       124 Shiping                               124        1500                                                                                                                                                                                                                                                                                                           
           50         142 Curtis          Davies          CDAVIES    650.121.2994         29-JAN-97 ST_CLERK         3100                       124 Shiping                               124        1500                                                                                                                                                                                                                                                                                                           
           50         141 Trenna          Rajs            TRAJS      650.121.8009         17-OCT-95 ST_CLERK         3500                       124 Shiping                               124        1500                                                                                                                                                                                                                                                                                                           
           60         107 Diana           Lorentz         DLORENTZ   590.423.5567         07-FEB-99 IT_PROG          4200                       103 IT                                    103        1400                                                                                                                                                                                                                                                                                                           
           60         104 Bruce           Ernst           BERNST     590.423.4568         21-MAY-91 IT_PROG          6000                       103 IT                                    103        1400                                                                                                                                                                                                                                                                                                           
           60         103 Alexander       Hunold          AHUNOLD    590.423.4567         03-JAN-90 IT_PROG          9000                       102 IT                                    103        1400                                                                                                                                                                                                                                                                                                           
           80         174 Ellen           Abel            EABEL      011.44.1644.429267   11-MAY-96 SA_REP          11000             .3        149 Sales                                 149        2500                                                                                                                                                                                                                                                                                                           
           80         149 Eleni           Zlotkey         EZLOTKEY   011.44.1344.429018   29-JAN-00 SA_MAN          10500             .2        100 Sales                                 149        2500                                                                                                                                                                                                                                                                                                           
           80         176 Jonathon        Taylor          JTAYLOR    011.44.1644.429265   24-MAR-98 SA_REP           8600             .3        149 Sales                                 149        2500                                                                                                                                                                                                                                                                                                           
           90         102 Lex             De Haan         LDEHAAN    515.123.4569         13-JAN-93 AD_VP           17000                       100 Executive                             100        1700                                                                                                                                                                                                                                                                                                           
           90         100 Steven          King            SKING      515.123.4567         17-JUL-87 AD_PRES         24000                           Executive                             100        1700                                                                                                                                                                                                                                                                                                           
           90         101 Neena           Kochhar         NKOCHHAR   515.123.4568         21-SEP-89 AD_VP           17000                       100 Executive                             100        1700                                                                                                                                                                                                                                                                                                           
          110         206 William         Gietz           WGIETZ     515.123.8181         07-JUN-94 AC_ACCOUNT       8300                       205 Accounting                            205        1700                                                                                                                                                                                                                                                                                                           
          110         205 Shelley         Higgins         SHIGGINS   515.123.8080         07-JUN-94 AC_MGR          12000                       101 Accounting                            205        1700                                                                                                                                                                                                                                                                                                           

19 rows selected.

SQL> SELECT *
  2  FROM EMPLOYEES
  3  INNER JOIN DEPARTMENTS ON DEPARTMENT_ID = DEPARTMENT_ID;
INNER JOIN DEPARTMENTS ON DEPARTMENT_ID = DEPARTMENT_ID
                                          *
ERROR at line 3:
ORA-00918: column ambiguously defined 


SQL> SELECT *
  2  FROM EMPLOYEES
  3  INNER JOIN DEPARTMENTS D ON EMPLOYEES.DEPARTMENT_ID = D.DEPARTMENT_ID;

EMPLOYEE_ID FIRST_NAME      LAST_NAME       EMAIL      PHONE_NUMBER         HIRE_DATE JOB_ID         SALARY COMMISSION_PCT MANAGER_ID DEPARTMENT_ID DEPARTMENT_ID DEPARTMENT_NAME                MANAGER_ID LOCATION_ID                                                                                                                                                                                                                                                                                             
----------- --------------- --------------- ---------- -------------------- --------- ---------- ---------- -------------- ---------- ------------- ------------- ------------------------------ ---------- -----------                                                                                                                                                                                                                                                                                             
        200 Jennifer        Whalen          JWHALEN    515.123.4444         17-SEP-87 AD_ASST          4400                       101            10            10 Administration                        200        1700                                                                                                                                                                                                                                                                                             
        201 Michael         Hartstein       MHARTSTE   515.123.5555         17-FEB-96 MK_MAN          13000                       100            20            20 Marketing                             201        1800                                                                                                                                                                                                                                                                                             
        202 Pat             Fay             PFAY       603.123.6666         17-AUG-97 MK_REP           6000                       201            20            20 Marketing                             201        1800                                                                                                                                                                                                                                                                                             
        124 Kevin           Mourgos         KMOURGOS   650.123.5234         16-NOV-99 ST_MAN           5800                       100            50            50 Shiping                               124        1500                                                                                                                                                                                                                                                                                             
        144 Peter           Vargas                     650.121.2004         09-JUL-98 ST_CLERK         2500                       124            50            50 Shiping                               124        1500                                                                                                                                                                                                                                                                                             
        143 Randall         Matos           RMATOS     650.121.2874         15-MAR-98 ST_CLERK         2600                       124            50            50 Shiping                               124        1500                                                                                                                                                                                                                                                                                             
        142 Curtis          Davies          CDAVIES    650.121.2994         29-JAN-97 ST_CLERK         3100                       124            50            50 Shiping                               124        1500                                                                                                                                                                                                                                                                                             
        141 Trenna          Rajs            TRAJS      650.121.8009         17-OCT-95 ST_CLERK         3500                       124            50            50 Shiping                               124        1500                                                                                                                                                                                                                                                                                             
        107 Diana           Lorentz         DLORENTZ   590.423.5567         07-FEB-99 IT_PROG          4200                       103            60            60 IT                                    103        1400                                                                                                                                                                                                                                                                                             
        104 Bruce           Ernst           BERNST     590.423.4568         21-MAY-91 IT_PROG          6000                       103            60            60 IT                                    103        1400                                                                                                                                                                                                                                                                                             
        103 Alexander       Hunold          AHUNOLD    590.423.4567         03-JAN-90 IT_PROG          9000                       102            60            60 IT                                    103        1400                                                                                                                                                                                                                                                                                             
        174 Ellen           Abel            EABEL      011.44.1644.429267   11-MAY-96 SA_REP          11000             .3        149            80            80 Sales                                 149        2500                                                                                                                                                                                                                                                                                             
        149 Eleni           Zlotkey         EZLOTKEY   011.44.1344.429018   29-JAN-00 SA_MAN          10500             .2        100            80            80 Sales                                 149        2500                                                                                                                                                                                                                                                                                             
        176 Jonathon        Taylor          JTAYLOR    011.44.1644.429265   24-MAR-98 SA_REP           8600             .3        149            80            80 Sales                                 149        2500                                                                                                                                                                                                                                                                                             
        102 Lex             De Haan         LDEHAAN    515.123.4569         13-JAN-93 AD_VP           17000                       100            90            90 Executive                             100        1700                                                                                                                                                                                                                                                                                             
        100 Steven          King            SKING      515.123.4567         17-JUL-87 AD_PRES         24000                                      90            90 Executive                             100        1700                                                                                                                                                                                                                                                                                             
        101 Neena           Kochhar         NKOCHHAR   515.123.4568         21-SEP-89 AD_VP           17000                       100            90            90 Executive                             100        1700                                                                                                                                                                                                                                                                                             
        206 William         Gietz           WGIETZ     515.123.8181         07-JUN-94 AC_ACCOUNT       8300                       205           110           110 Accounting                            205        1700                                                                                                                                                                                                                                                                                             
        205 Shelley         Higgins         SHIGGINS   515.123.8080         07-JUN-94 AC_MGR          12000                       101           110           110 Accounting                            205        1700                                                                                                                                                                                                                                                                                             

19 rows selected.

SQL> SELECT *
  2  FROM EMPLOYEES
  3  INNER JOIN DEPARTMENTS D ON EMPLOYEES.DEPARTMENT_ID = DEPARTMENTS.DEPARTMENT_ID;
INNER JOIN DEPARTMENTS D ON EMPLOYEES.DEPARTMENT_ID = DEPARTMENTS.DEPARTMENT_ID
                                                      *
ERROR at line 3:
ORA-00904: "DEPARTMENTS"."DEPARTMENT_ID": invalid identifier 


SQL> SELECT *
  2  FROM EMPLOYEES
  3  INNER JOIN DEPARTMENTS D ON E.DEPARTMENT_ID = D.DEPARTMENT_ID;
INNER JOIN DEPARTMENTS D ON E.DEPARTMENT_ID = D.DEPARTMENT_ID
                            *
ERROR at line 3:
ORA-00904: "E"."DEPARTMENT_ID": invalid identifier 


SQL> REM TYPES OF COLUMNS : 1 COMMON 2 UNCOMMON
SQL> 
SQL> REM COMMON : WHICH IS/ARE AVAILABLE IN BOTH TABLES
SQL> 
SQL> REM UNCOMMON : WHICH IS/ARE AVAILABLE IN SINGLE TABLE
SQL> 
SQL> 
SQL> 
SQL> REM TYPES OF COMMON COLUMNS : 1 REMOVED FROM RESULT SET 2 KEPT IN RESULT SET
SQL> 
SQL> 
SQL> 
SQL> REM THE COMMON COLUMNS WHICH ARE REMOVED RESULT SET CAN'T BE QUALIFIED.
SQL> 
SQL> REM THE COMMON COLUMNS WHICH ARE KEPT IN RESULT SET MUST BE QUALIFIED.
SQL> 
SQL> 
SQL> 
SQL> 
SQL> REM UNCOMMON COLUMNS MAY BE OPTIONALLY QUALIFIED.
SQL> 
SQL> 
SQL> REM FIRST_NAME , DEPARTMENT_ID , MANAGER_ID , DEPARTMENT_NAME
SQL> 
SQL> REM 1 NJ 2 IJ USING 3 IJ ON
SQL> 
SQL> 
SQL> REM NATURAL JOIN
SQL> 
SQL> SELECT FIRST_NAME , DEPARTMENT_ID , MANAGER_ID , DEPARTMENT_NAME
  2  FROM EMPLOYEES
  3  NATURAL JOIN DEPARTMENTS;

FIRST_NAME      DEPARTMENT_ID MANAGER_ID DEPARTMENT_NAME                                                                                                                                                                                                                                                                                                                                                                                                                                                            
--------------- ------------- ---------- ------------------------------                                                                                                                                                                                                                                                                                                                                                                                                                                             
Neena                      90        100 Executive                                                                                                                                                                                                                                                                                                                                                                                                                                                                  
Lex                        90        100 Executive                                                                                                                                                                                                                                                                                                                                                                                                                                                                  
Bruce                      60        103 IT                                                                                                                                                                                                                                                                                                                                                                                                                                                                         
Diana                      60        103 IT                                                                                                                                                                                                                                                                                                                                                                                                                                                                         
Trenna                     50        124 Shiping                                                                                                                                                                                                                                                                                                                                                                                                                                                                    
Curtis                     50        124 Shiping                                                                                                                                                                                                                                                                                                                                                                                                                                                                    
Randall                    50        124 Shiping                                                                                                                                                                                                                                                                                                                                                                                                                                                                    
Peter                      50        124 Shiping                                                                                                                                                                                                                                                                                                                                                                                                                                                                    
Ellen                      80        149 Sales                                                                                                                                                                                                                                                                                                                                                                                                                                                                      
Jonathon                   80        149 Sales                                                                                                                                                                                                                                                                                                                                                                                                                                                                      
Pat                        20        201 Marketing                                                                                                                                                                                                                                                                                                                                                                                                                                                                  
William                   110        205 Accounting                                                                                                                                                                                                                                                                                                                                                                                                                                                                 

12 rows selected.

SQL> REM INNER JOIN USING
SQL> 
SQL> SELECT FIRST_NAME , DEPARTMENT_ID , E.MANAGER_ID EMP_MGR, D.MANAGER_ID DEPT_MGR, DEPARTMENT_NAME
  2  FROM EMPLOYEES E
  3  JOIN DEPARTMENTS D USING (DEPARTMENT_ID);

FIRST_NAME      DEPARTMENT_ID    EMP_MGR   DEPT_MGR DEPARTMENT_NAME                                                                                                                                                                                                                                                                                                                                                                                                                                                 
--------------- ------------- ---------- ---------- ------------------------------                                                                                                                                                                                                                                                                                                                                                                                                                                  
Jennifer                   10        101        200 Administration                                                                                                                                                                                                                                                                                                                                                                                                                                                  
Michael                    20        100        201 Marketing                                                                                                                                                                                                                                                                                                                                                                                                                                                       
Pat                        20        201        201 Marketing                                                                                                                                                                                                                                                                                                                                                                                                                                                       
Kevin                      50        100        124 Shiping                                                                                                                                                                                                                                                                                                                                                                                                                                                         
Peter                      50        124        124 Shiping                                                                                                                                                                                                                                                                                                                                                                                                                                                         
Randall                    50        124        124 Shiping                                                                                                                                                                                                                                                                                                                                                                                                                                                         
Curtis                     50        124        124 Shiping                                                                                                                                                                                                                                                                                                                                                                                                                                                         
Trenna                     50        124        124 Shiping                                                                                                                                                                                                                                                                                                                                                                                                                                                         
Diana                      60        103        103 IT                                                                                                                                                                                                                                                                                                                                                                                                                                                              
Bruce                      60        103        103 IT                                                                                                                                                                                                                                                                                                                                                                                                                                                              
Alexander                  60        102        103 IT                                                                                                                                                                                                                                                                                                                                                                                                                                                              
Ellen                      80        149        149 Sales                                                                                                                                                                                                                                                                                                                                                                                                                                                           
Eleni                      80        100        149 Sales                                                                                                                                                                                                                                                                                                                                                                                                                                                           
Jonathon                   80        149        149 Sales                                                                                                                                                                                                                                                                                                                                                                                                                                                           
Lex                        90        100        100 Executive                                                                                                                                                                                                                                                                                                                                                                                                                                                       
Steven                     90                   100 Executive                                                                                                                                                                                                                                                                                                                                                                                                                                                       
Neena                      90        100        100 Executive                                                                                                                                                                                                                                                                                                                                                                                                                                                       
William                   110        205        205 Accounting                                                                                                                                                                                                                                                                                                                                                                                                                                                      
Shelley                   110        101        205 Accounting                                                                                                                                                                                                                                                                                                                                                                                                                                                      

19 rows selected.

SQL> SELECT FIRST_NAME , E.DEPARTMENT_ID , D.DEPARTMENT_ID , E.MANAGER_ID EMP_MGR, D.MANAGER_ID DEPT_MGR, DEPARTMENT_NAME
  2  FROM EMPLOYEES E
  3  JOIN DEPARTMENTS D ON E.DEPARTMENT_ID = D.DEPARTMENT_ID;

FIRST_NAME      DEPARTMENT_ID DEPARTMENT_ID    EMP_MGR   DEPT_MGR DEPARTMENT_NAME                                                                                                                                                                                                                                                                                                                                                                                                                                   
--------------- ------------- ------------- ---------- ---------- ------------------------------                                                                                                                                                                                                                                                                                                                                                                                                                    
Jennifer                   10            10        101        200 Administration                                                                                                                                                                                                                                                                                                                                                                                                                                    
Michael                    20            20        100        201 Marketing                                                                                                                                                                                                                                                                                                                                                                                                                                         
Pat                        20            20        201        201 Marketing                                                                                                                                                                                                                                                                                                                                                                                                                                         
Kevin                      50            50        100        124 Shiping                                                                                                                                                                                                                                                                                                                                                                                                                                           
Peter                      50            50        124        124 Shiping                                                                                                                                                                                                                                                                                                                                                                                                                                           
Randall                    50            50        124        124 Shiping                                                                                                                                                                                                                                                                                                                                                                                                                                           
Curtis                     50            50        124        124 Shiping                                                                                                                                                                                                                                                                                                                                                                                                                                           
Trenna                     50            50        124        124 Shiping                                                                                                                                                                                                                                                                                                                                                                                                                                           
Diana                      60            60        103        103 IT                                                                                                                                                                                                                                                                                                                                                                                                                                                
Bruce                      60            60        103        103 IT                                                                                                                                                                                                                                                                                                                                                                                                                                                
Alexander                  60            60        102        103 IT                                                                                                                                                                                                                                                                                                                                                                                                                                                
Ellen                      80            80        149        149 Sales                                                                                                                                                                                                                                                                                                                                                                                                                                             
Eleni                      80            80        100        149 Sales                                                                                                                                                                                                                                                                                                                                                                                                                                             
Jonathon                   80            80        149        149 Sales                                                                                                                                                                                                                                                                                                                                                                                                                                             
Lex                        90            90        100        100 Executive                                                                                                                                                                                                                                                                                                                                                                                                                                         
Steven                     90            90                   100 Executive                                                                                                                                                                                                                                                                                                                                                                                                                                         
Neena                      90            90        100        100 Executive                                                                                                                                                                                                                                                                                                                                                                                                                                         
William                   110           110        205        205 Accounting                                                                                                                                                                                                                                                                                                                                                                                                                                        
Shelley                   110           110        101        205 Accounting                                                                                                                                                                                                                                                                                                                                                                                                                                        

19 rows selected.

SQL> SPOOL OFF
