SQL> 
SQL> REM FUNCTIONS : NVL , POWER , SQRT
SQL> 
SQL> REM FUNCTION : IT MAY OR MAY NOT TAKE INPUT, PROCESS IT AND RETURNS SOME VALUE.
SQL> 
SQL> SELECT SYSDATE FROM DUAL;

SYSDATE                                                                                                                                                                                                 
---------                                                                                                                                                                                               
26-JAN-24                                                                                                                                                                                               

SQL> SELECT SQRT(36) FROM DUAL;

  SQRT(36)                                                                                                                                                                                              
----------                                                                                                                                                                                              
         6                                                                                                                                                                                              

SQL> REM TYPES OF FUNCTIONS : 1 SINGLE ROW FUNCTIONS 2 MULTI ROW FUNCTIONS
SQL> 
SQL> REM SINGLE ROW FUNCTION : IT READS/TAKES SINGLE ROW AS INPUT , PROCESSES IT AND RETURNS SINGLE VALUE FOR EACH INPUT ROW.
SQL> 
SQL> REM MULTI ROW FUNCTION : IT READS/TAKES MULTIPLE ROWS AS INPUT , PROCESSES IT AND RETURNS SINGLE OR MULTIPLE ROWS AS OUTPUT.
SQL> 
SQL> REM SINGLE ROW FUNCTION : IT READS/TAKES SINGLE ROW AS INPUT , PROCESSES IT AND RETURNS SINGLE VALUE FOR EACH INPUT ROW.
SQL> 
SQL> SELECT EMAIL FROM EMPLOYEES;

EMAIL                                                                                                                                                                                                   
----------                                                                                                                                                                                              
SKING                                                                                                                                                                                                   
NKOCHHAR                                                                                                                                                                                                
LDEHAAN                                                                                                                                                                                                 
AHUNOLD                                                                                                                                                                                                 
BERNST                                                                                                                                                                                                  
DLORENTZ                                                                                                                                                                                                
KMOURGOS                                                                                                                                                                                                
TRAJS                                                                                                                                                                                                   
CDAVIES                                                                                                                                                                                                 
RMATOS                                                                                                                                                                                                  
                                                                                                                                                                                                        
EZLOTKEY                                                                                                                                                                                                
EABEL                                                                                                                                                                                                   
JTAYLOR                                                                                                                                                                                                 
KGRANT                                                                                                                                                                                                  
JWHALEN                                                                                                                                                                                                 
MHARTSTE                                                                                                                                                                                                
PFAY                                                                                                                                                                                                    
SHIGGINS                                                                                                                                                                                                
WGIETZ                                                                                                                                                                                                  

20 rows selected.

SQL> SELECT EMAIL , LOWER(EMAIL) FROM EMPLOYEES;

EMAIL      LOWER(EMAI                                                                                                                                                                                   
---------- ----------                                                                                                                                                                                   
SKING      sking                                                                                                                                                                                        
NKOCHHAR   nkochhar                                                                                                                                                                                     
LDEHAAN    ldehaan                                                                                                                                                                                      
AHUNOLD    ahunold                                                                                                                                                                                      
BERNST     bernst                                                                                                                                                                                       
DLORENTZ   dlorentz                                                                                                                                                                                     
KMOURGOS   kmourgos                                                                                                                                                                                     
TRAJS      trajs                                                                                                                                                                                        
CDAVIES    cdavies                                                                                                                                                                                      
RMATOS     rmatos                                                                                                                                                                                       
                                                                                                                                                                                                        
EZLOTKEY   ezlotkey                                                                                                                                                                                     
EABEL      eabel                                                                                                                                                                                        
JTAYLOR    jtaylor                                                                                                                                                                                      
KGRANT     kgrant                                                                                                                                                                                       
JWHALEN    jwhalen                                                                                                                                                                                      
MHARTSTE   mhartste                                                                                                                                                                                     
PFAY       pfay                                                                                                                                                                                         
SHIGGINS   shiggins                                                                                                                                                                                     
WGIETZ     wgietz                                                                                                                                                                                       

20 rows selected.

SQL> SELECT EMAIL , LOWER(EMAIL) FROM EMPLOYEES WHERE SALARY > 10000;

EMAIL      LOWER(EMAI                                                                                                                                                                                   
---------- ----------                                                                                                                                                                                   
SKING      sking                                                                                                                                                                                        
NKOCHHAR   nkochhar                                                                                                                                                                                     
LDEHAAN    ldehaan                                                                                                                                                                                      
EZLOTKEY   ezlotkey                                                                                                                                                                                     
EABEL      eabel                                                                                                                                                                                        
MHARTSTE   mhartste                                                                                                                                                                                     
SHIGGINS   shiggins                                                                                                                                                                                     

7 rows selected.

SQL> SELECT LOWER('HI hello bYE') FROM DUAL;

LOWER('HIHEL                                                                                                                                                                                            
------------                                                                                                                                                                                            
hi hello bye                                                                                                                                                                                            

SQL> REM CHAPTER 1 SELECT SYNTAX : SELECT ... FROM ...;
SQL> 
SQL> REM CHAPTER 2 SELECT SYNTAX : SELECT ... FROM ... WHERE ... ORDER BY ... OFFSET ... FETCH ...;
SQL> 
SQL> REM CHAPTER 5 SELECT SYNTAX : SELECT ... FROM ... WHERE ... GROUP BY ... | HAVING ... ORDER BY ... OFFSET ... FETCH ...;
SQL> 
SQL> REM MULTI ROW FUNCTION : IT READS/TAKES MULTIPLE ROWS AS INPUT , PROCESSES IT AND RETURNS SINGLE OR MULTIPLE ROWS AS OUTPUT.
SQL> 
SQL> SELECT DEPARTMENT_ID , SALARY FROM EMPLOYEES;

DEPARTMENT_ID     SALARY                                                                                                                                                                                
------------- ----------                                                                                                                                                                                
           90      24000                                                                                                                                                                                
           90      17000                                                                                                                                                                                
           90      17000                                                                                                                                                                                
           60       9000                                                                                                                                                                                
           60       6000                                                                                                                                                                                
           60       4200                                                                                                                                                                                
           50       5800                                                                                                                                                                                
           50       3500                                                                                                                                                                                
           50       3100                                                                                                                                                                                
           50       2600                                                                                                                                                                                
           50       2500                                                                                                                                                                                
           80      10500                                                                                                                                                                                
           80      11000                                                                                                                                                                                
           80       8600                                                                                                                                                                                
                    7000                                                                                                                                                                                
           10       4400                                                                                                                                                                                
           20      13000                                                                                                                                                                                
           20       6000                                                                                                                                                                                
          110      12000                                                                                                                                                                                
          110       8300                                                                                                                                                                                

20 rows selected.

SQL> SELECT DEPARTMENT_ID , SALARY FROM EMPLOYEES ORDER BY 1,2;

DEPARTMENT_ID     SALARY                                                                                                                                                                                
------------- ----------                                                                                                                                                                                
           10       4400                                                                                                                                                                                
           20       6000                                                                                                                                                                                
           20      13000                                                                                                                                                                                
           50       2500                                                                                                                                                                                
           50       2600                                                                                                                                                                                
           50       3100                                                                                                                                                                                
           50       3500                                                                                                                                                                                
           50       5800                                                                                                                                                                                
           60       4200                                                                                                                                                                                
           60       6000                                                                                                                                                                                
           60       9000                                                                                                                                                                                
           80       8600                                                                                                                                                                                
           80      10500                                                                                                                                                                                
           80      11000                                                                                                                                                                                
           90      17000                                                                                                                                                                                
           90      17000                                                                                                                                                                                
           90      24000                                                                                                                                                                                
          110       8300                                                                                                                                                                                
          110      12000                                                                                                                                                                                
                    7000                                                                                                                                                                                

20 rows selected.

SQL> REM CHAPTER 5 SELECT SYNTAX : SELECT ... FROM ... WHERE ... GROUP BY ... | HAVING ... ORDER BY ... OFFSET ... FETCH ...;
SQL> 
SQL> REM IF WE OMIT 'GROUP BY' CLAUSE, MULTI ROW FUNCTION WILL RETURN SINGLE ROW.
SQL> 
SQL> REM IF WE USE 'GROUP BY' CLAUSE, MULTI ROW FUNCTION WILL RETURN MULTIPLE ROWS.
SQL> 
SQL> SELECT MIN(SALARY) FROM EMPLOYEES;

MIN(SALARY)                                                                                                                                                                                             
-----------                                                                                                                                                                                             
       2500                                                                                                                                                                                             

SQL> SELECT DEPARTMENT_ID , MIN(SALARY) FROM EMPLOYEES GROUP BY DEPARTMENT_ID ORDER BY 1;

DEPARTMENT_ID MIN(SALARY)                                                                                                                                                                               
------------- -----------                                                                                                                                                                               
           10        4400                                                                                                                                                                               
           20        6000                                                                                                                                                                               
           50        2500                                                                                                                                                                               
           60        4200                                                                                                                                                                               
           80        8600                                                                                                                                                                               
           90       17000                                                                                                                                                                               
          110        8300                                                                                                                                                                               
                     7000                                                                                                                                                                               

8 rows selected.

SQL> REM TYPES OF SINGLE ROW FUNCTIONS : 1 CHARACTER 2 NUMBER 3 DATE 4 CONVERSION 5 GENERAL
SQL> 
SQL> REM CHAPTER 3 : 1 CHARACTER 2 NUMBER 3 DATE
SQL> 
SQL> REM CHAPTER 4 : 4 CONVERSION 5 GENERAL
SQL> 
SQL> REM CHAPTER 5 : MULTI ROW FUNCTIONS + GROUP BY + HAVING + NESTES SUMMARY FUNCTIONS + PCM (PIVOT / CROSS TAB / MATRIX REPORT )
SQL> 
SQL> 
SQL> 
SQL> REM CHAPTER 3 : 1 CHARACTER 2 NUMBER 3 DATE
SQL> 
SQL> REM TYPES OF CHARACTER FUNCTIONS : 1 CASE MANIPULATION 2 CHARACTER MANIPULATION
SQL> 
SQL> REM MANIPULATION FUNCTIONS : ANY TYPE OF CHANGES
SQL> 
SQL> REM WE CAN WRITE ALPHABETICAL VALUES IN 4 STYLES
SQL> 
SQL> REM 1 SHRI RAM       2 shri ram         3 Shri Ram                               4 shRI RaM  ShRi raM
SQL> 
SQL> REM 1 CAPITAL/UPPER  2 SMALL/LOWER      3 INITCAP/PROPER/CAMEL CASE              4 MIXED CASE
SQL> 
SQL> 
SQL> 
SQL> REM LIST OF CASE MANIPULATION FUNCTIONS :
SQL> 
SQL> REM LIST OF CASE MANIPULATION FUNCTIONS : 1 UPPER 2 LOWER 3 INITCAP (INTIAL CAPITAL)
SQL> 
SQL> REM UPPER : IT IS USED TO CONVERT ALL ALPHABETS INTO CAPITAL.
SQL> 
SQL> REM ALL CASE MANIPULATION FUNCTIONS, TAKE SINGLE INPUT ONLY.
SQL> 
SQL> SELECT FIRST_NAME , UPPER(FIRST_NAME) FROM EMPLOYEES;

FIRST_NAME      UPPER(FIRST_NAM                                                                                                                                                                         
--------------- ---------------                                                                                                                                                                         
Steven          STEVEN                                                                                                                                                                                  
Neena           NEENA                                                                                                                                                                                   
Lex             LEX                                                                                                                                                                                     
Alexander       ALEXANDER                                                                                                                                                                               
Bruce           BRUCE                                                                                                                                                                                   
Diana           DIANA                                                                                                                                                                                   
Kevin           KEVIN                                                                                                                                                                                   
Trenna          TRENNA                                                                                                                                                                                  
Curtis          CURTIS                                                                                                                                                                                  
Randall         RANDALL                                                                                                                                                                                 
Peter           PETER                                                                                                                                                                                   
Eleni           ELENI                                                                                                                                                                                   
Ellen           ELLEN                                                                                                                                                                                   
Jonathon        JONATHON                                                                                                                                                                                
Kimerely        KIMERELY                                                                                                                                                                                
Jennifer        JENNIFER                                                                                                                                                                                
Michael         MICHAEL                                                                                                                                                                                 
Pat             PAT                                                                                                                                                                                     
Shelley         SHELLEY                                                                                                                                                                                 
William         WILLIAM                                                                                                                                                                                 

20 rows selected.

SQL> SELECT FIRST_NAME , UPPER(FIRST_NAME) FROM EMPLOYEES WHERE HIRE_DATE < '1JAN95';

FIRST_NAME      UPPER(FIRST_NAM                                                                                                                                                                         
--------------- ---------------                                                                                                                                                                         
Steven          STEVEN                                                                                                                                                                                  
Neena           NEENA                                                                                                                                                                                   
Lex             LEX                                                                                                                                                                                     
Alexander       ALEXANDER                                                                                                                                                                               
Bruce           BRUCE                                                                                                                                                                                   
Jennifer        JENNIFER                                                                                                                                                                                
Shelley         SHELLEY                                                                                                                                                                                 
William         WILLIAM                                                                                                                                                                                 

8 rows selected.

SQL> SELECT UPPER('AMar akBar AnThOnY') FROM DUAL;

UPPER('AMARAKBARAN                                                                                                                                                                                      
------------------                                                                                                                                                                                      
AMAR AKBAR ANTHONY                                                                                                                                                                                      

SQL> SELECT FIRST_NAME , LAST_NAME , UPPER(FIRST_NAME , LAST_NAME) FROM EMPLOYEES;
SELECT FIRST_NAME , LAST_NAME , UPPER(FIRST_NAME , LAST_NAME) FROM EMPLOYEES
                                *
ERROR at line 1:
ORA-00909: invalid number of arguments 


SQL> SELECT FIRST_NAME , LAST_NAME , UPPER(FIRST_NAME || LAST_NAME) FROM EMPLOYEES;

FIRST_NAME      LAST_NAME       UPPER(FIRST_NAME||LAST_NAME)                                                                                                                                            
--------------- --------------- ------------------------------                                                                                                                                          
Steven          King            STEVENKING                                                                                                                                                              
Neena           Kochhar         NEENAKOCHHAR                                                                                                                                                            
Lex             De Haan         LEXDE HAAN                                                                                                                                                              
Alexander       Hunold          ALEXANDERHUNOLD                                                                                                                                                         
Bruce           Ernst           BRUCEERNST                                                                                                                                                              
Diana           Lorentz         DIANALORENTZ                                                                                                                                                            
Kevin           Mourgos         KEVINMOURGOS                                                                                                                                                            
Trenna          Rajs            TRENNARAJS                                                                                                                                                              
Curtis          Davies          CURTISDAVIES                                                                                                                                                            
Randall         Matos           RANDALLMATOS                                                                                                                                                            
Peter           Vargas          PETERVARGAS                                                                                                                                                             
Eleni           Zlotkey         ELENIZLOTKEY                                                                                                                                                            
Ellen           Abel            ELLENABEL                                                                                                                                                               
Jonathon        Taylor          JONATHONTAYLOR                                                                                                                                                          
Kimerely        Grant           KIMERELYGRANT                                                                                                                                                           
Jennifer        Whalen          JENNIFERWHALEN                                                                                                                                                          
Michael         Hartstein       MICHAELHARTSTEIN                                                                                                                                                        
Pat             Fay             PATFAY                                                                                                                                                                  
Shelley         Higgins         SHELLEYHIGGINS                                                                                                                                                          
William         Gietz           WILLIAMGIETZ                                                                                                                                                            

20 rows selected.

SQL> SELECT FIRST_NAME , LAST_NAME , UPPER(FIRST_NAME || ' ' || LAST_NAME) FROM EMPLOYEES;

FIRST_NAME      LAST_NAME       UPPER(FIRST_NAME||''||LAST_NAME                                                                                                                                         
--------------- --------------- -------------------------------                                                                                                                                         
Steven          King            STEVEN KING                                                                                                                                                             
Neena           Kochhar         NEENA KOCHHAR                                                                                                                                                           
Lex             De Haan         LEX DE HAAN                                                                                                                                                             
Alexander       Hunold          ALEXANDER HUNOLD                                                                                                                                                        
Bruce           Ernst           BRUCE ERNST                                                                                                                                                             
Diana           Lorentz         DIANA LORENTZ                                                                                                                                                           
Kevin           Mourgos         KEVIN MOURGOS                                                                                                                                                           
Trenna          Rajs            TRENNA RAJS                                                                                                                                                             
Curtis          Davies          CURTIS DAVIES                                                                                                                                                           
Randall         Matos           RANDALL MATOS                                                                                                                                                           
Peter           Vargas          PETER VARGAS                                                                                                                                                            
Eleni           Zlotkey         ELENI ZLOTKEY                                                                                                                                                           
Ellen           Abel            ELLEN ABEL                                                                                                                                                              
Jonathon        Taylor          JONATHON TAYLOR                                                                                                                                                         
Kimerely        Grant           KIMERELY GRANT                                                                                                                                                          
Jennifer        Whalen          JENNIFER WHALEN                                                                                                                                                         
Michael         Hartstein       MICHAEL HARTSTEIN                                                                                                                                                       
Pat             Fay             PAT FAY                                                                                                                                                                 
Shelley         Higgins         SHELLEY HIGGINS                                                                                                                                                         
William         Gietz           WILLIAM GIETZ                                                                                                                                                           

20 rows selected.

SQL> SELECT FIRST_NAME , LAST_NAME , UPPER(FIRST_NAME || ' ' || LAST_NAME) FULL_NAME FROM EMPLOYEES;

FIRST_NAME      LAST_NAME       FULL_NAME                                                                                                                                                               
--------------- --------------- -------------------------------                                                                                                                                         
Steven          King            STEVEN KING                                                                                                                                                             
Neena           Kochhar         NEENA KOCHHAR                                                                                                                                                           
Lex             De Haan         LEX DE HAAN                                                                                                                                                             
Alexander       Hunold          ALEXANDER HUNOLD                                                                                                                                                        
Bruce           Ernst           BRUCE ERNST                                                                                                                                                             
Diana           Lorentz         DIANA LORENTZ                                                                                                                                                           
Kevin           Mourgos         KEVIN MOURGOS                                                                                                                                                           
Trenna          Rajs            TRENNA RAJS                                                                                                                                                             
Curtis          Davies          CURTIS DAVIES                                                                                                                                                           
Randall         Matos           RANDALL MATOS                                                                                                                                                           
Peter           Vargas          PETER VARGAS                                                                                                                                                            
Eleni           Zlotkey         ELENI ZLOTKEY                                                                                                                                                           
Ellen           Abel            ELLEN ABEL                                                                                                                                                              
Jonathon        Taylor          JONATHON TAYLOR                                                                                                                                                         
Kimerely        Grant           KIMERELY GRANT                                                                                                                                                          
Jennifer        Whalen          JENNIFER WHALEN                                                                                                                                                         
Michael         Hartstein       MICHAEL HARTSTEIN                                                                                                                                                       
Pat             Fay             PAT FAY                                                                                                                                                                 
Shelley         Higgins         SHELLEY HIGGINS                                                                                                                                                         
William         Gietz           WILLIAM GIETZ                                                                                                                                                           

20 rows selected.

SQL> REM LOWER : IT IS USED TO CONVERT ALL ALPHABETS INTO SMALL.
SQL> 
SQL> REM ALL CASE MANIPULATION FUNCTIONS, TAKE SINGLE INPUT ONLY.
SQL> 
SQL> SELECT EMAIL , LOWER(EMAIL) FROM EMPLOYEES;

EMAIL      LOWER(EMAI                                                                                                                                                                                   
---------- ----------                                                                                                                                                                                   
SKING      sking                                                                                                                                                                                        
NKOCHHAR   nkochhar                                                                                                                                                                                     
LDEHAAN    ldehaan                                                                                                                                                                                      
AHUNOLD    ahunold                                                                                                                                                                                      
BERNST     bernst                                                                                                                                                                                       
DLORENTZ   dlorentz                                                                                                                                                                                     
KMOURGOS   kmourgos                                                                                                                                                                                     
TRAJS      trajs                                                                                                                                                                                        
CDAVIES    cdavies                                                                                                                                                                                      
RMATOS     rmatos                                                                                                                                                                                       
                                                                                                                                                                                                        
EZLOTKEY   ezlotkey                                                                                                                                                                                     
EABEL      eabel                                                                                                                                                                                        
JTAYLOR    jtaylor                                                                                                                                                                                      
KGRANT     kgrant                                                                                                                                                                                       
JWHALEN    jwhalen                                                                                                                                                                                      
MHARTSTE   mhartste                                                                                                                                                                                     
PFAY       pfay                                                                                                                                                                                         
SHIGGINS   shiggins                                                                                                                                                                                     
WGIETZ     wgietz                                                                                                                                                                                       

20 rows selected.

SQL> SELECT LOWER('AMar akBar AnThOnY') FROM DUAL;

LOWER('AMARAKBARAN                                                                                                                                                                                      
------------------                                                                                                                                                                                      
amar akbar anthony                                                                                                                                                                                      

SQL> SELECT LOWER('AMar4akBar6AnThOnY') FROM DUAL;

LOWER('AMAR4AKBAR6                                                                                                                                                                                      
------------------                                                                                                                                                                                      
amar4akbar6anthony                                                                                                                                                                                      

SQL> SELECT LOWER('AMar$akBar^AnThOnY') FROM DUAL;

LOWER('AMAR$AKBAR^                                                                                                                                                                                      
------------------                                                                                                                                                                                      
amar$akbar^anthony                                                                                                                                                                                      

SQL> SELECT UPPER('AMar4akBar6AnThOnY') FROM DUAL;

UPPER('AMAR4AKBAR6                                                                                                                                                                                      
------------------                                                                                                                                                                                      
AMAR4AKBAR6ANTHONY                                                                                                                                                                                      

SQL> SELECT UPPER('AMar%akBar*AnThOnY') FROM DUAL;

UPPER('AMAR%AKBAR*                                                                                                                                                                                      
------------------                                                                                                                                                                                      
AMAR%AKBAR*ANTHONY                                                                                                                                                                                      

SQL> REM INITCAP : IT WILL CONVERT FIRST ALPHABET OF EACH WORD INTO CAPITAL AND REMAINING ALPHABETS TO SMALL.
SQL> 
SQL> REM INITCAP FUNCTION, TEATS ALL SPECIAL CHARACTERS AS WORD SEPARATOR.
SQL> 
SQL> SELECT INITCAP('AMar akBar AnThOnY') FROM DUAL;

INITCAP('AMARAKBAR                                                                                                                                                                                      
------------------                                                                                                                                                                                      
Amar Akbar Anthony                                                                                                                                                                                      

SQL> SELECT INITCAP('AMar4akBar6AnThOnY') FROM DUAL;

INITCAP('AMAR4AKBA                                                                                                                                                                                      
------------------                                                                                                                                                                                      
Amar4akbar6anthony                                                                                                                                                                                      

SQL> SELECT INITCAP('AMar4akBar^AnThOnY') FROM DUAL;

INITCAP('AMAR4AKBA                                                                                                                                                                                      
------------------                                                                                                                                                                                      
Amar4akbar^Anthony                                                                                                                                                                                      

SQL> REM NESTED FUNCTION : FUNCTION WITHIN FUNCTION
SQL> 
SQL> REM WE CAN NEST SINGLE ROW FUNCTIONS INFINITE TIMES.
SQL> 
SQL> REM EXECUTION WILL BE PERFORMED FROM INNER MOST FUNCTION TO OUTER MOST FUNCTION.
SQL> 
SQL> REM RESULT OF INNER FUNCTION WILL NOT GET DISPLAYED BUT WILL BE USED BY OUTER FUNCTION AS ONE OF IT'S INPUT.
SQL> 
SQL> REM RESULT OF ONLY OUTER MOST FUNCTION WILL GET DISPLAYED ON SCREEN.
SQL> 
SQL> REM INNER FUNCTION AND OUTER FUNCTION MAY BE SAME OR DIFFERENT.
SQL> 
SQL> SELECT INITCAP(LOWER(UPPER('HI5hello$GooD bYE'))) FROM DUAL;

INITCAP(LOWER(UPP                                                                                                                                                                                       
-----------------                                                                                                                                                                                       
Hi5hello$Good Bye                                                                                                                                                                                       

SQL> REM LIST OF CHARACTER MANIPULATION FUNCTIONS : CONCAT   LPAD RPAD   LTRIM RTRIM TRIM   LENGTH   TRANSLATE REPLACE    SUBSTR INSTR
SQL> 
SQL> 
SQL> REM CONCAT : TO JOIN/CLUB/COMBINE TWO ITEMS.
SQL> 
SQL> REM CONCAT TAKES EXACTLY  TWO ARGUMENTS.
SQL> 
SQL> SELECT FIRST_NAME , LAST_NAME FROM EMPLOYEES;

FIRST_NAME      LAST_NAME                                                                                                                                                                               
--------------- ---------------                                                                                                                                                                         
Steven          King                                                                                                                                                                                    
Neena           Kochhar                                                                                                                                                                                 
Lex             De Haan                                                                                                                                                                                 
Alexander       Hunold                                                                                                                                                                                  
Bruce           Ernst                                                                                                                                                                                   
Diana           Lorentz                                                                                                                                                                                 
Kevin           Mourgos                                                                                                                                                                                 
Trenna          Rajs                                                                                                                                                                                    
Curtis          Davies                                                                                                                                                                                  
Randall         Matos                                                                                                                                                                                   
Peter           Vargas                                                                                                                                                                                  
Eleni           Zlotkey                                                                                                                                                                                 
Ellen           Abel                                                                                                                                                                                    
Jonathon        Taylor                                                                                                                                                                                  
Kimerely        Grant                                                                                                                                                                                   
Jennifer        Whalen                                                                                                                                                                                  
Michael         Hartstein                                                                                                                                                                               
Pat             Fay                                                                                                                                                                                     
Shelley         Higgins                                                                                                                                                                                 
William         Gietz                                                                                                                                                                                   

20 rows selected.

SQL> SELECT FIRST_NAME || LAST_NAME FROM EMPLOYEES;

FIRST_NAME||LAST_NAME                                                                                                                                                                                   
------------------------------                                                                                                                                                                          
StevenKing                                                                                                                                                                                              
NeenaKochhar                                                                                                                                                                                            
LexDe Haan                                                                                                                                                                                              
AlexanderHunold                                                                                                                                                                                         
BruceErnst                                                                                                                                                                                              
DianaLorentz                                                                                                                                                                                            
KevinMourgos                                                                                                                                                                                            
TrennaRajs                                                                                                                                                                                              
CurtisDavies                                                                                                                                                                                            
RandallMatos                                                                                                                                                                                            
PeterVargas                                                                                                                                                                                             
EleniZlotkey                                                                                                                                                                                            
EllenAbel                                                                                                                                                                                               
JonathonTaylor                                                                                                                                                                                          
KimerelyGrant                                                                                                                                                                                           
JenniferWhalen                                                                                                                                                                                          
MichaelHartstein                                                                                                                                                                                        
PatFay                                                                                                                                                                                                  
ShelleyHiggins                                                                                                                                                                                          
WilliamGietz                                                                                                                                                                                            

20 rows selected.

SQL> SELECT FIRST_NAME || LAST_NAME FULLNAME FROM EMPLOYEES;

FULLNAME                                                                                                                                                                                                
------------------------------                                                                                                                                                                          
StevenKing                                                                                                                                                                                              
NeenaKochhar                                                                                                                                                                                            
LexDe Haan                                                                                                                                                                                              
AlexanderHunold                                                                                                                                                                                         
BruceErnst                                                                                                                                                                                              
DianaLorentz                                                                                                                                                                                            
KevinMourgos                                                                                                                                                                                            
TrennaRajs                                                                                                                                                                                              
CurtisDavies                                                                                                                                                                                            
RandallMatos                                                                                                                                                                                            
PeterVargas                                                                                                                                                                                             
EleniZlotkey                                                                                                                                                                                            
EllenAbel                                                                                                                                                                                               
JonathonTaylor                                                                                                                                                                                          
KimerelyGrant                                                                                                                                                                                           
JenniferWhalen                                                                                                                                                                                          
MichaelHartstein                                                                                                                                                                                        
PatFay                                                                                                                                                                                                  
ShelleyHiggins                                                                                                                                                                                          
WilliamGietz                                                                                                                                                                                            

20 rows selected.

SQL> SELECT CONCAT(FIRST_NAME , LAST_NAME) FULLNAME FROM EMPLOYEES;

FULLNAME                                                                                                                                                                                                
------------------------------                                                                                                                                                                          
StevenKing                                                                                                                                                                                              
NeenaKochhar                                                                                                                                                                                            
LexDe Haan                                                                                                                                                                                              
AlexanderHunold                                                                                                                                                                                         
BruceErnst                                                                                                                                                                                              
DianaLorentz                                                                                                                                                                                            
KevinMourgos                                                                                                                                                                                            
TrennaRajs                                                                                                                                                                                              
CurtisDavies                                                                                                                                                                                            
RandallMatos                                                                                                                                                                                            
PeterVargas                                                                                                                                                                                             
EleniZlotkey                                                                                                                                                                                            
EllenAbel                                                                                                                                                                                               
JonathonTaylor                                                                                                                                                                                          
KimerelyGrant                                                                                                                                                                                           
JenniferWhalen                                                                                                                                                                                          
MichaelHartstein                                                                                                                                                                                        
PatFay                                                                                                                                                                                                  
ShelleyHiggins                                                                                                                                                                                          
WilliamGietz                                                                                                                                                                                            

20 rows selected.

SQL> SELECT FIRST_NAME || ' ' || LAST_NAME FROM EMPLOYEES;

FIRST_NAME||''||LAST_NAME                                                                                                                                                                               
-------------------------------                                                                                                                                                                         
Steven King                                                                                                                                                                                             
Neena Kochhar                                                                                                                                                                                           
Lex De Haan                                                                                                                                                                                             
Alexander Hunold                                                                                                                                                                                        
Bruce Ernst                                                                                                                                                                                             
Diana Lorentz                                                                                                                                                                                           
Kevin Mourgos                                                                                                                                                                                           
Trenna Rajs                                                                                                                                                                                             
Curtis Davies                                                                                                                                                                                           
Randall Matos                                                                                                                                                                                           
Peter Vargas                                                                                                                                                                                            
Eleni Zlotkey                                                                                                                                                                                           
Ellen Abel                                                                                                                                                                                              
Jonathon Taylor                                                                                                                                                                                         
Kimerely Grant                                                                                                                                                                                          
Jennifer Whalen                                                                                                                                                                                         
Michael Hartstein                                                                                                                                                                                       
Pat Fay                                                                                                                                                                                                 
Shelley Higgins                                                                                                                                                                                         
William Gietz                                                                                                                                                                                           

20 rows selected.

SQL> SELECT CONCAT(FIRST_NAME , ' ' , LAST_NAME) FULLNAME FROM EMPLOYEES;
SELECT CONCAT(FIRST_NAME , ' ' , LAST_NAME) FULLNAME FROM EMPLOYEES
       *
ERROR at line 1:
ORA-00909: invalid number of arguments 


SQL> SELECT CONCAT(FIRST_NAME , CONCAT(' ' , LAST_NAME)) FULLNAME FROM EMPLOYEES;

FULLNAME                                                                                                                                                                                                
-------------------------------                                                                                                                                                                         
Steven King                                                                                                                                                                                             
Neena Kochhar                                                                                                                                                                                           
Lex De Haan                                                                                                                                                                                             
Alexander Hunold                                                                                                                                                                                        
Bruce Ernst                                                                                                                                                                                             
Diana Lorentz                                                                                                                                                                                           
Kevin Mourgos                                                                                                                                                                                           
Trenna Rajs                                                                                                                                                                                             
Curtis Davies                                                                                                                                                                                           
Randall Matos                                                                                                                                                                                           
Peter Vargas                                                                                                                                                                                            
Eleni Zlotkey                                                                                                                                                                                           
Ellen Abel                                                                                                                                                                                              
Jonathon Taylor                                                                                                                                                                                         
Kimerely Grant                                                                                                                                                                                          
Jennifer Whalen                                                                                                                                                                                         
Michael Hartstein                                                                                                                                                                                       
Pat Fay                                                                                                                                                                                                 
Shelley Higgins                                                                                                                                                                                         
William Gietz                                                                                                                                                                                           

20 rows selected.

SQL> SELECT CONCAT(CONCAT(FIRST_NAME ' ') , LAST_NAME) FULLNAME FROM EMPLOYEES;
SELECT CONCAT(CONCAT(FIRST_NAME ' ') , LAST_NAME) FULLNAME FROM EMPLOYEES
              *
ERROR at line 1:
ORA-00909: invalid number of arguments 


SQL> SELECT CONCAT(CONCAT(FIRST_NAME ,' ') , LAST_NAME) FULLNAME FROM EMPLOYEES;

FULLNAME                                                                                                                                                                                                
-------------------------------                                                                                                                                                                         
Steven King                                                                                                                                                                                             
Neena Kochhar                                                                                                                                                                                           
Lex De Haan                                                                                                                                                                                             
Alexander Hunold                                                                                                                                                                                        
Bruce Ernst                                                                                                                                                                                             
Diana Lorentz                                                                                                                                                                                           
Kevin Mourgos                                                                                                                                                                                           
Trenna Rajs                                                                                                                                                                                             
Curtis Davies                                                                                                                                                                                           
Randall Matos                                                                                                                                                                                           
Peter Vargas                                                                                                                                                                                            
Eleni Zlotkey                                                                                                                                                                                           
Ellen Abel                                                                                                                                                                                              
Jonathon Taylor                                                                                                                                                                                         
Kimerely Grant                                                                                                                                                                                          
Jennifer Whalen                                                                                                                                                                                         
Michael Hartstein                                                                                                                                                                                       
Pat Fay                                                                                                                                                                                                 
Shelley Higgins                                                                                                                                                                                         
William Gietz                                                                                                                                                                                           

20 rows selected.

SQL> SELECT CONCAT(FIRST_NAME ,' ') || LAST_NAME FULLNAME FROM EMPLOYEES;

FULLNAME                                                                                                                                                                                                
-------------------------------                                                                                                                                                                         
Steven King                                                                                                                                                                                             
Neena Kochhar                                                                                                                                                                                           
Lex De Haan                                                                                                                                                                                             
Alexander Hunold                                                                                                                                                                                        
Bruce Ernst                                                                                                                                                                                             
Diana Lorentz                                                                                                                                                                                           
Kevin Mourgos                                                                                                                                                                                           
Trenna Rajs                                                                                                                                                                                             
Curtis Davies                                                                                                                                                                                           
Randall Matos                                                                                                                                                                                           
Peter Vargas                                                                                                                                                                                            
Eleni Zlotkey                                                                                                                                                                                           
Ellen Abel                                                                                                                                                                                              
Jonathon Taylor                                                                                                                                                                                         
Kimerely Grant                                                                                                                                                                                          
Jennifer Whalen                                                                                                                                                                                         
Michael Hartstein                                                                                                                                                                                       
Pat Fay                                                                                                                                                                                                 
Shelley Higgins                                                                                                                                                                                         
William Gietz                                                                                                                                                                                           

20 rows selected.

SQL> SELECT FIRST_NAME || CONCAT(' ', LAST_NAME) FULLNAME FROM EMPLOYEES;

FULLNAME                                                                                                                                                                                                
-------------------------------                                                                                                                                                                         
Steven King                                                                                                                                                                                             
Neena Kochhar                                                                                                                                                                                           
Lex De Haan                                                                                                                                                                                             
Alexander Hunold                                                                                                                                                                                        
Bruce Ernst                                                                                                                                                                                             
Diana Lorentz                                                                                                                                                                                           
Kevin Mourgos                                                                                                                                                                                           
Trenna Rajs                                                                                                                                                                                             
Curtis Davies                                                                                                                                                                                           
Randall Matos                                                                                                                                                                                           
Peter Vargas                                                                                                                                                                                            
Eleni Zlotkey                                                                                                                                                                                           
Ellen Abel                                                                                                                                                                                              
Jonathon Taylor                                                                                                                                                                                         
Kimerely Grant                                                                                                                                                                                          
Jennifer Whalen                                                                                                                                                                                         
Michael Hartstein                                                                                                                                                                                       
Pat Fay                                                                                                                                                                                                 
Shelley Higgins                                                                                                                                                                                         
William Gietz                                                                                                                                                                                           

20 rows selected.

SQL> SELECT CONCAT(FIRST_NAME ,' ' || LAST_NAME) FULLNAME FROM EMPLOYEES;

FULLNAME                                                                                                                                                                                                
-------------------------------                                                                                                                                                                         
Steven King                                                                                                                                                                                             
Neena Kochhar                                                                                                                                                                                           
Lex De Haan                                                                                                                                                                                             
Alexander Hunold                                                                                                                                                                                        
Bruce Ernst                                                                                                                                                                                             
Diana Lorentz                                                                                                                                                                                           
Kevin Mourgos                                                                                                                                                                                           
Trenna Rajs                                                                                                                                                                                             
Curtis Davies                                                                                                                                                                                           
Randall Matos                                                                                                                                                                                           
Peter Vargas                                                                                                                                                                                            
Eleni Zlotkey                                                                                                                                                                                           
Ellen Abel                                                                                                                                                                                              
Jonathon Taylor                                                                                                                                                                                         
Kimerely Grant                                                                                                                                                                                          
Jennifer Whalen                                                                                                                                                                                         
Michael Hartstein                                                                                                                                                                                       
Pat Fay                                                                                                                                                                                                 
Shelley Higgins                                                                                                                                                                                         
William Gietz                                                                                                                                                                                           

20 rows selected.

SQL> SELECT CONCAT(FIRST_NAME  || ' ' , LAST_NAME) FULLNAME FROM EMPLOYEES;

FULLNAME                                                                                                                                                                                                
-------------------------------                                                                                                                                                                         
Steven King                                                                                                                                                                                             
Neena Kochhar                                                                                                                                                                                           
Lex De Haan                                                                                                                                                                                             
Alexander Hunold                                                                                                                                                                                        
Bruce Ernst                                                                                                                                                                                             
Diana Lorentz                                                                                                                                                                                           
Kevin Mourgos                                                                                                                                                                                           
Trenna Rajs                                                                                                                                                                                             
Curtis Davies                                                                                                                                                                                           
Randall Matos                                                                                                                                                                                           
Peter Vargas                                                                                                                                                                                            
Eleni Zlotkey                                                                                                                                                                                           
Ellen Abel                                                                                                                                                                                              
Jonathon Taylor                                                                                                                                                                                         
Kimerely Grant                                                                                                                                                                                          
Jennifer Whalen                                                                                                                                                                                         
Michael Hartstein                                                                                                                                                                                       
Pat Fay                                                                                                                                                                                                 
Shelley Higgins                                                                                                                                                                                         
William Gietz                                                                                                                                                                                           

20 rows selected.

SQL> SELECT * FROM EMPLOYEES;

EMPLOYEE_ID FIRST_NAME      LAST_NAME       EMAIL      PHONE_NUMBER         HIRE_DATE JOB_ID         SALARY COMMISSION_PCT MANAGER_ID DEPARTMENT_ID                                                     
----------- --------------- --------------- ---------- -------------------- --------- ---------- ---------- -------------- ---------- -------------                                                     
        100 Steven          King            SKING      515.123.4567         17-JUL-87 AD_PRES         24000                                      90                                                     
        101 Neena           Kochhar         NKOCHHAR   515.123.4568         21-SEP-89 AD_VP           17000                       100            90                                                     
        102 Lex             De Haan         LDEHAAN    515.123.4569         13-JAN-93 AD_VP           17000                       100            90                                                     
        103 Alexander       Hunold          AHUNOLD    590.423.4567         03-JAN-90 IT_PROG          9000                       102            60                                                     
        104 Bruce           Ernst           BERNST     590.423.4568         21-MAY-91 IT_PROG          6000                       103            60                                                     
        107 Diana           Lorentz         DLORENTZ   590.423.5567         07-FEB-99 IT_PROG          4200                       103            60                                                     
        124 Kevin           Mourgos         KMOURGOS   650.123.5234         16-NOV-99 ST_MAN           5800                       100            50                                                     
        141 Trenna          Rajs            TRAJS      650.121.8009         17-OCT-95 ST_CLERK         3500                       124            50                                                     
        142 Curtis          Davies          CDAVIES    650.121.2994         29-JAN-97 ST_CLERK         3100                       124            50                                                     
        143 Randall         Matos           RMATOS     650.121.2874         15-MAR-98 ST_CLERK         2600                       124            50                                                     
        144 Peter           Vargas                     650.121.2004         09-JUL-98 ST_CLERK         2500                       124            50                                                     
        149 Eleni           Zlotkey         EZLOTKEY   011.44.1344.429018   29-JAN-00 SA_MAN          10500             .2        100            80                                                     
        174 Ellen           Abel            EABEL      011.44.1644.429267   11-MAY-96 SA_REP          11000             .3        149            80                                                     
        176 Jonathon        Taylor          JTAYLOR    011.44.1644.429265   24-MAR-98 SA_REP           8600             .3        149            80                                                     
        178 Kimerely        Grant           KGRANT     011.44.1644.429263   24-MAY-99 SA_REP           7000            .15        149                                                                   
        200 Jennifer        Whalen          JWHALEN    515.123.4444         17-SEP-87 AD_ASST          4400                       101            10                                                     
        201 Michael         Hartstein       MHARTSTE   515.123.5555         17-FEB-96 MK_MAN          13000                       100            20                                                     
        202 Pat             Fay             PFAY       603.123.6666         17-AUG-97 MK_REP           6000                       201            20                                                     
        205 Shelley         Higgins         SHIGGINS   515.123.8080         07-JUN-94 AC_MGR          12000                       101           110                                                     
        206 William         Gietz           WGIETZ     515.123.8181         07-JUN-94 AC_ACCOUNT       8300                       205           110                                                     

20 rows selected.

SQL> REM 17-JUL-87 AD_PRES
SQL> 
SQL> REM ALL 7 STYLES :
SQL> 
SQL> 1 || 2 CONCAT 3 CONCAT + |
SQL> 
SQL> 1 || 2 CONCAT 3 CONCAT + || (2)
SQL> 
SQL> 5 CONCAT + || (2)
SQL> 
SQL> 
SQL> 
SQL> REM ||
SQL> 
SQL> SELECT HIRE_DATE || ' ' || JOB_ID FROM EMPLOYEES;

HIRE_DATE||''||JOB_ID                                                                                                                                                                                   
-----------------------------                                                                                                                                                                           
17-JUL-87 AD_PRES                                                                                                                                                                                       
21-SEP-89 AD_VP                                                                                                                                                                                         
13-JAN-93 AD_VP                                                                                                                                                                                         
03-JAN-90 IT_PROG                                                                                                                                                                                       
21-MAY-91 IT_PROG                                                                                                                                                                                       
07-FEB-99 IT_PROG                                                                                                                                                                                       
16-NOV-99 ST_MAN                                                                                                                                                                                        
17-OCT-95 ST_CLERK                                                                                                                                                                                      
29-JAN-97 ST_CLERK                                                                                                                                                                                      
15-MAR-98 ST_CLERK                                                                                                                                                                                      
09-JUL-98 ST_CLERK                                                                                                                                                                                      
29-JAN-00 SA_MAN                                                                                                                                                                                        
11-MAY-96 SA_REP                                                                                                                                                                                        
24-MAR-98 SA_REP                                                                                                                                                                                        
24-MAY-99 SA_REP                                                                                                                                                                                        
17-SEP-87 AD_ASST                                                                                                                                                                                       
17-FEB-96 MK_MAN                                                                                                                                                                                        
17-AUG-97 MK_REP                                                                                                                                                                                        
07-JUN-94 AC_MGR                                                                                                                                                                                        
07-JUN-94 AC_ACCOUNT                                                                                                                                                                                    

20 rows selected.

SQL> REM CONCAT
SQL> 
SQL> SELECT CONCAT(HIRE_DATE , CONCAT(' ' , JOB_ID)) FROM EMPLOYEES;

CONCAT(HIRE_DATE,CONCAT('',JO                                                                                                                                                                           
-----------------------------                                                                                                                                                                           
17-JUL-87 AD_PRES                                                                                                                                                                                       
21-SEP-89 AD_VP                                                                                                                                                                                         
13-JAN-93 AD_VP                                                                                                                                                                                         
03-JAN-90 IT_PROG                                                                                                                                                                                       
21-MAY-91 IT_PROG                                                                                                                                                                                       
07-FEB-99 IT_PROG                                                                                                                                                                                       
16-NOV-99 ST_MAN                                                                                                                                                                                        
17-OCT-95 ST_CLERK                                                                                                                                                                                      
29-JAN-97 ST_CLERK                                                                                                                                                                                      
15-MAR-98 ST_CLERK                                                                                                                                                                                      
09-JUL-98 ST_CLERK                                                                                                                                                                                      
29-JAN-00 SA_MAN                                                                                                                                                                                        
11-MAY-96 SA_REP                                                                                                                                                                                        
24-MAR-98 SA_REP                                                                                                                                                                                        
24-MAY-99 SA_REP                                                                                                                                                                                        
17-SEP-87 AD_ASST                                                                                                                                                                                       
17-FEB-96 MK_MAN                                                                                                                                                                                        
17-AUG-97 MK_REP                                                                                                                                                                                        
07-JUN-94 AC_MGR                                                                                                                                                                                        
07-JUN-94 AC_ACCOUNT                                                                                                                                                                                    

20 rows selected.

SQL> REM CONCAT (SECOND STYLE)
SQL> 
SQL> SELECT CONCAT(CONCAT(HIRE_DATE , ' ') , JOB_ID) FROM EMPLOYEES;

CONCAT(CONCAT(HIRE_DATE,''),J                                                                                                                                                                           
-----------------------------                                                                                                                                                                           
17-JUL-87 AD_PRES                                                                                                                                                                                       
21-SEP-89 AD_VP                                                                                                                                                                                         
13-JAN-93 AD_VP                                                                                                                                                                                         
03-JAN-90 IT_PROG                                                                                                                                                                                       
21-MAY-91 IT_PROG                                                                                                                                                                                       
07-FEB-99 IT_PROG                                                                                                                                                                                       
16-NOV-99 ST_MAN                                                                                                                                                                                        
17-OCT-95 ST_CLERK                                                                                                                                                                                      
29-JAN-97 ST_CLERK                                                                                                                                                                                      
15-MAR-98 ST_CLERK                                                                                                                                                                                      
09-JUL-98 ST_CLERK                                                                                                                                                                                      
29-JAN-00 SA_MAN                                                                                                                                                                                        
11-MAY-96 SA_REP                                                                                                                                                                                        
24-MAR-98 SA_REP                                                                                                                                                                                        
24-MAY-99 SA_REP                                                                                                                                                                                        
17-SEP-87 AD_ASST                                                                                                                                                                                       
17-FEB-96 MK_MAN                                                                                                                                                                                        
17-AUG-97 MK_REP                                                                                                                                                                                        
07-JUN-94 AC_MGR                                                                                                                                                                                        
07-JUN-94 AC_ACCOUNT                                                                                                                                                                                    

20 rows selected.

SQL> REM CONCAT + || (OUTSIDE FIRST STYLE)
SQL> 
SQL> SELECT CONCAT(HIRE_DATE , ' ') || JOB_ID FROM EMPLOYEES;

CONCAT(HIRE_DATE,'')||JOB_ID                                                                                                                                                                            
-----------------------------                                                                                                                                                                           
17-JUL-87 AD_PRES                                                                                                                                                                                       
21-SEP-89 AD_VP                                                                                                                                                                                         
13-JAN-93 AD_VP                                                                                                                                                                                         
03-JAN-90 IT_PROG                                                                                                                                                                                       
21-MAY-91 IT_PROG                                                                                                                                                                                       
07-FEB-99 IT_PROG                                                                                                                                                                                       
16-NOV-99 ST_MAN                                                                                                                                                                                        
17-OCT-95 ST_CLERK                                                                                                                                                                                      
29-JAN-97 ST_CLERK                                                                                                                                                                                      
15-MAR-98 ST_CLERK                                                                                                                                                                                      
09-JUL-98 ST_CLERK                                                                                                                                                                                      
29-JAN-00 SA_MAN                                                                                                                                                                                        
11-MAY-96 SA_REP                                                                                                                                                                                        
24-MAR-98 SA_REP                                                                                                                                                                                        
24-MAY-99 SA_REP                                                                                                                                                                                        
17-SEP-87 AD_ASST                                                                                                                                                                                       
17-FEB-96 MK_MAN                                                                                                                                                                                        
17-AUG-97 MK_REP                                                                                                                                                                                        
07-JUN-94 AC_MGR                                                                                                                                                                                        
07-JUN-94 AC_ACCOUNT                                                                                                                                                                                    

20 rows selected.

SQL> REM CONCAT + || (OUTSIDE SECOND STYLE)
SQL> 
SQL> SELECT HIRE_DATE || CONCAT(' ' , JOB_ID) FROM EMPLOYEES;

HIRE_DATE||CONCAT('',JOB_ID)                                                                                                                                                                            
-----------------------------                                                                                                                                                                           
17-JUL-87 AD_PRES                                                                                                                                                                                       
21-SEP-89 AD_VP                                                                                                                                                                                         
13-JAN-93 AD_VP                                                                                                                                                                                         
03-JAN-90 IT_PROG                                                                                                                                                                                       
21-MAY-91 IT_PROG                                                                                                                                                                                       
07-FEB-99 IT_PROG                                                                                                                                                                                       
16-NOV-99 ST_MAN                                                                                                                                                                                        
17-OCT-95 ST_CLERK                                                                                                                                                                                      
29-JAN-97 ST_CLERK                                                                                                                                                                                      
15-MAR-98 ST_CLERK                                                                                                                                                                                      
09-JUL-98 ST_CLERK                                                                                                                                                                                      
29-JAN-00 SA_MAN                                                                                                                                                                                        
11-MAY-96 SA_REP                                                                                                                                                                                        
24-MAR-98 SA_REP                                                                                                                                                                                        
24-MAY-99 SA_REP                                                                                                                                                                                        
17-SEP-87 AD_ASST                                                                                                                                                                                       
17-FEB-96 MK_MAN                                                                                                                                                                                        
17-AUG-97 MK_REP                                                                                                                                                                                        
07-JUN-94 AC_MGR                                                                                                                                                                                        
07-JUN-94 AC_ACCOUNT                                                                                                                                                                                    

20 rows selected.

SQL> REM CONCAT + || (INSIDE FIRST STYLE)
SQL> 
SQL> SELECT CONCAT(HIRE_DATE , ' ' || JOB_ID) FROM EMPLOYEES;

CONCAT(HIRE_DATE,''||JOB_ID)                                                                                                                                                                            
-----------------------------                                                                                                                                                                           
17-JUL-87 AD_PRES                                                                                                                                                                                       
21-SEP-89 AD_VP                                                                                                                                                                                         
13-JAN-93 AD_VP                                                                                                                                                                                         
03-JAN-90 IT_PROG                                                                                                                                                                                       
21-MAY-91 IT_PROG                                                                                                                                                                                       
07-FEB-99 IT_PROG                                                                                                                                                                                       
16-NOV-99 ST_MAN                                                                                                                                                                                        
17-OCT-95 ST_CLERK                                                                                                                                                                                      
29-JAN-97 ST_CLERK                                                                                                                                                                                      
15-MAR-98 ST_CLERK                                                                                                                                                                                      
09-JUL-98 ST_CLERK                                                                                                                                                                                      
29-JAN-00 SA_MAN                                                                                                                                                                                        
11-MAY-96 SA_REP                                                                                                                                                                                        
24-MAR-98 SA_REP                                                                                                                                                                                        
24-MAY-99 SA_REP                                                                                                                                                                                        
17-SEP-87 AD_ASST                                                                                                                                                                                       
17-FEB-96 MK_MAN                                                                                                                                                                                        
17-AUG-97 MK_REP                                                                                                                                                                                        
07-JUN-94 AC_MGR                                                                                                                                                                                        
07-JUN-94 AC_ACCOUNT                                                                                                                                                                                    

20 rows selected.

SQL> REM CONCAT + || (INSIDE SECOND STYLE)
SQL> 
SQL> SELECT CONCAT(HIRE_DATE || ' ' , JOB_ID) FROM EMPLOYEES;

CONCAT(HIRE_DATE||'',JOB_ID)                                                                                                                                                                            
-----------------------------                                                                                                                                                                           
17-JUL-87 AD_PRES                                                                                                                                                                                       
21-SEP-89 AD_VP                                                                                                                                                                                         
13-JAN-93 AD_VP                                                                                                                                                                                         
03-JAN-90 IT_PROG                                                                                                                                                                                       
21-MAY-91 IT_PROG                                                                                                                                                                                       
07-FEB-99 IT_PROG                                                                                                                                                                                       
16-NOV-99 ST_MAN                                                                                                                                                                                        
17-OCT-95 ST_CLERK                                                                                                                                                                                      
29-JAN-97 ST_CLERK                                                                                                                                                                                      
15-MAR-98 ST_CLERK                                                                                                                                                                                      
09-JUL-98 ST_CLERK                                                                                                                                                                                      
29-JAN-00 SA_MAN                                                                                                                                                                                        
11-MAY-96 SA_REP                                                                                                                                                                                        
24-MAR-98 SA_REP                                                                                                                                                                                        
24-MAY-99 SA_REP                                                                                                                                                                                        
17-SEP-87 AD_ASST                                                                                                                                                                                       
17-FEB-96 MK_MAN                                                                                                                                                                                        
17-AUG-97 MK_REP                                                                                                                                                                                        
07-JUN-94 AC_MGR                                                                                                                                                                                        
07-JUN-94 AC_ACCOUNT                                                                                                                                                                                    

20 rows selected.

SQL> SPOOL OFF
