SQL> 
SQL> CL SCR

SQL> REM RESTRICTION/SELECTION :
SQL> 
SQL> REM RESTRICTION/SELECTION : DISPLAYING SOME OF THE ROW WHICH SATSIFIES CONDITION(S).
SQL> 
SQL> SELECT * FROM EMPLOYEES;

EMPLOYEE_ID FIRST_NAME      LAST_NAME       EMAIL      PHONE_NUMBER         HIRE_DATE JOB_ID         SALARY COMMISSION_PCT MANAGER_ID DEPARTMENT_ID                                                     
----------- --------------- --------------- ---------- -------------------- --------- ---------- ---------- -------------- ---------- -------------                                                     
        100 Steven          King            SKING      515.123.4567         17-JUL-87 AD_PRES         24000                                      90                                                     
        101 Neena           Kochhar         NKOCHHAR   515.123.4568         21-SEP-89 AD_VP           17000                       100            90                                                     
        102 Lex             De Haan         LDEHAAN    515.123.4569         13-JAN-93 AD_VP           17000                       100            90                                                     
        103 Alexander       Hunold          AHUNOLD    590.423.4567         03-JAN-90 IT_PROG          9000                       102            60                                                     
        104 Bruce           Ernst           BERNST     590.423.4568         21-MAY-91 IT_PROG          6000                       103            60                                                     
        107 Diana           Lorentz         DLORENTZ   590.423.5567         07-FEB-99 IT_PROG          4200                       103            60                                                     
        124 Kevin           Mourgos         KMOURGOS   650.123.5234         16-NOV-99 ST_MAN           5800                       100            50                                                     
        141 Trenna          Rajs            TRAJS      650.121.8009         17-OCT-95 ST_CLERK         3500                       124            50                                                     
        142 Curtis          Davies          CDAVIES    650.121.2994         29-JAN-97 ST_CLERK         3100                       124            50                                                     
        143 Randall         Matos           RMATOS     650.121.2874         15-MAR-98 ST_CLERK         2600                       124            50                                                     
        144 Peter           Vargas                     650.121.2004         09-JUL-98 ST_CLERK         2500                       124            50                                                     
        149 Eleni           Zlotkey         EZLOTKEY   011.44.1344.429018   29-JAN-00 SA_MAN          10500             .2        100            80                                                     
        174 Ellen           Abel            EABEL      011.44.1644.429267   11-MAY-96 SA_REP          11000             .3        149            80                                                     
        176 Jonathon        Taylor          JTAYLOR    011.44.1644.429265   24-MAR-98 SA_REP           8600             .3        149            80                                                     
        178 Kimerely        Grant           KGRANT     011.44.1644.429263   24-MAY-99 SA_REP           7000            .15        149                                                                   
        200 Jennifer        Whalen          JWHALEN    515.123.4444         17-SEP-87 AD_ASST          4400                       101            10                                                     
        201 Michael         Hartstein       MHARTSTE   515.123.5555         17-FEB-96 MK_MAN          13000                       100            20                                                     
        202 Pat             Fay             PFAY       603.123.6666         17-AUG-97 MK_REP           6000                       201            20                                                     
        205 Shelley         Higgins         SHIGGINS   515.123.8080         07-JUN-94 AC_MGR          12000                       101           110                                                     
        206 William         Gietz           WGIETZ     515.123.8181         07-JUN-94 AC_ACCOUNT       8300                       205           110                                                     

20 rows selected.

SQL> REM SELECT ... FROM ... WHERE ... ORDER BY ... OFFSET ... FETCH ...;
SQL> 
SQL> REM RESTRICTION / SELECTION : WHERE ...
SQL> 
SQL> REM WHERE SYNTAX : WHERE condition
SQL> 
SQL> REM condition SYNTAX : operand1   operator   operand2
SQL> 
SQL> REM condition EXAMPLE : SALARY    >          10000
SQL> 
SQL> REM operand : COLUMN NAME , FORMULA , FUNCTION , SCALAR SUB QUERY , PSEUDOCOLUMN , SUBSTITUTION VARIABLE , BIND VARIABLES
SQL> 
SQL> REM TYPES OF OPERATORS : 1 SINGLE ROW 2 MULTI ROW 3 SPECIAL
SQL> 
SQL> REM SINGLE ROW : IT CAN COMPARE SINGLE VALUE WITHIN SINGLE CONDITION.
SQL> 
SQL> REM LIST OF SINGLE ROW COMPARISON OPERATORS : = < > <= >=    <> != ^=
SQL> 
SQL> REM DEPARTMENT_ID = 90
SQL> 
SQL> REM 90 = DEPARTMENT_ID
SQL> 
SQL> REM DEPARTMENT_ID = 90 20 110  : WRONG , BECAUSE MULTIPLE VALUES CAN'T BE COMPARED WITHIN SINGLE CONDITION
SQL> 
SQL> 
SQL> REM NUMBER VALUE COMPARSIONS
SQL> 
SQL> REM DISPLAY THOSE WHO WORKS IN DEPARTMENT 110
SQL> 
SQL> SELECT * FROM EMPLOYEES;

EMPLOYEE_ID FIRST_NAME      LAST_NAME       EMAIL      PHONE_NUMBER         HIRE_DATE JOB_ID         SALARY COMMISSION_PCT MANAGER_ID DEPARTMENT_ID                                                     
----------- --------------- --------------- ---------- -------------------- --------- ---------- ---------- -------------- ---------- -------------                                                     
        100 Steven          King            SKING      515.123.4567         17-JUL-87 AD_PRES         24000                                      90                                                     
        101 Neena           Kochhar         NKOCHHAR   515.123.4568         21-SEP-89 AD_VP           17000                       100            90                                                     
        102 Lex             De Haan         LDEHAAN    515.123.4569         13-JAN-93 AD_VP           17000                       100            90                                                     
        103 Alexander       Hunold          AHUNOLD    590.423.4567         03-JAN-90 IT_PROG          9000                       102            60                                                     
        104 Bruce           Ernst           BERNST     590.423.4568         21-MAY-91 IT_PROG          6000                       103            60                                                     
        107 Diana           Lorentz         DLORENTZ   590.423.5567         07-FEB-99 IT_PROG          4200                       103            60                                                     
        124 Kevin           Mourgos         KMOURGOS   650.123.5234         16-NOV-99 ST_MAN           5800                       100            50                                                     
        141 Trenna          Rajs            TRAJS      650.121.8009         17-OCT-95 ST_CLERK         3500                       124            50                                                     
        142 Curtis          Davies          CDAVIES    650.121.2994         29-JAN-97 ST_CLERK         3100                       124            50                                                     
        143 Randall         Matos           RMATOS     650.121.2874         15-MAR-98 ST_CLERK         2600                       124            50                                                     
        144 Peter           Vargas                     650.121.2004         09-JUL-98 ST_CLERK         2500                       124            50                                                     
        149 Eleni           Zlotkey         EZLOTKEY   011.44.1344.429018   29-JAN-00 SA_MAN          10500             .2        100            80                                                     
        174 Ellen           Abel            EABEL      011.44.1644.429267   11-MAY-96 SA_REP          11000             .3        149            80                                                     
        176 Jonathon        Taylor          JTAYLOR    011.44.1644.429265   24-MAR-98 SA_REP           8600             .3        149            80                                                     
        178 Kimerely        Grant           KGRANT     011.44.1644.429263   24-MAY-99 SA_REP           7000            .15        149                                                                   
        200 Jennifer        Whalen          JWHALEN    515.123.4444         17-SEP-87 AD_ASST          4400                       101            10                                                     
        201 Michael         Hartstein       MHARTSTE   515.123.5555         17-FEB-96 MK_MAN          13000                       100            20                                                     
        202 Pat             Fay             PFAY       603.123.6666         17-AUG-97 MK_REP           6000                       201            20                                                     
        205 Shelley         Higgins         SHIGGINS   515.123.8080         07-JUN-94 AC_MGR          12000                       101           110                                                     
        206 William         Gietz           WGIETZ     515.123.8181         07-JUN-94 AC_ACCOUNT       8300                       205           110                                                     

20 rows selected.

SQL> SELECT * FROM EMPLOYEES WHERE DEPARTMENT_ID = 110;

EMPLOYEE_ID FIRST_NAME      LAST_NAME       EMAIL      PHONE_NUMBER         HIRE_DATE JOB_ID         SALARY COMMISSION_PCT MANAGER_ID DEPARTMENT_ID                                                     
----------- --------------- --------------- ---------- -------------------- --------- ---------- ---------- -------------- ---------- -------------                                                     
        205 Shelley         Higgins         SHIGGINS   515.123.8080         07-JUN-94 AC_MGR          12000                       101           110                                                     
        206 William         Gietz           WGIETZ     515.123.8181         07-JUN-94 AC_ACCOUNT       8300                       205           110                                                     

SQL> SELECT * FROM EMPLOYEES;

EMPLOYEE_ID FIRST_NAME      LAST_NAME       EMAIL      PHONE_NUMBER         HIRE_DATE JOB_ID         SALARY COMMISSION_PCT MANAGER_ID DEPARTMENT_ID                                                     
----------- --------------- --------------- ---------- -------------------- --------- ---------- ---------- -------------- ---------- -------------                                                     
        100 Steven          King            SKING      515.123.4567         17-JUL-87 AD_PRES         24000                                      90                                                     
        101 Neena           Kochhar         NKOCHHAR   515.123.4568         21-SEP-89 AD_VP           17000                       100            90                                                     
        102 Lex             De Haan         LDEHAAN    515.123.4569         13-JAN-93 AD_VP           17000                       100            90                                                     
        103 Alexander       Hunold          AHUNOLD    590.423.4567         03-JAN-90 IT_PROG          9000                       102            60                                                     
        104 Bruce           Ernst           BERNST     590.423.4568         21-MAY-91 IT_PROG          6000                       103            60                                                     
        107 Diana           Lorentz         DLORENTZ   590.423.5567         07-FEB-99 IT_PROG          4200                       103            60                                                     
        124 Kevin           Mourgos         KMOURGOS   650.123.5234         16-NOV-99 ST_MAN           5800                       100            50                                                     
        141 Trenna          Rajs            TRAJS      650.121.8009         17-OCT-95 ST_CLERK         3500                       124            50                                                     
        142 Curtis          Davies          CDAVIES    650.121.2994         29-JAN-97 ST_CLERK         3100                       124            50                                                     
        143 Randall         Matos           RMATOS     650.121.2874         15-MAR-98 ST_CLERK         2600                       124            50                                                     
        144 Peter           Vargas                     650.121.2004         09-JUL-98 ST_CLERK         2500                       124            50                                                     
        149 Eleni           Zlotkey         EZLOTKEY   011.44.1344.429018   29-JAN-00 SA_MAN          10500             .2        100            80                                                     
        174 Ellen           Abel            EABEL      011.44.1644.429267   11-MAY-96 SA_REP          11000             .3        149            80                                                     
        176 Jonathon        Taylor          JTAYLOR    011.44.1644.429265   24-MAR-98 SA_REP           8600             .3        149            80                                                     
        178 Kimerely        Grant           KGRANT     011.44.1644.429263   24-MAY-99 SA_REP           7000            .15        149                                                                   
        200 Jennifer        Whalen          JWHALEN    515.123.4444         17-SEP-87 AD_ASST          4400                       101            10                                                     
        201 Michael         Hartstein       MHARTSTE   515.123.5555         17-FEB-96 MK_MAN          13000                       100            20                                                     
        202 Pat             Fay             PFAY       603.123.6666         17-AUG-97 MK_REP           6000                       201            20                                                     
        205 Shelley         Higgins         SHIGGINS   515.123.8080         07-JUN-94 AC_MGR          12000                       101           110                                                     
        206 William         Gietz           WGIETZ     515.123.8181         07-JUN-94 AC_ACCOUNT       8300                       205           110                                                     

20 rows selected.

SQL> REM 1 DISPLAY THOSE WHO REPORTS TO MANAGER 124
SQL> 
SQL> REM 2 DISPLAY THOSE WHO GETS .3 COMMISSION_PCT
SQL> 
SQL> REM 3 DISPLAY THOSE WHO GETS SALARY UPTO 6000
SQL> 
SQL> REM 4 DISPLAY THOSE WHO GETS SALARY 11000 ONWARDS
SQL> 
SQL> REM 5 DISPLAY ALL EXCEPT THOSE WHO WORKS IN DEPARTMENT 50
SQL> 
SQL> 
SQL> 
SQL> 
SQL> REM 1 DISPLAY THOSE WHO REPORTS TO MANAGER 124
SQL> 
SQL> SELECT * FROM EMPLOYEES WHERE MANAGER_ID = 124;

EMPLOYEE_ID FIRST_NAME      LAST_NAME       EMAIL      PHONE_NUMBER         HIRE_DATE JOB_ID         SALARY COMMISSION_PCT MANAGER_ID DEPARTMENT_ID                                                     
----------- --------------- --------------- ---------- -------------------- --------- ---------- ---------- -------------- ---------- -------------                                                     
        141 Trenna          Rajs            TRAJS      650.121.8009         17-OCT-95 ST_CLERK         3500                       124            50                                                     
        142 Curtis          Davies          CDAVIES    650.121.2994         29-JAN-97 ST_CLERK         3100                       124            50                                                     
        143 Randall         Matos           RMATOS     650.121.2874         15-MAR-98 ST_CLERK         2600                       124            50                                                     
        144 Peter           Vargas                     650.121.2004         09-JUL-98 ST_CLERK         2500                       124            50                                                     

SQL> REM 2 DISPLAY THOSE WHO GETS .3 COMMISSION_PCT
SQL> 
SQL> SELECT * FROM EMPLOYEES WHERE COMMISSION_PCT = .3;

EMPLOYEE_ID FIRST_NAME      LAST_NAME       EMAIL      PHONE_NUMBER         HIRE_DATE JOB_ID         SALARY COMMISSION_PCT MANAGER_ID DEPARTMENT_ID                                                     
----------- --------------- --------------- ---------- -------------------- --------- ---------- ---------- -------------- ---------- -------------                                                     
        174 Ellen           Abel            EABEL      011.44.1644.429267   11-MAY-96 SA_REP          11000             .3        149            80                                                     
        176 Jonathon        Taylor          JTAYLOR    011.44.1644.429265   24-MAR-98 SA_REP           8600             .3        149            80                                                     

SQL> REM 3 DISPLAY THOSE WHO GETS SALARY UPTO 6000
SQL> 
SQL> SELECT * FROM EMPLOYEES WHERE SALARY <= 6000;

EMPLOYEE_ID FIRST_NAME      LAST_NAME       EMAIL      PHONE_NUMBER         HIRE_DATE JOB_ID         SALARY COMMISSION_PCT MANAGER_ID DEPARTMENT_ID                                                     
----------- --------------- --------------- ---------- -------------------- --------- ---------- ---------- -------------- ---------- -------------                                                     
        104 Bruce           Ernst           BERNST     590.423.4568         21-MAY-91 IT_PROG          6000                       103            60                                                     
        107 Diana           Lorentz         DLORENTZ   590.423.5567         07-FEB-99 IT_PROG          4200                       103            60                                                     
        124 Kevin           Mourgos         KMOURGOS   650.123.5234         16-NOV-99 ST_MAN           5800                       100            50                                                     
        141 Trenna          Rajs            TRAJS      650.121.8009         17-OCT-95 ST_CLERK         3500                       124            50                                                     
        142 Curtis          Davies          CDAVIES    650.121.2994         29-JAN-97 ST_CLERK         3100                       124            50                                                     
        143 Randall         Matos           RMATOS     650.121.2874         15-MAR-98 ST_CLERK         2600                       124            50                                                     
        144 Peter           Vargas                     650.121.2004         09-JUL-98 ST_CLERK         2500                       124            50                                                     
        200 Jennifer        Whalen          JWHALEN    515.123.4444         17-SEP-87 AD_ASST          4400                       101            10                                                     
        202 Pat             Fay             PFAY       603.123.6666         17-AUG-97 MK_REP           6000                       201            20                                                     

9 rows selected.

SQL> REM 4 DISPLAY THOSE WHO GETS SALARY 11000 ONWARDS
SQL> 
SQL> SELECT * FROM EMPLOYEES WHERE SALARY >= 11000;

EMPLOYEE_ID FIRST_NAME      LAST_NAME       EMAIL      PHONE_NUMBER         HIRE_DATE JOB_ID         SALARY COMMISSION_PCT MANAGER_ID DEPARTMENT_ID                                                     
----------- --------------- --------------- ---------- -------------------- --------- ---------- ---------- -------------- ---------- -------------                                                     
        100 Steven          King            SKING      515.123.4567         17-JUL-87 AD_PRES         24000                                      90                                                     
        101 Neena           Kochhar         NKOCHHAR   515.123.4568         21-SEP-89 AD_VP           17000                       100            90                                                     
        102 Lex             De Haan         LDEHAAN    515.123.4569         13-JAN-93 AD_VP           17000                       100            90                                                     
        174 Ellen           Abel            EABEL      011.44.1644.429267   11-MAY-96 SA_REP          11000             .3        149            80                                                     
        201 Michael         Hartstein       MHARTSTE   515.123.5555         17-FEB-96 MK_MAN          13000                       100            20                                                     
        205 Shelley         Higgins         SHIGGINS   515.123.8080         07-JUN-94 AC_MGR          12000                       101           110                                                     

6 rows selected.

SQL> REM 5 DISPLAY ALL EXCEPT THOSE WHO WORKS IN DEPARTMENT 50
SQL> 
SQL> SELECT * FROM EMPLOYEES WHERE DEPARTMENT_ID <> 50;

EMPLOYEE_ID FIRST_NAME      LAST_NAME       EMAIL      PHONE_NUMBER         HIRE_DATE JOB_ID         SALARY COMMISSION_PCT MANAGER_ID DEPARTMENT_ID                                                     
----------- --------------- --------------- ---------- -------------------- --------- ---------- ---------- -------------- ---------- -------------                                                     
        100 Steven          King            SKING      515.123.4567         17-JUL-87 AD_PRES         24000                                      90                                                     
        101 Neena           Kochhar         NKOCHHAR   515.123.4568         21-SEP-89 AD_VP           17000                       100            90                                                     
        102 Lex             De Haan         LDEHAAN    515.123.4569         13-JAN-93 AD_VP           17000                       100            90                                                     
        103 Alexander       Hunold          AHUNOLD    590.423.4567         03-JAN-90 IT_PROG          9000                       102            60                                                     
        104 Bruce           Ernst           BERNST     590.423.4568         21-MAY-91 IT_PROG          6000                       103            60                                                     
        107 Diana           Lorentz         DLORENTZ   590.423.5567         07-FEB-99 IT_PROG          4200                       103            60                                                     
        149 Eleni           Zlotkey         EZLOTKEY   011.44.1344.429018   29-JAN-00 SA_MAN          10500             .2        100            80                                                     
        174 Ellen           Abel            EABEL      011.44.1644.429267   11-MAY-96 SA_REP          11000             .3        149            80                                                     
        176 Jonathon        Taylor          JTAYLOR    011.44.1644.429265   24-MAR-98 SA_REP           8600             .3        149            80                                                     
        200 Jennifer        Whalen          JWHALEN    515.123.4444         17-SEP-87 AD_ASST          4400                       101            10                                                     
        201 Michael         Hartstein       MHARTSTE   515.123.5555         17-FEB-96 MK_MAN          13000                       100            20                                                     
        202 Pat             Fay             PFAY       603.123.6666         17-AUG-97 MK_REP           6000                       201            20                                                     
        205 Shelley         Higgins         SHIGGINS   515.123.8080         07-JUN-94 AC_MGR          12000                       101           110                                                     
        206 William         Gietz           WGIETZ     515.123.8181         07-JUN-94 AC_ACCOUNT       8300                       205           110                                                     

14 rows selected.

SQL> SELECT * FROM EMPLOYEES WHERE DEPARTMENT_ID ^= 50;

EMPLOYEE_ID FIRST_NAME      LAST_NAME       EMAIL      PHONE_NUMBER         HIRE_DATE JOB_ID         SALARY COMMISSION_PCT MANAGER_ID DEPARTMENT_ID                                                     
----------- --------------- --------------- ---------- -------------------- --------- ---------- ---------- -------------- ---------- -------------                                                     
        100 Steven          King            SKING      515.123.4567         17-JUL-87 AD_PRES         24000                                      90                                                     
        101 Neena           Kochhar         NKOCHHAR   515.123.4568         21-SEP-89 AD_VP           17000                       100            90                                                     
        102 Lex             De Haan         LDEHAAN    515.123.4569         13-JAN-93 AD_VP           17000                       100            90                                                     
        103 Alexander       Hunold          AHUNOLD    590.423.4567         03-JAN-90 IT_PROG          9000                       102            60                                                     
        104 Bruce           Ernst           BERNST     590.423.4568         21-MAY-91 IT_PROG          6000                       103            60                                                     
        107 Diana           Lorentz         DLORENTZ   590.423.5567         07-FEB-99 IT_PROG          4200                       103            60                                                     
        149 Eleni           Zlotkey         EZLOTKEY   011.44.1344.429018   29-JAN-00 SA_MAN          10500             .2        100            80                                                     
        174 Ellen           Abel            EABEL      011.44.1644.429267   11-MAY-96 SA_REP          11000             .3        149            80                                                     
        176 Jonathon        Taylor          JTAYLOR    011.44.1644.429265   24-MAR-98 SA_REP           8600             .3        149            80                                                     
        200 Jennifer        Whalen          JWHALEN    515.123.4444         17-SEP-87 AD_ASST          4400                       101            10                                                     
        201 Michael         Hartstein       MHARTSTE   515.123.5555         17-FEB-96 MK_MAN          13000                       100            20                                                     
        202 Pat             Fay             PFAY       603.123.6666         17-AUG-97 MK_REP           6000                       201            20                                                     
        205 Shelley         Higgins         SHIGGINS   515.123.8080         07-JUN-94 AC_MGR          12000                       101           110                                                     
        206 William         Gietz           WGIETZ     515.123.8181         07-JUN-94 AC_ACCOUNT       8300                       205           110                                                     

14 rows selected.

SQL> SELECT * FROM EMPLOYEES WHERE DEPARTMENT_ID != 50;

EMPLOYEE_ID FIRST_NAME      LAST_NAME       EMAIL      PHONE_NUMBER         HIRE_DATE JOB_ID         SALARY COMMISSION_PCT MANAGER_ID DEPARTMENT_ID                                                     
----------- --------------- --------------- ---------- -------------------- --------- ---------- ---------- -------------- ---------- -------------                                                     
        100 Steven          King            SKING      515.123.4567         17-JUL-87 AD_PRES         24000                                      90                                                     
        101 Neena           Kochhar         NKOCHHAR   515.123.4568         21-SEP-89 AD_VP           17000                       100            90                                                     
        102 Lex             De Haan         LDEHAAN    515.123.4569         13-JAN-93 AD_VP           17000                       100            90                                                     
        103 Alexander       Hunold          AHUNOLD    590.423.4567         03-JAN-90 IT_PROG          9000                       102            60                                                     
        104 Bruce           Ernst           BERNST     590.423.4568         21-MAY-91 IT_PROG          6000                       103            60                                                     
        107 Diana           Lorentz         DLORENTZ   590.423.5567         07-FEB-99 IT_PROG          4200                       103            60                                                     
        149 Eleni           Zlotkey         EZLOTKEY   011.44.1344.429018   29-JAN-00 SA_MAN          10500             .2        100            80                                                     
        174 Ellen           Abel            EABEL      011.44.1644.429267   11-MAY-96 SA_REP          11000             .3        149            80                                                     
        176 Jonathon        Taylor          JTAYLOR    011.44.1644.429265   24-MAR-98 SA_REP           8600             .3        149            80                                                     
        200 Jennifer        Whalen          JWHALEN    515.123.4444         17-SEP-87 AD_ASST          4400                       101            10                                                     
        201 Michael         Hartstein       MHARTSTE   515.123.5555         17-FEB-96 MK_MAN          13000                       100            20                                                     
        202 Pat             Fay             PFAY       603.123.6666         17-AUG-97 MK_REP           6000                       201            20                                                     
        205 Shelley         Higgins         SHIGGINS   515.123.8080         07-JUN-94 AC_MGR          12000                       101           110                                                     
        206 William         Gietz           WGIETZ     515.123.8181         07-JUN-94 AC_ACCOUNT       8300                       205           110                                                     

14 rows selected.

SQL> SELECT FIRST_NAME , DEPARTMENTID FROM EMPLOYEES WHERE DEPARTMENT_ID != 50;
SELECT FIRST_NAME , DEPARTMENTID FROM EMPLOYEES WHERE DEPARTMENT_ID != 50
                    *
ERROR at line 1:
ORA-00904: "DEPARTMENTID": invalid identifier 


SQL> SELECT FIRST_NAME , DEPARTMENT_ID FROM EMPLOYEES WHERE DEPARTMENT_ID != 50;

FIRST_NAME      DEPARTMENT_ID                                                                                                                                                                           
--------------- -------------                                                                                                                                                                           
Steven                     90                                                                                                                                                                           
Neena                      90                                                                                                                                                                           
Lex                        90                                                                                                                                                                           
Alexander                  60                                                                                                                                                                           
Bruce                      60                                                                                                                                                                           
Diana                      60                                                                                                                                                                           
Eleni                      80                                                                                                                                                                           
Ellen                      80                                                                                                                                                                           
Jonathon                   80                                                                                                                                                                           
Jennifer                   10                                                                                                                                                                           
Michael                    20                                                                                                                                                                           
Pat                        20                                                                                                                                                                           
Shelley                   110                                                                                                                                                                           
William                   110                                                                                                                                                                           

14 rows selected.

SQL> REM CHARACTER VALUE COMPARISON
SQL> 
SQL> REM CHARACTER VALUES ARE CASE SENSITIVE WHILE COMPARING.
SQL> 
SQL> 
SQL> REM DISPLAY THOSE WHO WORKS AS IT_PROG
SQL> 
SQL> SELECT LAST_NAME , JOB_ID FROM EMPLOYEES WHERE JOB_ID = 'IT_PROG';

LAST_NAME       JOB_ID                                                                                                                                                                                  
--------------- ----------                                                                                                                                                                              
Hunold          IT_PROG                                                                                                                                                                                 
Ernst           IT_PROG                                                                                                                                                                                 
Lorentz         IT_PROG                                                                                                                                                                                 

SQL> SELECT LAST_NAME , JOB_ID FROM EMPLOYEES WHERE JOB_ID = IT_PROG;
SELECT LAST_NAME , JOB_ID FROM EMPLOYEES WHERE JOB_ID = IT_PROG
                                                        *
ERROR at line 1:
ORA-00904: "IT_PROG": invalid identifier 


SQL> SELECT LAST_NAME , JOB_ID FROM EMPLOYEES WHERE JOB_ID = "IT_PROG";
SELECT LAST_NAME , JOB_ID FROM EMPLOYEES WHERE JOB_ID = "IT_PROG"
                                                        *
ERROR at line 1:
ORA-00904: "IT_PROG": invalid identifier 


SQL> SELECT LAST_NAME , JOB_ID FROM EMPLOYEES WHERE JOB_ID = [IT_PROG];
SELECT LAST_NAME , JOB_ID FROM EMPLOYEES WHERE JOB_ID = [IT_PROG]
                                                        *
ERROR at line 1:
ORA-00936: missing expression 


SQL> SELECT LAST_NAME , JOB_ID FROM EMPLOYEES WHERE JOB_ID = 'IT_PROg';

no rows selected

SQL> SELECT LAST_NAME , JOB_ID FROM EMPLOYEES WHERE job_ID = 'IT_PROG';

LAST_NAME       JOB_ID                                                                                                                                                                                  
--------------- ----------                                                                                                                                                                              
Hunold          IT_PROG                                                                                                                                                                                 
Ernst           IT_PROG                                                                                                                                                                                 
Lorentz         IT_PROG                                                                                                                                                                                 

SQL> SELECT LAST_NAME , JOB_ID FROM EMPLOYEES WHERE 'IT_PROG' = JOB_ID;

LAST_NAME       JOB_ID                                                                                                                                                                                  
--------------- ----------                                                                                                                                                                              
Hunold          IT_PROG                                                                                                                                                                                 
Ernst           IT_PROG                                                                                                                                                                                 
Lorentz         IT_PROG                                                                                                                                                                                 

SQL> SELECT LAST_NAME , JOB_ID FROM EMPLOYEES WHERE 'IT_PROG' = 'JOB_ID';

no rows selected

SQL> SELECT * FROM EMPLOYEES;

EMPLOYEE_ID FIRST_NAME      LAST_NAME       EMAIL      PHONE_NUMBER         HIRE_DATE JOB_ID         SALARY COMMISSION_PCT MANAGER_ID DEPARTMENT_ID                                                     
----------- --------------- --------------- ---------- -------------------- --------- ---------- ---------- -------------- ---------- -------------                                                     
        100 Steven          King            SKING      515.123.4567         17-JUL-87 AD_PRES         24000                                      90                                                     
        101 Neena           Kochhar         NKOCHHAR   515.123.4568         21-SEP-89 AD_VP           17000                       100            90                                                     
        102 Lex             De Haan         LDEHAAN    515.123.4569         13-JAN-93 AD_VP           17000                       100            90                                                     
        103 Alexander       Hunold          AHUNOLD    590.423.4567         03-JAN-90 IT_PROG          9000                       102            60                                                     
        104 Bruce           Ernst           BERNST     590.423.4568         21-MAY-91 IT_PROG          6000                       103            60                                                     
        107 Diana           Lorentz         DLORENTZ   590.423.5567         07-FEB-99 IT_PROG          4200                       103            60                                                     
        124 Kevin           Mourgos         KMOURGOS   650.123.5234         16-NOV-99 ST_MAN           5800                       100            50                                                     
        141 Trenna          Rajs            TRAJS      650.121.8009         17-OCT-95 ST_CLERK         3500                       124            50                                                     
        142 Curtis          Davies          CDAVIES    650.121.2994         29-JAN-97 ST_CLERK         3100                       124            50                                                     
        143 Randall         Matos           RMATOS     650.121.2874         15-MAR-98 ST_CLERK         2600                       124            50                                                     
        144 Peter           Vargas                     650.121.2004         09-JUL-98 ST_CLERK         2500                       124            50                                                     
        149 Eleni           Zlotkey         EZLOTKEY   011.44.1344.429018   29-JAN-00 SA_MAN          10500             .2        100            80                                                     
        174 Ellen           Abel            EABEL      011.44.1644.429267   11-MAY-96 SA_REP          11000             .3        149            80                                                     
        176 Jonathon        Taylor          JTAYLOR    011.44.1644.429265   24-MAR-98 SA_REP           8600             .3        149            80                                                     
        178 Kimerely        Grant           KGRANT     011.44.1644.429263   24-MAY-99 SA_REP           7000            .15        149                                                                   
        200 Jennifer        Whalen          JWHALEN    515.123.4444         17-SEP-87 AD_ASST          4400                       101            10                                                     
        201 Michael         Hartstein       MHARTSTE   515.123.5555         17-FEB-96 MK_MAN          13000                       100            20                                                     
        202 Pat             Fay             PFAY       603.123.6666         17-AUG-97 MK_REP           6000                       201            20                                                     
        205 Shelley         Higgins         SHIGGINS   515.123.8080         07-JUN-94 AC_MGR          12000                       101           110                                                     
        206 William         Gietz           WGIETZ     515.123.8181         07-JUN-94 AC_ACCOUNT       8300                       205           110                                                     

20 rows selected.

SQL> REM 1 DISPLAY THSOE WHO WORKS AS ST_CLERK
SQL> 
SQL> REM 2 DISPLAY INFO. ABOUT EMPLOYEE WHOSE EMAIL IS EABEL
SQL> 
SQL> REM 3 DISPLAY ALL EXCEPT THOSE WHO WORKS AS ST_CLERK
SQL> 
SQL> REM 4 DISPLAY ALL OTHER THAN THOSE WHOSE EMAIL IS BERNST
SQL> 
SQL> REM 5 DISPLAY INFO. ABOUT EMPLOYEE WHOSE PHONE_NUMBER IS 011.44.1644.429265
SQL> 
SQL> 
SQL> REM 1 DISPLAY THSOE WHO WORKS AS ST_CLERK
SQL> 
SQL> SELECT FIRST_NAME , JOB_ID FROM EMPLOYEES WHERE JOB_ID = 'ST_CLERK';

FIRST_NAME      JOB_ID                                                                                                                                                                                  
--------------- ----------                                                                                                                                                                              
Trenna          ST_CLERK                                                                                                                                                                                
Curtis          ST_CLERK                                                                                                                                                                                
Randall         ST_CLERK                                                                                                                                                                                
Peter           ST_CLERK                                                                                                                                                                                

SQL> REM 2 DISPLAY INFO. ABOUT EMPLOYEE WHOSE EMAIL IS EABEL
SQL> 
SQL> SELECT LAST_NAME , EMAIL FROM EMPLOYEES WHERE EMAIL = 'EABEL';

LAST_NAME       EMAIL                                                                                                                                                                                   
--------------- ----------                                                                                                                                                                              
Abel            EABEL                                                                                                                                                                                   

SQL> REM 3 DISPLAY ALL EXCEPT THOSE WHO WORKS AS ST_CLERK
SQL> 
SQL> SELECT FIRST_NAME , JOB_ID FROM EMPLOYEES WHERE 'ST_CLERK' <> JOB_ID;

FIRST_NAME      JOB_ID                                                                                                                                                                                  
--------------- ----------                                                                                                                                                                              
Steven          AD_PRES                                                                                                                                                                                 
Neena           AD_VP                                                                                                                                                                                   
Lex             AD_VP                                                                                                                                                                                   
Alexander       IT_PROG                                                                                                                                                                                 
Bruce           IT_PROG                                                                                                                                                                                 
Diana           IT_PROG                                                                                                                                                                                 
Kevin           ST_MAN                                                                                                                                                                                  
Eleni           SA_MAN                                                                                                                                                                                  
Ellen           SA_REP                                                                                                                                                                                  
Jonathon        SA_REP                                                                                                                                                                                  
Kimerely        SA_REP                                                                                                                                                                                  
Jennifer        AD_ASST                                                                                                                                                                                 
Michael         MK_MAN                                                                                                                                                                                  
Pat             MK_REP                                                                                                                                                                                  
Shelley         AC_MGR                                                                                                                                                                                  
William         AC_ACCOUNT                                                                                                                                                                              

16 rows selected.

SQL> SELECT FIRST_NAME , JOB_ID FROM EMPLOYEES WHERE 'ST_CLERK' != JOB_ID;

FIRST_NAME      JOB_ID                                                                                                                                                                                  
--------------- ----------                                                                                                                                                                              
Steven          AD_PRES                                                                                                                                                                                 
Neena           AD_VP                                                                                                                                                                                   
Lex             AD_VP                                                                                                                                                                                   
Alexander       IT_PROG                                                                                                                                                                                 
Bruce           IT_PROG                                                                                                                                                                                 
Diana           IT_PROG                                                                                                                                                                                 
Kevin           ST_MAN                                                                                                                                                                                  
Eleni           SA_MAN                                                                                                                                                                                  
Ellen           SA_REP                                                                                                                                                                                  
Jonathon        SA_REP                                                                                                                                                                                  
Kimerely        SA_REP                                                                                                                                                                                  
Jennifer        AD_ASST                                                                                                                                                                                 
Michael         MK_MAN                                                                                                                                                                                  
Pat             MK_REP                                                                                                                                                                                  
Shelley         AC_MGR                                                                                                                                                                                  
William         AC_ACCOUNT                                                                                                                                                                              

16 rows selected.

SQL> SELECT FIRST_NAME , JOB_ID FROM EMPLOYEES WHERE 'ST_CLERK' ^= JOB_ID;

FIRST_NAME      JOB_ID                                                                                                                                                                                  
--------------- ----------                                                                                                                                                                              
Steven          AD_PRES                                                                                                                                                                                 
Neena           AD_VP                                                                                                                                                                                   
Lex             AD_VP                                                                                                                                                                                   
Alexander       IT_PROG                                                                                                                                                                                 
Bruce           IT_PROG                                                                                                                                                                                 
Diana           IT_PROG                                                                                                                                                                                 
Kevin           ST_MAN                                                                                                                                                                                  
Eleni           SA_MAN                                                                                                                                                                                  
Ellen           SA_REP                                                                                                                                                                                  
Jonathon        SA_REP                                                                                                                                                                                  
Kimerely        SA_REP                                                                                                                                                                                  
Jennifer        AD_ASST                                                                                                                                                                                 
Michael         MK_MAN                                                                                                                                                                                  
Pat             MK_REP                                                                                                                                                                                  
Shelley         AC_MGR                                                                                                                                                                                  
William         AC_ACCOUNT                                                                                                                                                                              

16 rows selected.

SQL> REM 4 DISPLAY ALL OTHER THAN THOSE WHOSE EMAIL IS BERNST
SQL> 
SQL> SELECT FIRST_NAME , EMAIL FROM EMPLOYEES WHERE EMAIL <> 'BERNST';

FIRST_NAME      EMAIL                                                                                                                                                                                   
--------------- ----------                                                                                                                                                                              
Steven          SKING                                                                                                                                                                                   
Neena           NKOCHHAR                                                                                                                                                                                
Lex             LDEHAAN                                                                                                                                                                                 
Alexander       AHUNOLD                                                                                                                                                                                 
Diana           DLORENTZ                                                                                                                                                                                
Kevin           KMOURGOS                                                                                                                                                                                
Trenna          TRAJS                                                                                                                                                                                   
Curtis          CDAVIES                                                                                                                                                                                 
Randall         RMATOS                                                                                                                                                                                  
Eleni           EZLOTKEY                                                                                                                                                                                
Ellen           EABEL                                                                                                                                                                                   
Jonathon        JTAYLOR                                                                                                                                                                                 
Kimerely        KGRANT                                                                                                                                                                                  
Jennifer        JWHALEN                                                                                                                                                                                 
Michael         MHARTSTE                                                                                                                                                                                
Pat             PFAY                                                                                                                                                                                    
Shelley         SHIGGINS                                                                                                                                                                                
William         WGIETZ                                                                                                                                                                                  

18 rows selected.

SQL> SELECT FIRST_NAME , EMAIL FROM EMPLOYEES WHERE EMAIL != 'BERNST';

FIRST_NAME      EMAIL                                                                                                                                                                                   
--------------- ----------                                                                                                                                                                              
Steven          SKING                                                                                                                                                                                   
Neena           NKOCHHAR                                                                                                                                                                                
Lex             LDEHAAN                                                                                                                                                                                 
Alexander       AHUNOLD                                                                                                                                                                                 
Diana           DLORENTZ                                                                                                                                                                                
Kevin           KMOURGOS                                                                                                                                                                                
Trenna          TRAJS                                                                                                                                                                                   
Curtis          CDAVIES                                                                                                                                                                                 
Randall         RMATOS                                                                                                                                                                                  
Eleni           EZLOTKEY                                                                                                                                                                                
Ellen           EABEL                                                                                                                                                                                   
Jonathon        JTAYLOR                                                                                                                                                                                 
Kimerely        KGRANT                                                                                                                                                                                  
Jennifer        JWHALEN                                                                                                                                                                                 
Michael         MHARTSTE                                                                                                                                                                                
Pat             PFAY                                                                                                                                                                                    
Shelley         SHIGGINS                                                                                                                                                                                
William         WGIETZ                                                                                                                                                                                  

18 rows selected.

SQL> SELECT FIRST_NAME , EMAIL FROM EMPLOYEES WHERE EMAIL ^= 'BERNST';

FIRST_NAME      EMAIL                                                                                                                                                                                   
--------------- ----------                                                                                                                                                                              
Steven          SKING                                                                                                                                                                                   
Neena           NKOCHHAR                                                                                                                                                                                
Lex             LDEHAAN                                                                                                                                                                                 
Alexander       AHUNOLD                                                                                                                                                                                 
Diana           DLORENTZ                                                                                                                                                                                
Kevin           KMOURGOS                                                                                                                                                                                
Trenna          TRAJS                                                                                                                                                                                   
Curtis          CDAVIES                                                                                                                                                                                 
Randall         RMATOS                                                                                                                                                                                  
Eleni           EZLOTKEY                                                                                                                                                                                
Ellen           EABEL                                                                                                                                                                                   
Jonathon        JTAYLOR                                                                                                                                                                                 
Kimerely        KGRANT                                                                                                                                                                                  
Jennifer        JWHALEN                                                                                                                                                                                 
Michael         MHARTSTE                                                                                                                                                                                
Pat             PFAY                                                                                                                                                                                    
Shelley         SHIGGINS                                                                                                                                                                                
William         WGIETZ                                                                                                                                                                                  

18 rows selected.

SQL> SELECT FIRST_NAME , EMAIL FROM EMPLOYEES WHERE EMAIL =! 'BERNST';
SELECT FIRST_NAME , EMAIL FROM EMPLOYEES WHERE EMAIL =! 'BERNST'
                                                      *
ERROR at line 1:
ORA-00936: missing expression 


SQL> SELECT FIRST_NAME , EMAIL FROM EMPLOYEES WHERE 'BERNST' =! EMAIL;
SELECT FIRST_NAME , EMAIL FROM EMPLOYEES WHERE 'BERNST' =! EMAIL
                                                         *
ERROR at line 1:
ORA-00936: missing expression 


SQL> REM 5 DISPLAY INFO. ABOUT EMPLOYEE WHOSE PHONE_NUMBER IS 011.44.1644.429265
SQL> 
SQL> SELECT FIRST_NAME , PHONE_NUMBER FROM EMPLOYEES WHERE PHONE_NUMBER = '011.44.1644.429265';

FIRST_NAME      PHONE_NUMBER                                                                                                                                                                            
--------------- --------------------                                                                                                                                                                    
Jonathon        011.44.1644.429265                                                                                                                                                                      

SQL> SELECT FIRST_NAME , PHONE_NUMBER FROM EMPLOYEES WHERE PHONE_NUMBER = 011.44.1644.429265;
SELECT FIRST_NAME , PHONE_NUMBER FROM EMPLOYEES WHERE PHONE_NUMBER = 011.44.1644.429265
                                                                           *
ERROR at line 1:
ORA-00933: SQL command not properly ended 


SQL> SELECT * FROM EMPLOYEES;

EMPLOYEE_ID FIRST_NAME      LAST_NAME       EMAIL      PHONE_NUMBER         HIRE_DATE JOB_ID         SALARY COMMISSION_PCT MANAGER_ID DEPARTMENT_ID                                                     
----------- --------------- --------------- ---------- -------------------- --------- ---------- ---------- -------------- ---------- -------------                                                     
        100 Steven          King            SKING      515.123.4567         17-JUL-87 AD_PRES         24000                                      90                                                     
        101 Neena           Kochhar         NKOCHHAR   515.123.4568         21-SEP-89 AD_VP           17000                       100            90                                                     
        102 Lex             De Haan         LDEHAAN    515.123.4569         13-JAN-93 AD_VP           17000                       100            90                                                     
        103 Alexander       Hunold          AHUNOLD    590.423.4567         03-JAN-90 IT_PROG          9000                       102            60                                                     
        104 Bruce           Ernst           BERNST     590.423.4568         21-MAY-91 IT_PROG          6000                       103            60                                                     
        107 Diana           Lorentz         DLORENTZ   590.423.5567         07-FEB-99 IT_PROG          4200                       103            60                                                     
        124 Kevin           Mourgos         KMOURGOS   650.123.5234         16-NOV-99 ST_MAN           5800                       100            50                                                     
        141 Trenna          Rajs            TRAJS      650.121.8009         17-OCT-95 ST_CLERK         3500                       124            50                                                     
        142 Curtis          Davies          CDAVIES    650.121.2994         29-JAN-97 ST_CLERK         3100                       124            50                                                     
        143 Randall         Matos           RMATOS     650.121.2874         15-MAR-98 ST_CLERK         2600                       124            50                                                     
        144 Peter           Vargas                     650.121.2004         09-JUL-98 ST_CLERK         2500                       124            50                                                     
        149 Eleni           Zlotkey         EZLOTKEY   011.44.1344.429018   29-JAN-00 SA_MAN          10500             .2        100            80                                                     
        174 Ellen           Abel            EABEL      011.44.1644.429267   11-MAY-96 SA_REP          11000             .3        149            80                                                     
        176 Jonathon        Taylor          JTAYLOR    011.44.1644.429265   24-MAR-98 SA_REP           8600             .3        149            80                                                     
        178 Kimerely        Grant           KGRANT     011.44.1644.429263   24-MAY-99 SA_REP           7000            .15        149                                                                   
        200 Jennifer        Whalen          JWHALEN    515.123.4444         17-SEP-87 AD_ASST          4400                       101            10                                                     
        201 Michael         Hartstein       MHARTSTE   515.123.5555         17-FEB-96 MK_MAN          13000                       100            20                                                     
        202 Pat             Fay             PFAY       603.123.6666         17-AUG-97 MK_REP           6000                       201            20                                                     
        205 Shelley         Higgins         SHIGGINS   515.123.8080         07-JUN-94 AC_MGR          12000                       101           110                                                     
        206 William         Gietz           WGIETZ     515.123.8181         07-JUN-94 AC_ACCOUNT       8300                       205           110                                                     

20 rows selected.

SQL> REM 1 DISPLAY THOSE WHO GETS SALARY UPTO 9000
SQL> 
SQL> REM 2 DISPLAY ALL OTHER THAN THOSE WHOSE JOB_ID IS AD_ASST
SQL> 
SQL> REM 3 DISPLAY ALL EXCEPT THOSE WHOSE SALARY IS 17000
SQL> 
SQL> REM 4 DISPLAY ALL OTHER THAN THOSE WHOSE EMAIL IS PFAY
SQL> 
SQL> REM 5 DISPLAY ALL WHO WORKS AS AD_VP
SQL> 
SQL> 
SQL> SELECT FIRST_NAME , SALARY FROM EMPLOYEES WHERE SALARY <= 9000;

FIRST_NAME          SALARY                                                                                                                                                                              
--------------- ----------                                                                                                                                                                              
Alexander             9000                                                                                                                                                                              
Bruce                 6000                                                                                                                                                                              
Diana                 4200                                                                                                                                                                              
Kevin                 5800                                                                                                                                                                              
Trenna                3500                                                                                                                                                                              
Curtis                3100                                                                                                                                                                              
Randall               2600                                                                                                                                                                              
Peter                 2500                                                                                                                                                                              
Jonathon              8600                                                                                                                                                                              
Kimerely              7000                                                                                                                                                                              
Jennifer              4400                                                                                                                                                                              
Pat                   6000                                                                                                                                                                              
William               8300                                                                                                                                                                              

13 rows selected.

SQL> REM 2 DISPLAY ALL OTHER THAN THOSE WHOSE JOB_ID IS AD_ASST
SQL> 
SQL> SELECT FIRST_NAME , JOB_ID FROM EMPLOYEES WHERE JOB_ID >< 'AD_ASST';
SELECT FIRST_NAME , JOB_ID FROM EMPLOYEES WHERE JOB_ID >< 'AD_ASST'
                                                        *
ERROR at line 1:
ORA-00936: missing expression 


SQL> SELECT FIRST_NAME , JOB_ID FROM EMPLOYEES WHERE JOB_ID <> 'AD_ASST';

FIRST_NAME      JOB_ID                                                                                                                                                                                  
--------------- ----------                                                                                                                                                                              
Steven          AD_PRES                                                                                                                                                                                 
Neena           AD_VP                                                                                                                                                                                   
Lex             AD_VP                                                                                                                                                                                   
Alexander       IT_PROG                                                                                                                                                                                 
Bruce           IT_PROG                                                                                                                                                                                 
Diana           IT_PROG                                                                                                                                                                                 
Kevin           ST_MAN                                                                                                                                                                                  
Trenna          ST_CLERK                                                                                                                                                                                
Curtis          ST_CLERK                                                                                                                                                                                
Randall         ST_CLERK                                                                                                                                                                                
Peter           ST_CLERK                                                                                                                                                                                
Eleni           SA_MAN                                                                                                                                                                                  
Ellen           SA_REP                                                                                                                                                                                  
Jonathon        SA_REP                                                                                                                                                                                  
Kimerely        SA_REP                                                                                                                                                                                  
Michael         MK_MAN                                                                                                                                                                                  
Pat             MK_REP                                                                                                                                                                                  
Shelley         AC_MGR                                                                                                                                                                                  
William         AC_ACCOUNT                                                                                                                                                                              

19 rows selected.

SQL> REM 3 DISPLAY ALL EXCEPT THOSE WHOSE SALARY IS 17000
SQL> 
SQL> SELECT FIRST_NAME , SALARY FROM EMPLOYEES WHERE 17000 != SALARY;

FIRST_NAME          SALARY                                                                                                                                                                              
--------------- ----------                                                                                                                                                                              
Steven               24000                                                                                                                                                                              
Alexander             9000                                                                                                                                                                              
Bruce                 6000                                                                                                                                                                              
Diana                 4200                                                                                                                                                                              
Kevin                 5800                                                                                                                                                                              
Trenna                3500                                                                                                                                                                              
Curtis                3100                                                                                                                                                                              
Randall               2600                                                                                                                                                                              
Peter                 2500                                                                                                                                                                              
Eleni                10500                                                                                                                                                                              
Ellen                11000                                                                                                                                                                              
Jonathon              8600                                                                                                                                                                              
Kimerely              7000                                                                                                                                                                              
Jennifer              4400                                                                                                                                                                              
Michael              13000                                                                                                                                                                              
Pat                   6000                                                                                                                                                                              
Shelley              12000                                                                                                                                                                              
William               8300                                                                                                                                                                              

18 rows selected.

SQL> REM 4 DISPLAY ALL OTHER THAN THOSE WHOSE EMAIL IS PFAY
SQL> 
SQL> SELECT LAST_NAME , EMAIL FROM EMPLOYEES WHERE EMAIL ^= 'PFAY';

LAST_NAME       EMAIL                                                                                                                                                                                   
--------------- ----------                                                                                                                                                                              
King            SKING                                                                                                                                                                                   
Kochhar         NKOCHHAR                                                                                                                                                                                
De Haan         LDEHAAN                                                                                                                                                                                 
Hunold          AHUNOLD                                                                                                                                                                                 
Ernst           BERNST                                                                                                                                                                                  
Lorentz         DLORENTZ                                                                                                                                                                                
Mourgos         KMOURGOS                                                                                                                                                                                
Rajs            TRAJS                                                                                                                                                                                   
Davies          CDAVIES                                                                                                                                                                                 
Matos           RMATOS                                                                                                                                                                                  
Zlotkey         EZLOTKEY                                                                                                                                                                                
Abel            EABEL                                                                                                                                                                                   
Taylor          JTAYLOR                                                                                                                                                                                 
Grant           KGRANT                                                                                                                                                                                  
Whalen          JWHALEN                                                                                                                                                                                 
Hartstein       MHARTSTE                                                                                                                                                                                
Higgins         SHIGGINS                                                                                                                                                                                
Gietz           WGIETZ                                                                                                                                                                                  

18 rows selected.

SQL> REM 5 DISPLAY ALL WHO WORKS AS AD_VP
SQL> 
SQL> SELECT FIRST_NAME , JOB_ID FROM EMPLOYEES WHERE JOB_ID = 'AD_VP';

FIRST_NAME      JOB_ID                                                                                                                                                                                  
--------------- ----------                                                                                                                                                                              
Neena           AD_VP                                                                                                                                                                                   
Lex             AD_VP                                                                                                                                                                                   

SQL> REM DATE DEFAULT FORMAT : DD-MON-RR
SQL> 
SQL> REM DATE VALUES MUST BE USED WITHIN SINGLE QUOTES.
SQL> 
SQL> REM DATE VALUES CAN BE USED USING 3 TYPES OF FORMATS : 1 DEFAULT 2 COMPATIBLE 3 INCOMPATIBLE
SQL> 
SQL> REM DATE DEFAULT FORMAT : DD-MON-RR
SQL> 
SQL> REM DATE COMPATIBLE FORMATS : DD/MON/RR  DD/MON\RR  DDMON/RR DDMONRR  DDmonRR  DDMonRR DDmOnRR  DDMONTHRR  DDMONRRRR
SQL> 
SQL> REM DATE INCOMPATIBLE FORMATS : DD-MM-RR MON-DD-RR  RR-MON-DD  RR-DD-MON
SQL> 
SQL> REM DISPLAY THOSE WHO WERE HIRED AFTER YEAR 95
SQL> 
SQL> SELECT FIRST_NAME ,HIRE_DATE FROM EMPLOYEES WHERE HIRE_DATE > 95;
SELECT FIRST_NAME ,HIRE_DATE FROM EMPLOYEES WHERE HIRE_DATE > 95
                                                            *
ERROR at line 1:
ORA-00932: inconsistent datatypes: expected DATE got NUMBER 


SQL> SELECT FIRST_NAME ,HIRE_DATE FROM EMPLOYEES WHERE HIRE_DATE > '95';
SELECT FIRST_NAME ,HIRE_DATE FROM EMPLOYEES WHERE HIRE_DATE > '95'
                                                              *
ERROR at line 1:
ORA-01847: day of month must be between 1 and last day of month 


SQL> SELECT FIRST_NAME ,HIRE_DATE FROM EMPLOYEES WHERE HIRE_DATE > '31-DEC-95';

FIRST_NAME      HIRE_DATE                                                                                                                                                                               
--------------- ---------                                                                                                                                                                               
Diana           07-FEB-99                                                                                                                                                                               
Kevin           16-NOV-99                                                                                                                                                                               
Curtis          29-JAN-97                                                                                                                                                                               
Randall         15-MAR-98                                                                                                                                                                               
Peter           09-JUL-98                                                                                                                                                                               
Eleni           29-JAN-00                                                                                                                                                                               
Ellen           11-MAY-96                                                                                                                                                                               
Jonathon        24-MAR-98                                                                                                                                                                               
Kimerely        24-MAY-99                                                                                                                                                                               
Michael         17-FEB-96                                                                                                                                                                               
Pat             17-AUG-97                                                                                                                                                                               

11 rows selected.

SQL> SELECT FIRST_NAME ,HIRE_DATE FROM EMPLOYEES WHERE HIRE_DATE > '31-DEC-95' ORDER BY 2;

FIRST_NAME      HIRE_DATE                                                                                                                                                                               
--------------- ---------                                                                                                                                                                               
Michael         17-FEB-96                                                                                                                                                                               
Ellen           11-MAY-96                                                                                                                                                                               
Curtis          29-JAN-97                                                                                                                                                                               
Pat             17-AUG-97                                                                                                                                                                               
Randall         15-MAR-98                                                                                                                                                                               
Jonathon        24-MAR-98                                                                                                                                                                               
Peter           09-JUL-98                                                                                                                                                                               
Diana           07-FEB-99                                                                                                                                                                               
Kimerely        24-MAY-99                                                                                                                                                                               
Kevin           16-NOV-99                                                                                                                                                                               
Eleni           29-JAN-00                                                                                                                                                                               

11 rows selected.

SQL> 
SQL> SELECT FIRST_NAME ,HIRE_DATE FROM EMPLOYEES WHERE HIRE_DATE > '31/DEC/95' ORDER BY 2;

FIRST_NAME      HIRE_DATE                                                                                                                                                                               
--------------- ---------                                                                                                                                                                               
Michael         17-FEB-96                                                                                                                                                                               
Ellen           11-MAY-96                                                                                                                                                                               
Curtis          29-JAN-97                                                                                                                                                                               
Pat             17-AUG-97                                                                                                                                                                               
Randall         15-MAR-98                                                                                                                                                                               
Jonathon        24-MAR-98                                                                                                                                                                               
Peter           09-JUL-98                                                                                                                                                                               
Diana           07-FEB-99                                                                                                                                                                               
Kimerely        24-MAY-99                                                                                                                                                                               
Kevin           16-NOV-99                                                                                                                                                                               
Eleni           29-JAN-00                                                                                                                                                                               

11 rows selected.

SQL> SELECT FIRST_NAME ,HIRE_DATE FROM EMPLOYEES WHERE HIRE_DATE > '31/DEC\95' ORDER BY 2;

FIRST_NAME      HIRE_DATE                                                                                                                                                                               
--------------- ---------                                                                                                                                                                               
Michael         17-FEB-96                                                                                                                                                                               
Ellen           11-MAY-96                                                                                                                                                                               
Curtis          29-JAN-97                                                                                                                                                                               
Pat             17-AUG-97                                                                                                                                                                               
Randall         15-MAR-98                                                                                                                                                                               
Jonathon        24-MAR-98                                                                                                                                                                               
Peter           09-JUL-98                                                                                                                                                                               
Diana           07-FEB-99                                                                                                                                                                               
Kimerely        24-MAY-99                                                                                                                                                                               
Kevin           16-NOV-99                                                                                                                                                                               
Eleni           29-JAN-00                                                                                                                                                                               

11 rows selected.

SQL> SELECT FIRST_NAME ,HIRE_DATE FROM EMPLOYEES WHERE HIRE_DATE > '31/DEC95' ORDER BY 2;

FIRST_NAME      HIRE_DATE                                                                                                                                                                               
--------------- ---------                                                                                                                                                                               
Michael         17-FEB-96                                                                                                                                                                               
Ellen           11-MAY-96                                                                                                                                                                               
Curtis          29-JAN-97                                                                                                                                                                               
Pat             17-AUG-97                                                                                                                                                                               
Randall         15-MAR-98                                                                                                                                                                               
Jonathon        24-MAR-98                                                                                                                                                                               
Peter           09-JUL-98                                                                                                                                                                               
Diana           07-FEB-99                                                                                                                                                                               
Kimerely        24-MAY-99                                                                                                                                                                               
Kevin           16-NOV-99                                                                                                                                                                               
Eleni           29-JAN-00                                                                                                                                                                               

11 rows selected.

SQL> SELECT FIRST_NAME ,HIRE_DATE FROM EMPLOYEES WHERE HIRE_DATE > '31DEC95' ORDER BY 2;

FIRST_NAME      HIRE_DATE                                                                                                                                                                               
--------------- ---------                                                                                                                                                                               
Michael         17-FEB-96                                                                                                                                                                               
Ellen           11-MAY-96                                                                                                                                                                               
Curtis          29-JAN-97                                                                                                                                                                               
Pat             17-AUG-97                                                                                                                                                                               
Randall         15-MAR-98                                                                                                                                                                               
Jonathon        24-MAR-98                                                                                                                                                                               
Peter           09-JUL-98                                                                                                                                                                               
Diana           07-FEB-99                                                                                                                                                                               
Kimerely        24-MAY-99                                                                                                                                                                               
Kevin           16-NOV-99                                                                                                                                                                               
Eleni           29-JAN-00                                                                                                                                                                               

11 rows selected.

SQL> SELECT FIRST_NAME ,HIRE_DATE FROM EMPLOYEES WHERE HIRE_DATE > '31dec95' ORDER BY 2;

FIRST_NAME      HIRE_DATE                                                                                                                                                                               
--------------- ---------                                                                                                                                                                               
Michael         17-FEB-96                                                                                                                                                                               
Ellen           11-MAY-96                                                                                                                                                                               
Curtis          29-JAN-97                                                                                                                                                                               
Pat             17-AUG-97                                                                                                                                                                               
Randall         15-MAR-98                                                                                                                                                                               
Jonathon        24-MAR-98                                                                                                                                                                               
Peter           09-JUL-98                                                                                                                                                                               
Diana           07-FEB-99                                                                                                                                                                               
Kimerely        24-MAY-99                                                                                                                                                                               
Kevin           16-NOV-99                                                                                                                                                                               
Eleni           29-JAN-00                                                                                                                                                                               

11 rows selected.

SQL> SELECT FIRST_NAME ,HIRE_DATE FROM EMPLOYEES WHERE HIRE_DATE > '31Dec95' ORDER BY 2;

FIRST_NAME      HIRE_DATE                                                                                                                                                                               
--------------- ---------                                                                                                                                                                               
Michael         17-FEB-96                                                                                                                                                                               
Ellen           11-MAY-96                                                                                                                                                                               
Curtis          29-JAN-97                                                                                                                                                                               
Pat             17-AUG-97                                                                                                                                                                               
Randall         15-MAR-98                                                                                                                                                                               
Jonathon        24-MAR-98                                                                                                                                                                               
Peter           09-JUL-98                                                                                                                                                                               
Diana           07-FEB-99                                                                                                                                                                               
Kimerely        24-MAY-99                                                                                                                                                                               
Kevin           16-NOV-99                                                                                                                                                                               
Eleni           29-JAN-00                                                                                                                                                                               

11 rows selected.

SQL> SELECT FIRST_NAME ,HIRE_DATE FROM EMPLOYEES WHERE HIRE_DATE > '31dEc95' ORDER BY 2;

FIRST_NAME      HIRE_DATE                                                                                                                                                                               
--------------- ---------                                                                                                                                                                               
Michael         17-FEB-96                                                                                                                                                                               
Ellen           11-MAY-96                                                                                                                                                                               
Curtis          29-JAN-97                                                                                                                                                                               
Pat             17-AUG-97                                                                                                                                                                               
Randall         15-MAR-98                                                                                                                                                                               
Jonathon        24-MAR-98                                                                                                                                                                               
Peter           09-JUL-98                                                                                                                                                                               
Diana           07-FEB-99                                                                                                                                                                               
Kimerely        24-MAY-99                                                                                                                                                                               
Kevin           16-NOV-99                                                                                                                                                                               
Eleni           29-JAN-00                                                                                                                                                                               

11 rows selected.

SQL> SELECT FIRST_NAME ,HIRE_DATE FROM EMPLOYEES WHERE HIRE_DATE > '31dEcembER95' ORDER BY 2;

FIRST_NAME      HIRE_DATE                                                                                                                                                                               
--------------- ---------                                                                                                                                                                               
Michael         17-FEB-96                                                                                                                                                                               
Ellen           11-MAY-96                                                                                                                                                                               
Curtis          29-JAN-97                                                                                                                                                                               
Pat             17-AUG-97                                                                                                                                                                               
Randall         15-MAR-98                                                                                                                                                                               
Jonathon        24-MAR-98                                                                                                                                                                               
Peter           09-JUL-98                                                                                                                                                                               
Diana           07-FEB-99                                                                                                                                                                               
Kimerely        24-MAY-99                                                                                                                                                                               
Kevin           16-NOV-99                                                                                                                                                                               
Eleni           29-JAN-00                                                                                                                                                                               

11 rows selected.

SQL> SELECT FIRST_NAME ,HIRE_DATE FROM EMPLOYEES WHERE HIRE_DATE > '31dEcembE95' ORDER BY 2;
SELECT FIRST_NAME ,HIRE_DATE FROM EMPLOYEES WHERE HIRE_DATE > '31dEcembE95' ORDER BY 2
                                                              *
ERROR at line 1:
ORA-01861: literal does not match format string 


SQL> SELECT FIRST_NAME ,HIRE_DATE FROM EMPLOYEES WHERE HIRE_DATE > '31dEce95' ORDER BY 2;
SELECT FIRST_NAME ,HIRE_DATE FROM EMPLOYEES WHERE HIRE_DATE > '31dEce95' ORDER BY 2
                                                              *
ERROR at line 1:
ORA-01861: literal does not match format string 


SQL> SELECT FIRST_NAME ,HIRE_DATE FROM EMPLOYEES WHERE HIRE_DATE > '31dEce1995' ORDER BY 2;
SELECT FIRST_NAME ,HIRE_DATE FROM EMPLOYEES WHERE HIRE_DATE > '31dEce1995' ORDER BY 2
                                                              *
ERROR at line 1:
ORA-01861: literal does not match format string 


SQL> SELECT FIRST_NAME ,HIRE_DATE FROM EMPLOYEES WHERE HIRE_DATE > '31dEc1995' ORDER BY 2;

FIRST_NAME      HIRE_DATE                                                                                                                                                                               
--------------- ---------                                                                                                                                                                               
Michael         17-FEB-96                                                                                                                                                                               
Ellen           11-MAY-96                                                                                                                                                                               
Curtis          29-JAN-97                                                                                                                                                                               
Pat             17-AUG-97                                                                                                                                                                               
Randall         15-MAR-98                                                                                                                                                                               
Jonathon        24-MAR-98                                                                                                                                                                               
Peter           09-JUL-98                                                                                                                                                                               
Diana           07-FEB-99                                                                                                                                                                               
Kimerely        24-MAY-99                                                                                                                                                                               
Kevin           16-NOV-99                                                                                                                                                                               
Eleni           29-JAN-00                                                                                                                                                                               

11 rows selected.

SQL> SELECT * FROM EMPLOYEES;

EMPLOYEE_ID FIRST_NAME      LAST_NAME       EMAIL      PHONE_NUMBER         HIRE_DATE JOB_ID         SALARY COMMISSION_PCT MANAGER_ID DEPARTMENT_ID                                                     
----------- --------------- --------------- ---------- -------------------- --------- ---------- ---------- -------------- ---------- -------------                                                     
        100 Steven          King            SKING      515.123.4567         17-JUL-87 AD_PRES         24000                                      90                                                     
        101 Neena           Kochhar         NKOCHHAR   515.123.4568         21-SEP-89 AD_VP           17000                       100            90                                                     
        102 Lex             De Haan         LDEHAAN    515.123.4569         13-JAN-93 AD_VP           17000                       100            90                                                     
        103 Alexander       Hunold          AHUNOLD    590.423.4567         03-JAN-90 IT_PROG          9000                       102            60                                                     
        104 Bruce           Ernst           BERNST     590.423.4568         21-MAY-91 IT_PROG          6000                       103            60                                                     
        107 Diana           Lorentz         DLORENTZ   590.423.5567         07-FEB-99 IT_PROG          4200                       103            60                                                     
        124 Kevin           Mourgos         KMOURGOS   650.123.5234         16-NOV-99 ST_MAN           5800                       100            50                                                     
        141 Trenna          Rajs            TRAJS      650.121.8009         17-OCT-95 ST_CLERK         3500                       124            50                                                     
        142 Curtis          Davies          CDAVIES    650.121.2994         29-JAN-97 ST_CLERK         3100                       124            50                                                     
        143 Randall         Matos           RMATOS     650.121.2874         15-MAR-98 ST_CLERK         2600                       124            50                                                     
        144 Peter           Vargas                     650.121.2004         09-JUL-98 ST_CLERK         2500                       124            50                                                     
        149 Eleni           Zlotkey         EZLOTKEY   011.44.1344.429018   29-JAN-00 SA_MAN          10500             .2        100            80                                                     
        174 Ellen           Abel            EABEL      011.44.1644.429267   11-MAY-96 SA_REP          11000             .3        149            80                                                     
        176 Jonathon        Taylor          JTAYLOR    011.44.1644.429265   24-MAR-98 SA_REP           8600             .3        149            80                                                     
        178 Kimerely        Grant           KGRANT     011.44.1644.429263   24-MAY-99 SA_REP           7000            .15        149                                                                   
        200 Jennifer        Whalen          JWHALEN    515.123.4444         17-SEP-87 AD_ASST          4400                       101            10                                                     
        201 Michael         Hartstein       MHARTSTE   515.123.5555         17-FEB-96 MK_MAN          13000                       100            20                                                     
        202 Pat             Fay             PFAY       603.123.6666         17-AUG-97 MK_REP           6000                       201            20                                                     
        205 Shelley         Higgins         SHIGGINS   515.123.8080         07-JUN-94 AC_MGR          12000                       101           110                                                     
        206 William         Gietz           WGIETZ     515.123.8181         07-JUN-94 AC_ACCOUNT       8300                       205           110                                                     

20 rows selected.

SQL> REM 1 DISPLAY THOSE WHO WERE HIRED BEFORE YEAR 97
SQL> 
SQL> REM 2 DISPLAY THOSE WHO WERE HIRED AFTER YEAR 94
SQL> 
SQL> REM 3 DISPLAY THSOE WHO WERE HIRED BEFORE SECOND HALF OF YEAR 98 (USE COMPATIBLE FORMAT)
SQL> 
SQL> REM 4 DISPLAY THSOE WHO WERE HIRED AFTER FIRST QUARTER OF YEAR 96 (USE COMPATIBLE FORMAT)
SQL> 
SQL> REM 5 DISPLAY THOSE WHO WERE HIRED IN YEAR 96 AND AFTERWARDS. (USE COMPATIBLE FORMAT)
SQL> 
SQL> 
SQL> 
SQL> REM 1 DISPLAY THOSE WHO WERE HIRED BEFORE YEAR 97
SQL> 
SQL> SELECT FIRST_NAME , HIRE_DATE FROM EMPLOYEES WHERE HIRE_DATE < '01-JAN-97';

FIRST_NAME      HIRE_DATE                                                                                                                                                                               
--------------- ---------                                                                                                                                                                               
Steven          17-JUL-87                                                                                                                                                                               
Neena           21-SEP-89                                                                                                                                                                               
Lex             13-JAN-93                                                                                                                                                                               
Alexander       03-JAN-90                                                                                                                                                                               
Bruce           21-MAY-91                                                                                                                                                                               
Trenna          17-OCT-95                                                                                                                                                                               
Ellen           11-MAY-96                                                                                                                                                                               
Jennifer        17-SEP-87                                                                                                                                                                               
Michael         17-FEB-96                                                                                                                                                                               
Shelley         07-JUN-94                                                                                                                                                                               
William         07-JUN-94                                                                                                                                                                               

11 rows selected.

SQL> REM 2 DISPLAY THOSE WHO WERE HIRED AFTER YEAR 94
SQL> 
SQL> SELECT FIRST_NAME , HIRE_DATE FROM EMPLOYEES WHERE HIRE_DATE > '31-DEC-94' ORDER BY 2;

FIRST_NAME      HIRE_DATE                                                                                                                                                                               
--------------- ---------                                                                                                                                                                               
Trenna          17-OCT-95                                                                                                                                                                               
Michael         17-FEB-96                                                                                                                                                                               
Ellen           11-MAY-96                                                                                                                                                                               
Curtis          29-JAN-97                                                                                                                                                                               
Pat             17-AUG-97                                                                                                                                                                               
Randall         15-MAR-98                                                                                                                                                                               
Jonathon        24-MAR-98                                                                                                                                                                               
Peter           09-JUL-98                                                                                                                                                                               
Diana           07-FEB-99                                                                                                                                                                               
Kimerely        24-MAY-99                                                                                                                                                                               
Kevin           16-NOV-99                                                                                                                                                                               
Eleni           29-JAN-00                                                                                                                                                                               

12 rows selected.

SQL> REM 3 DISPLAY THSOE WHO WERE HIRED BEFORE SECOND HALF OF YEAR 98 (USE COMPATIBLE FORMAT)
SQL> 
SQL> SELECT FIRST_NAME , HIRE_DATE FROM EMPLOYEES WHERE HIRE_DATE < '01-JULY-98' ORDER BY 2;

FIRST_NAME      HIRE_DATE                                                                                                                                                                               
--------------- ---------                                                                                                                                                                               
Steven          17-JUL-87                                                                                                                                                                               
Jennifer        17-SEP-87                                                                                                                                                                               
Neena           21-SEP-89                                                                                                                                                                               
Alexander       03-JAN-90                                                                                                                                                                               
Bruce           21-MAY-91                                                                                                                                                                               
Lex             13-JAN-93                                                                                                                                                                               
Shelley         07-JUN-94                                                                                                                                                                               
William         07-JUN-94                                                                                                                                                                               
Trenna          17-OCT-95                                                                                                                                                                               
Michael         17-FEB-96                                                                                                                                                                               
Ellen           11-MAY-96                                                                                                                                                                               
Curtis          29-JAN-97                                                                                                                                                                               
Pat             17-AUG-97                                                                                                                                                                               
Randall         15-MAR-98                                                                                                                                                                               
Jonathon        24-MAR-98                                                                                                                                                                               

15 rows selected.

SQL> REM 4 DISPLAY THSOE WHO WERE HIRED AFTER FIRST QUARTER OF YEAR 96 (USE COMPATIBLE FORMAT)
SQL> 
SQL> SELECT FIRST_NAME , HIRE_DATE FROM EMPLOYEES WHERE HIRE_DATE > '31-MAR-1996' ORDER BY 2;

FIRST_NAME      HIRE_DATE                                                                                                                                                                               
--------------- ---------                                                                                                                                                                               
Ellen           11-MAY-96                                                                                                                                                                               
Curtis          29-JAN-97                                                                                                                                                                               
Pat             17-AUG-97                                                                                                                                                                               
Randall         15-MAR-98                                                                                                                                                                               
Jonathon        24-MAR-98                                                                                                                                                                               
Peter           09-JUL-98                                                                                                                                                                               
Diana           07-FEB-99                                                                                                                                                                               
Kimerely        24-MAY-99                                                                                                                                                                               
Kevin           16-NOV-99                                                                                                                                                                               
Eleni           29-JAN-00                                                                                                                                                                               

10 rows selected.

SQL> REM 5 DISPLAY THOSE WHO WERE HIRED IN YEAR 96 AND AFTERWARDS. (USE COMPATIBLE FORMAT)
SQL> 
SQL> SELECT FIRST_NAME , HIRE_DATE FROM EMPLOYEES WHERE HIRE_DATE >= '01JAN1996' ORDER BY 2;

FIRST_NAME      HIRE_DATE                                                                                                                                                                               
--------------- ---------                                                                                                                                                                               
Michael         17-FEB-96                                                                                                                                                                               
Ellen           11-MAY-96                                                                                                                                                                               
Curtis          29-JAN-97                                                                                                                                                                               
Pat             17-AUG-97                                                                                                                                                                               
Randall         15-MAR-98                                                                                                                                                                               
Jonathon        24-MAR-98                                                                                                                                                                               
Peter           09-JUL-98                                                                                                                                                                               
Diana           07-FEB-99                                                                                                                                                                               
Kimerely        24-MAY-99                                                                                                                                                                               
Kevin           16-NOV-99                                                                                                                                                                               
Eleni           29-JAN-00                                                                                                                                                                               

11 rows selected.

SQL> SPOOL OFF
