SQL> 
SQL> REM CONVERSION FUNCTIONS :
SQL> 
SQL> REM CONVERSION FUNCTIONS : TO CONVERT A VALUE FROM ONE DATA TYPE TO ANOTHER DATA TYPE
SQL> 
SQL> REM LIST OF CONVERSION FUNCTIONS : 1 TO_NUMBER 2 TO_DATE 3 TO_CHAR
SQL> 
SQL> 
SQL> 
SQL> REM TO_NUMBER : CHAR -> NUMBER
SQL> 
SQL> REM TO_DATE : CHAR -> DATE
SQL> 
SQL> 
SQL> 
SQL> REM TO_CHAR : 1 NUMBER -> CHAR   2 DATE -> CHAR
SQL> 
SQL> 
SQL> REM NUMBER TO DATE : TO_CHAR , TO_DATE
SQL> 
SQL> REM DATE TO NUMBER : TO_CHAR , TO_NUMBER
SQL> 
SQL> 
SQL> 
SQL> 
SQL> REM TO_NUMBER : IT WILL CONVERT CHARCTER TYPE VALUE INTO NUMBER TYPE VALUE
SQL> 
SQL> REM PURPOSES : 1 FOR CALCULATION   2 FOR COMPARISON
SQL> 
SQL> 
SQL> REM TYPES OF CONVERSION : 1 IMPLICIT/AUTOMATIC 2 EXPLICIT/MANUAL
SQL> 
SQL> 
SQL> REM FOR EXPLICIT/MANUAL CONVERSION WE NEED ANY OF THE ABOVE CONVERSION FUNCTIONS :
SQL> 
SQL> 
SQL> REM TO_NUMBER : IT WILL CONVERT CHARCTER TYPE VALUE INTO NUMBER TYPE VALUE
SQL> 
SQL> REM FOR CALCULATION
SQL> 
SQL> SELECT 100 + 123.456 FROM DUAL;

100+123.456                                                                                                                                                                                                                                                                                                                                                                                                                                                                                                         
-----------                                                                                                                                                                                                                                                                                                                                                                                                                                                                                                         
    223.456                                                                                                                                                                                                                                                                                                                                                                                                                                                                                                         

SQL> SELECT '100' + 123.456 FROM DUAL;

'100'+123.456                                                                                                                                                                                                                                                                                                                                                                                                                                                                                                       
-------------                                                                                                                                                                                                                                                                                                                                                                                                                                                                                                       
      223.456                                                                                                                                                                                                                                                                                                                                                                                                                                                                                                       

SQL> SELECT 100 + '123.456' FROM DUAL;

100+'123.456'                                                                                                                                                                                                                                                                                                                                                                                                                                                                                                       
-------------                                                                                                                                                                                                                                                                                                                                                                                                                                                                                                       
      223.456                                                                                                                                                                                                                                                                                                                                                                                                                                                                                                       

SQL> SELECT '100' + '123.456' FROM DUAL;

'100'+'123.456'                                                                                                                                                                                                                                                                                                                                                                                                                                                                                                     
---------------                                                                                                                                                                                                                                                                                                                                                                                                                                                                                                     
        223.456                                                                                                                                                                                                                                                                                                                                                                                                                                                                                                     

SQL> SELECT 100 + '12,345.67' FROM DUAL;
SELECT 100 + '12,345.67' FROM DUAL
             *
ERROR at line 1:
ORA-01722: invalid number 


SQL> SELECT 100 + '$12345.67' FROM DUAL;
SELECT 100 + '$12345.67' FROM DUAL
             *
ERROR at line 1:
ORA-01722: invalid number 


SQL> SELECT 100 + '$12,345.67' FROM DUAL;
SELECT 100 + '$12,345.67' FROM DUAL
             *
ERROR at line 1:
ORA-01722: invalid number 


SQL> REM TO_NUMBER SYNTAX : TO_NUMBER ( 'VALUE' , 'FORMAT' )
SQL> 
SQL> REM LIST OF VALID FORMAT CHARACTERS FOR NUMBER TYPE VALUE :  9 0   . ,   D G   $ L U   S
SQL> 
SQL> SELECT 100 + '12,345.67' FROM DUAL;
SELECT 100 + '12,345.67' FROM DUAL
             *
ERROR at line 1:
ORA-01722: invalid number 


SQL> SELECT 100 + TO_NUMBER('12,345.67','99,000.09') FROM DUAL;

100+TO_NUMBER('12,345.67','99,000.09')                                                                                                                                                                                                                                                                                                                                                                                                                                                                              
--------------------------------------                                                                                                                                                                                                                                                                                                                                                                                                                                                                              
                              12445.67                                                                                                                                                                                                                                                                                                                                                                                                                                                                              

SQL> SELECT 100 + TO_NUMBER('12,345.67','99,999.99') FROM DUAL;

100+TO_NUMBER('12,345.67','99,999.99')                                                                                                                                                                                                                                                                                                                                                                                                                                                                              
--------------------------------------                                                                                                                                                                                                                                                                                                                                                                                                                                                                              
                              12445.67                                                                                                                                                                                                                                                                                                                                                                                                                                                                              

SQL> SELECT 100 + TO_NUMBER('12,345.67','00,000.00') FROM DUAL;

100+TO_NUMBER('12,345.67','00,000.00')                                                                                                                                                                                                                                                                                                                                                                                                                                                                              
--------------------------------------                                                                                                                                                                                                                                                                                                                                                                                                                                                                              
                              12445.67                                                                                                                                                                                                                                                                                                                                                                                                                                                                              

SQL> SELECT 100 + TO_NUMBER('12,345.67','999,000.09') FROM DUAL;

100+TO_NUMBER('12,345.67','999,000.09')                                                                                                                                                                                                                                                                                                                                                                                                                                                                             
---------------------------------------                                                                                                                                                                                                                                                                                                                                                                                                                                                                             
                               12445.67                                                                                                                                                                                                                                                                                                                                                                                                                                                                             

SQL> SELECT 100 + TO_NUMBER('12,345.67','000,000.00') FROM DUAL;
SELECT 100 + TO_NUMBER('12,345.67','000,000.00') FROM DUAL
                       *
ERROR at line 1:
ORA-01722: invalid number 


SQL> SELECT 100 + TO_NUMBER('012,345.67','000,000.00') FROM DUAL;

100+TO_NUMBER('012,345.67','000,000.00')                                                                                                                                                                                                                                                                                                                                                                                                                                                                            
----------------------------------------                                                                                                                                                                                                                                                                                                                                                                                                                                                                            
                                12445.67                                                                                                                                                                                                                                                                                                                                                                                                                                                                            

SQL> SELECT 100 + TO_NUMBER('012,345.67','000,000.000') FROM DUAL;

100+TO_NUMBER('012,345.67','000,000.000')                                                                                                                                                                                                                                                                                                                                                                                                                                                                           
-----------------------------------------                                                                                                                                                                                                                                                                                                                                                                                                                                                                           
                                 12445.67                                                                                                                                                                                                                                                                                                                                                                                                                                                                           

SQL> REM GROUP SEPARATOR : ,
SQL> 
SQL> REM DECIMAL SEPARATOR : .
SQL> 
SQL> 
SQL> SELECT 100 + TO_NUMBER('12,345.67','00G000D00') FROM DUAL;

100+TO_NUMBER('12,345.67','00G000D00')                                                                                                                                                                                                                                                                                                                                                                                                                                                                              
--------------------------------------                                                                                                                                                                                                                                                                                                                                                                                                                                                                              
                              12445.67                                                                                                                                                                                                                                                                                                                                                                                                                                                                              

SQL> REM D = .
SQL> 
SQL> REM G = ,
SQL> 
SQL> SELECT 100 + TO_NUMBER('12,345.67','00G000.00') FROM DUAL;
SELECT 100 + TO_NUMBER('12,345.67','00G000.00') FROM DUAL
                                   *
ERROR at line 1:
ORA-01481: invalid number format model 


SQL> SELECT 100 + TO_NUMBER('12,345.67','00,000D00') FROM DUAL;
SELECT 100 + TO_NUMBER('12,345.67','00,000D00') FROM DUAL
                                   *
ERROR at line 1:
ORA-01481: invalid number format model 


SQL> REM G AND D OR , AND . ANY ONE COMBINATION
SQL> 
SQL> SELECT 100 + TO_NUMBER('12|345~67','00,000.00') FROM DUAL;
SELECT 100 + TO_NUMBER('12|345~67','00,000.00') FROM DUAL
                       *
ERROR at line 1:
ORA-01722: invalid number 


SQL> SELECT 100 + TO_NUMBER('12|345~67','00G000D00') FROM DUAL;
SELECT 100 + TO_NUMBER('12|345~67','00G000D00') FROM DUAL
                       *
ERROR at line 1:
ORA-01722: invalid number 


SQL> REM NLS_SESSION_PARAMETERS : TO DISPLAY LIST OF NLS PARAMETER NAMES AND VALUES.
SQL> 
SQL> SELECT * FROM NLS_SESSION_PARAMETERS;

PARAMETER                                                                                                                VALUE                                                                                                                                                                                                                                                                                                                                                                                      
------------------------------------------------------------------------------------------------------------------------ ----------------------------------------------------------------------------------------------------------------------------------------------------------------------------------------------------------------------------------------------------------------                                                                                                                           
NLS_LANGUAGE                                                                                                             AMERICAN                                                                                                                                                                                                                                                                                                                                                                                   
NLS_TERRITORY                                                                                                            AMERICA                                                                                                                                                                                                                                                                                                                                                                                    
NLS_CURRENCY                                                                                                             $                                                                                                                                                                                                                                                                                                                                                                                          
NLS_ISO_CURRENCY                                                                                                         AMERICA                                                                                                                                                                                                                                                                                                                                                                                    
NLS_NUMERIC_CHARACTERS                                                                                                   .,                                                                                                                                                                                                                                                                                                                                                                                         
NLS_CALENDAR                                                                                                             GREGORIAN                                                                                                                                                                                                                                                                                                                                                                                  
NLS_DATE_FORMAT                                                                                                          DD-MON-RR                                                                                                                                                                                                                                                                                                                                                                                  
NLS_DATE_LANGUAGE                                                                                                        AMERICAN                                                                                                                                                                                                                                                                                                                                                                                   
NLS_SORT                                                                                                                 BINARY                                                                                                                                                                                                                                                                                                                                                                                     
NLS_TIME_FORMAT                                                                                                          HH.MI.SSXFF AM                                                                                                                                                                                                                                                                                                                                                                             
NLS_TIMESTAMP_FORMAT                                                                                                     DD-MON-RR HH.MI.SSXFF AM                                                                                                                                                                                                                                                                                                                                                                   
NLS_TIME_TZ_FORMAT                                                                                                       HH.MI.SSXFF AM TZR                                                                                                                                                                                                                                                                                                                                                                         
NLS_TIMESTAMP_TZ_FORMAT                                                                                                  DD-MON-RR HH.MI.SSXFF AM TZR                                                                                                                                                                                                                                                                                                                                                               
NLS_DUAL_CURRENCY                                                                                                        $                                                                                                                                                                                                                                                                                                                                                                                          
NLS_COMP                                                                                                                 BINARY                                                                                                                                                                                                                                                                                                                                                                                     
NLS_LENGTH_SEMANTICS                                                                                                     BYTE                                                                                                                                                                                                                                                                                                                                                                                       
NLS_NCHAR_CONV_EXCP                                                                                                      FALSE                                                                                                                                                                                                                                                                                                                                                                                      

17 rows selected.

SQL> COL PARAMETER FORMAT A30
SQL> 
SQL> SELECT * FROM NLS_SESSION_PARAMETERS;

PARAMETER                      VALUE                                                                                                                                                                                                                                                                                                                                                                                                                                                                                
------------------------------ ----------------------------------------------------------------------------------------------------------------------------------------------------------------------------------------------------------------------------------------------------------------                                                                                                                                                                                                                     
NLS_LANGUAGE                   AMERICAN                                                                                                                                                                                                                                                                                                                                                                                                                                                                             
NLS_TERRITORY                  AMERICA                                                                                                                                                                                                                                                                                                                                                                                                                                                                              
NLS_CURRENCY                   $                                                                                                                                                                                                                                                                                                                                                                                                                                                                                    
NLS_ISO_CURRENCY               AMERICA                                                                                                                                                                                                                                                                                                                                                                                                                                                                              
NLS_NUMERIC_CHARACTERS         .,                                                                                                                                                                                                                                                                                                                                                                                                                                                                                   
NLS_CALENDAR                   GREGORIAN                                                                                                                                                                                                                                                                                                                                                                                                                                                                            
NLS_DATE_FORMAT                DD-MON-RR                                                                                                                                                                                                                                                                                                                                                                                                                                                                            
NLS_DATE_LANGUAGE              AMERICAN                                                                                                                                                                                                                                                                                                                                                                                                                                                                             
NLS_SORT                       BINARY                                                                                                                                                                                                                                                                                                                                                                                                                                                                               
NLS_TIME_FORMAT                HH.MI.SSXFF AM                                                                                                                                                                                                                                                                                                                                                                                                                                                                       
NLS_TIMESTAMP_FORMAT           DD-MON-RR HH.MI.SSXFF AM                                                                                                                                                                                                                                                                                                                                                                                                                                                             
NLS_TIME_TZ_FORMAT             HH.MI.SSXFF AM TZR                                                                                                                                                                                                                                                                                                                                                                                                                                                                   
NLS_TIMESTAMP_TZ_FORMAT        DD-MON-RR HH.MI.SSXFF AM TZR                                                                                                                                                                                                                                                                                                                                                                                                                                                         
NLS_DUAL_CURRENCY              $                                                                                                                                                                                                                                                                                                                                                                                                                                                                                    
NLS_COMP                       BINARY                                                                                                                                                                                                                                                                                                                                                                                                                                                                               
NLS_LENGTH_SEMANTICS           BYTE                                                                                                                                                                                                                                                                                                                                                                                                                                                                                 
NLS_NCHAR_CONV_EXCP            FALSE                                                                                                                                                                                                                                                                                                                                                                                                                                                                                

17 rows selected.

SQL> COL VALUE FORMAT A30
SQL> 
SQL> 
SQL> SELECT * FROM NLS_SESSION_PARAMETERS;

PARAMETER                      VALUE                                                                                                                                                                                                                                                                                                                                                                                                                                                                                
------------------------------ ------------------------------                                                                                                                                                                                                                                                                                                                                                                                                                                                       
NLS_LANGUAGE                   AMERICAN                                                                                                                                                                                                                                                                                                                                                                                                                                                                             
NLS_TERRITORY                  AMERICA                                                                                                                                                                                                                                                                                                                                                                                                                                                                              
NLS_CURRENCY                   $                                                                                                                                                                                                                                                                                                                                                                                                                                                                                    
NLS_ISO_CURRENCY               AMERICA                                                                                                                                                                                                                                                                                                                                                                                                                                                                              
NLS_NUMERIC_CHARACTERS         .,                                                                                                                                                                                                                                                                                                                                                                                                                                                                                   
NLS_CALENDAR                   GREGORIAN                                                                                                                                                                                                                                                                                                                                                                                                                                                                            
NLS_DATE_FORMAT                DD-MON-RR                                                                                                                                                                                                                                                                                                                                                                                                                                                                            
NLS_DATE_LANGUAGE              AMERICAN                                                                                                                                                                                                                                                                                                                                                                                                                                                                             
NLS_SORT                       BINARY                                                                                                                                                                                                                                                                                                                                                                                                                                                                               
NLS_TIME_FORMAT                HH.MI.SSXFF AM                                                                                                                                                                                                                                                                                                                                                                                                                                                                       
NLS_TIMESTAMP_FORMAT           DD-MON-RR HH.MI.SSXFF AM                                                                                                                                                                                                                                                                                                                                                                                                                                                             
NLS_TIME_TZ_FORMAT             HH.MI.SSXFF AM TZR                                                                                                                                                                                                                                                                                                                                                                                                                                                                   
NLS_TIMESTAMP_TZ_FORMAT        DD-MON-RR HH.MI.SSXFF AM TZR                                                                                                                                                                                                                                                                                                                                                                                                                                                         
NLS_DUAL_CURRENCY              $                                                                                                                                                                                                                                                                                                                                                                                                                                                                                    
NLS_COMP                       BINARY                                                                                                                                                                                                                                                                                                                                                                                                                                                                               
NLS_LENGTH_SEMANTICS           BYTE                                                                                                                                                                                                                                                                                                                                                                                                                                                                                 
NLS_NCHAR_CONV_EXCP            FALSE                                                                                                                                                                                                                                                                                                                                                                                                                                                                                

17 rows selected.

SQL> SELECT 100 + TO_NUMBER('12|345~67','00G000D00') FROM DUAL;
SELECT 100 + TO_NUMBER('12|345~67','00G000D00') FROM DUAL
                       *
ERROR at line 1:
ORA-01722: invalid number 


SQL> REM TO CHANGE PARAMETER VALUE : ALTER SESSION SET PARAMETER = 'VALUE';
SQL> 
SQL> 
SQL> ALTER SESSION SET NLS_NUMERIC_CHARACTERS = '~|';

Session altered.

SQL> SELECT * FROM NLS_SESSION_PARAMETERS;

PARAMETER                      VALUE                                                                                                                                                                                                                                                                                                                                                                                                                                                                                
------------------------------ ------------------------------                                                                                                                                                                                                                                                                                                                                                                                                                                                       
NLS_LANGUAGE                   AMERICAN                                                                                                                                                                                                                                                                                                                                                                                                                                                                             
NLS_TERRITORY                  AMERICA                                                                                                                                                                                                                                                                                                                                                                                                                                                                              
NLS_CURRENCY                   $                                                                                                                                                                                                                                                                                                                                                                                                                                                                                    
NLS_ISO_CURRENCY               AMERICA                                                                                                                                                                                                                                                                                                                                                                                                                                                                              
NLS_NUMERIC_CHARACTERS         ~|                                                                                                                                                                                                                                                                                                                                                                                                                                                                                   
NLS_CALENDAR                   GREGORIAN                                                                                                                                                                                                                                                                                                                                                                                                                                                                            
NLS_DATE_FORMAT                DD-MON-RR                                                                                                                                                                                                                                                                                                                                                                                                                                                                            
NLS_DATE_LANGUAGE              AMERICAN                                                                                                                                                                                                                                                                                                                                                                                                                                                                             
NLS_SORT                       BINARY                                                                                                                                                                                                                                                                                                                                                                                                                                                                               
NLS_TIME_FORMAT                HH.MI.SSXFF AM                                                                                                                                                                                                                                                                                                                                                                                                                                                                       
NLS_TIMESTAMP_FORMAT           DD-MON-RR HH.MI.SSXFF AM                                                                                                                                                                                                                                                                                                                                                                                                                                                             
NLS_TIME_TZ_FORMAT             HH.MI.SSXFF AM TZR                                                                                                                                                                                                                                                                                                                                                                                                                                                                   
NLS_TIMESTAMP_TZ_FORMAT        DD-MON-RR HH.MI.SSXFF AM TZR                                                                                                                                                                                                                                                                                                                                                                                                                                                         
NLS_DUAL_CURRENCY              $                                                                                                                                                                                                                                                                                                                                                                                                                                                                                    
NLS_COMP                       BINARY                                                                                                                                                                                                                                                                                                                                                                                                                                                                               
NLS_LENGTH_SEMANTICS           BYTE                                                                                                                                                                                                                                                                                                                                                                                                                                                                                 
NLS_NCHAR_CONV_EXCP            FALSE                                                                                                                                                                                                                                                                                                                                                                                                                                                                                

17 rows selected.

SQL> SELECT 100 + TO_NUMBER('12|345~67','00|000~00') FROM DUAL;
SELECT 100 + TO_NUMBER('12|345~67','00|000~00') FROM DUAL
                                   *
ERROR at line 1:
ORA-01481: invalid number format model 


SQL> SELECT 100 + TO_NUMBER('12|345~67','00,000.00') FROM DUAL;
SELECT 100 + TO_NUMBER('12|345~67','00,000.00') FROM DUAL
                       *
ERROR at line 1:
ORA-01722: invalid number 


SQL> SELECT 100 + TO_NUMBER('12|345~67','00G000D00') FROM DUAL;

100+TO_NUMBER('12|345~67','00G000D00')                                                                                                                                                                                                                                                                                                                                                                                                                                                                              
--------------------------------------                                                                                                                                                                                                                                                                                                                                                                                                                                                                              
                              12445~67                                                                                                                                                                                                                                                                                                                                                                                                                                                                              

SQL> SELECT * FROM EMPLOYEES;

EMPLOYEE_ID FIRST_NAME      LAST_NAME       EMAIL      PHONE_NUMBER         HIRE_DATE JOB_ID         SALARY COMMISSION_PCT MANAGER_ID DEPARTMENT_ID                                                                                                                                                                                                                                                                                                                                                                 
----------- --------------- --------------- ---------- -------------------- --------- ---------- ---------- -------------- ---------- -------------                                                                                                                                                                                                                                                                                                                                                                 
        100 Steven          King            SKING      515.123.4567         17-JUL-87 AD_PRES         24000                                      90                                                                                                                                                                                                                                                                                                                                                                 
        101 Neena           Kochhar         NKOCHHAR   515.123.4568         21-SEP-89 AD_VP           17000                       100            90                                                                                                                                                                                                                                                                                                                                                                 
        102 Lex             De Haan         LDEHAAN    515.123.4569         13-JAN-93 AD_VP           17000                       100            90                                                                                                                                                                                                                                                                                                                                                                 
        103 Alexander       Hunold          AHUNOLD    590.423.4567         03-JAN-90 IT_PROG          9000                       102            60                                                                                                                                                                                                                                                                                                                                                                 
        104 Bruce           Ernst           BERNST     590.423.4568         21-MAY-91 IT_PROG          6000                       103            60                                                                                                                                                                                                                                                                                                                                                                 
        107 Diana           Lorentz         DLORENTZ   590.423.5567         07-FEB-99 IT_PROG          4200                       103            60                                                                                                                                                                                                                                                                                                                                                                 
        124 Kevin           Mourgos         KMOURGOS   650.123.5234         16-NOV-99 ST_MAN           5800                       100            50                                                                                                                                                                                                                                                                                                                                                                 
        141 Trenna          Rajs            TRAJS      650.121.8009         17-OCT-95 ST_CLERK         3500                       124            50                                                                                                                                                                                                                                                                                                                                                                 
        142 Curtis          Davies          CDAVIES    650.121.2994         29-JAN-97 ST_CLERK         3100                       124            50                                                                                                                                                                                                                                                                                                                                                                 
        143 Randall         Matos           RMATOS     650.121.2874         15-MAR-98 ST_CLERK         2600                       124            50                                                                                                                                                                                                                                                                                                                                                                 
        144 Peter           Vargas                     650.121.2004         09-JUL-98 ST_CLERK         2500                       124            50                                                                                                                                                                                                                                                                                                                                                                 
        149 Eleni           Zlotkey         EZLOTKEY   011.44.1344.429018   29-JAN-00 SA_MAN          10500             ~2        100            80                                                                                                                                                                                                                                                                                                                                                                 
        174 Ellen           Abel            EABEL      011.44.1644.429267   11-MAY-96 SA_REP          11000             ~3        149            80                                                                                                                                                                                                                                                                                                                                                                 
        176 Jonathon        Taylor          JTAYLOR    011.44.1644.429265   24-MAR-98 SA_REP           8600             ~3        149            80                                                                                                                                                                                                                                                                                                                                                                 
        178 Kimerely        Grant           KGRANT     011.44.1644.429263   24-MAY-99 SA_REP           7000            ~15        149                                                                                                                                                                                                                                                                                                                                                                               
        200 Jennifer        Whalen          JWHALEN    515.123.4444         17-SEP-87 AD_ASST          4400                       101            10                                                                                                                                                                                                                                                                                                                                                                 
        201 Michael         Hartstein       MHARTSTE   515.123.5555         17-FEB-96 MK_MAN          13000                       100            20                                                                                                                                                                                                                                                                                                                                                                 
        202 Pat             Fay             PFAY       603.123.6666         17-AUG-97 MK_REP           6000                       201            20                                                                                                                                                                                                                                                                                                                                                                 
        205 Shelley         Higgins         SHIGGINS   515.123.8080         07-JUN-94 AC_MGR          12000                       101           110                                                                                                                                                                                                                                                                                                                                                                 
        206 William         Gietz           WGIETZ     515.123.8181         07-JUN-94 AC_ACCOUNT       8300                       205           110                                                                                                                                                                                                                                                                                                                                                                 

20 rows selected.

SQL> REM 1 300000 - 34567.78
SQL> 
SQL> REM 2 300000 - 34,567.78
SQL> 
SQL> REM 3 300000 - '34#567!78'
SQL> 
SQL> 
SQL> 
SQL> REM 1 300000 - '34567.78'
SQL> 
SQL> REM 2 300000 - '34,567.78'
SQL> 
SQL> REM 3 300000 - '34#567!78'
SQL> 
SQL> SELECT 300000 - TO_NUMBER(34567.78,'99999.99') FROM DUAL;
SELECT 300000 - TO_NUMBER(34567.78,'99999.99') FROM DUAL
                          *
ERROR at line 1:
ORA-01722: invalid number 


SQL> 
SQL> SELECT 300000 - TO_NUMBER('34,567.78','99,999.99') FROM DUAL;

300000-TO_NUMBER('34,567.78','99,999.99')                                                                                                                                                                                                                                                                                                                                                                                                                                                                           
-----------------------------------------                                                                                                                                                                                                                                                                                                                                                                                                                                                                           
                                265432~22                                                                                                                                                                                                                                                                                                                                                                                                                                                                           

SQL> 
SQL> ALTER SESSION SET NLS_NUMERIC_CHARACTERS = '!#';

Session altered.

SQL> SELECT 300000 - TO_NUMBER('34#567!78','99G999D99') FROM DUAL;

300000-TO_NUMBER('34#567!78','99G999D99')                                                                                                                                                                                                                                                                                                                                                                                                                                                                           
-----------------------------------------                                                                                                                                                                                                                                                                                                                                                                                                                                                                           
                                265432!22                                                                                                                                                                                                                                                                                                                                                                                                                                                                           

SQL> conn SCOTT/TIGER
Connected.
SQL> 
SQL> SELECT 300000 - TO_NUMBER(34567.78,'99999.99') FROM DUAL;

300000-TO_NUMBER(34567.78,'99999.99')                                                                                                                                                                                                                                                                                                                                                                                                                                                                               
-------------------------------------                                                                                                                                                                                                                                                                                                                                                                                                                                                                               
                            265432.22                                                                                                                                                                                                                                                                                                                                                                                                                                                                               

SQL> SELECT 1000 + '$23456' FROM DUAL;
SELECT 1000 + '$23456' FROM DUAL
              *
ERROR at line 1:
ORA-01722: invalid number 


SQL> REM LIST OF VALID FORMAT CHARACTERS FOR NUMBER TYPE VALUE :  9 0   . ,   D G   $ L U   S
SQL> 
SQL> SELECT 1000 + TO_CHAR('$23456','$99999') FROM DUAL;
SELECT 1000 + TO_CHAR('$23456','$99999') FROM DUAL
                      *
ERROR at line 1:
ORA-01722: invalid number 


SQL> SELECT 1000 + TO_NUMBER('$23456','$99999') FROM DUAL;

1000+TO_NUMBER('$23456','$99999')                                                                                                                                                                                                                                                                                                                                                                                                                                                                                   
---------------------------------                                                                                                                                                                                                                                                                                                                                                                                                                                                                                   
                            24456                                                                                                                                                                                                                                                                                                                                                                                                                                                                                   

SQL> SELECT 1000 + TO_NUMBER('$23456','L99999') FROM DUAL;

1000+TO_NUMBER('$23456','L99999')                                                                                                                                                                                                                                                                                                                                                                                                                                                                                   
---------------------------------                                                                                                                                                                                                                                                                                                                                                                                                                                                                                   
                            24456                                                                                                                                                                                                                                                                                                                                                                                                                                                                                   

SQL> SELECT 1000 + TO_NUMBER('$23456','U99999') FROM DUAL;

1000+TO_NUMBER('$23456','U99999')                                                                                                                                                                                                                                                                                                                                                                                                                                                                                   
---------------------------------                                                                                                                                                                                                                                                                                                                                                                                                                                                                                   
                            24456                                                                                                                                                                                                                                                                                                                                                                                                                                                                                   

SQL> REM L = LOCAL CURRENCY = $
SQL> 
SQL> REM U = DUAL/EURO CURRENCY = $
SQL> 
SQL> 
SQL> 
SQL> SELECT * FROM NLS_SESSION_PARAMETERS;

PARAMETER                      VALUE                                                                                                                                                                                                                                                                                                                                                                                                                                                                                
------------------------------ ------------------------------                                                                                                                                                                                                                                                                                                                                                                                                                                                       
NLS_LANGUAGE                   AMERICAN                                                                                                                                                                                                                                                                                                                                                                                                                                                                             
NLS_TERRITORY                  AMERICA                                                                                                                                                                                                                                                                                                                                                                                                                                                                              
NLS_CURRENCY                   $                                                                                                                                                                                                                                                                                                                                                                                                                                                                                    
NLS_ISO_CURRENCY               AMERICA                                                                                                                                                                                                                                                                                                                                                                                                                                                                              
NLS_NUMERIC_CHARACTERS         .,                                                                                                                                                                                                                                                                                                                                                                                                                                                                                   
NLS_CALENDAR                   GREGORIAN                                                                                                                                                                                                                                                                                                                                                                                                                                                                            
NLS_DATE_FORMAT                DD-MON-RR                                                                                                                                                                                                                                                                                                                                                                                                                                                                            
NLS_DATE_LANGUAGE              AMERICAN                                                                                                                                                                                                                                                                                                                                                                                                                                                                             
NLS_SORT                       BINARY                                                                                                                                                                                                                                                                                                                                                                                                                                                                               
NLS_TIME_FORMAT                HH.MI.SSXFF AM                                                                                                                                                                                                                                                                                                                                                                                                                                                                       
NLS_TIMESTAMP_FORMAT           DD-MON-RR HH.MI.SSXFF AM                                                                                                                                                                                                                                                                                                                                                                                                                                                             
NLS_TIME_TZ_FORMAT             HH.MI.SSXFF AM TZR                                                                                                                                                                                                                                                                                                                                                                                                                                                                   
NLS_TIMESTAMP_TZ_FORMAT        DD-MON-RR HH.MI.SSXFF AM TZR                                                                                                                                                                                                                                                                                                                                                                                                                                                         
NLS_DUAL_CURRENCY              $                                                                                                                                                                                                                                                                                                                                                                                                                                                                                    
NLS_COMP                       BINARY                                                                                                                                                                                                                                                                                                                                                                                                                                                                               
NLS_LENGTH_SEMANTICS           BYTE                                                                                                                                                                                                                                                                                                                                                                                                                                                                                 
NLS_NCHAR_CONV_EXCP            FALSE                                                                                                                                                                                                                                                                                                                                                                                                                                                                                

17 rows selected.

SQL> SELECT 1000 + TO_NUMBER('Rs.23456','$99999') FROM DUAL;
SELECT 1000 + TO_NUMBER('Rs.23456','$99999') FROM DUAL
                        *
ERROR at line 1:
ORA-01722: invalid number 


SQL> SELECT 1000 + TO_NUMBER('Rs.23456','L99999') FROM DUAL;
SELECT 1000 + TO_NUMBER('Rs.23456','L99999') FROM DUAL
                        *
ERROR at line 1:
ORA-01722: invalid number 


SQL> SELECT 1000 + TO_NUMBER('Rs.23456','U99999') FROM DUAL;
SELECT 1000 + TO_NUMBER('Rs.23456','U99999') FROM DUAL
                        *
ERROR at line 1:
ORA-01722: invalid number 


SQL> SELECT 1000 + TO_NUMBER('Rs.23456','Rs.99999') FROM DUAL;
SELECT 1000 + TO_NUMBER('Rs.23456','Rs.99999') FROM DUAL
                                   *
ERROR at line 1:
ORA-01481: invalid number format model 


SQL> ALTER SESSION SET NLS_CURRENCY = 'Rs.';

Session altered.

SQL> SELECT * FROM NLS_SESSION_PARAMETERS;

PARAMETER                      VALUE                                                                                                                                                                                                                                                                                                                                                                                                                                                                                
------------------------------ ------------------------------                                                                                                                                                                                                                                                                                                                                                                                                                                                       
NLS_LANGUAGE                   AMERICAN                                                                                                                                                                                                                                                                                                                                                                                                                                                                             
NLS_TERRITORY                  AMERICA                                                                                                                                                                                                                                                                                                                                                                                                                                                                              
NLS_CURRENCY                   Rs.                                                                                                                                                                                                                                                                                                                                                                                                                                                                                  
NLS_ISO_CURRENCY               AMERICA                                                                                                                                                                                                                                                                                                                                                                                                                                                                              
NLS_NUMERIC_CHARACTERS         .,                                                                                                                                                                                                                                                                                                                                                                                                                                                                                   
NLS_CALENDAR                   GREGORIAN                                                                                                                                                                                                                                                                                                                                                                                                                                                                            
NLS_DATE_FORMAT                DD-MON-RR                                                                                                                                                                                                                                                                                                                                                                                                                                                                            
NLS_DATE_LANGUAGE              AMERICAN                                                                                                                                                                                                                                                                                                                                                                                                                                                                             
NLS_SORT                       BINARY                                                                                                                                                                                                                                                                                                                                                                                                                                                                               
NLS_TIME_FORMAT                HH.MI.SSXFF AM                                                                                                                                                                                                                                                                                                                                                                                                                                                                       
NLS_TIMESTAMP_FORMAT           DD-MON-RR HH.MI.SSXFF AM                                                                                                                                                                                                                                                                                                                                                                                                                                                             
NLS_TIME_TZ_FORMAT             HH.MI.SSXFF AM TZR                                                                                                                                                                                                                                                                                                                                                                                                                                                                   
NLS_TIMESTAMP_TZ_FORMAT        DD-MON-RR HH.MI.SSXFF AM TZR                                                                                                                                                                                                                                                                                                                                                                                                                                                         
NLS_DUAL_CURRENCY              $                                                                                                                                                                                                                                                                                                                                                                                                                                                                                    
NLS_COMP                       BINARY                                                                                                                                                                                                                                                                                                                                                                                                                                                                               
NLS_LENGTH_SEMANTICS           BYTE                                                                                                                                                                                                                                                                                                                                                                                                                                                                                 
NLS_NCHAR_CONV_EXCP            FALSE                                                                                                                                                                                                                                                                                                                                                                                                                                                                                

17 rows selected.

SQL> SELECT 1000 + TO_NUMBER('Rs.23456','Rs.99999') FROM DUAL;
SELECT 1000 + TO_NUMBER('Rs.23456','Rs.99999') FROM DUAL
                                   *
ERROR at line 1:
ORA-01481: invalid number format model 


SQL> SELECT 1000 + TO_NUMBER('Rs.23456','$99999') FROM DUAL;
SELECT 1000 + TO_NUMBER('Rs.23456','$99999') FROM DUAL
                        *
ERROR at line 1:
ORA-01722: invalid number 


SQL> SELECT 1000 + TO_NUMBER('Rs.23456','L99999') FROM DUAL;

1000+TO_NUMBER('RS.23456','L99999')                                                                                                                                                                                                                                                                                                                                                                                                                                                                                 
-----------------------------------                                                                                                                                                                                                                                                                                                                                                                                                                                                                                 
                              24456                                                                                                                                                                                                                                                                                                                                                                                                                                                                                 

SQL> SELECT 1000 + TO_NUMBER('Rs.23456','l99999') FROM DUAL;

1000+TO_NUMBER('RS.23456','L99999')                                                                                                                                                                                                                                                                                                                                                                                                                                                                                 
-----------------------------------                                                                                                                                                                                                                                                                                                                                                                                                                                                                                 
                              24456                                                                                                                                                                                                                                                                                                                                                                                                                                                                                 

SQL> SELECT 1000 + TO_NUMBER('Rs.23456','u99999') FROM DUAL;
SELECT 1000 + TO_NUMBER('Rs.23456','u99999') FROM DUAL
                        *
ERROR at line 1:
ORA-01722: invalid number 


SQL> SELECT 1000 + TO_NUMBER('Rs.23456','U99999') FROM DUAL;
SELECT 1000 + TO_NUMBER('Rs.23456','U99999') FROM DUAL
                        *
ERROR at line 1:
ORA-01722: invalid number 


SQL> ALTER SESSION SET NLS_DUAL_CURRENCY = ''
  2  
SQL> ALTER SESSION SET NLS_DUAL_CURRENCY = '';

Session altered.

SQL> 
SQL> REM ALT + 157 (NUMERIC KEY PAD)
SQL> 
SQL> SELECT 1000 + TO_NUMBER('23456','U99999') FROM DUAL;

1000+TO_NUMBER('23456','U99999')                                                                                                                                                                                                                                                                                                                                                                                                                                                                                   
---------------------------------                                                                                                                                                                                                                                                                                                                                                                                                                                                                                   
                            24456                                                                                                                                                                                                                                                                                                                                                                                                                                                                                   

SQL> SELECT * FROM NLS_SESSION_PARAMETERS;

PARAMETER                      VALUE                                                                                                                                                                                                                                                                                                                                                                                                                                                                                
------------------------------ ------------------------------                                                                                                                                                                                                                                                                                                                                                                                                                                                       
NLS_LANGUAGE                   AMERICAN                                                                                                                                                                                                                                                                                                                                                                                                                                                                             
NLS_TERRITORY                  AMERICA                                                                                                                                                                                                                                                                                                                                                                                                                                                                              
NLS_CURRENCY                   Rs.                                                                                                                                                                                                                                                                                                                                                                                                                                                                                  
NLS_ISO_CURRENCY               AMERICA                                                                                                                                                                                                                                                                                                                                                                                                                                                                              
NLS_NUMERIC_CHARACTERS         .,                                                                                                                                                                                                                                                                                                                                                                                                                                                                                   
NLS_CALENDAR                   GREGORIAN                                                                                                                                                                                                                                                                                                                                                                                                                                                                            
NLS_DATE_FORMAT                DD-MON-RR                                                                                                                                                                                                                                                                                                                                                                                                                                                                            
NLS_DATE_LANGUAGE              AMERICAN                                                                                                                                                                                                                                                                                                                                                                                                                                                                             
NLS_SORT                       BINARY                                                                                                                                                                                                                                                                                                                                                                                                                                                                               
NLS_TIME_FORMAT                HH.MI.SSXFF AM                                                                                                                                                                                                                                                                                                                                                                                                                                                                       
NLS_TIMESTAMP_FORMAT           DD-MON-RR HH.MI.SSXFF AM                                                                                                                                                                                                                                                                                                                                                                                                                                                             
NLS_TIME_TZ_FORMAT             HH.MI.SSXFF AM TZR                                                                                                                                                                                                                                                                                                                                                                                                                                                                   
NLS_TIMESTAMP_TZ_FORMAT        DD-MON-RR HH.MI.SSXFF AM TZR                                                                                                                                                                                                                                                                                                                                                                                                                                                         
NLS_DUAL_CURRENCY                                                                                                                                                                                                                                                                                                                                                                                                                                                                                                  
NLS_COMP                       BINARY                                                                                                                                                                                                                                                                                                                                                                                                                                                                               
NLS_LENGTH_SEMANTICS           BYTE                                                                                                                                                                                                                                                                                                                                                                                                                                                                                 
NLS_NCHAR_CONV_EXCP            FALSE                                                                                                                                                                                                                                                                                                                                                                                                                                                                                

17 rows selected.

SQL> REM 4444 + '12,345.56'
SQL> 
SQL> REM 4444 + '$12345.56'
SQL> 
SQL> REM 4444 + 'Rs.12345.56'
SQL> 
SQL> REM 4444 + '12345.56'
SQL> 
SQL> REM 4444 + '12|345~56'
SQL> 
SQL> CONN SCOTT/TIGER
Connected.
SQL> 
SQL> SELECT 4444 + TO_NUMBER('12,345.56','99,999.99') FROM DUAL;

4444+TO_NUMBER('12,345.56','99,999.99')                                                                                                                                                                                                                                                                                                                                                                                                                                                                             
---------------------------------------                                                                                                                                                                                                                                                                                                                                                                                                                                                                             
                               16789.56                                                                                                                                                                                                                                                                                                                                                                                                                                                                             

SQL> 
SQL> SELECT 4444 + TO_NUMBER('$12345.56','L99999.99') FROM DUAL;

4444+TO_NUMBER('$12345.56','L99999.99')                                                                                                                                                                                                                                                                                                                                                                                                                                                                             
---------------------------------------                                                                                                                                                                                                                                                                                                                                                                                                                                                                             
                               16789.56                                                                                                                                                                                                                                                                                                                                                                                                                                                                             

SQL> 
SQL> 
SQL> ALTER SESSION SET NLS_CURRENCY='Rs.';

Session altered.

SQL> SELECT 4444 + TO_NUMBER('Rs.12345.56','L99999.99') FROM DUAL;

4444+TO_NUMBER('RS.12345.56','L99999.99')                                                                                                                                                                                                                                                                                                                                                                                                                                                                           
-----------------------------------------                                                                                                                                                                                                                                                                                                                                                                                                                                                                           
                                 16789.56                                                                                                                                                                                                                                                                                                                                                                                                                                                                           

SQL> 
SQL> ALTER SESSION SET NLS_DUAL_CURRENCY='';

Session altered.

SQL> SELECT 4444+ TO_NUMBER('12345.56','99999.99U') FROM DUAL;

4444+TO_NUMBER('12345.56','99999.99U')                                                                                                                                                                                                                                                                                                                                                                                                                                                                             
---------------------------------------                                                                                                                                                                                                                                                                                                                                                                                                                                                                             
                               16789.56                                                                                                                                                                                                                                                                                                                                                                                                                                                                             

SQL> 
SQL> ALTER SESSION SET NLS_NUMERIC_CHARACTERS='|~';

Session altered.

SQL> SELECT 4444 + TO_NUMBER('12|345~56','99G999D99U') FROM DUAL;
SELECT 4444 + TO_NUMBER('12|345~56','99G999D99U') FROM DUAL
                        *
ERROR at line 1:
ORA-01722: invalid number 


SQL> ALTER SESSION SET NLS_NUMERIC_CHARACTERS='~|';

Session altered.

SQL> SELECT 4444 + TO_NUMBER('12|345~56','99G999D99U') FROM DUAL;

4444+TO_NUMBER('12|345~56','99G999D99U')                                                                                                                                                                                                                                                                                                                                                                                                                                                                           
-----------------------------------------                                                                                                                                                                                                                                                                                                                                                                                                                                                                           
                                 16789~56                                                                                                                                                                                                                                                                                                                                                                                                                                                                           

SQL> REM LIST OF VALID FORMAT CHARACTERS FOR NUMBER TYPE VALUE :  9 0   . ,   D G   $ L U   S
SQL> 
SQL> 
SQL> CONN SCOTT/TIGER
Connected.
SQL> 
SQL> SELECT 4444 + -2222 FROM DUAL;

4444+-2222                                                                                                                                                                                                                                                                                                                                                                                                                                                                                                          
----------                                                                                                                                                                                                                                                                                                                                                                                                                                                                                                          
      2222                                                                                                                                                                                                                                                                                                                                                                                                                                                                                                          

SQL> REM 12,000
SQL> 
SQL> 
SQL> SELECT FIRST_NAME , SALARY FROM EMPLOYEES WHERE SALARY > 12,000;
SELECT FIRST_NAME , SALARY FROM EMPLOYEES WHERE SALARY > 12,000
                                                           *
ERROR at line 1:
ORA-00933: SQL command not properly ended 


SQL> SELECT FIRST_NAME , SALARY FROM EMPLOYEES WHERE SALARY > '12,000';
SELECT FIRST_NAME , SALARY FROM EMPLOYEES WHERE SALARY > '12,000'
                                                         *
ERROR at line 1:
ORA-01722: invalid number 


SQL> SELECT FIRST_NAME , SALARY FROM EMPLOYEES WHERE SALARY > TO_NUMBER('12,000','99,999');

FIRST_NAME          SALARY                                                                                                                                                                                                                                                                                                                                                                                                                                                                                          
--------------- ----------                                                                                                                                                                                                                                                                                                                                                                                                                                                                                          
Steven               24000                                                                                                                                                                                                                                                                                                                                                                                                                                                                                          
Neena                17000                                                                                                                                                                                                                                                                                                                                                                                                                                                                                          
Lex                  17000                                                                                                                                                                                                                                                                                                                                                                                                                                                                                          
Michael              13000                                                                                                                                                                                                                                                                                                                                                                                                                                                                                          

SQL> REM 1 '11,500RS'
SQL> 
SQL> REM 2 '11500^00'
SQL> 
SQL> REM 3 '11@500*00'
SQL> 
SQL> 
SQL> REM DISPLAY THOSE WHO GET LOWER SALARY THAN ABOVE FIGURES
SQL> 
SQL> ALTER SESSION SET NLS_NUMERIC_CHARACTERS= '@*';

Session altered.

SQL> ALTER SESSION SET NLS_DUAL_CURRENCY= '';

Session altered.

SQL> SELECT SALARY FROM EMPLOYEES WHERE SALARY < TO_NUMBER( '11@500*00', '99G000D00U');
SELECT SALARY FROM EMPLOYEES WHERE SALARY < TO_NUMBER( '11@500*00', '99G000D00U')
                                                       *
ERROR at line 1:
ORA-01722: invalid number 


SQL> ALTER SESSION SET NLS_NUMERIC_CHARACTERS= '*@';

Session altered.

SQL> SELECT SALARY FROM EMPLOYEES WHERE SALARY < TO_NUMBER( '11@500*00', '99G000D00U');

    SALARY                                                                                                                                                                                                                                                                                                                                                                                                                                                                                                          
----------                                                                                                                                                                                                                                                                                                                                                                                                                                                                                                          
      9000                                                                                                                                                                                                                                                                                                                                                                                                                                                                                                          
      6000                                                                                                                                                                                                                                                                                                                                                                                                                                                                                                          
      4200                                                                                                                                                                                                                                                                                                                                                                                                                                                                                                          
      5800                                                                                                                                                                                                                                                                                                                                                                                                                                                                                                          
      3500                                                                                                                                                                                                                                                                                                                                                                                                                                                                                                          
      3100                                                                                                                                                                                                                                                                                                                                                                                                                                                                                                          
      2600                                                                                                                                                                                                                                                                                                                                                                                                                                                                                                          
      2500                                                                                                                                                                                                                                                                                                                                                                                                                                                                                                          
     10500                                                                                                                                                                                                                                                                                                                                                                                                                                                                                                          
     11000                                                                                                                                                                                                                                                                                                                                                                                                                                                                                                          
      8600                                                                                                                                                                                                                                                                                                                                                                                                                                                                                                          
      7000                                                                                                                                                                                                                                                                                                                                                                                                                                                                                                          
      4400                                                                                                                                                                                                                                                                                                                                                                                                                                                                                                          
      6000                                                                                                                                                                                                                                                                                                                                                                                                                                                                                                          
      8300                                                                                                                                                                                                                                                                                                                                                                                                                                                                                                          

15 rows selected.

SQL> ALTER SESSION SET NLS_CURRENCY='RS';

Session altered.

SQL> SELECT FIRST_NAME,SALARY FROM EMPLOYEES WHERE SALARY<TO_NUMBER('11500RS','99999L');

FIRST_NAME          SALARY                                                                                                                                                                                                                                                                                                                                                                                                                                                                                          
--------------- ----------                                                                                                                                                                                                                                                                                                                                                                                                                                                                                          
Alexander             9000                                                                                                                                                                                                                                                                                                                                                                                                                                                                                          
Bruce                 6000                                                                                                                                                                                                                                                                                                                                                                                                                                                                                          
Diana                 4200                                                                                                                                                                                                                                                                                                                                                                                                                                                                                          
Kevin                 5800                                                                                                                                                                                                                                                                                                                                                                                                                                                                                          
Trenna                3500                                                                                                                                                                                                                                                                                                                                                                                                                                                                                          
Curtis                3100                                                                                                                                                                                                                                                                                                                                                                                                                                                                                          
Randall               2600                                                                                                                                                                                                                                                                                                                                                                                                                                                                                          
Peter                 2500                                                                                                                                                                                                                                                                                                                                                                                                                                                                                          
Eleni                10500                                                                                                                                                                                                                                                                                                                                                                                                                                                                                          
Ellen                11000                                                                                                                                                                                                                                                                                                                                                                                                                                                                                          
Jonathon              8600                                                                                                                                                                                                                                                                                                                                                                                                                                                                                          
Kimerely              7000                                                                                                                                                                                                                                                                                                                                                                                                                                                                                          
Jennifer              4400                                                                                                                                                                                                                                                                                                                                                                                                                                                                                          
Pat                   6000                                                                                                                                                                                                                                                                                                                                                                                                                                                                                          
William               8300                                                                                                                                                                                                                                                                                                                                                                                                                                                                                          

15 rows selected.

SQL> 
SQL> ALTER SESSION SET NLS_NUMERIC_CHARACTERS='^|';

Session altered.

SQL> SELECT FIRST_NAME,SALARY FROM EMPLOYEES WHERE SALARY<TO_NUMBER('11500^00','U99999D99');
SELECT FIRST_NAME,SALARY FROM EMPLOYEES WHERE SALARY<TO_NUMBER('11500^00','U99999D99')
                                                               *
ERROR at line 1:
ORA-01722: invalid number 


SQL> 
SQL> ALTER SESSION SET NLS_NUMERIC_CHARACTERS='*@';

Session altered.

SQL> ALTER SESSION SET NLS_DUAL_CURRENCY='';

Session altered.

SQL> SELECT FIRST_NAME,SALARY FROM EMPLOYEES WHERE SALARY<TO_NUMBER('11@500*00','99G999D99U');

FIRST_NAME          SALARY                                                                                                                                                                                                                                                                                                                                                                                                                                                                                          
--------------- ----------                                                                                                                                                                                                                                                                                                                                                                                                                                                                                          
Alexander             9000                                                                                                                                                                                                                                                                                                                                                                                                                                                                                          
Bruce                 6000                                                                                                                                                                                                                                                                                                                                                                                                                                                                                          
Diana                 4200                                                                                                                                                                                                                                                                                                                                                                                                                                                                                          
Kevin                 5800                                                                                                                                                                                                                                                                                                                                                                                                                                                                                          
Trenna                3500                                                                                                                                                                                                                                                                                                                                                                                                                                                                                          
Curtis                3100                                                                                                                                                                                                                                                                                                                                                                                                                                                                                          
Randall               2600                                                                                                                                                                                                                                                                                                                                                                                                                                                                                          
Peter                 2500                                                                                                                                                                                                                                                                                                                                                                                                                                                                                          
Eleni                10500                                                                                                                                                                                                                                                                                                                                                                                                                                                                                          
Ellen                11000                                                                                                                                                                                                                                                                                                                                                                                                                                                                                          
Jonathon              8600                                                                                                                                                                                                                                                                                                                                                                                                                                                                                          
Kimerely              7000                                                                                                                                                                                                                                                                                                                                                                                                                                                                                          
Jennifer              4400                                                                                                                                                                                                                                                                                                                                                                                                                                                                                          
Pat                   6000                                                                                                                                                                                                                                                                                                                                                                                                                                                                                          
William               8300                                                                                                                                                                                                                                                                                                                                                                                                                                                                                          

15 rows selected.

SQL> ALTER SESSION SET NLS_NUMERIC_CHARACTERS='^|';

Session altered.

SQL> ALTER SESSION SET NLS_DUAL_CURRENCY='';

Session altered.

SQL> 
SQL> SELECT FIRST_NAME,SALARY FROM EMPLOYEES WHERE SALARY<TO_NUMBER('11500^00','U99999D99');

FIRST_NAME          SALARY                                                                                                                                                                                                                                                                                                                                                                                                                                                                                          
--------------- ----------                                                                                                                                                                                                                                                                                                                                                                                                                                                                                          
Alexander             9000                                                                                                                                                                                                                                                                                                                                                                                                                                                                                          
Bruce                 6000                                                                                                                                                                                                                                                                                                                                                                                                                                                                                          
Diana                 4200                                                                                                                                                                                                                                                                                                                                                                                                                                                                                          
Kevin                 5800                                                                                                                                                                                                                                                                                                                                                                                                                                                                                          
Trenna                3500                                                                                                                                                                                                                                                                                                                                                                                                                                                                                          
Curtis                3100                                                                                                                                                                                                                                                                                                                                                                                                                                                                                          
Randall               2600                                                                                                                                                                                                                                                                                                                                                                                                                                                                                          
Peter                 2500                                                                                                                                                                                                                                                                                                                                                                                                                                                                                          
Eleni                10500                                                                                                                                                                                                                                                                                                                                                                                                                                                                                          
Ellen                11000                                                                                                                                                                                                                                                                                                                                                                                                                                                                                          
Jonathon              8600                                                                                                                                                                                                                                                                                                                                                                                                                                                                                          
Kimerely              7000                                                                                                                                                                                                                                                                                                                                                                                                                                                                                          
Jennifer              4400                                                                                                                                                                                                                                                                                                                                                                                                                                                                                          
Pat                   6000                                                                                                                                                                                                                                                                                                                                                                                                                                                                                          
William               8300                                                                                                                                                                                                                                                                                                                                                                                                                                                                                          

15 rows selected.

SQL> SPOOL OFF
