SQL> 
SQL> REM TO_NUMBER : TO CONVERT CHARACTER TYPE VALUE INTO NUMBER TYPE VALUE
SQL> 
SQL> REM 1 FOR CALCULATION  2 FOR COMPARISON
SQL> 
SQL> SELECT 10000 + '12345' FROM DUAL;

10000+'12345'                                                                                                                                                                                           
-------------                                                                                                                                                                                           
        22345                                                                                                                                                                                           

SQL> SELECT 10000 + '12345.89' FROM DUAL;

10000+'12345.89'                                                                                                                                                                                        
----------------                                                                                                                                                                                        
        22345.89                                                                                                                                                                                        

SQL> SELECT 10000 + '-2345.89' FROM DUAL;

10000+'-2345.89'                                                                                                                                                                                        
----------------                                                                                                                                                                                        
         7654.11                                                                                                                                                                                        

SQL> SELECT 10000 + '2,345.89' FROM DUAL;
SELECT 10000 + '2,345.89' FROM DUAL
               *
ERROR at line 1:
ORA-01722: invalid number 


SQL> SELECT 10000 + '$2345.89' FROM DUAL;
SELECT 10000 + '$2345.89' FROM DUAL
               *
ERROR at line 1:
ORA-01722: invalid number 


SQL> REM TO_NUMBER SYNTAX : TO_NUMBER ('VALUE','FORMAT')
SQL> 
SQL> REM LIST OF VALID NUMBER FORMAT CHARACTERS : 9 0   . ,   G D   $ L U   S
SQL> 
SQL> SELECT 10000 + '2,345.89' FROM DUAL;
SELECT 10000 + '2,345.89' FROM DUAL
               *
ERROR at line 1:
ORA-01722: invalid number 


SQL> SELECT 10000 + TO_NUMBER('2,345.89','9,999.99') FROM DUAL;

10000+TO_NUMBER('2,345.89','9,999.99')                                                                                                                                                                  
--------------------------------------                                                                                                                                                                  
                              12345.89                                                                                                                                                                  

SQL> SELECT 10000 + TO_NUMBER('2,345.89','0,000.00') FROM DUAL;

10000+TO_NUMBER('2,345.89','0,000.00')                                                                                                                                                                  
--------------------------------------                                                                                                                                                                  
                              12345.89                                                                                                                                                                  

SQL> SELECT 10000 + TO_NUMBER('2,345.89','0,099.00') FROM DUAL;

10000+TO_NUMBER('2,345.89','0,099.00')                                                                                                                                                                  
--------------------------------------                                                                                                                                                                  
                              12345.89                                                                                                                                                                  

SQL> SELECT 10000 + TO_NUMBER('-2,345.89','S0,099.00') FROM DUAL;

10000+TO_NUMBER('-2,345.89','S0,099.00')                                                                                                                                                                
----------------------------------------                                                                                                                                                                
                                 7654.11                                                                                                                                                                

SQL> SELECT 10000 + TO_NUMBER('-2,345.89','0,099.00') FROM DUAL;

10000+TO_NUMBER('-2,345.89','0,099.00')                                                                                                                                                                 
---------------------------------------                                                                                                                                                                 
                                7654.11                                                                                                                                                                 

SQL> SELECT 10000 + TO_NUMBER('-2|345~89','0|099~00') FROM DUAL;
SELECT 10000 + TO_NUMBER('-2|345~89','0|099~00') FROM DUAL
                                     *
ERROR at line 1:
ORA-01481: invalid number format model 


SQL> ALTER SESSION SET NLS_NUMERIC_CHARACTERS = '~|';

Session altered.

SQL> 
SQL> SELECT 10000 + TO_NUMBER('-2|345~89','0G099D00') FROM DUAL;

10000+TO_NUMBER('-2|345~89','0G099D00')                                                                                                                                                                 
---------------------------------------                                                                                                                                                                 
                                7654~11                                                                                                                                                                 

SQL> SELECT 10000 + TO_NUMBER('-2|345~89','0|099~00') FROM DUAL;
SELECT 10000 + TO_NUMBER('-2|345~89','0|099~00') FROM DUAL
                                     *
ERROR at line 1:
ORA-01481: invalid number format model 


SQL> REM LIST OF VALID NUMBER FORMAT CHARACTERS : 9 0   . ,   G D   $ L U   S
SQL> 
SQL> REM G = GROUP SEPARATOR
SQL> 
SQL> REM D = DECMAL SEPARATOR
SQL> 
SQL> SELECT 10000 + TO_NUMBER('$2345.89','0099.00') FROM DUAL
  2  
SQL> CONN SCOTT/TIGER
Connected.
SQL> 
SQL> 
SQL> SELECT 10000 + TO_NUMBER('$2345.89','0099.00') FROM DUAL;
SELECT 10000 + TO_NUMBER('$2345.89','0099.00') FROM DUAL
                         *
ERROR at line 1:
ORA-01722: invalid number 


SQL> SELECT 10000 + TO_NUMBER('$2345.89','$0099.00') FROM DUAL;

10000+TO_NUMBER('$2345.89','$0099.00')                                                                                                                                                                  
--------------------------------------                                                                                                                                                                  
                              12345.89                                                                                                                                                                  

SQL> SELECT 10000 + TO_NUMBER('$2345.89','L0099.00') FROM DUAL;

10000+TO_NUMBER('$2345.89','L0099.00')                                                                                                                                                                  
--------------------------------------                                                                                                                                                                  
                              12345.89                                                                                                                                                                  

SQL> SELECT 10000 + TO_NUMBER('$2345.89','U0099.00') FROM DUAL;

10000+TO_NUMBER('$2345.89','U0099.00')                                                                                                                                                                  
--------------------------------------                                                                                                                                                                  
                              12345.89                                                                                                                                                                  

SQL> COL PARAMETER FORMAT A30
SQL> COL VALUE FORMAT A30
SQL> 
SQL> SELECT * FROM NLS_SESSION_PARAMETERS;

PARAMETER                      VALUE                                                                                                                                                                    
------------------------------ ------------------------------                                                                                                                                           
NLS_LANGUAGE                   AMERICAN                                                                                                                                                                 
NLS_TERRITORY                  AMERICA                                                                                                                                                                  
NLS_CURRENCY                   $                                                                                                                                                                        
NLS_ISO_CURRENCY               AMERICA                                                                                                                                                                  
NLS_NUMERIC_CHARACTERS         .,                                                                                                                                                                       
NLS_CALENDAR                   GREGORIAN                                                                                                                                                                
NLS_DATE_FORMAT                DD-MON-RR                                                                                                                                                                
NLS_DATE_LANGUAGE              AMERICAN                                                                                                                                                                 
NLS_SORT                       BINARY                                                                                                                                                                   
NLS_TIME_FORMAT                HH.MI.SSXFF AM                                                                                                                                                           
NLS_TIMESTAMP_FORMAT           DD-MON-RR HH.MI.SSXFF AM                                                                                                                                                 
NLS_TIME_TZ_FORMAT             HH.MI.SSXFF AM TZR                                                                                                                                                       
NLS_TIMESTAMP_TZ_FORMAT        DD-MON-RR HH.MI.SSXFF AM TZR                                                                                                                                             
NLS_DUAL_CURRENCY              $                                                                                                                                                                        
NLS_COMP                       BINARY                                                                                                                                                                   
NLS_LENGTH_SEMANTICS           BYTE                                                                                                                                                                     
NLS_NCHAR_CONV_EXCP            FALSE                                                                                                                                                                    

17 rows selected.

SQL> SELECT 10000 + TO_NUMBER('Rs.2345.89','$0099.00') FROM DUAL;
SELECT 10000 + TO_NUMBER('Rs.2345.89','$0099.00') FROM DUAL
                         *
ERROR at line 1:
ORA-01722: invalid number 


SQL> SELECT 10000 + TO_NUMBER('Rs.2345.89','l0099.00') FROM DUAL;
SELECT 10000 + TO_NUMBER('Rs.2345.89','l0099.00') FROM DUAL
                         *
ERROR at line 1:
ORA-01722: invalid number 


SQL> SELECT 10000 + TO_NUMBER('Rs.2345.89','U0099.00') FROM DUAL;
SELECT 10000 + TO_NUMBER('Rs.2345.89','U0099.00') FROM DUAL
                         *
ERROR at line 1:
ORA-01722: invalid number 


SQL> ALTER SESSION SET NLS_CURRENCY = 'Rs.';

Session altered.

SQL> ALTER SESSION SET NLS_dual_CURRENCY = '';

Session altered.

SQL> 
SQL> SELECT * FROM NLS_SESSION_PARAMETERS;

PARAMETER                      VALUE                                                                                                                                                                    
------------------------------ ------------------------------                                                                                                                                           
NLS_LANGUAGE                   AMERICAN                                                                                                                                                                 
NLS_TERRITORY                  AMERICA                                                                                                                                                                  
NLS_CURRENCY                   Rs.                                                                                                                                                                      
NLS_ISO_CURRENCY               AMERICA                                                                                                                                                                  
NLS_NUMERIC_CHARACTERS         .,                                                                                                                                                                       
NLS_CALENDAR                   GREGORIAN                                                                                                                                                                
NLS_DATE_FORMAT                DD-MON-RR                                                                                                                                                                
NLS_DATE_LANGUAGE              AMERICAN                                                                                                                                                                 
NLS_SORT                       BINARY                                                                                                                                                                   
NLS_TIME_FORMAT                HH.MI.SSXFF AM                                                                                                                                                           
NLS_TIMESTAMP_FORMAT           DD-MON-RR HH.MI.SSXFF AM                                                                                                                                                 
NLS_TIME_TZ_FORMAT             HH.MI.SSXFF AM TZR                                                                                                                                                       
NLS_TIMESTAMP_TZ_FORMAT        DD-MON-RR HH.MI.SSXFF AM TZR                                                                                                                                             
NLS_DUAL_CURRENCY                                                                                                                                                                                      
NLS_COMP                       BINARY                                                                                                                                                                   
NLS_LENGTH_SEMANTICS           BYTE                                                                                                                                                                     
NLS_NCHAR_CONV_EXCP            FALSE                                                                                                                                                                    

17 rows selected.

SQL> SELECT 10000 + TO_NUMBER('Rs.2345.89','L0099.00') FROM DUAL;

10000+TO_NUMBER('RS.2345.89','L0099.00')                                                                                                                                                                
----------------------------------------                                                                                                                                                                
                                12345.89                                                                                                                                                                

SQL> SELECT 10000 + TO_NUMBER('Rs.2345.89','U0099.00') FROM DUAL;
SELECT 10000 + TO_NUMBER('Rs.2345.89','U0099.00') FROM DUAL
                         *
ERROR at line 1:
ORA-01722: invalid number 


SQL> SELECT 10000 + TO_NUMBER('2345.89','U0099.00') FROM DUAL;

10000+TO_NUMBER('2345.89','U0099.00')                                                                                                                                                                  
--------------------------------------                                                                                                                                                                  
                              12345.89                                                                                                                                                                  

SQL> REM TO_DATE : TO CONVERT CHARACTER TYPE VALUE INTO DATE TYPE VALUE
SQL> 
SQL> REM TO_DATE SYNTAX : TO_DATE('VALUE' ,'FORMAT')
SQL> 
SQL> REM VALID FORMAT CHARACTERS TO TO_DATE :
SQL> 
SQL> REM PURPOSE : 1 FOR CALCULATION 2 FOR COMPARISON
SQL> 
SQL> 
SQL> REM DATE IS SUPPORTED IN 3 STYLES OF FORMATS : 1 DEFAULT 2 COMPATIBLE 3 INCOMPATIBLE
SQL> 
SQL> REM DEFAULT : DD-MON-RR
SQL> 
SQL> REM COMPATIBLE : DD/MON/RR  DD/MONRR  DDMONRR  DDMONTHRR  DDMONTHRRRR   DDMonRR  DDmONThRRRR
SQL> 
SQL> REM IF WE USE DEFAULT OR COMPATIBLE FORMATS, WE DON'T NEED EXPLICIT CONVERSION.
SQL> 
SQL> 
SQL> REM DISPLAY THOSE WHO WERE HIRED BEFORE YEAR 96
SQL> 
SQL> SELECT FIRST_NAME , HIRE_DATE FROM EMPLOYEES WHERE HIRE_DATE < '1-JAN-96';

FIRST_NAME      HIRE_DATE                                                                                                                                                                               
--------------- ---------                                                                                                                                                                               
Steven          17-JUL-87                                                                                                                                                                               
Neena           21-SEP-89                                                                                                                                                                               
Lex             13-JAN-93                                                                                                                                                                               
Alexander       03-JAN-90                                                                                                                                                                               
Bruce           21-MAY-91                                                                                                                                                                               
Trenna          17-OCT-95                                                                                                                                                                               
Jennifer        17-SEP-87                                                                                                                                                                               
Shelley         07-JUN-94                                                                                                                                                                               
William         07-JUN-94                                                                                                                                                                               

9 rows selected.

SQL> SELECT FIRST_NAME , HIRE_DATE FROM EMPLOYEES WHERE HIRE_DATE < '1/JAN/96';

FIRST_NAME      HIRE_DATE                                                                                                                                                                               
--------------- ---------                                                                                                                                                                               
Steven          17-JUL-87                                                                                                                                                                               
Neena           21-SEP-89                                                                                                                                                                               
Lex             13-JAN-93                                                                                                                                                                               
Alexander       03-JAN-90                                                                                                                                                                               
Bruce           21-MAY-91                                                                                                                                                                               
Trenna          17-OCT-95                                                                                                                                                                               
Jennifer        17-SEP-87                                                                                                                                                                               
Shelley         07-JUN-94                                                                                                                                                                               
William         07-JUN-94                                                                                                                                                                               

9 rows selected.

SQL> SELECT FIRST_NAME , HIRE_DATE FROM EMPLOYEES WHERE HIRE_DATE < '1/JAN=96';

FIRST_NAME      HIRE_DATE                                                                                                                                                                               
--------------- ---------                                                                                                                                                                               
Steven          17-JUL-87                                                                                                                                                                               
Neena           21-SEP-89                                                                                                                                                                               
Lex             13-JAN-93                                                                                                                                                                               
Alexander       03-JAN-90                                                                                                                                                                               
Bruce           21-MAY-91                                                                                                                                                                               
Trenna          17-OCT-95                                                                                                                                                                               
Jennifer        17-SEP-87                                                                                                                                                                               
Shelley         07-JUN-94                                                                                                                                                                               
William         07-JUN-94                                                                                                                                                                               

9 rows selected.

SQL> SELECT FIRST_NAME , HIRE_DATE FROM EMPLOYEES WHERE HIRE_DATE < '1/JAN96';

FIRST_NAME      HIRE_DATE                                                                                                                                                                               
--------------- ---------                                                                                                                                                                               
Steven          17-JUL-87                                                                                                                                                                               
Neena           21-SEP-89                                                                                                                                                                               
Lex             13-JAN-93                                                                                                                                                                               
Alexander       03-JAN-90                                                                                                                                                                               
Bruce           21-MAY-91                                                                                                                                                                               
Trenna          17-OCT-95                                                                                                                                                                               
Jennifer        17-SEP-87                                                                                                                                                                               
Shelley         07-JUN-94                                                                                                                                                                               
William         07-JUN-94                                                                                                                                                                               

9 rows selected.

SQL> SELECT FIRST_NAME , HIRE_DATE FROM EMPLOYEES WHERE HIRE_DATE < '1JAN96';

FIRST_NAME      HIRE_DATE                                                                                                                                                                               
--------------- ---------                                                                                                                                                                               
Steven          17-JUL-87                                                                                                                                                                               
Neena           21-SEP-89                                                                                                                                                                               
Lex             13-JAN-93                                                                                                                                                                               
Alexander       03-JAN-90                                                                                                                                                                               
Bruce           21-MAY-91                                                                                                                                                                               
Trenna          17-OCT-95                                                                                                                                                                               
Jennifer        17-SEP-87                                                                                                                                                                               
Shelley         07-JUN-94                                                                                                                                                                               
William         07-JUN-94                                                                                                                                                                               

9 rows selected.

SQL> SELECT FIRST_NAME , HIRE_DATE FROM EMPLOYEES WHERE HIRE_DATE < '1JANuary96';

FIRST_NAME      HIRE_DATE                                                                                                                                                                               
--------------- ---------                                                                                                                                                                               
Steven          17-JUL-87                                                                                                                                                                               
Neena           21-SEP-89                                                                                                                                                                               
Lex             13-JAN-93                                                                                                                                                                               
Alexander       03-JAN-90                                                                                                                                                                               
Bruce           21-MAY-91                                                                                                                                                                               
Trenna          17-OCT-95                                                                                                                                                                               
Jennifer        17-SEP-87                                                                                                                                                                               
Shelley         07-JUN-94                                                                                                                                                                               
William         07-JUN-94                                                                                                                                                                               

9 rows selected.

SQL> SELECT FIRST_NAME , HIRE_DATE FROM EMPLOYEES WHERE HIRE_DATE < '1JANuary1996';

FIRST_NAME      HIRE_DATE                                                                                                                                                                               
--------------- ---------                                                                                                                                                                               
Steven          17-JUL-87                                                                                                                                                                               
Neena           21-SEP-89                                                                                                                                                                               
Lex             13-JAN-93                                                                                                                                                                               
Alexander       03-JAN-90                                                                                                                                                                               
Bruce           21-MAY-91                                                                                                                                                                               
Trenna          17-OCT-95                                                                                                                                                                               
Jennifer        17-SEP-87                                                                                                                                                                               
Shelley         07-JUN-94                                                                                                                                                                               
William         07-JUN-94                                                                                                                                                                               

9 rows selected.

SQL> SELECT FIRST_NAME , HIRE_DATE FROM EMPLOYEES WHERE HIRE_DATE < '96-JAN-01';
SELECT FIRST_NAME , HIRE_DATE FROM EMPLOYEES WHERE HIRE_DATE < '96-JAN-01'
                                                               *
ERROR at line 1:
ORA-01847: day of month must be between 1 and last day of month 


SQL> SELECT FIRST_NAME , HIRE_DATE FROM EMPLOYEES WHERE HIRE_DATE < TO_DATE('96-JAN-01','RR-MON-DD');

FIRST_NAME      HIRE_DATE                                                                                                                                                                               
--------------- ---------                                                                                                                                                                               
Steven          17-JUL-87                                                                                                                                                                               
Neena           21-SEP-89                                                                                                                                                                               
Lex             13-JAN-93                                                                                                                                                                               
Alexander       03-JAN-90                                                                                                                                                                               
Bruce           21-MAY-91                                                                                                                                                                               
Trenna          17-OCT-95                                                                                                                                                                               
Jennifer        17-SEP-87                                                                                                                                                                               
Shelley         07-JUN-94                                                                                                                                                                               
William         07-JUN-94                                                                                                                                                                               

9 rows selected.

SQL> SELECT FIRST_NAME , HIRE_DATE FROM EMPLOYEES WHERE HIRE_DATE < TO_DATE('01-01-96','DD-MM-RR');

FIRST_NAME      HIRE_DATE                                                                                                                                                                               
--------------- ---------                                                                                                                                                                               
Steven          17-JUL-87                                                                                                                                                                               
Neena           21-SEP-89                                                                                                                                                                               
Lex             13-JAN-93                                                                                                                                                                               
Alexander       03-JAN-90                                                                                                                                                                               
Bruce           21-MAY-91                                                                                                                                                                               
Trenna          17-OCT-95                                                                                                                                                                               
Jennifer        17-SEP-87                                                                                                                                                                               
Shelley         07-JUN-94                                                                                                                                                                               
William         07-JUN-94                                                                                                                                                                               

9 rows selected.

SQL> SELECT FIRST_NAME , HIRE_DATE FROM EMPLOYEES WHERE HIRE_DATE < TO_DATE('01-01-96','DD/MM/RR');

FIRST_NAME      HIRE_DATE                                                                                                                                                                               
--------------- ---------                                                                                                                                                                               
Steven          17-JUL-87                                                                                                                                                                               
Neena           21-SEP-89                                                                                                                                                                               
Lex             13-JAN-93                                                                                                                                                                               
Alexander       03-JAN-90                                                                                                                                                                               
Bruce           21-MAY-91                                                                                                                                                                               
Trenna          17-OCT-95                                                                                                                                                                               
Jennifer        17-SEP-87                                                                                                                                                                               
Shelley         07-JUN-94                                                                                                                                                                               
William         07-JUN-94                                                                                                                                                                               

9 rows selected.

SQL> SELECT FIRST_NAME , HIRE_DATE FROM EMPLOYEES WHERE HIRE_DATE < TO_DATE('01-01-96','DDMMRR');
SELECT FIRST_NAME , HIRE_DATE FROM EMPLOYEES WHERE HIRE_DATE < TO_DATE('01-01-96','DDMMRR')
                                                                       *
ERROR at line 1:
ORA-01843: not a valid month 


SQL> REM DISPLAY THOSE WHO WERE HIRED AFTER FIRST HALF OF YEAR 97
SQL> 
SQL> REM 1 DEFAULT FORMAT
SQL> 
SQL> REM 2 COMPATIBLE FORMAT
SQL> 
SQL> REM 3 INCOMPATIBLE FORMAT
SQL> 
SQL> SELECT FIRST_NAME , HIRE_DATE FROM EMPLOYEES WHERE HIRE_DATE >= '01-JUL-97';

FIRST_NAME      HIRE_DATE                                                                                                                                                                               
--------------- ---------                                                                                                                                                                               
Diana           07-FEB-99                                                                                                                                                                               
Kevin           16-NOV-99                                                                                                                                                                               
Randall         15-MAR-98                                                                                                                                                                               
Peter           09-JUL-98                                                                                                                                                                               
Eleni           29-JAN-00                                                                                                                                                                               
Jonathon        24-MAR-98                                                                                                                                                                               
Kimerely        24-MAY-99                                                                                                                                                                               
Pat             17-AUG-97                                                                                                                                                                               

8 rows selected.

SQL> 
SQL> SELECT FIRST_NAME , HIRE_DATE FROM EMPLOYEES WHERE HIRE_DATE >= '01JUL97';

FIRST_NAME      HIRE_DATE                                                                                                                                                                               
--------------- ---------                                                                                                                                                                               
Diana           07-FEB-99                                                                                                                                                                               
Kevin           16-NOV-99                                                                                                                                                                               
Randall         15-MAR-98                                                                                                                                                                               
Peter           09-JUL-98                                                                                                                                                                               
Eleni           29-JAN-00                                                                                                                                                                               
Jonathon        24-MAR-98                                                                                                                                                                               
Kimerely        24-MAY-99                                                                                                                                                                               
Pat             17-AUG-97                                                                                                                                                                               

8 rows selected.

SQL> 
SQL> SELECT FIRST_NAME , HIRE_DATE FROM EMPLOYEES WHERE HIRE_DATE >= TO_DATE('97JULY01','RRMONTHDD');

FIRST_NAME      HIRE_DATE                                                                                                                                                                               
--------------- ---------                                                                                                                                                                               
Diana           07-FEB-99                                                                                                                                                                               
Kevin           16-NOV-99                                                                                                                                                                               
Randall         15-MAR-98                                                                                                                                                                               
Peter           09-JUL-98                                                                                                                                                                               
Eleni           29-JAN-00                                                                                                                                                                               
Jonathon        24-MAR-98                                                                                                                                                                               
Kimerely        24-MAY-99                                                                                                                                                                               
Pat             17-AUG-97                                                                                                                                                                               

8 rows selected.

SQL> SELECT '15-AUG-47' - '31-MAY-44' FROM DUAL;
SELECT '15-AUG-47' - '31-MAY-44' FROM DUAL
       *
ERROR at line 1:
ORA-01722: invalid number 


SQL> SELECT TO_DATE('15-AUG-47') - TO_DATE('31-MAY-44') FROM DUAL;

TO_DATE('15-AUG-47')-TO_DATE('31-MAY-44')                                                                                                                                                               
-----------------------------------------                                                                                                                                                               
                                     1171                                                                                                                                                               

SQL> SELECT TO_DATE('15-AUGUST-1947') - TO_DATE('31-MAY-44') FROM DUAL;

TO_DATE('15-AUGUST-1947')-TO_DATE('31-MAY-44')                                                                                                                                                          
----------------------------------------------                                                                                                                                                          
                                        -35354                                                                                                                                                          

SQL> SELECT TO_DATE('15-AUGUST-1947') - TO_DATE('31-MAY-1944') FROM DUAL;

TO_DATE('15-AUGUST-1947')-TO_DATE('31-MAY-1944')                                                                                                                                                        
------------------------------------------------                                                                                                                                                        
                                            1171                                                                                                                                                        

SQL> REM MOTHER - FATHER
SQL> 
SQL> REM 1 DEFAULT
SQL> 
SQL> REM 2 COMPATIBLE
SQL> 
SQL> REM 3 INCOMPATIBLE
SQL> 
SQL> SELECT FIRST_NAME , HIRE_DATE FROM EMPLOYEES WHERE HIRE_DATE >= '01-JUL-97';

FIRST_NAME      HIRE_DATE                                                                                                                                                                               
--------------- ---------                                                                                                                                                                               
Diana           07-FEB-99                                                                                                                                                                               
Kevin           16-NOV-99                                                                                                                                                                               
Randall         15-MAR-98                                                                                                                                                                               
Peter           09-JUL-98                                                                                                                                                                               
Eleni           29-JAN-00                                                                                                                                                                               
Jonathon        24-MAR-98                                                                                                                                                                               
Kimerely        24-MAY-99                                                                                                                                                                               
Pat             17-AUG-97                                                                                                                                                                               

8 rows selected.

SQL> 
SQL> SELECT FIRST_NAME , HIRE_DATE FROM EMPLOYEES WHERE HIRE_DATE >= '01JUL97';

FIRST_NAME      HIRE_DATE                                                                                                                                                                               
--------------- ---------                                                                                                                                                                               
Diana           07-FEB-99                                                                                                                                                                               
Kevin           16-NOV-99                                                                                                                                                                               
Randall         15-MAR-98                                                                                                                                                                               
Peter           09-JUL-98                                                                                                                                                                               
Eleni           29-JAN-00                                                                                                                                                                               
Jonathon        24-MAR-98                                                                                                                                                                               
Kimerely        24-MAY-99                                                                                                                                                                               
Pat             17-AUG-97                                                                                                                                                                               

8 rows selected.

SQL> 
SQL> SELECT FIRST_NAME , HIRE_DATE FROM EMPLOYEES WHERE HIRE_DATE >= TO_DATE('97JULY01','RRMONTHDD');

FIRST_NAME      HIRE_DATE                                                                                                                                                                               
--------------- ---------                                                                                                                                                                               
Diana           07-FEB-99                                                                                                                                                                               
Kevin           16-NOV-99                                                                                                                                                                               
Randall         15-MAR-98                                                                                                                                                                               
Peter           09-JUL-98                                                                                                                                                                               
Eleni           29-JAN-00                                                                                                                                                                               
Jonathon        24-MAR-98                                                                                                                                                                               
Kimerely        24-MAY-99                                                                                                                                                                               
Pat             17-AUG-97                                                                                                                                                                               

8 rows selected.

SQL> SELECT TO_DATE('28-MAY-82') - TO_DATE('18-DEC-76') FROM DUAL;

TO_DATE('28-MAY-82')-TO_DATE('18-DEC-76')                                                                                                                                                               
-----------------------------------------                                                                                                                                                               
                                     1987                                                                                                                                                               

SQL> SELECT TO_DATE('28-MAY-1982') - TO_DATE('18-DEC-1976') FROM DUAL;

TO_DATE('28-MAY-1982')-TO_DATE('18-DEC-1976')                                                                                                                                                           
---------------------------------------------                                                                                                                                                           
                                         1987                                                                                                                                                           

SQL> SELECT TO_DATE('82-MAY-28', 'RR-MON-DD') - TO_DATE('76-DEC-18', 'RR-MON-DD') FROM DUAL;

TO_DATE('82-MAY-28','RR-MON-DD')-TO_DATE('76-DEC-18','RR-MON-DD')                                                                                                                                       
-----------------------------------------------------------------                                                                                                                                       
                                                             1987                                                                                                                                       

SQL> REM DISPLAY THOSE WHO WERE HIRED AFTER YEAR 96
SQL> 
SQL> REM 31-12-96
SQL> 
SQL> SELECT FIRST_NAME , HIRE_DATE FROM EMPLOYEES WHERE HIRE_DATE > '31-12-96';
SELECT FIRST_NAME , HIRE_DATE FROM EMPLOYEES WHERE HIRE_DATE > '31-12-96'
                                                               *
ERROR at line 1:
ORA-01843: not a valid month 


SQL> SELECT FIRST_NAME , HIRE_DATE FROM EMPLOYEES WHERE HIRE_DATE > TO_DATE('31-12-96','DD-MM-YY');

no rows selected

SQL> REM 31-12-96 -> DD-MM-YY -> 31-12-2096
SQL> 
SQL> SELECT FIRST_NAME , HIRE_DATE FROM EMPLOYEES WHERE HIRE_DATE > TO_DATE('31-12-96','DD-MM-RR');

FIRST_NAME      HIRE_DATE                                                                                                                                                                               
--------------- ---------                                                                                                                                                                               
Diana           07-FEB-99                                                                                                                                                                               
Kevin           16-NOV-99                                                                                                                                                                               
Curtis          29-JAN-97                                                                                                                                                                               
Randall         15-MAR-98                                                                                                                                                                               
Peter           09-JUL-98                                                                                                                                                                               
Eleni           29-JAN-00                                                                                                                                                                               
Jonathon        24-MAR-98                                                                                                                                                                               
Kimerely        24-MAY-99                                                                                                                                                                               
Pat             17-AUG-97                                                                                                                                                                               

9 rows selected.

SQL> REM 31-12-96 -> DD-MM-RR -> 31-12-1996
SQL> 
SQL> REM YY ALWAYS PICKS CURRENT CENTURY : 96 -> 2096
SQL> 
SQL> REM RR SMARTER FORMAT :
SQL> 
SQL> REM RR CENTURY : PREVISOUS 50 YEARS + CURRENT 50 YEARS
SQL> 
SQL> REM RR CENTURY : 1950 TO 1999       + 2000 TO 2049     = 100 YEARS
SQL> 
SQL> REM 31-12-96 -> DD-MM-RR -> 96  -> 1996
SQL> 
SQL> REM 31-12-04 -> DD-MM-RR -> 04  -> 2004
SQL> 
SQL> 
SQL> REM TO_CHAR : TO CONVERT NUMBER OR DATE TYPE VALUE INTO CHARACTER TYPE VALUE
SQL> 
SQL> REM PURPOSE : TO DISPLAY NUMBER OR DATE TYPE VALUE IN USER DEFINED/NON-DEFAULT FORMATS
SQL> 
SQL> 
SQL> 
SQL> REM TO_CHAR : TO CONVERT NUMBER TYPE VALUE INTO CHARACTER TYPE VALUE.
SQL> 
SQL> 
SQL> 
SQL> REM LIST OF VALID NUMBER FORMAT CHARACTERS : 9 0   . ,   D G   $ L U   S MI PR   EEEE or eeee   V
SQL> 
SQL> SELECT SALARY FROM EMPLOYEES;

    SALARY                                                                                                                                                                                              
----------                                                                                                                                                                                              
     24000                                                                                                                                                                                              
     17000                                                                                                                                                                                              
     17000                                                                                                                                                                                              
      9000                                                                                                                                                                                              
      6000                                                                                                                                                                                              
      4200                                                                                                                                                                                              
      5800                                                                                                                                                                                              
      3500                                                                                                                                                                                              
      3100                                                                                                                                                                                              
      2600                                                                                                                                                                                              
      2500                                                                                                                                                                                              
     10500                                                                                                                                                                                              
     11000                                                                                                                                                                                              
      8600                                                                                                                                                                                              
      7000                                                                                                                                                                                              
      4400                                                                                                                                                                                              
     13000                                                                                                                                                                                              
      6000                                                                                                                                                                                              
     12000                                                                                                                                                                                              
      8300                                                                                                                                                                                              

20 rows selected.

SQL> SELECT SALARY , TO_CHAR(SALARY , '99999') FROM EMPLOYEES;

    SALARY TO_CHA                                                                                                                                                                                       
---------- ------                                                                                                                                                                                       
     24000  24000                                                                                                                                                                                       
     17000  17000                                                                                                                                                                                       
     17000  17000                                                                                                                                                                                       
      9000   9000                                                                                                                                                                                       
      6000   6000                                                                                                                                                                                       
      4200   4200                                                                                                                                                                                       
      5800   5800                                                                                                                                                                                       
      3500   3500                                                                                                                                                                                       
      3100   3100                                                                                                                                                                                       
      2600   2600                                                                                                                                                                                       
      2500   2500                                                                                                                                                                                       
     10500  10500                                                                                                                                                                                       
     11000  11000                                                                                                                                                                                       
      8600   8600                                                                                                                                                                                       
      7000   7000                                                                                                                                                                                       
      4400   4400                                                                                                                                                                                       
     13000  13000                                                                                                                                                                                       
      6000   6000                                                                                                                                                                                       
     12000  12000                                                                                                                                                                                       
      8300   8300                                                                                                                                                                                       

20 rows selected.

SQL> SELECT SALARY , TO_CHAR(SALARY , '00000') FROM EMPLOYEES;

    SALARY TO_CHA                                                                                                                                                                                       
---------- ------                                                                                                                                                                                       
     24000  24000                                                                                                                                                                                       
     17000  17000                                                                                                                                                                                       
     17000  17000                                                                                                                                                                                       
      9000  09000                                                                                                                                                                                       
      6000  06000                                                                                                                                                                                       
      4200  04200                                                                                                                                                                                       
      5800  05800                                                                                                                                                                                       
      3500  03500                                                                                                                                                                                       
      3100  03100                                                                                                                                                                                       
      2600  02600                                                                                                                                                                                       
      2500  02500                                                                                                                                                                                       
     10500  10500                                                                                                                                                                                       
     11000  11000                                                                                                                                                                                       
      8600  08600                                                                                                                                                                                       
      7000  07000                                                                                                                                                                                       
      4400  04400                                                                                                                                                                                       
     13000  13000                                                                                                                                                                                       
      6000  06000                                                                                                                                                                                       
     12000  12000                                                                                                                                                                                       
      8300  08300                                                                                                                                                                                       

20 rows selected.

SQL> SELECT SALARY , TO_CHAR(SALARY , '99000') FROM EMPLOYEES;

    SALARY TO_CHA                                                                                                                                                                                       
---------- ------                                                                                                                                                                                       
     24000  24000                                                                                                                                                                                       
     17000  17000                                                                                                                                                                                       
     17000  17000                                                                                                                                                                                       
      9000   9000                                                                                                                                                                                       
      6000   6000                                                                                                                                                                                       
      4200   4200                                                                                                                                                                                       
      5800   5800                                                                                                                                                                                       
      3500   3500                                                                                                                                                                                       
      3100   3100                                                                                                                                                                                       
      2600   2600                                                                                                                                                                                       
      2500   2500                                                                                                                                                                                       
     10500  10500                                                                                                                                                                                       
     11000  11000                                                                                                                                                                                       
      8600   8600                                                                                                                                                                                       
      7000   7000                                                                                                                                                                                       
      4400   4400                                                                                                                                                                                       
     13000  13000                                                                                                                                                                                       
      6000   6000                                                                                                                                                                                       
     12000  12000                                                                                                                                                                                       
      8300   8300                                                                                                                                                                                       

20 rows selected.

SQL> SELECT SALARY , TO_CHAR(SALARY , '09900') FROM EMPLOYEES;

    SALARY TO_CHA                                                                                                                                                                                       
---------- ------                                                                                                                                                                                       
     24000  24000                                                                                                                                                                                       
     17000  17000                                                                                                                                                                                       
     17000  17000                                                                                                                                                                                       
      9000  09000                                                                                                                                                                                       
      6000  06000                                                                                                                                                                                       
      4200  04200                                                                                                                                                                                       
      5800  05800                                                                                                                                                                                       
      3500  03500                                                                                                                                                                                       
      3100  03100                                                                                                                                                                                       
      2600  02600                                                                                                                                                                                       
      2500  02500                                                                                                                                                                                       
     10500  10500                                                                                                                                                                                       
     11000  11000                                                                                                                                                                                       
      8600  08600                                                                                                                                                                                       
      7000  07000                                                                                                                                                                                       
      4400  04400                                                                                                                                                                                       
     13000  13000                                                                                                                                                                                       
      6000  06000                                                                                                                                                                                       
     12000  12000                                                                                                                                                                                       
      8300  08300                                                                                                                                                                                       

20 rows selected.

SQL> SELECT SALARY , TO_CHAR(SALARY , '099900') FROM EMPLOYEES;

    SALARY TO_CHAR                                                                                                                                                                                      
---------- -------                                                                                                                                                                                      
     24000  024000                                                                                                                                                                                      
     17000  017000                                                                                                                                                                                      
     17000  017000                                                                                                                                                                                      
      9000  009000                                                                                                                                                                                      
      6000  006000                                                                                                                                                                                      
      4200  004200                                                                                                                                                                                      
      5800  005800                                                                                                                                                                                      
      3500  003500                                                                                                                                                                                      
      3100  003100                                                                                                                                                                                      
      2600  002600                                                                                                                                                                                      
      2500  002500                                                                                                                                                                                      
     10500  010500                                                                                                                                                                                      
     11000  011000                                                                                                                                                                                      
      8600  008600                                                                                                                                                                                      
      7000  007000                                                                                                                                                                                      
      4400  004400                                                                                                                                                                                      
     13000  013000                                                                                                                                                                                      
      6000  006000                                                                                                                                                                                      
     12000  012000                                                                                                                                                                                      
      8300  008300                                                                                                                                                                                      

20 rows selected.

SQL> SELECT SALARY , TO_CHAR(SALARY , '99900.90') FROM EMPLOYEES;

    SALARY TO_CHAR(S                                                                                                                                                                                    
---------- ---------                                                                                                                                                                                    
     24000  24000.00                                                                                                                                                                                    
     17000  17000.00                                                                                                                                                                                    
     17000  17000.00                                                                                                                                                                                    
      9000   9000.00                                                                                                                                                                                    
      6000   6000.00                                                                                                                                                                                    
      4200   4200.00                                                                                                                                                                                    
      5800   5800.00                                                                                                                                                                                    
      3500   3500.00                                                                                                                                                                                    
      3100   3100.00                                                                                                                                                                                    
      2600   2600.00                                                                                                                                                                                    
      2500   2500.00                                                                                                                                                                                    
     10500  10500.00                                                                                                                                                                                    
     11000  11000.00                                                                                                                                                                                    
      8600   8600.00                                                                                                                                                                                    
      7000   7000.00                                                                                                                                                                                    
      4400   4400.00                                                                                                                                                                                    
     13000  13000.00                                                                                                                                                                                    
      6000   6000.00                                                                                                                                                                                    
     12000  12000.00                                                                                                                                                                                    
      8300   8300.00                                                                                                                                                                                    

20 rows selected.

SQL> SELECT SALARY , TO_CHAR(SALARY , '99900.99') FROM EMPLOYEES;

    SALARY TO_CHAR(S                                                                                                                                                                                    
---------- ---------                                                                                                                                                                                    
     24000  24000.00                                                                                                                                                                                    
     17000  17000.00                                                                                                                                                                                    
     17000  17000.00                                                                                                                                                                                    
      9000   9000.00                                                                                                                                                                                    
      6000   6000.00                                                                                                                                                                                    
      4200   4200.00                                                                                                                                                                                    
      5800   5800.00                                                                                                                                                                                    
      3500   3500.00                                                                                                                                                                                    
      3100   3100.00                                                                                                                                                                                    
      2600   2600.00                                                                                                                                                                                    
      2500   2500.00                                                                                                                                                                                    
     10500  10500.00                                                                                                                                                                                    
     11000  11000.00                                                                                                                                                                                    
      8600   8600.00                                                                                                                                                                                    
      7000   7000.00                                                                                                                                                                                    
      4400   4400.00                                                                                                                                                                                    
     13000  13000.00                                                                                                                                                                                    
      6000   6000.00                                                                                                                                                                                    
     12000  12000.00                                                                                                                                                                                    
      8300   8300.00                                                                                                                                                                                    

20 rows selected.

SQL> SELECT SALARY , TO_CHAR(SALARY , '99,900.99') FROM EMPLOYEES;

    SALARY TO_CHAR(SA                                                                                                                                                                                   
---------- ----------                                                                                                                                                                                   
     24000  24,000.00                                                                                                                                                                                   
     17000  17,000.00                                                                                                                                                                                   
     17000  17,000.00                                                                                                                                                                                   
      9000   9,000.00                                                                                                                                                                                   
      6000   6,000.00                                                                                                                                                                                   
      4200   4,200.00                                                                                                                                                                                   
      5800   5,800.00                                                                                                                                                                                   
      3500   3,500.00                                                                                                                                                                                   
      3100   3,100.00                                                                                                                                                                                   
      2600   2,600.00                                                                                                                                                                                   
      2500   2,500.00                                                                                                                                                                                   
     10500  10,500.00                                                                                                                                                                                   
     11000  11,000.00                                                                                                                                                                                   
      8600   8,600.00                                                                                                                                                                                   
      7000   7,000.00                                                                                                                                                                                   
      4400   4,400.00                                                                                                                                                                                   
     13000  13,000.00                                                                                                                                                                                   
      6000   6,000.00                                                                                                                                                                                   
     12000  12,000.00                                                                                                                                                                                   
      8300   8,300.00                                                                                                                                                                                   

20 rows selected.

SQL> REM LIST OF VALID NUMBER FORMAT CHARACTERS : 9 0   . ,   D G   $ L U   S MI PR   EEEE or eeee   V
SQL> 
SQL> 
SQL> SELECT SALARY , TO_CHAR(SALARY , '99G999') FROM EMPLOYEES;

    SALARY TO_CHAR                                                                                                                                                                                      
---------- -------                                                                                                                                                                                      
     24000  24,000                                                                                                                                                                                      
     17000  17,000                                                                                                                                                                                      
     17000  17,000                                                                                                                                                                                      
      9000   9,000                                                                                                                                                                                      
      6000   6,000                                                                                                                                                                                      
      4200   4,200                                                                                                                                                                                      
      5800   5,800                                                                                                                                                                                      
      3500   3,500                                                                                                                                                                                      
      3100   3,100                                                                                                                                                                                      
      2600   2,600                                                                                                                                                                                      
      2500   2,500                                                                                                                                                                                      
     10500  10,500                                                                                                                                                                                      
     11000  11,000                                                                                                                                                                                      
      8600   8,600                                                                                                                                                                                      
      7000   7,000                                                                                                                                                                                      
      4400   4,400                                                                                                                                                                                      
     13000  13,000                                                                                                                                                                                      
      6000   6,000                                                                                                                                                                                      
     12000  12,000                                                                                                                                                                                      
      8300   8,300                                                                                                                                                                                      

20 rows selected.

SQL> SELECT SALARY , TO_CHAR(SALARY , '99999D00') FROM EMPLOYEES;

    SALARY TO_CHAR(S                                                                                                                                                                                    
---------- ---------                                                                                                                                                                                    
     24000  24000.00                                                                                                                                                                                    
     17000  17000.00                                                                                                                                                                                    
     17000  17000.00                                                                                                                                                                                    
      9000   9000.00                                                                                                                                                                                    
      6000   6000.00                                                                                                                                                                                    
      4200   4200.00                                                                                                                                                                                    
      5800   5800.00                                                                                                                                                                                    
      3500   3500.00                                                                                                                                                                                    
      3100   3100.00                                                                                                                                                                                    
      2600   2600.00                                                                                                                                                                                    
      2500   2500.00                                                                                                                                                                                    
     10500  10500.00                                                                                                                                                                                    
     11000  11000.00                                                                                                                                                                                    
      8600   8600.00                                                                                                                                                                                    
      7000   7000.00                                                                                                                                                                                    
      4400   4400.00                                                                                                                                                                                    
     13000  13000.00                                                                                                                                                                                    
      6000   6000.00                                                                                                                                                                                    
     12000  12000.00                                                                                                                                                                                    
      8300   8300.00                                                                                                                                                                                    

20 rows selected.

SQL> SELECT SALARY , TO_CHAR(SALARY , '99G999D00') FROM EMPLOYEES;

    SALARY TO_CHAR(SA                                                                                                                                                                                   
---------- ----------                                                                                                                                                                                   
     24000  24,000.00                                                                                                                                                                                   
     17000  17,000.00                                                                                                                                                                                   
     17000  17,000.00                                                                                                                                                                                   
      9000   9,000.00                                                                                                                                                                                   
      6000   6,000.00                                                                                                                                                                                   
      4200   4,200.00                                                                                                                                                                                   
      5800   5,800.00                                                                                                                                                                                   
      3500   3,500.00                                                                                                                                                                                   
      3100   3,100.00                                                                                                                                                                                   
      2600   2,600.00                                                                                                                                                                                   
      2500   2,500.00                                                                                                                                                                                   
     10500  10,500.00                                                                                                                                                                                   
     11000  11,000.00                                                                                                                                                                                   
      8600   8,600.00                                                                                                                                                                                   
      7000   7,000.00                                                                                                                                                                                   
      4400   4,400.00                                                                                                                                                                                   
     13000  13,000.00                                                                                                                                                                                   
      6000   6,000.00                                                                                                                                                                                   
     12000  12,000.00                                                                                                                                                                                   
      8300   8,300.00                                                                                                                                                                                   

20 rows selected.

SQL> SELECT * FROM NLS_SESSION_PARAMETERS;

PARAMETER                      VALUE                                                                                                                                                                    
------------------------------ ------------------------------                                                                                                                                           
NLS_LANGUAGE                   AMERICAN                                                                                                                                                                 
NLS_TERRITORY                  AMERICA                                                                                                                                                                  
NLS_CURRENCY                   Rs.                                                                                                                                                                      
NLS_ISO_CURRENCY               AMERICA                                                                                                                                                                  
NLS_NUMERIC_CHARACTERS         .,                                                                                                                                                                       
NLS_CALENDAR                   GREGORIAN                                                                                                                                                                
NLS_DATE_FORMAT                DD-MON-RR                                                                                                                                                                
NLS_DATE_LANGUAGE              AMERICAN                                                                                                                                                                 
NLS_SORT                       BINARY                                                                                                                                                                   
NLS_TIME_FORMAT                HH.MI.SSXFF AM                                                                                                                                                           
NLS_TIMESTAMP_FORMAT           DD-MON-RR HH.MI.SSXFF AM                                                                                                                                                 
NLS_TIME_TZ_FORMAT             HH.MI.SSXFF AM TZR                                                                                                                                                       
NLS_TIMESTAMP_TZ_FORMAT        DD-MON-RR HH.MI.SSXFF AM TZR                                                                                                                                             
NLS_DUAL_CURRENCY                                                                                                                                                                                      
NLS_COMP                       BINARY                                                                                                                                                                   
NLS_LENGTH_SEMANTICS           BYTE                                                                                                                                                                     
NLS_NCHAR_CONV_EXCP            FALSE                                                                                                                                                                    

17 rows selected.

SQL> ALTER SESSION SET NLS_NUMERIC_CHARACTERS = '~|';

Session altered.

SQL> SELECT * FROM NLS_SESSION_PARAMETERS;

PARAMETER                      VALUE                                                                                                                                                                    
------------------------------ ------------------------------                                                                                                                                           
NLS_LANGUAGE                   AMERICAN                                                                                                                                                                 
NLS_TERRITORY                  AMERICA                                                                                                                                                                  
NLS_CURRENCY                   Rs.                                                                                                                                                                      
NLS_ISO_CURRENCY               AMERICA                                                                                                                                                                  
NLS_NUMERIC_CHARACTERS         ~|                                                                                                                                                                       
NLS_CALENDAR                   GREGORIAN                                                                                                                                                                
NLS_DATE_FORMAT                DD-MON-RR                                                                                                                                                                
NLS_DATE_LANGUAGE              AMERICAN                                                                                                                                                                 
NLS_SORT                       BINARY                                                                                                                                                                   
NLS_TIME_FORMAT                HH.MI.SSXFF AM                                                                                                                                                           
NLS_TIMESTAMP_FORMAT           DD-MON-RR HH.MI.SSXFF AM                                                                                                                                                 
NLS_TIME_TZ_FORMAT             HH.MI.SSXFF AM TZR                                                                                                                                                       
NLS_TIMESTAMP_TZ_FORMAT        DD-MON-RR HH.MI.SSXFF AM TZR                                                                                                                                             
NLS_DUAL_CURRENCY                                                                                                                                                                                      
NLS_COMP                       BINARY                                                                                                                                                                   
NLS_LENGTH_SEMANTICS           BYTE                                                                                                                                                                     
NLS_NCHAR_CONV_EXCP            FALSE                                                                                                                                                                    

17 rows selected.

SQL> SELECT SALARY , TO_CHAR(SALARY , '99G999D00') FROM EMPLOYEES;

    SALARY TO_CHAR(SA                                                                                                                                                                                   
---------- ----------                                                                                                                                                                                   
     24000  24|000~00                                                                                                                                                                                   
     17000  17|000~00                                                                                                                                                                                   
     17000  17|000~00                                                                                                                                                                                   
      9000   9|000~00                                                                                                                                                                                   
      6000   6|000~00                                                                                                                                                                                   
      4200   4|200~00                                                                                                                                                                                   
      5800   5|800~00                                                                                                                                                                                   
      3500   3|500~00                                                                                                                                                                                   
      3100   3|100~00                                                                                                                                                                                   
      2600   2|600~00                                                                                                                                                                                   
      2500   2|500~00                                                                                                                                                                                   
     10500  10|500~00                                                                                                                                                                                   
     11000  11|000~00                                                                                                                                                                                   
      8600   8|600~00                                                                                                                                                                                   
      7000   7|000~00                                                                                                                                                                                   
      4400   4|400~00                                                                                                                                                                                   
     13000  13|000~00                                                                                                                                                                                   
      6000   6|000~00                                                                                                                                                                                   
     12000  12|000~00                                                                                                                                                                                   
      8300   8|300~00                                                                                                                                                                                   

20 rows selected.

SQL> REM LIST OF VALID NUMBER FORMAT CHARACTERS : 9 0   . ,   D G   $ L U   S MI PR   EEEE or eeee   V
SQL> 
SQL> 
SQL> SELECT SALARY , TO_CHAR(SALARY , '$99G999') FROM EMPLOYEES;

    SALARY TO_CHAR(                                                                                                                                                                                     
---------- --------                                                                                                                                                                                     
     24000  $24|000                                                                                                                                                                                     
     17000  $17|000                                                                                                                                                                                     
     17000  $17|000                                                                                                                                                                                     
      9000   $9|000                                                                                                                                                                                     
      6000   $6|000                                                                                                                                                                                     
      4200   $4|200                                                                                                                                                                                     
      5800   $5|800                                                                                                                                                                                     
      3500   $3|500                                                                                                                                                                                     
      3100   $3|100                                                                                                                                                                                     
      2600   $2|600                                                                                                                                                                                     
      2500   $2|500                                                                                                                                                                                     
     10500  $10|500                                                                                                                                                                                     
     11000  $11|000                                                                                                                                                                                     
      8600   $8|600                                                                                                                                                                                     
      7000   $7|000                                                                                                                                                                                     
      4400   $4|400                                                                                                                                                                                     
     13000  $13|000                                                                                                                                                                                     
      6000   $6|000                                                                                                                                                                                     
     12000  $12|000                                                                                                                                                                                     
      8300   $8|300                                                                                                                                                                                     

20 rows selected.

SQL> SELECT SALARY , TO_CHAR(SALARY , '99G999$') FROM EMPLOYEES;

    SALARY TO_CHAR(                                                                                                                                                                                     
---------- --------                                                                                                                                                                                     
     24000  $24|000                                                                                                                                                                                     
     17000  $17|000                                                                                                                                                                                     
     17000  $17|000                                                                                                                                                                                     
      9000   $9|000                                                                                                                                                                                     
      6000   $6|000                                                                                                                                                                                     
      4200   $4|200                                                                                                                                                                                     
      5800   $5|800                                                                                                                                                                                     
      3500   $3|500                                                                                                                                                                                     
      3100   $3|100                                                                                                                                                                                     
      2600   $2|600                                                                                                                                                                                     
      2500   $2|500                                                                                                                                                                                     
     10500  $10|500                                                                                                                                                                                     
     11000  $11|000                                                                                                                                                                                     
      8600   $8|600                                                                                                                                                                                     
      7000   $7|000                                                                                                                                                                                     
      4400   $4|400                                                                                                                                                                                     
     13000  $13|000                                                                                                                                                                                     
      6000   $6|000                                                                                                                                                                                     
     12000  $12|000                                                                                                                                                                                     
      8300   $8|300                                                                                                                                                                                     

20 rows selected.

SQL> SELECT SALARY , TO_CHAR(SALARY , '99G$999') FROM EMPLOYEES;

    SALARY TO_CHAR(                                                                                                                                                                                     
---------- --------                                                                                                                                                                                     
     24000  $24|000                                                                                                                                                                                     
     17000  $17|000                                                                                                                                                                                     
     17000  $17|000                                                                                                                                                                                     
      9000   $9|000                                                                                                                                                                                     
      6000   $6|000                                                                                                                                                                                     
      4200   $4|200                                                                                                                                                                                     
      5800   $5|800                                                                                                                                                                                     
      3500   $3|500                                                                                                                                                                                     
      3100   $3|100                                                                                                                                                                                     
      2600   $2|600                                                                                                                                                                                     
      2500   $2|500                                                                                                                                                                                     
     10500  $10|500                                                                                                                                                                                     
     11000  $11|000                                                                                                                                                                                     
      8600   $8|600                                                                                                                                                                                     
      7000   $7|000                                                                                                                                                                                     
      4400   $4|400                                                                                                                                                                                     
     13000  $13|000                                                                                                                                                                                     
      6000   $6|000                                                                                                                                                                                     
     12000  $12|000                                                                                                                                                                                     
      8300   $8|300                                                                                                                                                                                     

20 rows selected.

SQL> REM LIST OF VALID NUMBER FORMAT CHARACTERS : 9 0   . ,   D G   $ L U   S MI PR   EEEE or eeee   V
SQL> 
SQL> SELECT SALARY , TO_CHAR(SALARY , 'L99G999') FROM EMPLOYEES;

    SALARY TO_CHAR(SALARY,'L                                                                                                                                                                            
---------- -----------------                                                                                                                                                                            
     24000         Rs.24|000                                                                                                                                                                            
     17000         Rs.17|000                                                                                                                                                                            
     17000         Rs.17|000                                                                                                                                                                            
      9000          Rs.9|000                                                                                                                                                                            
      6000          Rs.6|000                                                                                                                                                                            
      4200          Rs.4|200                                                                                                                                                                            
      5800          Rs.5|800                                                                                                                                                                            
      3500          Rs.3|500                                                                                                                                                                            
      3100          Rs.3|100                                                                                                                                                                            
      2600          Rs.2|600                                                                                                                                                                            
      2500          Rs.2|500                                                                                                                                                                            
     10500         Rs.10|500                                                                                                                                                                            
     11000         Rs.11|000                                                                                                                                                                            
      8600          Rs.8|600                                                                                                                                                                            
      7000          Rs.7|000                                                                                                                                                                            
      4400          Rs.4|400                                                                                                                                                                            
     13000         Rs.13|000                                                                                                                                                                            
      6000          Rs.6|000                                                                                                                                                                            
     12000         Rs.12|000                                                                                                                                                                            
      8300          Rs.8|300                                                                                                                                                                            

20 rows selected.

SQL> SELECT * FROM NLS_SESSION_PARAMETERS;

PARAMETER                      VALUE                                                                                                                                                                    
------------------------------ ------------------------------                                                                                                                                           
NLS_LANGUAGE                   AMERICAN                                                                                                                                                                 
NLS_TERRITORY                  AMERICA                                                                                                                                                                  
NLS_CURRENCY                   Rs.                                                                                                                                                                      
NLS_ISO_CURRENCY               AMERICA                                                                                                                                                                  
NLS_NUMERIC_CHARACTERS         ~|                                                                                                                                                                       
NLS_CALENDAR                   GREGORIAN                                                                                                                                                                
NLS_DATE_FORMAT                DD-MON-RR                                                                                                                                                                
NLS_DATE_LANGUAGE              AMERICAN                                                                                                                                                                 
NLS_SORT                       BINARY                                                                                                                                                                   
NLS_TIME_FORMAT                HH.MI.SSXFF AM                                                                                                                                                           
NLS_TIMESTAMP_FORMAT           DD-MON-RR HH.MI.SSXFF AM                                                                                                                                                 
NLS_TIME_TZ_FORMAT             HH.MI.SSXFF AM TZR                                                                                                                                                       
NLS_TIMESTAMP_TZ_FORMAT        DD-MON-RR HH.MI.SSXFF AM TZR                                                                                                                                             
NLS_DUAL_CURRENCY                                                                                                                                                                                      
NLS_COMP                       BINARY                                                                                                                                                                   
NLS_LENGTH_SEMANTICS           BYTE                                                                                                                                                                     
NLS_NCHAR_CONV_EXCP            FALSE                                                                                                                                                                    

17 rows selected.

SQL> SELECT SALARY , TO_CHAR(SALARY , 'L99G999D00') FROM EMPLOYEES;

    SALARY TO_CHAR(SALARY,'L99G                                                                                                                                                                         
---------- --------------------                                                                                                                                                                         
     24000         Rs.24|000~00                                                                                                                                                                         
     17000         Rs.17|000~00                                                                                                                                                                         
     17000         Rs.17|000~00                                                                                                                                                                         
      9000          Rs.9|000~00                                                                                                                                                                         
      6000          Rs.6|000~00                                                                                                                                                                         
      4200          Rs.4|200~00                                                                                                                                                                         
      5800          Rs.5|800~00                                                                                                                                                                         
      3500          Rs.3|500~00                                                                                                                                                                         
      3100          Rs.3|100~00                                                                                                                                                                         
      2600          Rs.2|600~00                                                                                                                                                                         
      2500          Rs.2|500~00                                                                                                                                                                         
     10500         Rs.10|500~00                                                                                                                                                                         
     11000         Rs.11|000~00                                                                                                                                                                         
      8600          Rs.8|600~00                                                                                                                                                                         
      7000          Rs.7|000~00                                                                                                                                                                         
      4400          Rs.4|400~00                                                                                                                                                                         
     13000         Rs.13|000~00                                                                                                                                                                         
      6000          Rs.6|000~00                                                                                                                                                                         
     12000         Rs.12|000~00                                                                                                                                                                         
      8300          Rs.8|300~00                                                                                                                                                                         

20 rows selected.

SQL> SELECT SALARY , TO_CHAR(SALARY , '99G999D00L') FROM EMPLOYEES;

    SALARY TO_CHAR(SALARY,'99G9                                                                                                                                                                         
---------- --------------------                                                                                                                                                                         
     24000         24|000~00Rs.                                                                                                                                                                         
     17000         17|000~00Rs.                                                                                                                                                                         
     17000         17|000~00Rs.                                                                                                                                                                         
      9000          9|000~00Rs.                                                                                                                                                                         
      6000          6|000~00Rs.                                                                                                                                                                         
      4200          4|200~00Rs.                                                                                                                                                                         
      5800          5|800~00Rs.                                                                                                                                                                         
      3500          3|500~00Rs.                                                                                                                                                                         
      3100          3|100~00Rs.                                                                                                                                                                         
      2600          2|600~00Rs.                                                                                                                                                                         
      2500          2|500~00Rs.                                                                                                                                                                         
     10500         10|500~00Rs.                                                                                                                                                                         
     11000         11|000~00Rs.                                                                                                                                                                         
      8600          8|600~00Rs.                                                                                                                                                                         
      7000          7|000~00Rs.                                                                                                                                                                         
      4400          4|400~00Rs.                                                                                                                                                                         
     13000         13|000~00Rs.                                                                                                                                                                         
      6000          6|000~00Rs.                                                                                                                                                                         
     12000         12|000~00Rs.                                                                                                                                                                         
      8300          8|300~00Rs.                                                                                                                                                                         

20 rows selected.

SQL> SELECT SALARY , TO_CHAR(SALARY , '99G9L99D00') FROM EMPLOYEES;
SELECT SALARY , TO_CHAR(SALARY , '99G9L99D00') FROM EMPLOYEES
                                 *
ERROR at line 1:
ORA-01481: invalid number format model 


SQL> SELECT SALARY , TO_CHAR(SALARY , 'U99G999D00') FROM EMPLOYEES;

    SALARY TO_CHAR(SALARY,'U99G                                                                                                                                                                         
---------- --------------------                                                                                                                                                                         
     24000          24|000~00                                                                                                                                                                          
     17000          17|000~00                                                                                                                                                                          
     17000          17|000~00                                                                                                                                                                          
      9000           9|000~00                                                                                                                                                                          
      6000           6|000~00                                                                                                                                                                          
      4200           4|200~00                                                                                                                                                                          
      5800           5|800~00                                                                                                                                                                          
      3500           3|500~00                                                                                                                                                                          
      3100           3|100~00                                                                                                                                                                          
      2600           2|600~00                                                                                                                                                                          
      2500           2|500~00                                                                                                                                                                          
     10500          10|500~00                                                                                                                                                                          
     11000          11|000~00                                                                                                                                                                          
      8600           8|600~00                                                                                                                                                                          
      7000           7|000~00                                                                                                                                                                          
      4400           4|400~00                                                                                                                                                                          
     13000          13|000~00                                                                                                                                                                          
      6000           6|000~00                                                                                                                                                                          
     12000          12|000~00                                                                                                                                                                          
      8300           8|300~00                                                                                                                                                                          

20 rows selected.

SQL> SELECT SALARY , TO_CHAR(SALARY , '99G999D00U') FROM EMPLOYEES;

    SALARY TO_CHAR(SALARY,'99G9                                                                                                                                                                         
---------- --------------------                                                                                                                                                                         
     24000          24|000~00                                                                                                                                                                          
     17000          17|000~00                                                                                                                                                                          
     17000          17|000~00                                                                                                                                                                          
      9000           9|000~00                                                                                                                                                                          
      6000           6|000~00                                                                                                                                                                          
      4200           4|200~00                                                                                                                                                                          
      5800           5|800~00                                                                                                                                                                          
      3500           3|500~00                                                                                                                                                                          
      3100           3|100~00                                                                                                                                                                          
      2600           2|600~00                                                                                                                                                                          
      2500           2|500~00                                                                                                                                                                          
     10500          10|500~00                                                                                                                                                                          
     11000          11|000~00                                                                                                                                                                          
      8600           8|600~00                                                                                                                                                                          
      7000           7|000~00                                                                                                                                                                          
      4400           4|400~00                                                                                                                                                                          
     13000          13|000~00                                                                                                                                                                          
      6000           6|000~00                                                                                                                                                                          
     12000          12|000~00                                                                                                                                                                          
      8300           8|300~00                                                                                                                                                                          

20 rows selected.

SQL> SELECT SALARY , TO_CHAR(SALARY , '99G9U99D00') FROM EMPLOYEES;
SELECT SALARY , TO_CHAR(SALARY , '99G9U99D00') FROM EMPLOYEES
                                 *
ERROR at line 1:
ORA-01481: invalid number format model 


SQL> REM LIST OF VALID NUMBER FORMAT CHARACTERS : 9 0   . ,   D G   $ L U   S MI PR   EEEE or eeee   V
SQL> 
SQL> CONN SCOTT/TIGER
Connected.
SQL> 
SQL> SELECT * FROM POSNEGNO;

        NO                                                                                                                                                                                              
----------                                                                                                                                                                                              
        12                                                                                                                                                                                              
                                                                                                                                                                                                        
         0                                                                                                                                                                                              
       -12                                                                                                                                                                                              

SQL> SELECT NO , TO_CHAR(NO,'99.99') FROM DUAL;
SELECT NO , TO_CHAR(NO,'99.99') FROM DUAL
                    *
ERROR at line 1:
ORA-00904: "NO": invalid identifier 


SQL> SELECT NO , TO_CHAR(NO,'99.99') FROM POSNEGNO;

        NO TO_CHA                                                                                                                                                                                       
---------- ------                                                                                                                                                                                       
        12  12.00                                                                                                                                                                                       
                                                                                                                                                                                                        
         0    .00                                                                                                                                                                                       
       -12 -12.00                                                                                                                                                                                       

SQL> SELECT NO , TO_CHAR(NO,'S99.99') FROM POSNEGNO;

        NO TO_CHA                                                                                                                                                                                       
---------- ------                                                                                                                                                                                       
        12 +12.00                                                                                                                                                                                       
                                                                                                                                                                                                        
         0   +.00                                                                                                                                                                                       
       -12 -12.00                                                                                                                                                                                       

SQL> SELECT NO , TO_CHAR(NO,'99.99S') FROM POSNEGNO;

        NO TO_CHA                                                                                                                                                                                       
---------- ------                                                                                                                                                                                       
        12 12.00+                                                                                                                                                                                       
                                                                                                                                                                                                        
         0   .00+                                                                                                                                                                                       
       -12 12.00-                                                                                                                                                                                       

SQL> SELECT NO , TO_CHAR(NO,'99.99MI') FROM POSNEGNO;

        NO TO_CHA                                                                                                                                                                                       
---------- ------                                                                                                                                                                                       
        12 12.00                                                                                                                                                                                        
                                                                                                                                                                                                        
         0   .00                                                                                                                                                                                        
       -12 12.00-                                                                                                                                                                                       

SQL> SELECT NO , TO_CHAR(NO,'MI99.99') FROM POSNEGNO;
SELECT NO , TO_CHAR(NO,'MI99.99') FROM POSNEGNO
                       *
ERROR at line 1:
ORA-01481: invalid number format model 


SQL> SELECT NO , TO_CHAR(NO,'99.99PR') FROM POSNEGNO;

        NO TO_CHAR                                                                                                                                                                                      
---------- -------                                                                                                                                                                                      
        12  12.00                                                                                                                                                                                       
                                                                                                                                                                                                        
         0    .00                                                                                                                                                                                       
       -12 <12.00>                                                                                                                                                                                      

SQL> SELECT NO , TO_CHAR(NO,'PR99.99') FROM POSNEGNO;
SELECT NO , TO_CHAR(NO,'PR99.99') FROM POSNEGNO
                       *
ERROR at line 1:
ORA-01481: invalid number format model 


SQL> REM LIST OF VALID NUMBER FORMAT CHARACTERS : 9 0   . ,   D G   $ L U   S MI PR   EEEE or eeee   V
SQL> 
SQL> SELECT SALARY FROM EMPLOYEES;

    SALARY                                                                                                                                                                                              
----------                                                                                                                                                                                              
     24000                                                                                                                                                                                              
     17000                                                                                                                                                                                              
     17000                                                                                                                                                                                              
      9000                                                                                                                                                                                              
      6000                                                                                                                                                                                              
      4200                                                                                                                                                                                              
      5800                                                                                                                                                                                              
      3500                                                                                                                                                                                              
      3100                                                                                                                                                                                              
      2600                                                                                                                                                                                              
      2500                                                                                                                                                                                              
     10500                                                                                                                                                                                              
     11000                                                                                                                                                                                              
      8600                                                                                                                                                                                              
      7000                                                                                                                                                                                              
      4400                                                                                                                                                                                              
     13000                                                                                                                                                                                              
      6000                                                                                                                                                                                              
     12000                                                                                                                                                                                              
      8300                                                                                                                                                                                              

20 rows selected.

SQL> SELECT SALARY , TO_CHAR(SALRAY,'99.99EEEE') FROM EMPLOYEES;
SELECT SALARY , TO_CHAR(SALRAY,'99.99EEEE') FROM EMPLOYEES
                        *
ERROR at line 1:
ORA-00904: "SALRAY": invalid identifier 


SQL> SELECT SALARY , TO_CHAR(SALARY,'99.99EEEE') FROM EMPLOYEES;

    SALARY TO_CHAR(SA                                                                                                                                                                                   
---------- ----------                                                                                                                                                                                   
     24000   2.40E+04                                                                                                                                                                                   
     17000   1.70E+04                                                                                                                                                                                   
     17000   1.70E+04                                                                                                                                                                                   
      9000   9.00E+03                                                                                                                                                                                   
      6000   6.00E+03                                                                                                                                                                                   
      4200   4.20E+03                                                                                                                                                                                   
      5800   5.80E+03                                                                                                                                                                                   
      3500   3.50E+03                                                                                                                                                                                   
      3100   3.10E+03                                                                                                                                                                                   
      2600   2.60E+03                                                                                                                                                                                   
      2500   2.50E+03                                                                                                                                                                                   
     10500   1.05E+04                                                                                                                                                                                   
     11000   1.10E+04                                                                                                                                                                                   
      8600   8.60E+03                                                                                                                                                                                   
      7000   7.00E+03                                                                                                                                                                                   
      4400   4.40E+03                                                                                                                                                                                   
     13000   1.30E+04                                                                                                                                                                                   
      6000   6.00E+03                                                                                                                                                                                   
     12000   1.20E+04                                                                                                                                                                                   
      8300   8.30E+03                                                                                                                                                                                   

20 rows selected.

SQL> REM 2.40E+04 = 2.4 * POWER(10,4)
SQL> 
SQL> SELECT 2.4 * POWER(10,4) FROM DUAL;

2.4*POWER(10,4)                                                                                                                                                                                         
---------------                                                                                                                                                                                         
          24000                                                                                                                                                                                         

SQL> SELECT CASE WHEN SALARY > 10000 THEN SALARY * 1000000 ELSE SALARY / 1000000 END SALARY FROM EMPLOYEES;

    SALARY                                                                                                                                                                                              
----------                                                                                                                                                                                              
2.4000E+10                                                                                                                                                                                              
1.7000E+10                                                                                                                                                                                              
1.7000E+10                                                                                                                                                                                              
      .009                                                                                                                                                                                              
      .006                                                                                                                                                                                              
     .0042                                                                                                                                                                                              
     .0058                                                                                                                                                                                              
     .0035                                                                                                                                                                                              
     .0031                                                                                                                                                                                              
     .0026                                                                                                                                                                                              
     .0025                                                                                                                                                                                              
1.0500E+10                                                                                                                                                                                              
1.1000E+10                                                                                                                                                                                              
     .0086                                                                                                                                                                                              
      .007                                                                                                                                                                                              
     .0044                                                                                                                                                                                              
1.3000E+10                                                                                                                                                                                              
      .006                                                                                                                                                                                              
1.2000E+10                                                                                                                                                                                              
     .0083                                                                                                                                                                                              

20 rows selected.

SQL> SELECT TO_CHAR(CASE WHEN SALARY > 10000 THEN SALARY * 1000000 ELSE SALARY / 1000000 END,'99.99EEEE') SALARY FROM EMPLOYEES;

SALARY                                                                                                                                                                                                  
----------                                                                                                                                                                                              
  2.40E+10                                                                                                                                                                                              
  1.70E+10                                                                                                                                                                                              
  1.70E+10                                                                                                                                                                                              
  9.00E-03                                                                                                                                                                                              
  6.00E-03                                                                                                                                                                                              
  4.20E-03                                                                                                                                                                                              
  5.80E-03                                                                                                                                                                                              
  3.50E-03                                                                                                                                                                                              
  3.10E-03                                                                                                                                                                                              
  2.60E-03                                                                                                                                                                                              
  2.50E-03                                                                                                                                                                                              
  1.05E+10                                                                                                                                                                                              
  1.10E+10                                                                                                                                                                                              
  8.60E-03                                                                                                                                                                                              
  7.00E-03                                                                                                                                                                                              
  4.40E-03                                                                                                                                                                                              
  1.30E+10                                                                                                                                                                                              
  6.00E-03                                                                                                                                                                                              
  1.20E+10                                                                                                                                                                                              
  8.30E-03                                                                                                                                                                                              

20 rows selected.

SQL> SELECT TO_CHAR(CASE WHEN SALARY > 10000 THEN SALARY * 1000000 ELSE SALARY / 1000000 END,'99.99eeee') SALARY FROM EMPLOYEES;

SALARY                                                                                                                                                                                                  
----------                                                                                                                                                                                              
  2.40E+10                                                                                                                                                                                              
  1.70E+10                                                                                                                                                                                              
  1.70E+10                                                                                                                                                                                              
  9.00E-03                                                                                                                                                                                              
  6.00E-03                                                                                                                                                                                              
  4.20E-03                                                                                                                                                                                              
  5.80E-03                                                                                                                                                                                              
  3.50E-03                                                                                                                                                                                              
  3.10E-03                                                                                                                                                                                              
  2.60E-03                                                                                                                                                                                              
  2.50E-03                                                                                                                                                                                              
  1.05E+10                                                                                                                                                                                              
  1.10E+10                                                                                                                                                                                              
  8.60E-03                                                                                                                                                                                              
  7.00E-03                                                                                                                                                                                              
  4.40E-03                                                                                                                                                                                              
  1.30E+10                                                                                                                                                                                              
  6.00E-03                                                                                                                                                                                              
  1.20E+10                                                                                                                                                                                              
  8.30E-03                                                                                                                                                                                              

20 rows selected.

SQL> SELECT TO_CHAR(CASE WHEN SALARY > 10000 THEN SALARY * 1000000 ELSE SALARY / 1000000 END,'99.99Eeee') SALARY FROM EMPLOYEES;
SELECT TO_CHAR(CASE WHEN SALARY > 10000 THEN SALARY * 1000000 ELSE SALARY / 1000000 END,'99.99Eeee') SALARY FROM EMPLOYEES
                                                                                        *
ERROR at line 1:
ORA-01481: invalid number format model 


SQL> SELECT TO_CHAR(CASE WHEN SALARY > 10000 THEN SALARY * 1000000 ELSE SALARY / 1000000 END,'99.99eee') SALARY FROM EMPLOYEES;
SELECT TO_CHAR(CASE WHEN SALARY > 10000 THEN SALARY * 1000000 ELSE SALARY / 1000000 END,'99.99eee') SALARY FROM EMPLOYEES
                                                                                        *
ERROR at line 1:
ORA-01481: invalid number format model 


SQL> SELECT TO_CHAR(CASE WHEN SALARY > 10000 THEN SALARY * 1000000 ELSE SALARY / 1000000 END,'99.99eeeee') SALARY FROM EMPLOYEES;
SELECT TO_CHAR(CASE WHEN SALARY > 10000 THEN SALARY * 1000000 ELSE SALARY / 1000000 END,'99.99eeeee') SALARY FROM EMPLOYEES
                                                                                        *
ERROR at line 1:
ORA-01481: invalid number format model 


SQL> REM LIST OF VALID NUMBER FORMAT CHARACTERS : 9 0   . ,   D G   $ L U   S MI PR   EEEE or eeee   V
SQL> 
SQL> 
SQL> SELECT TO_CHAR(124,'999V0000000') FROM DUAL;

TO_CHAR(124                                                                                                                                                                                             
-----------                                                                                                                                                                                             
 1240000000                                                                                                                                                                                             

SQL> SELECT TO_CHAR(124,'999V00000') FROM DUAL;

TO_CHAR(1                                                                                                                                                                                               
---------                                                                                                                                                                                               
 12400000                                                                                                                                                                                               

SQL> SELECT TO_CHAR(124,'999V000') FROM DUAL;

TO_CHAR                                                                                                                                                                                                 
-------                                                                                                                                                                                                 
 124000                                                                                                                                                                                                 

SQL> REM G D : ALTER SESSION SET NLS_NUMERIC_CHARACTERS = 'DG';
SQL> 
SQL> REM L : ALTER SESSION SET NLS_CURRENCY = 'Rs.';
SQL> 
SQL> REM U : ALTER SESSION SET NLS_DUAL_CURRENCY = '';
SQL> 
SQL> 
SQL> 
SQL> 
SQL> 
SQL> REM ALT + 157 = 
SQL> 
SQL> REM LIST OF VALID NUMBER FORMAT CHARACTERS : 9 0   . ,   D G   $ L U   S MI PR   EEEE or eeee   V
SQL> 
SQL> REM 1 24,000
SQL> 
SQL> REM 2 24000.00
SQL> 
SQL> REM 3 24|000
SQL> 
SQL> REM 4 24000~00
SQL> 
SQL> REM 5 $24000
SQL> 
SQL> REM 6 24000$
SQL> 
SQL> REM 7 Rs.24,000.00
SQL> 
SQL> REM 8 24^000~00
SQL> 
SQL> 
SQL> REM 1 24,000
SQL> 
SQL> SELECT SALARY , TO_CHAR(SALARY,'99,999') FROM EMPLOYEES;

    SALARY TO_CHAR                                                                                                                                                                                      
---------- -------                                                                                                                                                                                      
     24000  24,000                                                                                                                                                                                      
     17000  17,000                                                                                                                                                                                      
     17000  17,000                                                                                                                                                                                      
      9000   9,000                                                                                                                                                                                      
      6000   6,000                                                                                                                                                                                      
      4200   4,200                                                                                                                                                                                      
      5800   5,800                                                                                                                                                                                      
      3500   3,500                                                                                                                                                                                      
      3100   3,100                                                                                                                                                                                      
      2600   2,600                                                                                                                                                                                      
      2500   2,500                                                                                                                                                                                      
     10500  10,500                                                                                                                                                                                      
     11000  11,000                                                                                                                                                                                      
      8600   8,600                                                                                                                                                                                      
      7000   7,000                                                                                                                                                                                      
      4400   4,400                                                                                                                                                                                      
     13000  13,000                                                                                                                                                                                      
      6000   6,000                                                                                                                                                                                      
     12000  12,000                                                                                                                                                                                      
      8300   8,300                                                                                                                                                                                      

20 rows selected.

SQL> REM 2 24000.00
SQL> 
SQL> SELECT SALARY , TO_CHAR(SALARY,'99999.99') FROM EMPLOYEES;

    SALARY TO_CHAR(S                                                                                                                                                                                    
---------- ---------                                                                                                                                                                                    
     24000  24000.00                                                                                                                                                                                    
     17000  17000.00                                                                                                                                                                                    
     17000  17000.00                                                                                                                                                                                    
      9000   9000.00                                                                                                                                                                                    
      6000   6000.00                                                                                                                                                                                    
      4200   4200.00                                                                                                                                                                                    
      5800   5800.00                                                                                                                                                                                    
      3500   3500.00                                                                                                                                                                                    
      3100   3100.00                                                                                                                                                                                    
      2600   2600.00                                                                                                                                                                                    
      2500   2500.00                                                                                                                                                                                    
     10500  10500.00                                                                                                                                                                                    
     11000  11000.00                                                                                                                                                                                    
      8600   8600.00                                                                                                                                                                                    
      7000   7000.00                                                                                                                                                                                    
      4400   4400.00                                                                                                                                                                                    
     13000  13000.00                                                                                                                                                                                    
      6000   6000.00                                                                                                                                                                                    
     12000  12000.00                                                                                                                                                                                    
      8300   8300.00                                                                                                                                                                                    

20 rows selected.

SQL> REM 3 24|000
SQL> 
SQL> ALTER SESSION SET NLS_NUMERIC_CHARACTERS = '~|';

Session altered.

SQL> SELECT SALARY , TO_CHAR(SALARY,'99G999') FROM EMPLOYEES;

    SALARY TO_CHAR                                                                                                                                                                                      
---------- -------                                                                                                                                                                                      
     24000  24|000                                                                                                                                                                                      
     17000  17|000                                                                                                                                                                                      
     17000  17|000                                                                                                                                                                                      
      9000   9|000                                                                                                                                                                                      
      6000   6|000                                                                                                                                                                                      
      4200   4|200                                                                                                                                                                                      
      5800   5|800                                                                                                                                                                                      
      3500   3|500                                                                                                                                                                                      
      3100   3|100                                                                                                                                                                                      
      2600   2|600                                                                                                                                                                                      
      2500   2|500                                                                                                                                                                                      
     10500  10|500                                                                                                                                                                                      
     11000  11|000                                                                                                                                                                                      
      8600   8|600                                                                                                                                                                                      
      7000   7|000                                                                                                                                                                                      
      4400   4|400                                                                                                                                                                                      
     13000  13|000                                                                                                                                                                                      
      6000   6|000                                                                                                                                                                                      
     12000  12|000                                                                                                                                                                                      
      8300   8|300                                                                                                                                                                                      

20 rows selected.

SQL> REM 4 24000~00
SQL> 
SQL> SELECT SALARY , TO_CHAR(SALARY,'99999D99') FROM EMPLOYEES;

    SALARY TO_CHAR(S                                                                                                                                                                                    
---------- ---------                                                                                                                                                                                    
     24000  24000~00                                                                                                                                                                                    
     17000  17000~00                                                                                                                                                                                    
     17000  17000~00                                                                                                                                                                                    
      9000   9000~00                                                                                                                                                                                    
      6000   6000~00                                                                                                                                                                                    
      4200   4200~00                                                                                                                                                                                    
      5800   5800~00                                                                                                                                                                                    
      3500   3500~00                                                                                                                                                                                    
      3100   3100~00                                                                                                                                                                                    
      2600   2600~00                                                                                                                                                                                    
      2500   2500~00                                                                                                                                                                                    
     10500  10500~00                                                                                                                                                                                    
     11000  11000~00                                                                                                                                                                                    
      8600   8600~00                                                                                                                                                                                    
      7000   7000~00                                                                                                                                                                                    
      4400   4400~00                                                                                                                                                                                    
     13000  13000~00                                                                                                                                                                                    
      6000   6000~00                                                                                                                                                                                    
     12000  12000~00                                                                                                                                                                                    
      8300   8300~00                                                                                                                                                                                    

20 rows selected.

SQL> REM 5 $24000
SQL> 
SQL> SELECT SALARY , TO_CHAR(SALARY,'$99999') FROM EMPLOYEES;

    SALARY TO_CHAR                                                                                                                                                                                      
---------- -------                                                                                                                                                                                      
     24000  $24000                                                                                                                                                                                      
     17000  $17000                                                                                                                                                                                      
     17000  $17000                                                                                                                                                                                      
      9000   $9000                                                                                                                                                                                      
      6000   $6000                                                                                                                                                                                      
      4200   $4200                                                                                                                                                                                      
      5800   $5800                                                                                                                                                                                      
      3500   $3500                                                                                                                                                                                      
      3100   $3100                                                                                                                                                                                      
      2600   $2600                                                                                                                                                                                      
      2500   $2500                                                                                                                                                                                      
     10500  $10500                                                                                                                                                                                      
     11000  $11000                                                                                                                                                                                      
      8600   $8600                                                                                                                                                                                      
      7000   $7000                                                                                                                                                                                      
      4400   $4400                                                                                                                                                                                      
     13000  $13000                                                                                                                                                                                      
      6000   $6000                                                                                                                                                                                      
     12000  $12000                                                                                                                                                                                      
      8300   $8300                                                                                                                                                                                      

20 rows selected.

SQL> REM 6 24000$
SQL> 
SQL> ALTER SESSION SET NLS_CURRENCY = '$';

Session altered.

SQL> SELECT SALARY , TO_CHAR(SALARY,'99999L') FROM EMPLOYEES;

    SALARY TO_CHAR(SALARY,'                                                                                                                                                                             
---------- ----------------                                                                                                                                                                             
     24000           24000$                                                                                                                                                                             
     17000           17000$                                                                                                                                                                             
     17000           17000$                                                                                                                                                                             
      9000            9000$                                                                                                                                                                             
      6000            6000$                                                                                                                                                                             
      4200            4200$                                                                                                                                                                             
      5800            5800$                                                                                                                                                                             
      3500            3500$                                                                                                                                                                             
      3100            3100$                                                                                                                                                                             
      2600            2600$                                                                                                                                                                             
      2500            2500$                                                                                                                                                                             
     10500           10500$                                                                                                                                                                             
     11000           11000$                                                                                                                                                                             
      8600            8600$                                                                                                                                                                             
      7000            7000$                                                                                                                                                                             
      4400            4400$                                                                                                                                                                             
     13000           13000$                                                                                                                                                                             
      6000            6000$                                                                                                                                                                             
     12000           12000$                                                                                                                                                                             
      8300            8300$                                                                                                                                                                             

20 rows selected.

SQL> REM 7 Rs.24,000.00
SQL> 
SQL> ALTER SESSION SET NLS_CURRENCY = 'Rs.';

Session altered.

SQL> SELECT SALARY , TO_CHAR(SALARY,'L99,999.00') FROM EMPLOYEES;

    SALARY TO_CHAR(SALARY,'L99,                                                                                                                                                                         
---------- --------------------                                                                                                                                                                         
     24000         Rs.24,000.00                                                                                                                                                                         
     17000         Rs.17,000.00                                                                                                                                                                         
     17000         Rs.17,000.00                                                                                                                                                                         
      9000          Rs.9,000.00                                                                                                                                                                         
      6000          Rs.6,000.00                                                                                                                                                                         
      4200          Rs.4,200.00                                                                                                                                                                         
      5800          Rs.5,800.00                                                                                                                                                                         
      3500          Rs.3,500.00                                                                                                                                                                         
      3100          Rs.3,100.00                                                                                                                                                                         
      2600          Rs.2,600.00                                                                                                                                                                         
      2500          Rs.2,500.00                                                                                                                                                                         
     10500         Rs.10,500.00                                                                                                                                                                         
     11000         Rs.11,000.00                                                                                                                                                                         
      8600          Rs.8,600.00                                                                                                                                                                         
      7000          Rs.7,000.00                                                                                                                                                                         
      4400          Rs.4,400.00                                                                                                                                                                         
     13000         Rs.13,000.00                                                                                                                                                                         
      6000          Rs.6,000.00                                                                                                                                                                         
     12000         Rs.12,000.00                                                                                                                                                                         
      8300          Rs.8,300.00                                                                                                                                                                         

20 rows selected.

SQL> REM 8 24^000~00
SQL> 
SQL> ALTER SESSION SET NLS_NUMERIC_CHARACTERS = '~^';

Session altered.

SQL> ALTER SESSION SET NLS_DUAL_CURRENCY = '';

Session altered.

SQL> 
SQL> SELECT SALARY , TO_CHAR(SALARY,'U99G999D00') FROM EMPLOYEES;

    SALARY TO_CHAR(SALARY,'U99G                                                                                                                                                                         
---------- --------------------                                                                                                                                                                         
     24000          24^000~00                                                                                                                                                                          
     17000          17^000~00                                                                                                                                                                          
     17000          17^000~00                                                                                                                                                                          
      9000           9^000~00                                                                                                                                                                          
      6000           6^000~00                                                                                                                                                                          
      4200           4^200~00                                                                                                                                                                          
      5800           5^800~00                                                                                                                                                                          
      3500           3^500~00                                                                                                                                                                          
      3100           3^100~00                                                                                                                                                                          
      2600           2^600~00                                                                                                                                                                          
      2500           2^500~00                                                                                                                                                                          
     10500          10^500~00                                                                                                                                                                          
     11000          11^000~00                                                                                                                                                                          
      8600           8^600~00                                                                                                                                                                          
      7000           7^000~00                                                                                                                                                                          
      4400           4^400~00                                                                                                                                                                          
     13000          13^000~00                                                                                                                                                                          
      6000           6^000~00                                                                                                                                                                          
     12000          12^000~00                                                                                                                                                                          
      8300           8^300~00                                                                                                                                                                          

20 rows selected.

SQL> SPOOL OFF
